; Map created with FinalSun Mission Editor
; www.wagnerma.de (german+english homepage of author), finalsun.wagnerma.de (finalsun homepage, german+english), www.theonliner.de (german homepage of FRG)
; note that all comments were truncated

[INBLULMP]
LightRedTint=0.01
LightBlueTint=0.7
LightGreenTint=0,01
LightIntensity=0.01
LightVisibility=2500

[INGALITE]
LightRedTint=0.05
LightBlueTint=0.01
LightGreenTint=0.05
LightIntensity=0.1
LightVisibility=4000

[INGRNLMP]
LightRedTint=0.01
LightBlueTint=0.01
LightGreenTint=0.5
LightIntensity=0.01
LightVisibility=2000

[INORNGLAMP]
LightRedTint=0.01
LightBlueTint=-1.0
LightGreenTint=-0.2
LightIntensity=-0.01
LightVisibility=3000

[NEGLAMP]
LightRedTint=0.03
LightBlueTint=0.04
LightGreenTint=0.04
LightIntensity=-0.2
LightVisibility=2500


[Preview]
Size=0,0,130,60

[PreviewPack]
1=gxIAIAptVz1tVz1vWT5vWT5tIPUsAANIQTc+OjQgPHwERC8gOXwBA3FdREc/MyAPfwFCPT
2=VUEkgAQAdIAEABSABAAUgAQAFIAEABSABAAUgAQAFIAEABSABAAUgAQAFIAEABSABAAUgA
3=QAFLAHBaP78RVkk5UAJIAFACSABAAUgAQAFIAEABSABAAUgAAANPQjFLQzg/PDc6NzFjZG
4=hXYG9pYFRcAkAESABDAVRJL0ABSABMAUgAQAFIAEABSAAGX1E+LSwoNzIrTAFQAkgAQAFI
5=AEABSABAAUgAQAFIAEABSABAAUgAQAFIAEABSABAAUgAQAFIAEABSABAAUgAQAFIAEABSA
6=BAAUgAQAFIAEABSABAAVsccF5GWC4nLABbAUxFOUgAQB+sBEgDQAFIAEABSABAAUgAQAFI
7=AEABSABAAUgAQAEgKiwGQBMDdGBGb11ESwBLRDlLAEQ/NEgSQA1IAEwNSABAAUgAQAFIAE
8=ABD0pCNisqJ0ZBOmBaVkxWZldidGoAYG8qLAYDZV1UbVlArDEDTEIrWUwxTAdAAQlIRCZi
9=UTxKQTRDPTRICVACSABAAUgAQAFIAEABSABAAUgAQAGoACcsAEABSAAnUAAgBiwATByvTG
10=VXRUABA1dKOUZANE8BdGFISAlQCFgBQDEDQz0zW007WAFQAkgAQAFIAEABSABAAUgAQAFI
11=AEABSABAAUgAQwFBOzFAAUgATAFIAEwcAyswDCszDEgeUAJIAFACSABAAUgDUAKsAVgBQA
12=FIAEwTJ/wFQAFYE1BESDBAMUgAQAE2LAZPKF5URkswX2NoXC9AMUgAQAFqAGBvrAFIA0AN
13=A2ZTO01FKEgSYBOME0wBXwJoWUVQCFhhTAFIAFARSABAAUgAQAFIAEABSABAAUgAQAFIAE
14=ABSABAAUgAQAFIAEABSABAAUgAQAFIAEABSABAAUgAQAFIAEwcCWlXQGxZQnBbQWVWQSdc
15=AEAuvB0JYE87W048WU09YVI/SABABEgAQAdIAEABSABAAUgAQAFIAEABSABAAUgAQAFIAE
16=ABSABDAUlAM0ABSABMAQNEQiA9OiGsAbxQrAEDUUcuV0kuvFBYBEwTWC5QX0gAQAEnnAJQ
17=REgAQENIMEAxSABAAUwxQBYDWUw7Vko5TAcGTUEybV9OVmF0XCxALkgAUy++vr5AAUgATA
18=EDW1pZZGRovA5cBSf8BUwEJywAWGEJaVtJW08+U0xAT0Q2UAVIAFAFSABAAUgAQAFIAEAB
19=qAAnLABAAUgAJ1AArAEzjAlMBFgcQI4DcFxDdWFHWAFQBUgAQAFIAEABTGFQHUgAXx1CPD
20=JQAgJfTzhXSmx2TAE2TAFIA0wHSABAAUgAQAFIAEABSABDATs2LkABrE8CWkw0UEh4AVwC
21=rDFbAU9HKEgAQBNYLlAvSABDAVhNPkgAA19QPGBSPmkAT3xxXERQAkgAWHNAMUh1QDFICU
22=AxrAFfPmJeV0sAWmFsWy5JVGNID0AEWwFbZXavAW5ZP0ABCVBHLUVBJU1DKllMNGkwM2t1
23=NjUYSABQFEgGCG1bQ1RHN0pANEc/YJRIBlACSABAAUgAQAFIAEABSABAAUgAQAEnfARQHT
24=NPAVdMPFgEUAVIYEBMSDBAMVgBUAJIAEABSABDAV1PPEAfTAFcHaxhXB1ACgNNRSlWSTFM
25=FlxWWAFQd1iIQBmsAVgWTAdYAVwaXwJUSjBYAVAISAAGSEA0V05BSkI3TAFwBYx/XAVQBX
26=oBMwxMClwvvA6sEwNlVkNbTj1ILVACA2BSP11OOkgAUAJEAicIAEgDXBRcAiecAlgBTAFb
27=HGBQPVw+QDEqLBgDblg/aV1QWPRAE0gAUBFbkUhEJicsAHARjBNIGycsAFxiBltQP0lGP0
28=lDOEgGUAVIAEABSABCAUo/dPysAVgBQAFMClA4egczDEghYAHsCkwNBmRTPUpEOFhKOF8v
29=ZlQ+UBdcHUAHrBlYB0EBZYwfXI9AAUgDUAJMYU06SIzWWAFQAkgAQAFMDSp8ATMsAFwsUA
30=UnrBxcCHgEnE0nXBJMlFALA25cRlxMOFguQBOsQ1gTVC2sQEwrQDFIAFACTARfAmNTP0AT
31=XBRcBUgAXAJYAQNnUztVSTlPJVtMOSfcB0iTJ/8LV0o6XBFIAF8XbVpCQQEULwAAekxFKU
32=gDTASsE6wBBldNPysoJDUwKFBiSANQAgZNQzRAOjFCOS1MAUgAUAJIACqMA1AdWBxATEw6
33=QwFoUztIAANkUz9GQDZIAEiNTDFQF0gAXBdfGmVWQ0R0SABcCEAKWMFAHEwfUB1IS0BhXL
34=ZUfgNMRjteTzxIkycMC1wL2KkvbAVcDgZFOy9EPTRBOjFM5VgKUAtMN1wCrAFcEUwWWGpQ
35=kgNRRjZbTTpbKFhLOkxDXEGsE68rVks7XBFIFUAxSBVAFkgSQBNYwVz1TCtQAgZtXEdfUk
36=JdTDhQBSfcB0DEWGFDkWteTl4XVUldqjpYEEAQQCJIAC0QBlwCpAJIA00TSCnsCbyMS5NV
37=UEasAQJIRDtcT3iaVAasCqABTBxcL2gAjHxQAkgAQARcHVsKY1RASEVIMCcsAEgqQE+sGU
38=gwQAFIG0Acrx9KRDlQNUgeJ78AR0E3QApIAEwKXERADVipYAFKMDAMJ88CZFM7rAQDSkE0
39=WEw8WBlAE0yUTDdIMExDTHxYDawESAlABwZlVUBcTDdiUDlAJbxESIpME6xhSBJcd1gBXK
40=dAByeMBlzXQBYDZVM9X045WzRjUj1AHAAJZlVBRT40VExASkM4RD0zT0Y6Y1xUcmBHcFtB
41=SDZMNCecBaABORQATE9QFFgfSABIGCqcEUwWSANQF0gAQAFIAEABSABMHFgiUFNIACe8AE
42=wfWBasBEgJJwgAUAJcsEgbQE9bE2VWQbwdUH1AAayXSHtQXwlgU0NcTjtlUz5iUj4n+ABM
43=DUgMQI5cDkArvAtYMUABSABQAkgABE1BMlpPQUgj3DdgE+yjQAS8CE8EZlM7WBlQMgljUz
44=5NQTFCNyhqV0FYpqAEVABMQFBHJ5wCTHO870tmZVZDvL8DVUs+YVVGv2hVRzVQAglmWUdO
45=RztVTkJHQjha90Q/I+4tXUFYB0BMTDoq5wUAyAC4AUABSACsAUgPoAG0AFgBWBZAFkwcJy
46=wDWB9QAqgASANMGWgDQlIzDCp8EHACjB9YHFAFvGhcBUwKVDBIAI18Plh8QAFYE0QCJ5wC
47=QFJIMFBlDF9RPkU7LV1PP2JTQWhYRUwHSAlQCFwRJ/wFWAFMEFgBXFxMEwlLQDEyMjBGQT
48=o+OjRcNXgQjBNAAawEXBFcCFglQF5cTQloVkBWSjpXSDRURTFchlhVQFtABEgArA1cC0Bh
49=WENcAlykXF9IM1heXHoJZVQ+Wko2YFE8aVhCRAJKb1hKa3haU0hYBEAuSDBAN68BfGJCIR
50=wlrAFcmKQstABcLycIAFAOrAGoA7QAUBEnjA9MH0wZagAzDEwZXAVIAFAUTBlQg7wCTGFg
51=AZwvTAFQVkgDQAdd9UgmPCBMCkxhJ1wDQTFlnPJYFlAUA0pAMk9CMVgZCWxZQWFUQ1pMOl
52=hJN1wjvDJQNVAOSABcDkgAuAFAAUwQQytNQjNDgisqJ0AESABcAkgPJzwCWDRAbUg8QChI
53=AFRsBmdVP2FRPV9RP0BeVBKoAEAHSABMB0gAUFxYlFAmXGJcCydcAKQFtABA2VgEQGRMIl
54=yVrBlcekgAvEpAAQZtWD57YUFsVz1cTVh/KuwkvCxUALAvJxQARAInCAAn3AFcTSSsKE0r
55=SJwpqANUAIkDKFwsJ7wDTARPAVBGKVDCTBlAB1glSABYAUAWJ18DVEk5vL9YYVAyWBxcUw
56=9APDNEPzdbUD9PSkFZSzhaTj2wHVwyTA1IAEAKSABAAUgAQAFIAEABWApcIEwBBk9DNFBE
57=NEI6L0wBX0dUSjxQs0wxTBasWEydRKG/BWdUPVzyoB9UDEABSAlAB0gAQAFIAEABSABcXE
58=gAQAdYc1ACSABQAkgASAa8LFxHUGhI21C/WBBAGVAdSwBGQDRcrbwCQElQBUhjQwFWYXQh
59=EzdbZXZA91wIJ7QFQBAqCAAnXABADVAOSABQBVgKQAFIAEwBXClAAUgATAFIAEwuaADsfy
60=TsIVwCQASuNGBQcOZUCagAUBpIAFwaTO5AMb9TW0w5IYAhAl5URk5FImwsBklGP0tDN0tA
61=MEiBtAZUAKwKWApAAUgAQAFIAEABSABACkgATApY+gNQRTVOSkFQs0vkRD0xrB9MFkAiWC
62=JA61glXCasByrgA0wBUAJIAEAKSABAAUgAQAFIACe8AEwBUAIDZlo5UHMwTAFACgNNcS5L
63=bipYCifMEUwlTC5IA1MCb11EQMRIAECUSwBORjoh+CRDMVdidFwsSAlQCEABSABUDycIAF
64=gBJwgArARYBEABWL5LAFRJLyRMNEQCXAIt7BVIkFCzfQJGJdwrLSwATX9l/I9QJrwvXIMG
65=RDwwNjIsOjcxXLlECwVhW1FHQjtJQSjMOEgwXAJIAEAKSABYHCcsAEABSABQAkgATAqsl0
66=rkSkPc40wfQCJIBkgATARQBViIUDtMWCfUAyogAE8EPzs0vSxJKQxEXAJMB0gAQAFIAAY0
67=jSJOaS4zfR1bIjB6HFguQI5YCkwcJKwrXA5MAVvKcFxDTAEJdGNNUkY2SUA0bVpBTGFIAE
68=AxJBw3J8AFNiAAUA5IAFAOXC9MLieMG1ACSABfAlZJMVC/SABAf02RSJyVXAJLHl9POCdc
69=ElgoJwgAQIK8L1xfCEtAMkU8MTk0LT88KCwqWwc1MiwnvAAnIABcAlAOSABAAUgAQAFIAE
70=ABSABAAUgAQAFAMSd8FlwsTM28I0wBQASsAUwlTAG4Cir8BUwBXAJYEw5IPjBBPDVRdTI5
71=lCZgZTg6M3BKSANcC0gAQAFIAEABSABcLycsAEwNBnVeQX9lRHhfQUAxvC9YYUAKVBJcdA
72=9WSTdCOSwqKCY3NC5aYWxJVGMz2AWgE1QAXAtABEABSABMAUCLrI5M3FAOqABcAkABSS1X
73=I5xHQDRYAVACTH9UBqgAWAFQAkgAQAFEAkzBXC9AkVwvCVFGNy0sKUI+NkVAOEAESABMBE
74=sAREA5SKtMxEwBSAa8AqABrAFcAkABSABAAUgAQAFIAEABSABQLFiCA1ZKOV1PPUzNREFI
75=AFwCTGFIA0xVTDFABFglQAFMClguKggARAJIAF0FXyacX1xcUP4GTkM0PDcwODUwQAcFUE
76=g7RDotOzYo3zpoWT1QC0gDTAoDgGVDd15ASGBUz0DxQBNACqgAQx9LQDFC3yopIuBCA2Jf
77=YGVjY0jDXCwDY2RoaGRfXA5cBawBSAZMAUgAUAKsAUhgUO9IACecC0gDQAQkPCNMAUBhJy
78=wSXAJUBqgARyBwWj8h7E5csCR8IlwvSABQhkgbA0U+NDAuK1wFSABQCEsASEI5WwRKRDhY
79=RlACJywGTAFIAEAESABAAUgAQAFIAEABrChYDUwBSABQAkgAQSJYIyxOWCJQj0tjX1A8IQ
80=wgXAJIEkgAWDFIBqwHKhQAUAJUA78ISkE0IZwgBmlbSUhDOUxCNED9vB1bwVhvN74XQzwi
81=zFZIMEAKX2taTj1Iz1AdTAFAYbwIQApYCiRsIF/7MjIwv8JfY2hIPCQMXEwBQJQDZGRoXl
82=1bW5RXYG+s90wHJ/wLXIxgYSP/KWJRPFALqABcHQpNRjpKQjVPRDZRRy5NJgxEKiwMSEJQ
83=FFgfQCJYK1xBJ7w/CU5CM0xCNUc/Mjk1L1xfWGRAdkwKTAS8d1zFJ6ABXAItLABIG0gAXA
84=JYKEgDQAFIAANsWEFORTdXElhOP0AxWGFAIkgAXoNlViKMTlgxXDJAB0gAXAVMBzMIAFAm
85=rAoimipPPq8TU01CT81IQTZIMFxfBVBDMko/MT04bPRca1htUI9cX0ABrAdcC1QMrAFAAS
86=fvD05FOEwuW5FbWllMLkwBrC5cBVAFJNxPXAJMAUgAUAJMK1xcSACsvkFeSCl8Q68EU0xA
87=VB6sMUwWQBZYKEBeSCpAc1sfXU46SEVQREgVTIVMIie/P3BdR1AIRBRIAEQviAAlvEUtTC
88=JYBFwRSABAAUgAQAFIACoABVxQWBxAWA9BOi9mWEZsW0ViUj1iVURWSTlcEUM6WEo4UGuo
89=BlgNoAE5FABcC0ANWDFUElsZSkQ5SBJQFwJORz1SRmjYQAQIUHMwTUI0QzwySkQi3FtYCi
90=cIAEwHSABMBEgAQAFAN85/X04kfEkqnAVIYE8ER0A2XJ68BVgBQAFIAEABSABAAUgAQDFI
91=XUDxCCszDG1XPW1XPW1XEQAAYxMAIAY9b1k+bVc9bVdgAQAMU0xAKygkNTAoRz80SUM4Rk
92=A2cV1ERz8zYVI/dWFHrAEAAW5ZP0M9M2dTO1hLOlVHNVdMPG2PB2hTO0gDrAFPCkxGOycs
93=AEABSABQAkgAQAEDdF1Ba1U8rAFYAUMBAMgAJwgAA15PPC0sKbwCSwxWSTlYEANHQTdXSj
94=lIDKgAXBEnvAA5IABQCLwFSAxPAb60eEgArAEDaVpFV00/TBwAA2lhQE5pLjN9HWBlOD84
95=LkI5LDg1MEwEQAesHLAaWAdQAkgABVBDMko/MT04bAQJYl5XZGRoXl1ba15OQAQGRkE6UE
96=Y4S0AyKowAXAJbJTw3L0wHTAFIAEABSABAAUgAQwFkUz9AAUgATAFIAEABCVRKMGBQO0pA
97=NFJGN6wQCWxZQmVWQV1PPF9QPEwBQwpYTT5LAFtNO1AjA1hMPFhKOVwmTBYnCABcCEgAQA
98=pIAEABSABAAUsA/wAAqwCIbEhQAkgAUAJIAEABJycFTUIzSBgDSUAzSD8zXAJIAEAETyVK
99=RDlYOqANUAK8BUgDoAEwFABQEbACTARMAagASDAnCABcAgNtW0NURzdQHUhOAAlEcSpNQT
100=IwLitCPjZtXEdjUj1IQDVkUz1WSzusB34FVz1EAgtKRDhYSjhPQzRQRDRCOswrA0RAOVJI
101=O1wITEYnTAQMTkM0VEo8TkM1PzkxUEg7rytCPTVcF0gAQApIAEABqACsAQZmUztNRSgrMw
102=xQAiecCEwQWDEJYFA9W049ZlQ+ZVZDQAFIMFAyS2NwXENEFFwFSABQCEgAQAFIAEABSABA
103=XicsALAvJxQAJ1wAQAFIAFAFpCYnFABQTVscQTsxSANDH1VJOUAxWGG4DVACSAAGTXEuNI
104=0iSm8rTAFABwNmWjlQczBAAUgAVFdIAEABUAtIBicIACcIBkABSANAB0sAPzs0rAcDRT40
105=Wk9BvwJSRjVQDgZsWEFuXEVdTz0nBAFcBVAsuwFXSjoqnAVAB0gAQARIAFApD1lMNERCIF
106=pMNGNUQFBHLUVBJUgABltNOkxCK1lMMUgbUAVIAFAFSABAAUgAQAFLACswDGoAMwxMBwxp
107=V0JpWkZhUj5XTD1dTju8L1thWU09SJBcMlxisBFUAEwHUAhIAEABSABAAUgAQwFsVz1AAU
108=gATAFIAFQwrAG8AkAHSABcAlACRCYtCABMHHBNAjksOzYuTARMIkhCQJFMAVwFSABAAViI
109=ATmUJr6AAEgJUDJYAUCLSANABEgAQAFIAEwuMwgAQARcfQZIPjBBPDVRdTJbYWhZPVhbXA
110=JIAEAHC2dYRU1ENU9FNkQ8MGtXfIawFEwNTENYMVyAXGJAIrwFtAO0AFgHQDEDPTohTUMq
111=TFtgK1orMwxPATY1GEgAUCwnLAa4B0w3A01FKVZJMUgGTAcPV0kuVEkvaFdBWks4YFI/XU
112=46agBPPLxfQyJyYEdIb1xTWDFIErAIXA5AAUgAQAFIAEABSABAAUgAQAFQU0gArAFYAUAB
113=SACgFjMUAAJaTj1bTG+dKigmJ7wAQAFIAEAHSAlcuQNKcC1KcytYLicvAFV+NkAESABMBE
114=gAQAFIAEABXAUzIAZLA1pTRkiTA1FIPE5EN1AFAAZIQDQqKSY3NC5tWD5jUz9iU0BMQzdV
115=STpYHKgAJ7QCTAcnLACgASeAAFwIiCoBKE9HKEgPrAFcLzwsBkAKSABMK1gHQAEDVko5UE
116=YpWwFwW0FYjkyRSABAMVxfBmlXQFdLOl9RP1ijQLW8BUgGQAFIAEABSABAAUgAQAFIAEAB
117=SABAAUgAQAG8FKwBWAFAAbwXMxQAA0tAMTIyMEveSkI3WKBID0AQXBFAB0gATAdIAEABA3
118=JbQH1jQqwBSB5IAKwBSANAAUgAQAEnCwaloHiJZ75iAbR4J+wAQMQJZFI7a1tGUks/V05B
119=SF1AHANWSTdWSjpYiCdQEiqcArwIKkQATAFAHFgNUA5IAE8oW048XHdMiFBcvAJYlEAHeD
120=GeYkhEbEyoA0Acv1xYSzonfw1lV0VQEUnwV5zvcmJQQFhwT5RqXEhIA1wUuOVID0gAXA5U
121=CUgAQAFIAEABSABAAUgAQAFIAEABSABIFSosAFgBMAgAXDsGUUY3SkE0KyonUAVIMEsAW0
122=07UBRYzS18JUwKBn5jQ4NoRXlgQkgDXAUPPDgxSUE0PDcvPTcuPzguQzwzTAQqIAaoMKcC
123=iGtHoAEEX1A+X1NCV0QvAkk5aFdCQB+soCp4AlwIKjgAJywAWB9IAEgPQARIAFzmv1ZCPD
124=JQnlgZQyViUTxQYif8BWABjJRcAkAHSABAB1hMgSs5QJ1YSVwIA2BSPmBPO0gtQ3NDPTNQ
125=IANcTjpWTUFXpT86MSFHJ1VJOCHoIlwFQBBIALwISAlMAbgTTAGgAVQATAEnXABYAVAFVA
126=AzCABYH7w+J7wqTBlcRHhAAk46gGVDjBN8pEwKXAhIAEABVDBAAUgATAEJR0I7S0M3UWgu
127=WGQzSDlIFbwCSAOgLjMUAKwEA2paRlpKNkgVqABQAjOQAi1QALAFXAtPJVlMO1CJTyhlVk
128=NI80C4SKtAiwNkUztRRy5M9Cf8BU2USDIsDEgGQEC8aFguAWdVP2UjXCRZalQm3C5MwQZf
129=UT4tLCg3MitMNFAmJywGTBZIAFARSABcFKwTQAEzCACsBDBoAEgwCUo/L0hBNz46NEg/M1
130=dgdFw/UC9cXFARWLVALkwBXGInrAFTAnthQVD+TApAYQNSRjdZSzhPAU1BMiHYI1AITAFM
131=fLwRqDCsATAUAFQnSAC8AkgeUJJMB1gBrA1MhTDAAkQCoASsBFwFU1ZZTT1QJkyRTEa8Yk
132=haQARIAEAEXJJMMaz3LSwMQAckHyVbTj0hcyVIRCZABFwLTGRJLUcj3DRMNLwITEwnfzdY
133=SjlcAgJKQDJPQiJsKUAEA2daOld8NVzmTAFQFCAJCABcBUgnJNwuX0plVkFAowNHPzN0YE
134=ZMMQN3X0BEPzRcj6wuSNVcBUgAXBpIAEABSABDAU9KQSHwKQVRdTJJhi9JQCjfMVdKOqgw
135=tABIG7wFoAEnrxNxXURYKFBQrExQsEAcS35WSTmsAUghQCJIgUAKSBtYB0g8UFNID0wWrA
136=dcd0yRvAVIA0xGW3lsWUJc2k0rWSMcK0xhQBCoAEwHQAFLlk1FKC28DFwLqACsZKwBVABc
137=O9yVAkA0VEw/UEdIAANSTEJDPTRICUAKSABYEwNNcS5LbipAAS0IAEgYQBktUABAFgZEPD
138=BFPDBKQzhAWAN2XkF1XUBcCFAjrApIDE8cS0Q5QDFMAVAarJRMBEAETDS/ZWlaRSEIMANQ
139=RTdLQDAn7yo7Ni5MBFhJQCsnCAZAGVwIXAKvB39lRE0KZe9/Wk49IRc8QToxSEsGTkQ3T0
140=Y5UUk9LSwAWCJLAElDOFgZXAgDYFREYlRCUHdIAEhaLSwMTEZwJpy8TBZNYUicXEwBTAdI
141=AEABSABcAlj3SABMNEwBaAAj7zBUSjAnjABEF0ghQD1LRWVWQ1hGQFWvbWhZRUBkWJRQLw
142=k0kyQ0kCM6nSk5lCYqtAVILVxKWBZQAicsAFDXvB0GRD00NjIsdV5BQCJLAIttSKxeTBNA
143=EKwlWI5QTbwOTAFMTEgDQARIAKgqQwFBPTYh7SpOI19CVX42IfMpV05BIaAlSANMdkgYqA
144=BAB0gAUAJIAEABSDBMVVgZXAgDS0AxQDwzXxFFPDFIYEAWSJNAlLxfXAUJYVRDWk08Tkc9
145=TUIzQDFYCkwuCU9HPFVNQVRNQ2BURUAxXAhYClAFQAFARkgAQDFLAFdLOiF7I2hVPlySQA
146=SoAFgEQGEnjAxwL4z3rDEw7BJcBUDQr4VwW0FYuFgiUDJMMUwTBk1zMT5aKkBbLFAgJD8v
147=Sm8rXDIDLHAdPmMqLSwJBk9DNFZNP0hEO7wdvC8DfGNDd15ATBNADUgAQAFIAEABSABIG0
148=wxXJJYJUAQWGRAxFwCQARIAEABSABcgFjWWmFIPiIjNkpCNiGgJQlGQTprWUJgU0JkVkRM
149=BLQwVABMAUAHSABAAUwlXEpIYFDpTogyMsxPWGdQd1hGMAgAAAlpW0lbTz5TTEBPRDZLQD
150=NWTUA/OzNdUkRQSD2sOlyPUFa8I18vXVBAIXgjA01EOGJVQ1AOSABfDlRJL0ABSABMAUgA
151=QDFIAEM0TUMqJ3wrA1ZJMXBaP0gJvF9QBUgAUAUDfWNCgGZEvAJQI1AOWFJQDkgDKmwCDD
152=xbKDZuI0JdJztQLD9pKqwc/EoiXEJcHVCPW16KbUhfX4ZqR7wLTCJAAUAlSABMClQArA1Y
153=PUwNvEpIkEwESABABEgATPQDiGtHeF9BTwEtLChY1kSJA0U+NF5URqwECVRJOltPP15PPG
154=9cRLwLvAJcBUA6vGtYXllbQiPPPk5FODDkBSdEALxfTAdMZLACTBlACkgAUAJcCy1sIyQM
155=I0NYZ1hFKpw4XAVIAEgGVABIAEABSgBQRiU8U0wBUAJUCUgAXDhAOlgBUAJYAUABSDBQVk
156=yCXAJYIlNTb11EUAJIA0wEXAJME0hIRGWsEwNjU0BiUj5Td2xYQSFYQFMpZFI9QHyvE3Nc
157=Py38C0taWEs6SAlcLwNkVEBlUz5AAVDCWA1MB1wLUD6sDUwEQAFIAEABXDJQmK8BUUg8IX
158=JYS0NgxAtKRDtpVz9lVD9eUkNcTSggPEgGUAW/F3BeRlALvERENSfMPkwWsCxUAEwQVAAq
159=CABYB1AIKkQATAFQAkQFSABMJUgAWAFMBFw7QCKsAVMCVEc3S4dHRD1caFACSABMBFwUQA
160=FIAEwBSABAAUgAQAFIAEgGJywAQAFIAFACXB1IYFyDQAFYgkwiSDBcMkhRQAQknCxP1nJf
161=R1xWBltOO1VKOVNFM1tVYlE8IUs1T0U2IVtAblg/TBxQSkgGTApIAEQXJwgATxZkVD9Yiw
162=lcTjtWT0VTSDloWEVIclBWW5FlV0VIb0AHSABCB1BzYIisAVgBQAEnnFNMWwlOQjM6Myk4
163=NTBjU0EnfAFMBCj8AgJfQkxFOUjAXBEnnCxIyUgqJwgAROYnLABQCFgHQA0nRACgAVACSA
164=BcAkAEKggAUAJIAFwCSABAASfMPlDLIghFI2hgXAJIG0DTJFwnBUA7M1BHOkQ/K0xGJ0wB
165=XAhQFzB/EINoRVwISABABFAFQAFUAEgAA2BRPGlZRUhjQ5FkUTtDB1ZKOlxcRDVMBEgAvA
166=UnrAdLBmxZRFp5W04iyC1E/gZJPzJYSTdiU0EnbBdbB2ZaOSEIJFDOWwdOdTK8CEwBQwFh
167=W1Eh4DZMPU8BRn0tIZMgYGU4UIxaWzc0ImxQJ6wBQAFcrSR/NF9QPExhJxwZtCozFABYCk
168=ANSABAAUgAQAFMFkQFrAFYAUABSABAAUgASAOoAEwNUAJIAFACSAAn7BVMAVACSABAAUiK
169=UEFUlgJWSjlFPiIQZ1uFV0o6vDKsBEwfQAq8KUABXIOsUlg3QF5YYVNTfGJCUAVIAEwKTA
170=QnCABPTFhMPLsBYVI/oAFUAFgEUAVAAUgATAFUACTsLQJQRTdJP3hbUwJaTDpMBEgATAEq
171=bxdXfDUhACC+AkmGbNwknDIFa1o+W1A/SUYiE2cyeB1MWCRuICopKNBGSAlMSa+RRD0yIb
172=NIRTsvIZMgQToxXMhQYkCIQCszCABQFFAOSABQCEgATAREAkgATAFQAkgAQAFIAEABSABA
173=AUgAQAFIAEABSABcDqwBJ6wEuAFQEawoTARAK7ACWDEnrBAqvC1cjEyFrGdcKVAFWFtDhX
174=lhRUCOWLJQtlwIXAJIAEABSABAAUgAQAFIAFQVrAGgAawBvAKsH1wLQJEFYFE+YlVFYlIr
175=bFw5bBdUCUgAXAhACkgAQAEJV00/OTUuRD83Uks/JGwgvAJIA0ABJ98ZZVZDIeQmXy9FPD
176=BcREgqSgBbTCIcOkABMwgAWAdQCExbJzwFWAFQAkgAQAFIAEABSABAAUgAQAFIAEABSABA
177=AUgAQAFIAEwlWGEtrARMYUAERAtIAEwEUHS8LFkBSCJoNgFAVEw/XAJIWkgzUC9cBSe/Bk
178=Q/NCdcDFhhXAhIAFAFSABBAXYm/DVMAUgAUAJIAEABSABAAUgAVCesASRMKKwBXAJAAQNH
179=QThHQDYkX05PQzQhQF5cAky7SANAAaxzrGdQCCfEBEwBQAS4AVwXSABYAVwFSABAAVQDqA
180=BPGUxGO0DxU55LQzi8MrQGoASsASoUAFgHUAhEAkABJF4tdV0iUy10XUFQ40gDXAJIAEAB
181=SABAAUgAQAFIAEABSABAAUgAQAFIAEABJwwXuAEqLAwnzAJY31ykWAFLAE1GOyFKO0dCTC
182=IBNVBFNUypSAZAMUyRQGFaBFtNIhh6sBe0AEQLWD1DDX9lRCEgKiqMDKAEWBBAAVgEQAFI
183=AEABJ3wiTAEABklEO0tAMllQQnBbQUxWZldidGhkX1BENCQ8dFwFTAckLTxXIzx6SAawAk
184=gkJwgAUAJIAFwCSAAnUABMASfsAExeAk1BMlRMzExATCeYADYgAEAKvC+8GkMceWBCSABc
185=AkgAUAtIAEMffmNDQI5sASOoa0ABWChABEgATAFIAFAICoZqR2xXPW9ZPm1XPW0RAAD6D2
186=gbAAtXPW9ZPmxZQmlXQGVWQ1tOPVtNO21XPVtOPGFSP0wBAAZmWUdaU0hKRDpQRzpLRDll
187=VkFlV0VHPzNQBQNjUz9CPDJYBAlWSTlKRDlYSjhoUztIAFgHTApLAINoRScsAEABSABQAk
188=sAvrR4MAsAVUk5QAQHPzs0UEU3UEY4FOAAA2ldUGRkaLQBTAcGSj8xQjksOzYuTgFWS3gN
189=RA5IAEwHVABLAADIACoIACpEAEwBWARAB0MBVUk4WAdQFwxNRjtKQzhHQjhHQDVQRTVPB3
190=FdREAcTARMAVQAqABAB0gATAcDgGVDe2FCSxt5YEJIAFACSABcAkgAQAFIAEABSAAEiGtH
191=e2FBbJgrUAJIAFACSABAAQZ1XkF/ZUSKbUhMAagAXAJcLwN1YUdwXENMAQZuWT9dTzxfUD
192=xYKwlkUz1GQDZXSjleTzxfL0M9M1MyRD80QAe8L1gBUwJjVEBAKFgEVAABWEw8WJwFTARI
193=AEAKSABAAUgAQAFIAEQaKv8FpaB4SACkAqwECUE9Nm1fTmNcVG1aQqQvKhQAJz8CKigmvA
194=VACkABSABQC1AmNggAuARMBKABvAVYAS2MCVgcQBxbTFlMO0gbQBxAClAFSABQBUgAQAFI
195=AEABTDFDAf8AAKgATAFIAFwCSwB0XD8nLABAAUgAUAJIAEABSABAAQaIbEiLbUiGakctjw
196=ZsWUJABKwrWEN8XI8rW0w5UGJEEUgAWGQEWE0+dGBGb4hFQBZIAEwWQGFMB0gAXAtIAEAB
197=SABAAUgAQAEGSUQ7S0AyPDcwTAFIAFMCWEs6WC5QLy0IAFACA2dTO19RPlthSD4yKvAFJy
198=wADEpEOE1CMz84LkM8M0pCN0AKVCpIAFgKRBRYAaABTAGrAL6+vkABvAJYBEABWBlAHFhM
199=TAG8TUgGQC5IG0gAWC5MAbwCXFBMUlgHSABMBFwFWCtQL0gnTAFIAFACqDAnFABQAkgAXw
200=J3X0BAAUgATAFIAEABSABAAUgAQGFIaUAxMCwMWC5QLEwTTBBID0gAXAVAB7wyTBNEEagA
201=XERAdrwvSDAGWk8/a1pFbVpBvAVIBkABSABAAQNLRTpHPzRMiwZjZGhbZXZrXk5YiFxrSo
202=FXSi4gBkgwVCRIAEwHBi0sKEtDN0tAMFAvUA5EKUgATAFIAL+eRT40UJJIDFAFSABUBics
203=AFwFMwgAQARIAFAFTytbTTq8LEgeQB+sHEgwSACsAVg0XAInHAFAB0gATAdIAEABSABAAU
204=gAQAEDdF1Ba1U8VDBQj1gBUAJIAEABSABAAUgAQAEDcltAfWNCrAFYAUABSABAMTAsDFwC
205=UAUqXAAnDAIqbA4nUAAPXU46YlVEVEk5Vkk3SUA0QDszrAEPRj81MTArTUU6TEM3Ukg7bl
206=g/SCdIAAZeXVtIQDRXTkFAWEwNQDFbl0lDOFAvSAC/jGBQPVAUBmFbUUdCO0lBNFQGqACw
207=DqwBVABAMb65PTgofA1MCkwHSABAAVwFQAFUAKgATDSoAEgDQGEqnAVIsVCASLFYqVhPUE
208=1fSkxFOawBWAdcCEgAQAdIAEABSABAAUgAQAFIAEABVMNAAUgATAFIAEABQFhIAKwBWAFA
209=AUgAQCsnLwB2XkFYkUBhSMNQAqgATAQnIACsCrw7RBdYEKgAXEdAAQNyYEdwW0FY1kABWA
210=GoAEwioAFIKkABSLoGVmF0aGRfZV1URCZIAEAcVACrAEI9NSesAVwOUMhYAWEBSnzyrAFY
211=AVCYvAW0AFgKqAC4AbQAJ38NQjovQAdIAEAHSGxAAUgATAFIALQGtABQArwvSC1QLKzZXN
212=1A4rwCQ2FZTT1AKEgAXB1UAEgGUAhIAEABSABAAUgAQAFIAEABSABAlK4BfGJ8uawBXAJA
213=AUgAQAFLAIBmRKwBTAQnLABYkUAxWGdQm0wEQARIAEABSABclVQwUP5YNFACSABQAqgYtA
214=BMkUABMFwAUAIqCwBJVGOgJVQAUAVUAKgARDgGa2ZgY2BjQTsxXAJIAFwLSABAAUgAQAFL
215=AEdBOFidQD1cv7QGtABcC6ABtAAAA2BaVl9jaFdidFFGNy0sKUI+Njg1MFvTTEY7QCugKK
216=wKKiwJXAtIQkgwQDFQBQNwWj90YUhUElgNQKxIAEBhXAJAB7wyWARMAUgAQAdIAEABSABA
217=AUgAQAFIAEABSABAAVgxLbwY3AKclUwBTCsDd15Ac1w/WC5cBUgAUAJIAEABqABuAVg+WJ
218=RANCr8BVwFTB8gDAgAQGEGYl5XWmFsaWBUUAtEIEgAvCYnFABDxFdMPFOPSUAzTARblzk1
219=L0wQUMhIbE8icF5GQCWsMSfUACcgACf8BUw9WPRDxDAuK0BbBlRKPE9GOlhKOUAHSIpQKU
220=y7XAtIAFALVBhEEawBXFxcws4NW0FQAgNgVERiVEJMLlwOWGFAB6wBSANMB6AHrAFYAag8
221=QAFIAFACSABAAUgAQAFIAEABSABAAUgAQAFUWkABSABMAUgAQAFIAEABSABAAUgAQAFIAE
222=ABSABAAUgAKowMSA+oAFwXJwgARAJMAUDlSABAAS0IACegBCcgAEwKJywAUAUnLABAAVct
223=V2BvUzVHPzJQyFsiXU89SLRQEbzmXm5lVmgkUwhWSjlIBrwCQwFkZGisAVhqDFBFNU5KQV
224=VOQkQ9M0Q9MUgGQAdcvF8pZ1M7ITAmWAdMCkgAQAFcF0ABSABMAVgEQAFIAEwBCU9HPFVN
225=QVRNQ2BURVySXCxYx6wxSAaoAFgEUAVIAEABSABAAUgAQAE5LCRAZKwEWARAAUgAQAFIAE
226=ABAz03Ljs2LawBWAFIACcsAEABSABEAkgAQAFIAEgnJwgAM+QFJ3QAoAFIJCoIACdQACfs
227=ALQDSGZMx0uKTFZmSCpA9wFrXk5pJsw4Wx9lVkOv/WJRPEAivIO8Als3ZVxPIW8jZ1U/SL
228=pCLk5HIsw1vIlIikxhW45GQDRYYSfcGUwZUBpIAEABSABDAWRTPVCeSHIMS0AzVk1APzsz
229=XVJEUEg9vA5cC0wErHZcBaAxVABMAVwCSABAAUgAQAFIAEABSABAAUgAQAFLAHJbQDPMF1
230=zdD0xCK1lMMUQ6LVBDMko/MT04MFwFQAdIAEABSABMJUvtWEo4TAFQAlAOSACkKTYUAFgE
231=UAVUA0wHVACoAEgtQAdIAEABpAItFABcAicIAFgHUAhQBUgAUFBMAbwjRilWSyIIP0AEXw
232=JZTDu8XEy4UJ68y0xnUGJINlAmrIhLk1VJOUwrTGEnbBFDH0hEJkA6SAlcC0gAQAFIAFDI
233=BkpCNisqJ0ZBOkBnQwdJQzhIAFAgA0ZANkdBN0wBUAVAE6gATAFYKy3MKUwTXAJIAEAKSA
234=BAAUgAQAFIAEABSABAAUgAXK0DUEctRUElSwArMAxoAAIzDFpMNKwxuARUAKwfSA9AEFgf
235=QE9MB1QPSANAAUgAKiQFUAUnOABABEgAQARIAFACrAFAASecBSosALACrARMAUABSAwtCA
236=BcCEAQvL9IlkwEJy8AZV1USGNQhk8uY1xUSDADX1A8ZVpPRAKsAUwiQARUAEgAXL9UAAZm
237=UztNRSgrMwxcCEgAUAtIAFwXSC1cTVvKXlRGJ1wAQDFYZ1DLTEBMAVgQMB8EfmNDM5wLUA
238=gkbClcC1E1hiZfPD87NKwQKvwFXxE9OiFIBlAFSABAAUgAQwFoVj9AEAVjUjxeTztbSiI8
239=KUgYSABLq1pOPVh8UFBMQ0sqcFo/QOhYAUABrIVMIlAIsClICVgrJwgAXAUnLAAqIABcBU
240=gAUAVUBkABSABMAUgAUJVIXV/7V2J0XO9IbEgAWAFPAWxYQUC4WOhMLqgAA1lLN2RVQEgA
241=QAFHAmVWQ0AWSABcCEwxA19POFdKMUwBA1lMNDY1GEBPTAFMXlhMUE1MGUAxvixKRHBuKA
242=0CVyLYMlAFSABQAkgAQAFIAEABWCsnLAwqzAVL6optSCT9L3UjjEisAVgNA0g+MEE8NUwQ
243=vF9cL2ABWGGMYUwKqAB8CwACWUFdTTlgUj9dTjlSRjZgTzpnVT5cAlAvvIBaLkxFJRxPTA
244=FcAkh+UC9IHkABKvwUTApAB0wrKswFJywAqAOsBEwBQAFIAEABXAhAAUgATAFIAFzFSABA
245=MU9hYl9gvAIGbVpCTkU3ZlhGQLhY6ECOvCxYkVwvWI5crViOUAVIMExYWBNQL2oeMwxcUE
246=0BSJySUFxIAFuRXk88WDRcBawHKtwxTBBcAkgAQAFIAFIpVUlNOjpMAUAuSABMLkgAQAQn
247=zAVQAkgAUAJIAEABJy8MX1E+IStANzIraHJQL0oAMwxISzMsDEypAVlKNlZMDQJINV1MOF
248=giWOVAr1vfdGBGRE1IAFwaUAKRNTpcfUBhW7VWSjlY3FwRSAZIAFwUTAFUMEgAsC9YAVAC
249=uAGsAVgBQAFIAEABSABAAUgAQAFIACosDEAxSABMMUz3A0tAMTIyMEC4W+hsW0Un/BdwLJ
250=waTExQLCdsHVCAW09EQiBcAiePAE1DKkANSABADUAxQLVqAzMMTAQnjAZb5UA7M74yRj9s
251=grwFSAZAZ60BiCMsTidsLyQ4KkMEc1w/IVAwrARMAUABSABfAkpBNCFARlgNUEFMDXAOjB
252=ZYc0AEqABYBEABDG5bRGFTQVFGNToyJldLO0BMR2JmVD5LAF1OOlgBTE8kPClbAWVWQycc
253=FkxhvAK8CEgJQAFIAEABJ8wOSDBYAVACSABQegKIa0d4XyLcSUwBWEZSR3VdK+xLUJIk7C
254=RLMFtldiFoNkAZWOhQCKwZXBdAAXgZnEpAAVgoUAJcQUCOSABMjkhdQDFIA2IfMwxABEgA
255=TARcUCfsAEgDJ04KVkkoLDlcVlEFSIxnOYwMJ8wFXBpME0gAQAFIAEABSABAAUgAREdYDV
256=wvSABwEZwvXA5MAbwLTARQBUgAQAFIAANaTTtZTDpIMA9RRjhBOCpQRDRhUTxmUzx1YUeu
257=LlZJIkw0mC54NEE0ZSk8Yr8IfGJCUHRYQycNPnRGRF9AXAsq/ERAMbwvXKdAAVgBvDJMBC
258=csD0AKSABAB0sALSwprAFcI1wXaACMWGAB/hpIRCWsW1jrXFZYYVAFMOwDaAbsB0gwQGRI
259=M1ALA2RTO1FHLliaUCa8AkgDXAJIAEAQOSwGQARIAEwESABAAUgAQAFIAFwvKgwCrAq8L6
260=wBJ3wBqAZUAEgAQAcMXk03W0s2aVhBYlE9YlI+UAJIAFwCT2FlVkMnLABAAUgAXAJIAEAB
261=SABAAVjWXC9IKkxbSABQAkgAXAJIAEABSABAAUx5SFEnjABQNSdcAFACSABAB1g3UAJIAF
262=wFSAAJRDwwNjIsOjcxSD8zUBpYWyefEU1FKUBYvBqsAbzCJ+wAUAKsAVgENiwAQARIAEAN
263=SABAAUgAQAFcBUABSABMAUgAQAFIAEABIAYsBlwvvAVIBircAVACSABQAi18AREAAA==

[AITriggerTypesEnable]
041CFAE0-G=yes
074AC080-G=yes
074ADF20-G=yes
074B3330-G=yes
075A52F0-G=yes
075A53F0-G=yes
075A5EC0-G=yes
07CC6030-G=yes
07CC6140-G=yes
07CC6250-G=yes
07CC6360-G=yes
07CC6470-G=yes
07CC6580-G=yes
07CC66F0-G=yes
07CC6800-G=yes
07CC6AD0-G=yes
07CC6BE0-G=yes
07CC6CF0-G=yes
07CC6E00-G=yes
07CC6F10-G=yes
07CC7690-G=yes
07CC77A0-G=yes
07CC78B0-G=yes
07CC79C0-G=yes
07CC7AD0-G=yes
07CC7BE0-G=yes
07CC7CF0-G=yes
07CC7E00-G=yes
07CC7F10-G=yes
07CDB770-G=yes
07D5E8A0-G=yes
07D70470-G=yes
07D70D20-G=yes
07E30560-G=yes
07E30660-G=yes
07E57AE0-G=yes
07E8B210-G=yes
07E8B310-G=yes
07E8B410-G=yes
07E8BB50-G=yes
07E8BC50-G=yes
07E8BD50-G=yes
07E8BE50-G=yes
07E8C9B0-G=yes
07E8CAB0-G=yes
07E8CBB0-G=yes
07E8CCB0-G=yes
07EA53C0-G=yes
07EA54C0-G=yes
07ECC040-G=yes
07ECC2E0-G=yes
07ECC580-G=yes
07ECC820-G=yes
07EF8A30-G=yes
07EF8B30-G=yes
07F232E0-G=yes
07F26720-G=yes
07F3D830-G=yes
07F3EC20-G=yes
07F3EE20-G=yes
07F3EF20-G=yes
07FC4E50-G=yes
07FC5110-G=yes
07FC53B0-G=yes
07FC5650-G=yes
080AB180-G=yes
080C70E0-G=yes
080C71E0-G=yes
080CF120-G=yes
080CF220-G=yes
080D0120-G=yes
080D0220-G=yes
080D0320-G=yes
080D0420-G=yes
080D0520-G=yes
080D0620-G=yes
080D0720-G=yes
080D0820-G=yes
080D0920-G=yes
080D0A20-G=yes
080D0B20-G=yes
080D0C20-G=yes
080D1120-G=yes
080D1220-G=yes
080D1320-G=yes
080D1420-G=yes
080D1520-G=yes
080D1620-G=yes
080D1720-G=yes
080D1820-G=yes
080D1920-G=yes
080D1A20-G=yes
080D1C20-G=yes
080D1D20-G=yes
080D1E20-G=yes
080D1F20-G=yes
080D2120-G=yes
080D2220-G=yes
080D2320-G=yes
080D2420-G=yes
080D2520-G=yes
080D2620-G=yes
080D2720-G=yes
080D2820-G=yes
080D2920-G=yes
080D2C20-G=yes
080D2D20-G=yes
080D2E20-G=yes
080D2F20-G=yes
080D3520-G=yes
080D3620-G=yes
080D3720-G=yes
080D3920-G=yes
080D3A20-G=yes
080D3B20-G=yes
080D3C20-G=yes
080D3D20-G=yes
080D3E20-G=yes
080D3F20-G=yes
080D4120-G=yes
080D4220-G=yes
080D4320-G=yes
080D4420-G=yes
080D4520-G=yes
080D4620-G=yes
080D4720-G=yes
080D4820-G=yes
080D4D20-G=yes
080D4E20-G=yes
080D4F20-G=yes
080D5120-G=yes
080D5220-G=yes
080D5320-G=yes
080D5420-G=yes
080D5520-G=yes
080D5620-G=yes
080D5720-G=yes
080D5820-G=yes
080D5920-G=yes
080D5A20-G=yes
080D5B20-G=yes
080D5C20-G=yes
080D5D20-G=yes
080D5E20-G=yes
080D5F20-G=yes
080D6120-G=yes
080D6220-G=yes
080D6320-G=yes
080D6420-G=yes
080D6520-G=yes
080D6620-G=yes
080D6720-G=yes
080D6820-G=yes
080D6920-G=yes
080D6A20-G=yes
080D6B20-G=yes
080D6C20-G=yes
080D6D20-G=yes
080D6E20-G=yes
080D6F20-G=yes
080D7620-G=yes
080D7720-G=yes
080D7820-G=yes
080D7D20-G=yes
080D7E20-G=yes
080D7F20-G=yes
080D8620-G=yes
080D8920-G=yes
080D9320-G=yes
080D9420-G=yes
080D9520-G=yes
080DA220-G=yes
080DA320-G=yes
080DA820-G=yes
080DA920-G=yes
080DAE20-G=yes
080DAF20-G=yes
080DBB20-G=yes
080DBC20-G=yes
080DDBE0-G=yes
080DF140-G=yes
080E2360-G=yes
080E8920-G=yes
080E8A20-G=yes
080E8B20-G=yes
080E8C20-G=yes
080E8D20-G=yes
080E8E20-G=yes
080E8F20-G=yes
080F9470-G=yes
080FB470-G=yes
08440550-G=yes
08440650-G=yes
08440750-G=yes
08440850-G=yes
08440950-G=yes
08440AE0-G=yes
084712B0-G=yes
08471C20-G=yes
08472A20-G=yes
08472B20-G=yes
08472C20-G=yes
08472D20-G=yes
08472E20-G=yes
08472F20-G=yes
084756C0-G=yes
084EF620-G=yes
084EF720-G=yes
084EF820-G=yes
084EF920-G=yes
084EFA20-G=yes
084EFB20-G=yes
084EFC20-G=yes
084EFF20-G=yes
084F0A20-G=yes
084F0B20-G=yes
084F4130-G=yes
084F4230-G=yes
084F7D20-G=yes
08500120-G=yes
08507720-G=yes
085696F0-G=yes
0856AD20-G=yes
0856AF20-G=yes
085940B0-G=yes
085944D0-G=yes
085945B0-G=yes
085945D0-G=yes
085946B0-G=yes
085947B0-G=yes
085948B0-G=yes
085949B0-G=yes
08594AB0-G=yes
08595620-G=yes
08595720-G=yes
08595E20-G=yes
08595F20-G=yes
08596050-G=yes
08596350-G=yes
08596450-G=yes
08596550-G=yes
08596650-G=yes
08596750-G=yes
08596850-G=yes
08596B20-G=yes
08596C20-G=yes
08596D20-G=yes
08597420-G=yes
08597520-G=yes
08597720-G=yes
08597820-G=yes
08597920-G=yes
08597A20-G=yes
08597B20-G=yes
08597C20-G=yes
08597D20-G=yes
08597E20-G=yes
085980D0-G=yes
085981D0-G=yes
085982D0-G=yes
085983D0-G=yes
085984D0-G=yes
085985D0-G=yes
085986D0-G=yes
085987D0-G=yes
085988D0-G=yes
08598A20-G=yes
08598B20-G=yes
08598C20-G=yes
08598D20-G=yes
08598E20-G=yes
08598F20-G=yes
08599F20-G=yes
0859A060-G=yes
0859A160-G=yes
0859A820-G=yes
0859AB20-G=yes
0859B030-G=yes
0859B130-G=yes
0859B330-G=yes
0859B430-G=yes
0859B630-G=yes
0859B930-G=yes
0859BA30-G=yes
0859BB30-G=yes
0859BD20-G=yes
0859BE20-G=yes
0859BF20-G=yes
0859C0E0-G=yes
0859C1E0-G=yes
0859C2E0-G=yes
0859C3E0-G=yes
0859C720-G=yes
0859C820-G=yes
0859C920-G=yes
0859CA20-G=yes
0859CB20-G=yes
0859CC20-G=yes
0859CD20-G=yes
0859CE20-G=yes
0859CF20-G=yes
0859D2C0-G=yes
0859DE20-G=yes
0859DF20-G=yes
0859E070-G=yes
0859E170-G=yes
0859E270-G=yes
0859ED20-G=yes
0859F140-G=yes
0859F240-G=yes
0859F340-G=yes
0859F440-G=yes
0859F540-G=yes
0859F640-G=yes
0859F740-G=yes
0859F840-G=yes
0859F940-G=yes
0859FD20-G=yes
0859FE20-G=yes
0859FF20-G=yes
085A0320-G=yes
085A0420-G=yes
085A0D20-G=yes
085A0E20-G=yes
085A0F20-G=yes
085A10A0-G=yes
085A11A0-G=yes
085A12A0-G=yes
085A13A0-G=yes
085A17F0-G=yes
085A18F0-G=yes
085A1BF0-G=yes
085A1D20-G=yes
085A1E20-G=yes
085A1F20-G=yes
085A20A0-G=yes
085A21A0-G=yes
085A22A0-G=yes
085A23A0-G=yes
085A24A0-G=yes
085A25A0-G=yes
085A26A0-G=yes
085A2A20-G=yes
085A2B20-G=yes
085A2C20-G=yes
085A30B0-G=yes
085A31B0-G=yes
085A32B0-G=yes
085A3480-G=yes
085A3580-G=yes
085A3680-G=yes
085A3780-G=yes
085A3880-G=yes
085A3B80-G=yes
085A3D20-G=yes
085A3E20-G=yes
085A3F20-G=yes
085A4230-G=yes
085A4430-G=yes
085A4530-G=yes
085A4630-G=yes
085A4730-G=yes
085A4C20-G=yes
085A4D20-G=yes
085A4E20-G=yes
085A4F20-G=yes
085A5320-G=yes
085A5420-G=yes
085A5520-G=yes
085A5A20-G=yes
085A5B20-G=yes
085A5C20-G=yes
085A5D20-G=yes
08821CF0-G=yes
08821E00-G=yes
08821F10-G=yes
08823520-G=yes
08823630-G=yes
08823740-G=yes
08823F10-G=yes
08850F10-G=yes
08860AF0-G=yes
08860C00-G=yes
08860D10-G=yes
08B80660-G=yes
08B80760-G=yes
08BBC3E0-G=yes
08BBC4E0-G=yes
08BBCA80-G=yes
08BBCB80-G=yes
08BBCE20-G=yes
08BBCF20-G=yes
08BBE8C0-G=yes
08BBE9C0-G=yes
090EFB90-G=yes
090EFC90-G=yes
090F8D20-G=yes
090F8E20-G=yes
090F8F20-G=yes
090F9350-G=yes
090FA500-G=yes
090FA600-G=yes
090FA700-G=yes
090FC820-G=yes
090FD760-G=yes
090FD860-G=yes
090FD960-G=yes
090FDA60-G=yes
090FDB60-G=yes
090FDE20-G=yes
090FDF20-G=yes
091001C0-G=yes
091002C0-G=yes
09100F20-G=yes
09101470-G=yes
09101920-G=yes
09101A20-G=yes
09101B20-G=yes
09101D20-G=yes
09101F20-G=yes
09102140-G=yes
09102240-G=yes
09102C20-G=yes
09103A20-G=yes
09103B20-G=yes
09103C20-G=yes
09103F20-G=yes
0914DE20-G=yes
091F4720-G=yes
0930A240-G=yes
0930BDC0-G=yes
096E8480-G=yes
096E8580-G=yes
096E8880-G=yes
09798200-G=yes
097985A0-G=yes
09799C80-G=yes
09799F20-G=yes
09A92A20-G=yes
09EEBCD0-G=yes
09EF4430-G=yes
09EF4530-G=yes
09F2E320-G=yes
09F2E520-G=yes
09F2E920-G=yes
09F2EA20-G=yes
09F2EB20-G=yes
09F30210-G=yes
09F30310-G=yes
09F30410-G=yes
09F30510-G=yes
0A70E220-G=yes
0A70E330-G=yes
0A70E440-G=yes
0A70F040-G=yes
0A70F310-G=yes
0A70F420-G=yes
0A70F530-G=yes
0A70F800-G=yes
0A70F910-G=yes
0A70FA20-G=yes
0A70FCF0-G=yes
0A70FE00-G=yes
0A70FF10-G=yes
0AA34260-G=yes
0AA34360-G=yes
0AA34800-G=yes
0AA34900-G=yes
0AA34BA0-G=yes
0AA34CA0-G=yes
0AA35070-G=yes
0AA35980-G=yes
0AA35E20-G=yes
0AA35F20-G=yes
0AA36C80-G=yes
0AA36D80-G=yes
0AA4F100-G=yes
0AA50F20-G=yes
0AAC5B20-G=yes
0AF3EF10-G=yes

[Actions]
097CC0D0=1,44,0,300,0,0,0,0,A

[Basic]
Name=[2] Tiers of Sorrow
Percent=0
GameMode=Custom Map
InitTime=10000
Official=yes
EndOfGame=no
FreeRadar=no
MaxPlayer=2
MinPlayer=2
SkipScore=no
SpeechSide=GDI
TrainCrate=no
TruckCrate=no
OneTimeOnly=no
CarryOverCap=0
NewINIFormat=4
NextScenario=GDI2A.map
RequiredAddOn=1
SkipMapSelect=no
AltNextScenario=GDI9C.MAP
MultiplayerOnly=1
IceGrowthEnabled=no
VeinGrowthEnabled=yes
TiberiumGrowthEnabled=yes
IgnoreGlobalAITriggers=no
TiberiumDeathToVisceroid=yes

[CellTags]

[Events]
097CC0D0=1,51,0,3600

[GDI]
IQ=0
Edge=North
Side=GDI
Color=Gold
Allies=GDI
Credits=0
ActsLike=0
NodeCount=0
TechLevel=0
PercentBuilt=0
PlayerControl=yes

[Houses]
0=GDI
1=Nod
2=Neutral
3=Special

[Infantry]
0=Neutral,DOGGIE,256,59,107,0,Area Guard,0,None,0,-1,0,1,0

[IsoMapPack5]
1=pg4AIAABQQABAP//AAAABgBAAAIA//8AAEkBQSgpAEIoKwA/AAPhBEAoKQBBKCkAQigpAE
2=MoKwA+AAT5Bj8oKQBAKCkAQSgpAEIoKQBDKCkARCgrAD0ABfEJPigpAD8oKQBAKCkAQSgp
3=AEIoKQBDKCkARCgpAEUoKQA8QCDdID0oKQA+KCkAPygpAEAoKQBBKCkAQigpAEMoKQBEKC
4=kARSgpAEYoKwA7AAftGzwoKQA9KCkAPigpAD8oKQBAKCkAQSgpAEIoKQBDKCkARCgpAEUo
5=KQBGKCkAR0kBTUxAVBICOgAIAD6pATtIAckiPCgpAD0oKQA+KCkAPygpAEAoKQBBKCkAQi
6=gpAEMoKQBEKCkARSgpAEYoKQBHSQFKuRFIyAEDAQIAOQAJryYCADpIAXwVAQICADvIAQED
7=BgA8yAFBGj1IAdUYPigpAD8oKQBAKCkAQSgpAEIoKQBDKCkARCgpAEUoKQBGKCkAR0gBfB
8=UBAgYASMgBAQMCAElIAYwQAgIAOAAK6Rc5KCkAOigpADtIAWIaBQJVGAqMMU0bPdQCTRs+
9=SQFAqSI/yQEBf3gKAEG1AkFUAmgBVQJCSQE/tQJDSAGPEAYARCgpAEUoKQBGSQFGrQVHyg
10=EBAlQYJ70CSVQChwgCAEooKwA3AAvhGjgoKQA5KCkAOkoBfAJAC2c0CwB2qQE8VALRCT1I
11=AcUePkgBbBtFHj/IAVknQEkBQWEIAkkcC04AAABVAkJUAmwbTQVDyAFVI0RIAWwFRT9FyA
12=FdIEZIAWwbTQVHSAHZEUhIAdkRSUgB2RFKKCkASygrADYADPkcNygpADgoKQA5KCkAOkkB
13=e7kcO0kBcqkBPEkBdKkBPUgBwQ8+SAHBDz8oKQBASAHRFEFIAc0FQkgBzQVDSAFwH1VERE
14=gBZB5NG0XIAVUjRkgBzQVHSAHZEUhIAdkRSUgB2RFKKCkAS0gB1Q1MSAHHCDUADfEfNigp
15=ADcoKQA4KCkAOUgByRc6SAHVDTsoKQA8KCkAPSgpAD5IAdkRPygpAEBIAcUIQSgpAEJIAd
16=EUQ0gB0RREKCkARUgBzRBGSAHdCkdIAdEJSCgpAEkoKQBKKCkASygpAExIAdUNTUgB1A0C
17=NAAOAIC1OTVJAXipATYoKQA3KCkAOCgpADlIAc0QOigpADsoKQA8KCkAPSgpAD4oKQA/KC
18=kAQCgpAEFJAXetEEJJAXWpAUNIAd0VREkBC0xoAQACAEVJAX+hBEZIAdkGRygpAEhIAdEU
19=SUgBwQRKSAHVAksoKQBMSAHBBE1JAXq9Ck5IAcMPMwAP7Uc0KCkANSgpADYoKQA3SgH2A1
20=QUfKQn2QA5VALdFTpIAc0QOygpADxIAc0QPUgBwQQ+KCkAPygpAEBJAXmxFEFIAdEUQkgB
21=yQxDSAHZPURIAcEERUkBCkATWSdGKCkAR0gBwQRISQGBvQpJSAHVAkpIAd0KS0gBwQ9MSA
22=HBBE0oKQBOSQF+pQhPSAHDBDIAEPknMygpADQoKQA1KCkANigpADdJAfPnKRAA7qkBOVQC
23=3Qo6SAHFEztIAcFGPEgBwQQ9SAHBBD5IAd0rP0gB1RhASAHNBUFIAdUjQigpAENIAckiRE
24=gBzQVFSAHNBUYoKQBHKCkASEgBzQVJKCkASigpAEtIAclZTEgB1XBNSAHVcE5IAdFAT0gB
25=1TlQSAHcCgExABEAIrwjAQECADJJAfS1IzNJAeypATQoKQA1KCkANigpADdJAeqtBThJAf
26=GpATlIAckMOigpADtIAd2vPEgB2RE9SAHNBT4oKQA/KCkAQCgpAEFIAc0mQigpAEMoKQBE
27=SAHRCUUoKQBGSAHZBkcoKQBISAHNBUkoKQBKKCkASygpAEwoKQBNKCkATkgBwRpPSAHNR1
28=BIAd0KUSgoAAIwABIATGNnBgAxyAGWLhIA2VMzVALFKTQoKQA1KCkANigpADdJAe2pLThI
29=AdUNOUgB3UE6SAHVAjtIAd1XPEgB0VY9SAHBBD5IAdUjPygpAEAoKQBBKCkAQigpAEMoKQ
30=BEKCkARSgpAEYoKQBHSAHVDUhIAdUNSSgpAEooKQBLSAHNBUxIASdWCxIAJ1YLEgAnVgsS
31=ACfVBRL9g1FYBsUIUigrAC8AE3gvAgAABgAwSAFtMQJtMROZMgNlYBMoLgYTACcsBicpAD
32=VYBtUCNigpADcoKQA4SAEnhRET+RE6VALZETsoKQA8KCkAPUgBySI+KCkAPygpAEAoKQBB
33=KCkAQigpAENIAckMRCgpAEVIAd0KRigpAEdIAc0FSEgBwQRJKCkASigpAEtIAc0FTCgpAE
34=0oKQBOSAHRS09IAdkyUEgB1XtRSAHFCFIoKQBTKCsALgAU+TIvKCkAMEkBTnwCZjQUAGgB
35=l2UUAPe5XjNABM0xNCgpADUoKQA2KCkAN0kB77kGOCgpADlIAdWcOkkB8KEEO0kB8qkBPE
36=gB1SM9KCkAPkgBwRo/KCkAQEgBzQVBKCkAQigpAEMoKQBESAHFCEVIAdkGRkgB1QJHSAHV
37=AkgoKQBJKCkASigpAEsoKQBMKCkATUgB0QlOKCkAT0gB2ZVQSAHRNVFIAdE1UkgB2QZTKC
38=kAVCgrAC0AFXAybWguKCkALygpADAoKQAxSAF8NgEEBgAyyAEBBQIAM0gBwZ40SAHJODUo
39=KQA2SAHJmzdIAdkROCgpADlJAfmlNDpIAcEEOygpADwoKQA9SAHFKT4oKQA/KCkAQCgpAE
40=EoKQBCKCkAQygpAEQoKQBFKCkARigpAEdIAdkRSEgBwQ9JSAHVAkpIAdUCSygpAEwoKQBN
41=KCkATkgB2QZPSAEn3gYVACfcBicpAFJABCVtL1NIAdU5VEgBxQhVKCsALAAW6TgtKCkALi
42=gpAC8oKQAwKCkAMUkBT2AHdjkWAGgBQXIzVAInNQcW6aY1VALBOzZIASc1BxblojhVAqRw
43=CSIHQxYAnKkBOlUCmqkBO0gByRc8KCkAPUgB2Sc+KCkAPygpAEAoKQBBSAHFCEIoKQBDSA
44=HFCERIAcEERUgB1QJGSAHVAkdIAdUCSCgpAElIAcEESkgBwQRLSAHVAkxIAdUCTSgpAE5I
45=ASUhNk9IAck4UCgpAFEoKQBSKCkAUygpAFRIAcHgVUgBJX0xVkgBww8rABdwJ21zLCgpAC
46=0oKQAuKCkALygpADAoKQAxKCkAMkgBbDxRdzNIAdGuNEgBwak1KCkANigpADdIAc2qOEgB
47=Jy0cF+U/OlUCn3gUIg1EF+U/PFUCnrUCPUgBwRo+KCkAP0gB0SpASAHBBEEoKQBCKCkAQy
48=gpAERIAdkGRUgB2QZGSAHVAkcoKQBIKCkASSgpAEooKQBLKCkATEgB0QlNKCkATkgBJy0c
49=F/l0UFQCJc0wUSgpAFIoKQBTSAElUSZUSAHdClUoKQBWKCkAVygrACoAGGQmeT0rKCkALC
50=gpAC0oKQAuKCkALygpADAoKQAxKCkAMkkBY2ULBk+1GABSqQE0VAJoAQEBBgA1SQFQtQI2
51=yAFFgTdIAdVEOEgB2X85SAHRQDpJAaV4Bmc/GAAsqQE8VQKIJK03PUkBLbUCPkgB3YM/SA
52=Hdg0BIAdVEQUgBwSVCSAElqTxDSAHVAkQoKQBFSAHZPUYoKQBHSAHNBUhIAcEESSgpAEoo
53=KQBLKCkATEgB2QZNSAEltS1OSAHVAk9JAYGhGlBIAXwZAQACAFEoKQBSKCkAUygpAFRIAc
54=UIVSgpAFYoKQBXKCkAWCgrACkAGYQMAQAGACooKQArKCkALCgpAC0oKQAuKCkALygpADBI
55=AZgyIs4lGQCYMnS9JykAM0EEhm8bBgA0SAGQNX9BGQCidxAGADZUAmhDVYY3yAFJ/jhIAc
56=lDOUgBwYg6SAEloSU7SQGFfAoip1cZACNrAQMAPVUCMX8KAgA+SAGbEQIAP0gBgw8CAEBJ
57=AfgkISBBSAHdjkJIAdVPQ0gB1U9ESAHdK0UoKQBGKCkAR0gB0UBIKCkASSgpAEpIAcUIS0
58=gBJak8TEgBwQ9NSAHVDU5IAc0FTygpAFAoKQBRKCkAUigpAFMoKQBUKCkAVSgpAFYoKQBX
59=KCkAWCgpAFkoKwAoABqzbAYAKUgB3TYqKCkAKygpACwoKQAtKCkALigpAC8oKQAwSQEweD
60=J1RBpgAQIAAAcAMlQCjQEHVYYaWAFQAXdEGgAuRAFZUzVBBKGpATZIASJgKFUCN8gBQYg4
61=SAHNJjlIAQGXAQAAVQI6yQECdoYaAIAPd0QaACT3RBoAHakBPk0FG6kBP0gBzUdASAHBRk
62=FIAcFRQkgBwVFDSAHBRkRIAdU5RSgpAEYoKQBHSAEnlggaAMkBSVQCyRdKSAHJQ0tIAd0K
63=TEgB1Q1NSAHVAk5IAcVgT0gBxQhQKCkAUSgpAFJJAVdYJwEBBgBTSQFUSAFZJ1TIAVUCVU
64=kBU7UCVsgBVQJXyAFNBVjIAVUCWcgBVQJayAFXAicAG3wHYcooSQGDZCltRxu5SAdFjBtI
65=SU8EBwArQQQpRAFFPywoKQAtKCkALigpAC8oKQAwKCkAMUgBjFJuRxsAhDRvRxsAiaEPNE
66=AEjMBnjBsAm3QNZowbAI/ABgA3QAR4SFGNOEgBYUYDIj4pGwBpAQQiRGyoAQEFAwA7QASf
67=FQMAPEgBgA9kjMEPA0WMG+VKP0EEH20QA0aMGwDZSEFUApsGAgBCSQGYuVNDSAHFSkRIAc
68=E7RSgpAEZIASX9K0dIAc08SEgBJ+4IGwDBRkpUAsUIS0gBJSlNTEgB2QZNSAEl5TNOSAHV
69=Ak8oKQBQKCkAUUgBYkYCBkr4GwBpAQNuRxsAI2tVBgBUQQSmsSpVSAEjcyoGAFZIASMlMQ
70=ZKBhsAyQFYKFUAWSgpAFpIASOrMQYAW0gBbAlHSiYAHIQBSQEnKCkAKEkBg3AqZ0ocACho
71=BGVKHLFLCEVKHLFLCEQCJykALVgGnTYIXIgnVQAvVAKBRghBghyxjQdBNRxUCEALZUocXA
72=WJATNMBYg4dZEcvEwHBgA1ABwALgIAABEAAB4QACAAAgAGADYAHAAuAgAAAQYANwAcAGMA
73=QwAGADhIAQWXAQAABgYAOcgBAQcFADrIAQEIBAA7SQEpSAUBAAQAPEkBLakBPUkBKmsBAw
74=A+SQEsqQE/SQGGSAwBAAMAQEgBmwYDAEEoKQBCSQGYVA0BBAIAQ8gBAQUCAERKAfcDSwgC
75=AEVJAe+pAUYoKQBHSQHutQJISQEKSAUBAAIASUkB87UCSkkB7akBS0oB//9HBAIATCgpAE
76=0oKQBOKCkATygpAFAoKQBRSQFbQAhBJVJJAaJIAVknU0kBe28bBgBUSQF0qQFVSQFyqQFW
77=KCkAVygpAFgoKQBZKCkAWigpAFtJAXalCFxIAXANVw0lAB2EAUkBJigpACcoKQAoSQGDuQ
78=YpSQEodwUHACrrAQgAK0gBmzIJACxJAYdvBQkALSgpAC5IAZc5CQAvSAGXOQgAMOsBBwAx
79=SQEyfwoGADJJAYxnCAYAMygpADRJAS6hBDVoAUEEA35MHQB9TAR8TKkBBX5MHQDFKTlMBW
80=lOCn5MHQBqAQsFXUwdVBNVCQVdTB1EGUsBBAA9TQUxRAFFSj5JATCpAT9IAY0bBF5MHQCd
81=TARcTCcpAEJBBJleTAAFXkwdAGgBVTlEVQJQZQgGXkwdAGgBAQECAEZUAsFGR0kB9blISE
82=gB1QJJSAEnnwkdAOqhBEtUAs1STEgBzQVNSQFZqQxOSQFSqQFPyAFNEFBIAXBLAQIGAFHI
83=AU0mUkkBpa0FU0gBJ58JHQByUCpRQFVUAskBVigpAFcoKQBYKCkAWSgpAFooKQBbKCkAXE
84=gByU5dSAF8DksMJAAehAFJASUoKQAmKCkAJygpAChJAYOlEylIASf2CR4AiAF3Tx4AhGAE
85=dE/dCgpcOycpAC5ZBoqhBC9IASf1CR6kP3dPHgCJYAR3Tx4ApGwTd08eAJypATRYBskBNU
86=kBnrUCNkgBdU8HdU8egVEId08eAJ+hBDlBBJipATpIAdkGO0gBmBF1Tx5IX0QEd08eAIdt
87=EARVnB5YF5UCP0wFmBx1Tx5Ua1UCBVVPHqNRBQBCQARpTgJ3Tx4AoFwDUSpEVQKaqQFFSA
88=F2TwQGVU8egFFZoEdUAt1MSEkB7L1MSUgByU5KSAHRo0tJAfGhBExIASf3CR4AX6kMTlQC
89=wQ9PSAHBD1BJAXxgGnZPHgDRmFJUAskBU0gB3UxUSQF3rQVVSAHVAlYoKQBXSAHBBFhIAc
90=EEWSgpAFooKQBbKCkAXCgpAF1IAcFRXkgBZBdDJSMAH4QBSQEkKCkAJSgpACYoKQAnKCkA
91=KEgBJ00KH6BRZKLIAW1SH0SdSAtvUh8AjWwbZKInKQAuRAicmWWiH6BRZKLIAW1SH6hDbV
92=IfvEFtUh+zQAYANEQIj6oGADVJATFoDGSiWAZIAVl/N1QCyVk4SQGbVBFZHDlJAZ2pATpJ
93=ATJoAWaiHwCYEW1SH7WnBUeiHwALoQQ+TAWTowQAP0gBkKNsUtgcbVIfXLVQBW1SH+1oQ0
94=wFwQ9ESQGZXANNEEVJAU6pAUbIAVGjR0gByfNISAHBUUlIAdntSkgB1U9LKCkATCgpAE1I
95=AWxSUR9OSAHVcE9IAcUeUEkBf1QjTRBRSAHFSlIoKQBTSQF1oQRUSAGTHwYAVUgB2QZWSQ
96=F5oQRXSAFwGFEJWEgBwQRZSQFyoQRaKCkAWygpAFwoKQBdSAHVDV5IAdEJXygrACIAIJAC
97=SQwjKCkAJCgpACUoKQAmKCkAJygpAChIASelCiAopArIAWdVIAAycQwIQUsgSPlNAQhYTS
98=cpAC5FCCtSAgAIRVogtERlVSC4U2VVIFwFRQQHQAnUAmVVIED8VAJlVSD5qzVQCWVVA2RV
99=TAVAJUGTN9QCjPfbEQUAOVUCjkEEAGz3wA9lVSCwS2ZVIACAO2VVICilCiBEGUEPBUVVIP
100=2kQFAJjPdkVcQTZFUnfQVDQAQjsycGAERJAaNACFUuRUgB3ZlGSAFwVl0VR8gBQalISAHB
101=qUlIAdFWSkgBzapLSAEn7h4gAN1XTVUCXqkMTkgB3fFPSAFwAkEPUCgpAFEoKQBSKCkAU0
102=kBfXQjIowoJxUDVVQClzkFAFZIAdknVygpAFhJATNvDAUAWUgB1f9aSAHRYVsoKQBcSQFy
103=qQxdKCkAXkgBwalfSAFsCV0VYCgrACEAIZACVQIiKCkAIygpACQoKQAlKCkAJigpACcoKQ
104=AoSQGDrRApSAGM4WWtIahZfVch9acsQQQyaQ8HXVEhqVkHQFYnKQAvQASJWQdIUydVADFU
105=AoyffVchTFhICH5XIQAlGSo04ARlrSGwo35XIQBpWQd0/6gBl/8hAIt8FX1XIeVVOkQIlP
106=99VyH5UzxVAoitBT1IAZG5BVX/IUBtTBB8V88QBQBAQASYEX1XISikFSepBUNABCf+CiEA
107=yQFFVALRS0ZJAU9YClkyR8gBUa5ISAHRrklIAcn+SigpAEtIASf1HyEo/gohAHxXhK0nDQ
108=JPTAVkDEkMUCgpAFFIAdkRUkgBwQRTSAHJplRJAXp8IGStJ/kEVlQCm9cFAFdIAZdwBQBY
109=SQGFbAV/VyEAgWsBBgBaVALdClsoKQBcSAHBXF1IAcFcXkkBcrkGX0gByVlgSAHFCGEoKw
110=AgACKQAkEaISgpACIoKQAjKCkAJCgpACUoKQAmKCkAJygpAChIASdVCyKoWXRayAF1WiIo
111=VAvIAXVaIvlTLkQInUEGUUUi5VUwVAKVewZRsyKkonVaIqxSdVoirFJ1siImeSs1WAbJ8z
112=ZIAXVaCnVaIvlIOHQCZCF1WiJUa0wBdbIi6Vk7QAQjTCB3siIAzCK7KAYAPVQC0WE+SQEl
113=dC53WiIAGakBQFUCG6kBQUgBwTtCSAFBDABVLkNIAdHwREgB2UhFKCkARkgBzQVHSAFgXE
114=G0SMgBQbRJSAHRrkooKQBLKCkATCgpAE1JAVtUCQEBBgBOSAFEAW0QTygpAFBIAc0QUSgp
115=AFIoKQBTSAHZBlQoKQBVSAEj8CR0sif5BFdVAqFwBXVaIlg4TAF1WiIkuSgFVFonKQBbTA
116=WDOwUAXEkBgW8mBgBdSAFQBnEUXkgB2WlfSAHNXWBJAXitBWEoKQBiSAHfbR8AI4AISS0g
117=KCkAISgpACIoKQAjKCkAJCgpACVIASWZLyZIAdUNJ0gBxWsoSAEnrQsjKK0LI6QebV0jUL
118=RYECIFIiO4Xm1dIybRIC5ECISBbl0jAIGpBkS4xAhtXSOkoiKtLCNIX1AJbl0jACOESG1d
119=I7BWZrgjAMWiNlwK1Tk3KCkAOCgpADlIAd02OkgBwVw7SQHKoVw8SQHDqQE9SAHNBT5IAd
120=G5P0kBIGAwZ7gjAB6pAUFVAi9NFAAiBCLIFyL8NictBkRABMUTRUgBaAVFNEYoKQBHSAEl
121=VU1ISAEl7T9JyAEBAQYASkkBU38GBgBLyAFVAkxIAWBcAQIGAE3JAQNtXSPx2k9UAnQGVQ
122=1QSAHNEFEoKQBSKCkAU0gBzQVUSQEybwEFAFVIAYCTbF3AO2S41C5tXSOzmAQAWe0FBExd
123=3yAEAFtUAtUjXEgBI+00BU1dI/1iXlUClCTFRV/IAQEBBQBgSAFoEEkXYSgpAGIoKQBjKC
124=sAHgAkiAVNBR8oKQAgKCkAISgpACIoKQAjKCkAJCgpACVJAYFjOwYAJkgBgwsGACdIASV9
125=JihJAYOhBClIAYwbdb0kJokiK1QCJV0iLEgBJTEiLUgBhUoGWWMk6VkvVAKQS2VgJP02MV
126=QClKdkYM0bB01iJKgtZWAkVAhME2RgwAQiDSMksMR0vSdVADhQCcU/OUgBUAZljDooKQA7
127=SQHJuV48SAEnBAwnBQE+VALBvz9JASZwH2VgJCSAQiINIyS8eGZgJACIF2RgJwUBRFgGwQ
128=9FKCkARigpAEcoKQBISAHdg0lIASXFRUooKQBLSAEl+UZMSAHBBE0oKQBOSAEjJzEGAE9I
129=AdEfUCgpAFEoKQBSSAHFE1MoKQBUSAHFHlVIAYzWZGDAGmRgzzEEAFhABIw8ZGDIOGVgJK
130=SiZGDJQwRUvScpAF1YBpdEBABeSAFkYAEDBABfyQEEZmAkAHQCAQUGAGFVAkF3FAYAYsgB
131=AQEGAGNJAUK1AmTIAVcCHQAlbAJtPB4oKQAfKCkAICgpACEoKQAiKCkAIygpACQoKQAlKC
132=kAJigpACdIASdeDCUAJ10MJeVVKkAEgYgGWWMlTFhTEwYALFQChYwGQbklJr0jLlQCmOJl
133=wyX9xTBUAsm8MUgBnG18YicxATNUAiW9TzRJAaJEDEWBNUgBZAFJATYoKQA3KCkAOCgpAD
134=lJAc6lYDpJAcKpATtJAcWpATxIASdcDCd9BT5UAoh6IhUkJUQZXA1/YiUAoUQBWcFBQAQj
135=tFl9YiVM3FgCfGInBQFEQARMAnE1RSgpAEYoKQBHKCkASCgpAElJAaN8BmXDJSTUPGXDJS
136=aFJ0wogQBNSAHRYU5IAdFhTygpAFBIAWwJQSVRSAHBBFIoKQBTSAHBBFRIAcUeVUgBJbkz
137=VkgBkJh8Ytw2fWIlJHAqfGLQFHxiyUMDRMPFPwNdYiVYQ1EMA0TDJykAXlwKZmAGA11iJZ
138=JhBwJEw6oBCAJeYiUAfmICAlxiqgEDAl9iJQBCTAkBAgIAZEUIQkgBVQJlSQFDSAEBAQIA
139=HES7RAF1Lh0oKQAeKCkAHygpACAoKQAhSAElbSQiSAEl3VMjSAElmSQkSAHVAiVIAdUCJk
140=gB1QInSAElhUgoSAHJWSlIAYOIBgAqSQEvWKtdeCtoAXQUdWUm9b0tVQKitQIuSAHFCC9I
141=AcUIMEgBmJUiHSUmZAV5HDJUAs0FM0gBzQU0SAElVU01SAEjTDZ0yCfZADdUAogIIhxcJ1
142=UAOShVADpJAc+pZDtIAc0FPEkBzbUCPUkByKkBPkgBwQQ/SAHZq0BJAaV4AnXIJunHQlQC
143=cAJNUkNIAc1SREgB1QJFSAHZHEZIAdUCRygpAEhIAdkGSUgBwQRKSAHVAksoKQBMKCkATU
144=gBzQVOSAHNBU8oKQBQSAHBBFFIAcEEUigpAFNIAcEEVCgpAFUoKQBWSQGKTDxdg1dIAZhp
145=dWUmoIh1ZSa3pwMAWkAEkDV1ZSaw+3RlwQQCVWUmoWcCVcgmimQJAlRlqQEKdWUmJFUhAl
146=RlxAh0ZdQ5dGUnKQBkVA2LFwIAZSgpAGYoKwAbACecA1kyHCgpAB0oKQAeKCkAHygpACBI
147=AcFnIUkBcnMfBgAiSAHRYSNIAYELBl7YJwDByiUoVQAmSAEl7T8nSAHFCChIASVZMilIAW
148=FnBm5oJwBpAQdlzieokG1oJyZ9PC1MBSV9PC5IAck4LygpADAoKQAxSAHFEzJJAaRtAQZU
149=2CcxATRUAiVJXDUoKQA2SAElYTM3SAF0Bk0mOCgpADkoKQA6KCkAOygpADwoKQA9KCkAPi
150=gpAD9IAYxHZs4nAMmxQVQCJWEzQkgBzRtDKCkARCgpAEVIAcEaRkgB3RVHSAEJCgAAAAAG
151=AEgAJwAKEQAA4w8AIAgAAAAABgBJACcACkQBAwAGAEoAJ2ABdQJLKCkATEgBwQRNKCkATk
152=gBkwUGAE9IAcEEUCgpAFEoKQBSKCkAUygpAFRIAcUIVSgpAFZJATF7AgUAV0kBLakBWEkB
153=KmsBBABZSgGJAk8BAwBaSQELRAEBAAMAW0gBZAFJAVxIAYcIAgBdSAGHCAIAXkkBoGcEAg
154=BfSQGYqQFgSQGZqQFhSAFkAQEAAgBiKCkAY0kBJXcNAgBkSQEbqQFlSAHNBWYoKQBnKCsA
155=GgAonANRKhsoKQAcKCkAHSgpAB4oKQAfKCkAIEkBf3cNBgAhSQF3qQEiKCkAI0kBdLUCJE
156=kBcqkBJUgB1QImSAHVAidIAcUIKEkBda0FKUkBL0gBAQwGACrIAQENBgAryAEBDgYALMgB
157=AQ8GAC1JAaNrGgYALkkBmqkBL0gBxT8wSAFwAkUeMSgpADIoKQAzKCkANCgpADUoKQA2KC
158=kANygpADgoKQA5KCkAOigpADtJAVdEDwEBCgA8SQFVSAFdWT1JAVGpAT7IAQEBBgA/SAFw
159=AlEUQCgpAEEoKQBCKCkAQygpAERJAS5AJVkGRcgBUQlGyAEBAgYAR0kBpmMLBgBISQEtTA
160=VBBEnIAUEESkgBfANFCEtIAc0mTCgpAE0oKQBOKCkATygpAFAoKQBRKCkAUkgB3QpTSAHd
161=ClRIAdUCVSgpAFYoKQBXSQGKUBQBAAUAWEgBJ2UNKEBBQAdnaygAMkQBUWFbQQQzqQFcSA
162=FkAVFsXUkBi2QIZmsoAIhDZ2soAJtnBAIAYEEEnakBYUgBZAFRCWIoKQBjKCkAZEkBILEJ
163=ZUkBHakBZkgB3W1nSAHFCGgoKwAZACmQAlEqGigpABsoKQAcKCkAHSgpAB4oKQAfKCkAIC
164=gpACEoKQAiKCkAI0gBwXIkSQFycxQGACUoKQAmSAHFaydIAYkTBlYVKQDZBilVAni5BipJ
165=AXapAStIAXVwFH5tKQBpARV8bakBFn9tKQCfdwkGAC9NBZ6pATBIAWQBUR8xKCkAMigpAD
166=MoKQA0KCkANSgpADYoKQA3KCkAOCgpADkoKQA6SAFwbAECCgA7yQEDfG0BKQDMA1cQCgA9
167=VQJjRAFJbz5JAVKpAT/IAU1zQEkBVLUCQcgBVQJCSAHZdEPIAUFnREgBfG0BAwYARcgBAQ
168=QGAEbJAQV+bSkAcGxVAkhUAmgBVQJJyQEGZNmgBAEHBgBLVALdYkwoKQBNSAF0EVknTigp
169=AE9IAc0FUCgpAFEoKQBSKCkAUygpAFQoKQBVSQGiYwsGAFZIAWQBSQxXSgGVAVABfm0pAG
170=kBAWTZqQECfG2qAQMCRNlEP0gFVWVcWQaOdERl2SlAr1gCfm0pAJTefG3EYHxtJykAYVgG
171=RQUARQhiKCkAYygpAGRJASa9CmVIAc0FZkkBJLUCZ0gByW9oSAHBBGkoKQAYQIXFrRlIAc
172=E7GsgBQTsbyAFdQRzIAVUCHUkBU3cJCgAeyAFVAh9IAcFGIMgBVQIhSQFQrQUiyAFJQyNI
173=AXACUSokSQF7fBV2cCoAwXImVALJASdJAXqgBMCbImUjKVQCxQgqSQF9oQQrSAFpbxp1cC
174=qVcBt0cKkBHHdwKgClfAZ1cCpYGk8BBgAwWAZAAX0KMSgpADIoKQAzKCkANEkBWHMFCgA1
175=SAHFHjbIAUUeN0gB0So4SAHdYjnIAVEfOkkBW0QITQU7SQHOqW88SQHFqQE9SQHIqQE+SA
176=FJBQBFFT9IAc0FQEkBwqEEQUkBxKkBQkkBT3MFCgBDyAFVDURIAXACSS1FSAFgcllpRskB
177=CHVwKpRwSQFIVAJ0cAEJBgBJyQEKdHChBAt0cCfNBExABN0KTSgpAE5IAclvTygpAFAoKQ
178=BRSAHZBlJJAaJvAQYAU0gB2QZUSQGgtQJVSQGWqQFWSAEltSJXSAFpbwR1cCqUcAEFBQBZ
179=1AIBBgIAWskBB3VwKvFsXFQCbAlZaV1IAclvXkgBgA90cMwbdHCM6WlvYUAEzQViSAHFCG
180=MoKQBkKCkAZSgpAGYoKQBnSAHBcmhJARtnVQIAaUgB0QlqKCsAFwArkAJZPRgoKQAZKCkA
181=GigpABsoKQAcKCkAHSgpAB4oKQAfKCkAICgpACEoKQAiSAF4dAEECgAjyAFJsSRIAdXeJU
182=kBcmsXBgAmSAEnhRwrvBVl5CupLQZciydVACpMBcUIK0gB0eUsSAF5dCFtcyuZdCJsc6kB
183=I21zK0ggSAtscycpADFYBkwCeXQyKCkAMygpADRJATxkBG5zKwDVZTZVAsapZDdJAcSpAT
184=hIAcndOUkBW1gGWeI6yAFZ4jtJAV1UAkERPEkBQqkBPcgBUXc+SQE/tQI/SAFkAU0FQEkB
185=zakMQUkBxakBQkgByXpDSQFPUAVJLUTIAUktRUgBUAJtG0YoKQBHKCkASEgBbXMNbXMrhX
186=YObHOpAQ9vcysApmsIBgBMTAWXWgYATSgpAE4oKQBPSAFoBVGCUCgpAFFIAclvUkgByW9T
187=SQGccwUGAFRIASNjKAYAVSgpAFYoKQBXSAElZSNYSAF4dE2JWckBCmxzyENscycpAFxABG
188=QMjHPYPWTkJykAX0AEgBpscydVAGEoVQBiSAHFCGMoKQBkKCkAZSgpAGYoKQBnKCkAaEgB
189=JfUqaUkBG29dAgBqSAHdCmsoKwAWACyQAlk9FygpABgoKQAZKCkAGigpABsoKQAcKCkAHS
190=gpAB4oKQAfKCkAICgpACEoKQAiSQFOdBBmdiwAaAFVvSRUAnACQTslSQF/dBhldizh6ydU
191=AtVwKEgBzQUpKCkAKkgBiC0iDzksAIGlCCxUAtFLLUkBL1UCKGV2LEggTAhkdicpADBABM
192=UIMSgpADIoKQAzSAFQBm1dNEgBZnYCBlbpLABoAUlvNlUCPmcECgA3SQHPrWg4SgEABFOy
193=CgA5SQFAoQQ6yAFBcjtJAUd1AgZCCSwAZHZdCj1UAmgBAQMGAD5JAT9ABFUCP8gBVQ1ASQ
194=FBVAJJGUHIAVEJQkkBYrUCQ0kBY6kBREkBU6kBRcgBTQVGSQFQtQJHyQEBIgw51ERmdiwA
195=xWtKQATF2UtIAXQGUTVMKCkATUgB2SdOKCkAT0kBpHMFBgBQSAEj40MGAFFIAdl0UkgBI6
196=Q2duksAISXZHa8IEkMVUAEfCBFE1ZIAZsnBgBXyAFVAlhIAZknAlbpLACI82R21Bhkdicp
197=AFxMBXURACJMK8Q/ZHYngQBfKIEAYEgBgxoCAGFIAdkGYigpAGMoKQBkKCkAZSgpAGYoKQ
198=BnKCkAaEkBJEBRTRBpSQEXqQFqSAHRd2tIAdUNbCgrABUALZACWT0WKCkAFygpABgoKQAZ
199=KCkAGigpABsoKQAcKCkAHSgpAB4oKQAfKCkAIEkBfnMUCgAhSAGTEAoAIigpACNIAXx4Rc
200=MkyAFFwyVIAYwFfngtACWtLCdUAtHwKEgBwQQpSAGILSItSC1EHFwCfXgttDkiVSwtme0t
201=ZO+pAS59eC3pxy9ECFAGbXMwKCkAMSgpADJIAckMM0gBzQU0KCkANUgBfHhJFzZJAT5EBF
202=1tN8gBXW04SQFIVAJNUjlJAUBIAUEEOsgBWXQ7SAHVZTxIAc1dPUgBzcs+SAFUBnEUP0gB
203=aHpVDUBIAXx4UQlByAFRCUJIAXgRUSFDSAElTSBESQHGuYpFSAHJ80ZKAf//RwsKAEdIAW
204=h6TTFIyAFJDElIASOQRGbvLQDJb0tUAsUTTEgBXAdlE01IAcElTigpAE9IAcEEUEgBJUVA
205=UUgB0XdSSQFFZAR+eC0AagEBAkXvLb2ZAkTvqAEBAwIAVkwFmScCXngtAGgBVQJYVAKYJ3
206=54LQCcCnx42F58eMtDAgBcTAVxDQB8eCeBAF4oVQBfKCkAYCgpAGEoKQBiKCkAYygpAGQo
207=KQBlKCkAZigpAGcoKQBoKCkAaUgB0fBqSAHJemtIAcl6bEgB3RVtKCkAFCRQPSKVNBUoKQ
208=AWKCkAFygpABgoKQAZKCkAGigpABsoKQAcKCkAHSgpAB4oKQAfSQF8qXogSAEjgCx2ey4A
209=I/RWdnsuAJjtd/QuAEtvFwoAJEwFaAFRriVIAYQIdXsuKJQeJykAKEAEkAkiXC3QCXV7Lu
210=HKK0AEI/BbdXsulXszdHupATR1ey54Dm1SL0wFzVIwKCkAMUgBhwQGADJIAcEEMygpADRI
211=AcEENSgpADYoKQA3SAFgfUlkOEgBlU8GVvQuACXlKDpUAskBO0gBwWc8SAGbUwYAPUgByQ
212=w+SAHNED9IAdUCQEgBIyM2BgBBSAHVAkJJATxMAU1+Q8gBRYxESQFDVAJNfkVJAUGpAUbI
213=AUH2R0gByZBISQEpSDhNMUnIAVEJSkkBpXgGIl0tLlwITAEiXC0nKQBNQARMAnEqTkgBxR
214=5PSAHZlVBIAc0bUUgB3fFSSAFoegECAgBTSAGQjXR71Dl0e8wmdnsuACOkIHZ7LgDNBVhY
215=BoQTdHsnVQBaVAKMJnR70BR0eycpAF1ABJwVdPTcQSLMOycpAGAogQBhKCkAYigpAGMoKQ
216=BkKCkAZUgBmzICAGZIAckMZygpAGhJASVcK0WMaUkBHKkBakgBJ3YPLgDJAWxUAsF9bUgB
217=0QluKCsAEwAvkAJBMhQoKQAVKCkAFigpABcoKQAYKCkAGSgpABooKQAbKCkAHCgpAB0oKQ
218=AeKCkAH0gBk/AKACBIASfODy8AyQEiVAKI821+L41+Amx+qAFJ0iVBBH98IGx+2wYGACdU
219=AoQIIiw9J1QAIhRRkAltfi8khF5m+i8AJ80PL41+OW5+LwAljChRfwDI0lgDrCYiLT0vRC
220=dXAQYAMVQNgEZsftMqBgAzKFUANEgBRAVhXDVIAc0FNkgBmz0GADdIAcEEOEgBjFJsficx
221=ATpUAsEEO0gBwQQ8SAHVAj1IAd0KPigpAD8oKQBASAHNBUEoKQBCKCkAQ0gBeH9djkRIAW
222=x+XXhFSAFsfl14RsgBVS5HSAFgfSO2WS8AaAFZBknUAiO0WbUCB2x+J6EETEAE0RRNSAHB
223=fU5IAdGYT0gBwX1QSAF1ewAiZS4v7fdSVAKYBm1+L6SibX4v6fNVQATVe1ZIASOAIW1+L6
224=s4AgBYVAKMEG1+L+WBWihVAFtIAYAlbH7AMGT6JykAXiiBAF8oKQBgKCkAYSgpAGIoKQBj
225=KCkAZCgpAGUoKQBmKCkAZygpAGgoKQBpKCkAakgB0ftrSAHFgWwoKQBtSAHZf25IAcEaby
226=grABIAMJACUVgTKCkAFCgpABUoKQAWKCkAFygpABgoKQAZKCkAGigpABsoKQAcSQF8e3QK
227=AB1IAZDwIsVbMPH7H1QChHZlgTD5fyFUAiOUdnb/MACQd2aBMAAi1EdJFyRABGgBRVUlSA
228=GEGmWBMChsL9AJZIEnKQApTAWQCWSBCDAACwAAAAAGACsAEQAAnA8AIAEwAJ8AQAAEBgAs
229=ADAAnkQBAQAGAC1JASypAS5KAYgCTwEGAC9JAS1EAUEEMEkBCqkBMSgpADIoKQAzKCkANC
230=gpADUoKQA2KCkAN0gBbAldCjgoKQA5KCkAOigpADsoKQA8SAHNED0oKQA+KCkAPygpAEAo
231=KQBBKCkAQkgBwQ9DKCkARCgpAEUoKQBGSQELcwUGAEdJASlIIgEIBgBIyAEBCQYAScgBAQ
232=oGAEpIAcUTSygpAEwoKQBNSQGjsQlOSQGZqQFPSQFdqQFQSQFFSAEBAgIAUUkBoEgBAQAC
233=AFJIAY8FAgBTSgH//1sCAgBUKCkAVSgpAFZIAY8QAgBXKCkAWCgpAFkoKQBaKCkAWygpAF
234=xIAUEMAEEPXSgpAF5IAZ8gAgBfSAHBBGAoKQBhKCkAYkkBI0AlRQhjSAHNBWQoKQBlKCkA
235=ZigpAGcoKQBoKCkAaSgpAGpJASa9CmtIAd0KbCgpAG1JASChBG5JARupAW9IAc0FcCgrAB
236=EAMZACAQAKABIoKQATKCkAFCgpABUoKQAWKCkAFygpABgoKQAZKCkAGigpABsoKQAcSQF7
237=ZxMKAB1JAXKpAR4oKQAfKCkAIEkBdaEEIUgBgxYKACJJAYG1AiNIAdUCJEkBT0wBAQQKAC
238=XIAQEFBgAmSAGXDQYAJ0gBlw0GACgoKQApKCkAKkkBdn8KBgArSQGlUAlNcyxIAdGCLUkB
239=MLUCLkgBZgEAB1+DMQCLuQYw9QIGQQExSCtLBAYAMlABj1IGADMoKQA0KCkANUgBRQUAVQ
240=02KCkANygpADhIAcUIOSgpADpIAdkGO0gBwQQ8KCkAPSgpAD4oKQA/KCkAQCgpAEFIAdEJ
241=QigpAEMoKQBEKCkARUkBJaUeRkkBGakBR0gBiE5+gzEAaYUNfIPcTHyDJ0kES0wFm2kGAE
242=xIAd0rTUgBxa1OSQGhfxEGAE9JAUupAVDJAQF9gzGkuH6DMQAnfBDIDHyDJykAVVgGlyMC
243=AFYoKQBXKCkAWCgpAFlIAXANUXdaKCkAWygpAFwoKQBdSAHdCl5IAdkGXygpAGAoKQBhKC
244=kAYkkBJG8mAgBjSQEdqQFkSAGHKQIAZUkBH7UCZkgB3QpnKCkAaCgpAGkoKQBqKCkAaygp
245=AGxJASGxCW1JARepAW4oKQBvSAHVDXBIAdUNcSgpABBEWJcCCgARKCkAEigpABMoKQAUKC
246=kAFSgpABYoKQAXKCkAGCgpABkoKQAaKCkAG0kBfH8VCgAcSAGQd3aGMgDKAR4AJykAHygp
247=ACBIASfVEDKEF0lxIlQCjwEKACMoKQAkSQFNeAJ2hjIAaQEBd4YyAH9gD3eGMgB3qQEoTQ
248=VyqQEpSAHVAiooKQArSQF6oQQsSQGFqQEtSAFkDEmFLigpAC9IASfWEDIA0WExVAKESnWG
249=MlQWQAd0hicpADQogQA1KCkANigpADcoKQA4KCkAOUgBSAlljDooKQA7KCkAPCgpAD1IAc
250=0QPigpAD8oKQBASAHRCUEoKQBCSQEyewIFAENJASupAURJATOpAUVIAWQBVZxGSAGEYCJX
251=ITIAHqElSFQCwQRJSAHNEEpIAdUCSygpAExJAYO5Bk1JAYmpAU5IAdm2T0gBdIYBAgYAUM
252=kBA3aGMgAjBCJ1hjIo1BDcK3SGJykAVVgGjBB0hidVAFcoVQBYSAGHEwIAWSgpAFooKQBb
253=KCkAXCgpAF0oKQBeKCkAXygpAGAoKQBhKCkAYigpAGMoKQBkSQEicB90hpgvIuEiZlQCxR
254=NnKCkAaCgpAGkoKQBqKCkAaygpAGxIASUpIW1JARypDG5IAZM1AgBvSAHJDHAoKQBxKCkA
255=cigpAA9c3o8FCgAQKCkAEUgBgL8iByIzAIZrDAoAE1QCyQEUKCkAFUgBh8MKABZIAdEJFy
256=gpABgoKQAZSAHVhhpJAXi9ChtJAXKpARwoKQAdKCkAHigpAB8oKQAgKCkAIUgBI3ggIgQi
257=jVoAQXQjVALZESRJAU5sAW6JMwBoAYyJzAVsiScpAChNBYF7EQYAKUgBBZcBAAABBgAqyA
258=FRVitIAZwgIoQyIlgxQAsihTIzq4UHAC5ABE0CAFmKL0gBl+wGADBJAYi9CjFIAYwmbYkz
259=SBVUBWyJJw0CNEAEg1wGADUoKQA2KCkANygpADgoKQA5SAFICayJJ10BOyhVADwoKQA9SA
260=HJDD4oKQA/KCkAQCgpAEFIAd0KQkkBKm0BBUyJ3xUFAERVAii1AkVIAWQBjIknDQJHVALV
261=DUgoKQBJKCkASkgB2QZLSAEjkC4iByIzAC95AgZdvzNAK00BBlg3yC0iBCK0OVUNUFgGgD
262=tuiTMAJS0yUlQC2YpTSQGaQQgAbIkngQBVVAKEE2yJ3BUihDInKQBYQAR0BlkGWSgpAFoo
263=KQBbKCkAXEkBJ288AgBdSAHZBl4oKQBfSAGPGwIAYEgBwQRhKCkAYigpAGMoKQBkSAElfT
264=FlSAHZBmYoKQBnKCkAaCgpAGlIASM3KAIAakgBIwsoAgBrSAHFCGxIAc2UbUgB1QJuKCkA
265=bygpAHAoKQBxKCkAcigpAHMoKwAOADSMCUlbDygpABAoKQARSAGQxGaMNACRjQtHjDQAh3
266=snCwAUQASLZAsAFUgBlMhkjCddARdUAo8MCgAYSAHZihlIASWBIRpIAcEEG0gBI9AgIrYi
267=NADRjR1UAskBHigpAB8oKQAgKCkAIUgBI1QhZ4w0AHRwFCK0IicoAAEkADQAI4AhZYw0SF
268=QDAAAECgAmVAJtUgVljDSUEUVVKFQCeYoDZow0AGkBBGSMqAEBBQcAK0EEKXUFB0UjNFiQ
269=TwEHAC1UAogiZIzMJiKNMzREA4EEMEAEQAF9jjFIAd2OMkgBmAZkjCcNAjRUApheZYw0XD
270=RDBwYANihVADcoKQA4KCkAOSgpADooKQA7KCkAPEgBSAlpkD0oKQA+KCkAP0gBJUklQEgB
271=zRBBKCkAQkgBiBdkjNEfBUSMItRGRwsFAEVABNkGRigpAEcoKQBIKCkASSgpAEpIAVwHZR
272=NLSAGI6GaMNAAjiC1kjNAqZIzQKmeMNACifAYitCLDOwYAUUQIgDsitSI08Y1TVAIjkCNk
273=jMstAgBVVAKcFWSMyC1kjCcpAFhABGQMhIwnVQBaVALZBltIAY8mAgBcSAHNBV1IASX5MF
274=5IASWFMl9JARp4U2SMJw0CYVQC2QZiKCkAYygpAGQoKQBlSAHRmGZIAdkGZygpAGgoKQBp
275=KCkAakgBkCpmjDQAJe00bFQCJWEzbUgByZBuSAHdCm8oKQBwKCkAcSgpAHIoKQBzKCkAdC
276=gpAA1M5JMJCgAOKCkADygpABAoKQARSQGDdCN/jjUAhGgBfY41gggADF+ONQCKtQIVTAUn
277=3BHDBAoAF1UCgGAEfY417YkZVQJ5tQIaSAGXCQoAGygpABxIASO0QyKUNCfZAB5UAsmQH0
278=gBxYwgSQF1sQkhSAHRCSJIAdGYI0gBwQQkSAGYU3+ONQBjcAV/jjUAU6kBJ0AEaAEBAQoA
279=KEgBco0GCkmKNZyOAQcJACrWAggIXY41RANdBghdjjW5ighYACUURHyOIsBUQAR8jidVAD
280=BECIeMBwAxSAGHVQcAMkgBJRk1M0gBiVkGVTY1WAdIAH2ONSjcESdVADcorQA4SAFEBWV2
281=OSgpADooKQA7SAGXDQYAPEgBzQU9KCkAPigpAD8oKQBAKCkAQSgpAEIoKQBDKCkARCgpAE
282=UoKQBGKCkAR0gBzRtIKCkASUgB2RFKKCkAS0gBmPh8jifFA01UAiWRI05JAS58Bn6ONQAl
283=mUVQVAKAO3+ONQBQoQRSVAJpAQEi7VU16ZBUVAKcQXyO3Ct8jicpAFdABJ8VAgBYKCkAWS
284=gpAFpIAWQMVZFbKCkAXCgpAF1IAcF9XkgB1XtfSAEn3BHPGwIAYVQC0QliKCkAYygpAGQo
285=KQBlKCkAZigpAGcoKQBoKCkAaSgpAGpIASUNI2tIAdUNbEgB0RRtSAElaTRuSAHBBG8oKQ
286=BwKCkAcUkBV0QEAQEGAHJJAVJIAQEABgBzyAFVAnTIAVUCdcgBVQIMROdoBV1ZDSgpAA4o
287=KQAPSAEjkCMinTU2JkU1EVQCI9RSdZE2JKQrd5E2AI14fyIVJDYk0CsiFCQlAFIiFCQnBQ
288=EXRAiIb3eRNgB9ewYKABlUAtkRGkgBnEF3kTYAgKEEHFQC0Y0dKCkAHkkBdaEEH0gBxQgg
289=SAHdCiFIAdUCIigpACNJAYG5BiRIAYDgdZE2iAVJIiZUAiPDYAoAJ0kBmHwCdpE2ACM4Ln
290=WRNpWRCnSRqgELCVWRNkyPUQUJVpE2AIixdJHdCghEIyJ0RUAEdZE2XAWJATBIDIxodJHA
291=BCKcNcQpIhUkNlASTAV0kdAJdJEnVQA2RAhYAwIAAAYAN0gBl2UGADhIAdUCOSgpADooKQ
292=A7KCkAPCgpAD0oKQA+KCkAPygpAEAoKQBBKCkAQigpAEMoKQBEKCkARUgBxRNGKCkAR0gB
293=0RRISAHBBElIAd2kSkgBwQRLKCkATCgpAE1IAc0FTkkBpHAFd5E2AJupAVBVApypAVFIAY
294=s4BgBSSAF2kQQGQc82jZQFIhUkNrCYdJHILXSRyC0iFCQnKQBYRAicFSLMRidVAFpUAnAN
295=lJEnBQFcKFUAXUgBwX1eSQEXYFEiJmg2ACc0EifZAGFABNEJYkgBJZEjY0gB1QJkKCkAZS
296=gpAGYoKQBnKCkAaCgpAGkoKQBqSAGIvCIUJCfhAWwoVQBtSAHVDW4oKQBvKCkAcEkBV0QE
297=AQIGAHHJAQN2kTYAI4wzd5E2AHR7HAYAdEEEdqkBdUgBVAZxVnYoKQALRFiXAgoADCgpAA
298=0oKQAOKCkAD0kBg3MJCgAQSAGblQsAEUgBJU02EkgBkI1tlDdQckQLbZQ3JtE2FUAEzQUW
299=SAHNBRdIAZB3bZQ3JPRWbpQ3AIsXCgAaQAQjyHdtlDfxghxUAkAMIiVHHSgpAB5IASUdJR
300=9IAZ8gCgAgSAHFlyFIAdkGIkgBiFkipTY3kAJBfyRUAowBbpQ3AIBcIsUkN6BcbJQnKQAo
301=TAWYXmyUJ2UCKlUCMmgIbZQ3WJBMAW2UNyiNEjckLEhtlDckPClslCIEWEwFIi9INwCMaC
302=0iNGrECG2UNyapMTNIDEQFdTk0SAGcYm2UN0AYXAIipDbAGmyUJykAOCitADlKAc4DjQU6
303=SQHCqQE7SQHEqQE8SAFYA2kMPSgpAD4oKQA/KCkAQEgBbFIBAQoAQUkBUX8GCgBCyAEBAQ
304=YAQ0gBcAJJpkRJAaJvAQYARUgByRdGKCkARygpAEgoKAAHSQA3AAoAAAAABhEAAAMQACAE
305=AEoANwAAAEMABgBLKCkATCgpAE0oKQBOSgEjAo0FT0kBLEQBAQAGAFBJAS2pAVFJAaGpAV
306=JJAU2pAVPIAQEBAgBUSQGjdwICAFVJAZqpAVZJAQqpAVcoKQBYKCkAWUgBfAMBAAIAWkgB
307=zQVbSAHVAlwoKQBdSQEgcxQCAF5JARypAV9JARqpAWBIAdkGYUkBJ7UCYkgB1QJjSQEltQ
308=JkSQEfqQFlSAHBBGYoKQBnSQELewICAGhIAWQBURRpKCkAaigpAGtIAZsnAgBsSAHNBW0o
309=KQBuKCkAbygpAHBJAV9zBQYAcUkBfHsRBgBySQFyqQFzKCkAdEkBdbUCdUgBdAZFNHYoKQ
310=B3KCsACgA4nAMBAAoACygpAAwoKQANKCkADkgBmz0KAA9JATBjBwoAEEkBhHcNCwARSAFw
311=AgEADAASSQExbwELABNIAY8FCwAUSAFwAkEEFSgpABZJAYqlCBdIAZsGCgAYSAGHSgoAGU
312=kBgWMECgAaSAGPRwoAG0kBlncJCgAcSQGeqQEdSAGLQwoAHkkBf7kGH0kBd6kBIEkBeakB
313=IUgBdAZRHyIoKQAjKCkAJCgpACUoKQAmKCkAJygpACgoKQApSQGlYwsKACpJAYt3DQkAK0
314=kBpncCCQAsSAGbHAgALUgBmxwIAC5JASpjBAcAL0kBiXsGBgAwSQGgdwIGADFJAZipATJJ
315=AZupATNIAZMfBgA0SAGTHwYANUgBfANFPzYoKQA3KCkAOCgpADlIAdkGOkoByQNDBwYAO0
316=kBw6kBPEgBTQIAUQk9KCkAPigpAD9JAVdEBAECCgBAyAEBAwoAQUkBT1QCXStCyAEBAQYA
317=Q0gBcAJRCURJAaNvAQYARUkBnKkBRigpAEdIAZ+DBgBISAHRFEkoKQBKSAF0BlEJSygpAE
318=woKQBNKCkATkkBJrEqT0kBg6kBUEgByS1RSAGfNgYAUkkBTmMLBgBTyAGEl9RlZpc4AJec
319=AgBWQARoBU1+V0gBkxQCAFgoKQBZKCkAWkgBzQVbKCkAXEgB2QZdSAGQFGSXJ7UBXyhVAG
320=BIAcUIYSgpAGIoKQBjKCkAZCgpAGUoKQBmKCkAZygpAGgoKQBpKCkAaigpAGtJASRsJmeX
321=OAAbqQFtVALZEW4oKQBvKCkAcEgBZJdFP3FJAXt4BmaXOAAn5BInKQB0QATVAnVJAXStBX
322=ZJAXapAXdIAZcNBgB4KCsACQA5kAJdTAooKQALKCkADCgpAA0oKQAOSAGQQH2ZOVByUQgL
323=XZk5TG6JARFABEEBAFmVEigpABMoKQAUKCkAFUkBMnMFCwAWSQEuqQEXSAFkAVGrGEgBjH
324=59mTlcflwCfZk5VBaJARtABJRPfJlYEUQeAQEKAB1UAohDfJknrQAfVAJRBgBNByAoKQAh
325=KCkAIigpACMoKQAkKCkAJSgpACYoKQAnKCkAKCgpACkoKQAqSAGUGH+ZOQCIURQAfJnBGg
326=ldGjlQnkwTfJnIAX6ZOQDRbDBFCJ9cA0V2MUkBmakBMkgBmxwGADMoKQA0SAF8A00FNSgp
327=ADZJAcqhkzdJAcKpAThJAcSpATlIAdkGOkkBzbUCO0kBx6kBPEgBwQQ9SAGP9wYAPkgB1Q
328=I/SQE9bAF/mTkAYqkBQVUC0GcICgBCSAFqmwQKXpk5AGgBAQUGAERUAmgFXRVFKCkARigp
329=AEdIAcGeSEgB2bZJSAHRH0ooKQBLKCkATEgB3QpNKCkATigpAE9JAS9kBCIkJtsfBgBRVQ
330=KGZDR8mcQ0fpk5AGibAQQGAFRABGkBBX6ZOQCYMn6ZOQCHEwIAV0AEhBN8mddPAgBZKFUA
331=WigpAFtIAWgQWaBcKCkAXSgpAF4oKQBfKCkAYCgpAGEoKQBiKCkAY0gBJcUkZEgByQxlKC
332=kAZigpAGcoKQBoKCkAaSgpAGooKQBrKCkAbEgB0a5tSAHJDG4oKQBvKCkAcEkBXmQEIiYm
333=OQAnPRM5KDwTJykAdE0FcqEwdSgpAHZIASV9JndIAWwJQUZ4KCkAeSgrAAgAOpwDQX0JKC
334=kACigpAAsoKQAMKCkADSgpAA5IASeXEzoAhHgRdJzfCgwAEUAEjAwi1CYnVQATKFUAFCgp
335=ABVIASM4I3SczwULABdVAjJoCCLXJjoAjGgMdpw6AJigdZw6QBhEBCLXJjoALEEEA3ScqA
336=FNaB1ECHUCBXecOgCiSAVBBh9UAo9zCgAgSAFwAlUCISgpACIoKQAjKCkAJCgpACUoKQAm
337=KCkAJygpACgoKQApKCkAKigpACsoKQAsSgGVAVQQdpw6AGkBAXScqQECdJypAQMi1SY6uG
338=ki1iY6ACeUE9wgdJwnKQA0XApUCiJ1JTUoKQA2SAHFlzdJAcV9jgZP3joAwKkBOVQCwZ46
339=SAHFCDsoKQA8KCkAPUgBjGh0nN82BgA/VAJ0nEnzQEkBYWgIItQmwAR3nDoAY7UCQ0EEUq
340=kBRMgBVdNFSQFQtQJGyAFRCUdIAXACVVpISAGDiAYASUgB1QJKSAEjKCwivTk6UONfAgYA
341=TFQCQAF9IE0oKQBOKCkAT0kBI0xHXQpQSQGDqQFRSAGUT3ScyE53nDoAS3QJdJypAQF1nD
342=oo1CbAMHScJykAWFAJnBV0nNwgIrw5J4EAWyiBAFxIAWQMQZ5dKCkAXkgBJeE4X0gBJZkk
343=YEgBzQVhKCkAYigpAGNIASV1JWRJARlvGwIAZUkBHakBZigpAGdIAd0KaEgB3QppKCkAai
344=gpAGsoKQBsKCkAbSgpAG4oKQBvKCkAcEgBdJxVOXFIASeVEzoolBMnKQB0QQRycxQGAHUo
345=KQB2KCkAd0gBJS0neEgBJS0neUgBixcGAHooKwAHADuQAkF9CCgpAAkoKQAKKCkACygpAA
346=woKQANKCkADkgBlEQihic7AITkb587ADNwDCLEOtQNbJ8nKQATWAZ8AwEADAAUSQEybwEL
347=ABVIAZyZbJ/MBW6fOwCEom+fOwCkbAVunzsAI6Q2bp87ACMIM22fO42fBmyfqQEHIoQnqQ
348=EIbZ87t4YKAB9UDdkGIEgBeApJIiEoKQAiKCkAIygpACRIAcmmJUgB2QYmKCkAJygpACgo
349=KQApKCkAKigpACsoKQAsSAFhngRtnzuOnwUJWLuqAQYGTCupAQdsn9QYbp87ACOPPgYAMk
350=QIiCJsn8giIsU6O1gaWBQixDrTKgYANkwFTAJlgTcoKQA4SAHFojlIASUtJzpIAc0FO0gB
351=i28GADxIAYNnBgA9SQEauVM+SAHNBT8oKQBASAF4oEERQUkBP2QEb587AM5krSKHJzsAxq
352=kBREEEwqkBRUkBxKkBRkkBUFgGRdlHyQEFIsc6OwAqoQ9JVAJoAVlpSsoBAgZck6EEA2yf
353=Jx0ETUAEi5AGAE5IAVgKfSBPSAEjiCIihyc7AIO9ClFUApRPb587AKZwBW2fO04LAABJDF
354=RABHmgA2+fOwClYAQihCfUDWyfJykAWEwFfANdmVkoKQBaSAGbEQIAWygpAFxIAc0FXSgp
355=AF4oKQBfSAGfFQIAYEgBzQVhKCkAYigpAGMoKQBkSAHZBmVIAdkGZigpAGdIAcEEaEgBwQ
356=RpKCkAaigpAGsoKQBsSAGLQwIAbUkBH3snAgBuSAHFCG8oKQBwSQE8eAIihyc7AH9vBQYA
357=clQCIwtJBgBzSQFytQJ0KCkAdSgpAHYoKQB3KCkAeCgpAHlIAdmgekgBcA0BAAYAeygoAG
358=RYlwIKAAdQWckBCCgpAAkoKQAKKCkACygpAAwoKQANKCkADkgBmKBlojy7oAoAEFQCJWEo
359=EUgBlA1kopQgIvk7EyhVABRIAYhOZKLABGWiPLj4ZqI8ACOIOGaiPAAjcEtlojzpmxpECC
360=NAJGWiPIWiCWSiqQEKZKKpAQtkoifZAB9ZBp1oEyI1KDxQdU8BCgAhVAJAASIlPCIoKQAj
361=KCkAJCgpACUoKQAmKCkAJygpACgoKQApSAGYXiIMT9scCgArVALVDSxJAaJtAQpJHDyEol
362=UYLlYClQFUEWWiPLjBZqI8ACW1TjFABMkBMkgB0aMzKCkANEkBmnwKZKLAD2SiJykAN0AE
363=iLwiNCgnVQA5VAJ0BllIOigpADsoKQA8KCkAPUgBI6whIjcoPAAbqVk/VALFCEBJAT1MAV
364=mVQUkBP0gBTYlCyQEDZaI8JlE8RFUCybmgRUkBw6kBRkkBTlgGWTRHyAFRCUhIAXACURRJ
365=SAFkoknHSsgBScdLyAEBCAYATMgBAQkGAE1IAYwxZKLHPwYAT1QC3SBQSAGUWiLMOyVwP2
366=Si1E9lojxACkgPIjQoqAEjNCjYJ2Si3ApkoicpAFhcClAGRqkAWUgBjBAiNCgn2QBbKFUA
367=XEgBzQVdKCkAXigpAF8oKQBgKCkAYSgpAGIoKQBjKCkAZCgpAGUoKQBmKCkAZygpAGhJAS
368=d3OQIAaUgB2RFqKCkAaygpAGwoKQBtKCkAbigpAG8oKQBwSAFsHgECAgBxyQEDZ6I8AD5s
369=DGWiPP2kdEAE3aR1SAHdpHYoKQB3KCkAeCgpAHlIASVRPHpIAXgKVUR7KCkAfCgpAAVM+o
370=EECkgEfFRQAXykJykACCiBAAkoKQAKKCkACygpAAwoKQANKCkADigpAA9JAYNxKgpepD0A
371=nEwi5Sg9t6cLABJABEQQv6Q9ADJsASKuYz0AJbkoFUAEhFV9pD0moVEXVAKTowsAGEkBia
372=kMGUkBo2QIIuUoPSTwJH2kPSYRKRxBBCxNBQ18pFAJSQEOfaQ9JGAzIuUoPVRuSAh8pCcp
373=ACFYBp9XCgAiSAFYA1KUACMoKQAkKCkAJSgpACYoKQAnKCkAKCgpAClIAd0KKigpACtIAc
374=kMLEgBI6BcfaQ9VHZdAgpEI6gBUYIvQARMAiKRIzAoKQAxKCkAMkgBiCIi5Sg94ak0VALB
375=qTVJAZ5oCH2kPWABcQk3VAKMAXykJ1UAOShVADooKQA7KCkAPCgpAD0oKQA+SAHJpj9IAS
376=P/IAYAQEgByQxBKCkAQkgBaaYFIqxjbK1LBAoARFUCzbGjRUkBxakBRkkByKkBR0gBaKYB
377=BAoASMgBRQhJSAFcB2EaSkgBaaYMIuUoPSNpKQ18pKoBDgZcpNg9faQ9vPF8pCfxA1BECJ
378=yDfKTIWXykxFV9pD2cpFW9VE0FTEQPI+UoPaTZfaQ9KGxQ3AoibFAnKQBZWAYjkHB9pD0k
379=gFgi5Sg9VORXCQIAXEAEk2ECAF1IAYxHIqxjJwUBX1QCRgUAACLkKCdVAGEoVQBiKCkAYy
380=gpAGQoKQBlKCkAZigpAGcoKQBoKCkAaSgpAGooKQBrKCkAbCgpAG0oKQBuSAElPSlvSAGL
381=6AIAcEgByRdxSAFopgEFAgBySAF8pFWnc8gBAQMGAHRIASNcWSLXPD0Ae1x4VZl2VQJyqQ
382=F3KCkAeCgpAHlIASecFNQjIuQoJykAfEAEjxAGAAS4s2F9BSgoAHD+gAQGCgAHAD4AAAAA
383=EQAAUBAAIAYAAAoACAA+AABgAAIKAAkAPmABdQIKKCkACygpAAwoKQANKCkADigpAA9JAS
384=9vCAoAEEkBM6kBEUgBlwILABJKAY0CWwILABNJAS5EAQEACwAUSAFkAUkBFUkBC28BCwAW
385=SQGDrQUXSQEqtQIYSQExawEKABlJAS2pARpJAaOpARtJAZ2pARxJAV2pAR1JAT+pAR5IAc
386=0FH0kBnrUCIEkBCqkBISgpACJIAZsRCgAjSAF8A00mJCgpACUoKQAmKCkAJygpACgoKQAp
387=KCkAKkgB1Q0rKCkALEgBxRMtSQGaew0KAC5JAU9IAQEECgAvyAEBBQYAMEgBUAICAAAGAD
388=EoKQAyKCkAMygpADQoKQA1KCkANkkBMmsIBQA3SAGTNQUAOEgBcAJdCjkoKQA6KCkAOygp
389=ADwoKQA9KCkAPigpAD8oKQBAKCkAQUkBI2M7BgBCSAHVDUNJATxMAQECBgBEyAEBAwoARU
390=gBl1IKAEZIAVwDeVNHSQFjbwEKAEhJAVSpAUnIAQEBCgBKSQFRtQJLyAEBAQYATEgBcAJN
391=G00oKQBOSAGPPAYAT0gBwQRQKCkAUSgpAFJJAaJnBAYAU0gBeDJRCVTIAQEBAgBVSAF8Aw
392=EAAgBWSAEBlwEAAFUCV8gBAQICAFhJAYZzHwIAWUkBMHMFAgBaSQGmawEDAFtIAYNcAgBc
393=SAGDXAIAXUgBg0YCAF4oKQBfSAF0BlUNYCgpAGEoKQBiKCkAYygpAGQoKQBlKCkAZigpAG
394=dJASexFGhIAckMaSgpAGooKQBrKCkAbCgpAG0oKQBuKCkAb0kBIL0KcEkBG6kBcUgByQxy
395=KCkAc0gBZD8BBQIAdEkBX2cEBgB1SQF7ewYGAHZJAXKpAXcoKQB4SQF3tQJ5SQF5qQF6SA
396=FgCFE1eygqAAMAiIJlSgQoKQAFKCkABigpAAcoKQAIKCkACSgpAAooKQALKCkADCgpAA0o
397=KQAOSAGbSAoAD0gBhBNppj9EfFMBCgARVQKMaRcKSqY/AMkBEyhVABRIAYd2CgAVSQEsVA
398=ZVpxZIAYdKCwAXSQGJZwgLABhIAYFcC0mmP1iFUwUKABpUApNLCgAbSAHdpBxJAUhcA0El
399=HUgBfCNBch7IAUFyH0kBYmMECgAgSAFkAUWiISgpACJIAYRVaaY/TANLBAoAJFQCQAFpLS
400=UoKQAmKCkAJygpACgoKQApSAHRCSooKQArKCkALCgpAC1JAaFsDGqmPwDdgy9VAlK1AjDI
401=AV2DMUkBU7UCMsgBVQIzSQFQtQI0yAFVhjVIAXACSSI2SAGc0Gim0DVqpj8AjzEFADlBBC
402=N3LgYAOkkBMn8GBQA7SQErqQE8SAHNBT1IAXACXQo+KCkAPygpAEAoKQBBSQEmvQpCSAGX
403=OQYAQ0gBxQhESAF0p0XDRUgBYGddNkbIAV02R0kBQXAFaqY/AGgBRR5JVALVOUpJAWOhBE
404=tJAVWpAUxIAckiTcgBSSJOSAF8A0kXTygpAFAoKQBRSQGkZwQGAFJJAZupAVNIAZPaBgBU
405=SAF2pwQGSqY/AH2kA2imqAEBBAIAV0AEdgIFA0umPwApZQgDSKYnKQBaQAScV2qmPwCILW
406=mmP0DmUAVoptRPaKZgWZUCX1gGQQEAiKYnVQBhKFUAYigpAGMoKQBkSAGXLgIAZUgBxQhm
407=KCkAZygpAGgoKQBpKCkAaigpAGsoKQBsKCkAbUkBI288AgBuSAHJDG9IASfLFD8AF6EEcV
408=QC1adySAHNBXMoKQB0SAFoplE1dUgBJ8sUPwByZwgGAHdVAnWpAXhIAYcIBgB5KCkAeigr
409=AAIAQJwDUXkDKCkABCgpAAUoKQAGKCkABygpAAgoKQAJKCkACigpAAsoKQAMKCkADSgpAA
410=5IASVtJA9JAZhgEmqmQADJAREoVQASSQGcoQQTSAGLTgoAFEgBIzwpa6ZAAIRwHyKUKc0b
411=DEmmQLCjaqZAAJT0aqZAAJ1MC0qmQACMqmumQABOqQwcXApoAUktHUoB//9bAgYAHkgBeE
412=tBch9JAT1QAlknIEgB3W0hSAHJmyIoKQAjKCkAJEgBdAZZBiUoKQAmKCkAJygpACgoKQAp
413=KCkAKigpACtIAdUNLEgBjXMKXxpAAJZsDGqmQADBJS9ABJcYCgAwSQGgoQQxSAHRKjIoKQ
414=AzSAHZBjRIAWiFAQQKADXIAVEfNkgBIzgjaKbEKWumQAAofApqpkAAyZs6TAXZqztIAZNh
415=BQA8SAEj+zAFAD1IAcGpPkgBwak/SAFsCVWRQCgpAEEoKQBCKCkAQygpAERIAYsMBgBFSA
416=HFCEZIAXSnSRdHSAF8pEGpSMgBAQMGAElJAV5wBSKUKQFAAM4DTwEKAEtVAsSpAUxIAdkn
417=TUgBySJOyAFdCk9IAVAGIukuUCgpAFFIAYQ0aKbMUiKWKUAAkNpppkCw2mmmQIimAQYGAF
418=ZYBnykAQcFAFfKAQgESaZAqaYESKbXLgQAWkAEnCtopshZaaZASExAEmimJykAXkwFTAIE
419=AAACAF8AQIQBAQACAGBIAdmgYUgBmwICAGIoKQBjKCkAZCgpAGUoKQBmKCkAZygpAGgoKQ
420=BpSAHJDGpIAckMaygpAGwoKQBtSAHRo25JARlregIAb0gB3aRwKCkAcUkBHqEEckgB3Qpz
421=KCkAdEgBaKZZSHVIASfJFEAoyhRAACU9KXhABIQIaaZAhAFZBgGY6lcBCgACKCkAAygpAA
422=QoKQAFKCkABigpAAcoKQAIKCkACSgpAAooKQALSQF8YxoKAAxJAXSpAQ0oKQAOSQF2tQIP
423=SAHVpxBIAc1+EUkBmVgVWT8SSAGXTwoAE0kBpbUCFEkBg6UIFUgBlHBqpkEAJRE/F1QCgH
424=JqpkEAyQEZVAIlaT8aSAEnyhRBACXRKxxUAmimSYUdyAFdYh5IAYNnBgAfSAFopk2qIEkB
425=YbkRIUgB0RQiKCkAI0gBfANVGCQoKQAlKCkAJigpACcoKQAoKCkAKSgpACooKQArKCkALE
426=gBhBNqpkEAxSkuVAIjZyMKAC9IAd3QMEgB0SoxSAHFEzIoKQAzSAGLegoANEgBfCBJFzXI
427=AUUeNkgBmwYGADdIAYR2aaZBWAxcAmimyy0FADpABIgtIpcpQQAkcDVrpkEAHakBPUEEH6
428=kBPkgBiDgihDMnBQFAVALBqUFIAUAMYZNCKCkAQygpAERIAYgMaqZBAJ9tBgBGVAKLDAYA
429=R0gBxQhIKCkASUkBXlkCAWqmQQDFKUtVAsnrpkEAwqkBTVUC/6kBTsgBSSJPSAFACGUTUC
430=gpAFFIAZxBaaZBUChIBGimxDRqpkEAjNZqpkEAI6hHaaZBlacKaKaqAQsFSaZBXOFHCAUA
431=WVwKlC5qpkEAiAFppkEkeCBppkEkeCBoptgGIpYpQQDFl19ECEkJAF2AYCgpAGEoKQBiKC
432=kAYygpAGQoKQBlKCkAZigpAGcoKQBoKCkAaSgpAGooKQBrKCkAbEkBJXNAAgBtSAHRo24o
433=KQBvKCkAcEkBHq0FcUgB1RhyKCkAcygpAHRJAV9EBEU0dUkBf3gGImE+Qf2kd1QCXAN9Nn
434=goKwACAEKQAkU2AygpAAQoKQAFKCgAIoxIkwUKAAcoVQAIKCkACSgpAApIAcWiC0gBI6Qr
435=caNCp7gKAA0oVQAOKCkAD0kBemsXCgAQSAHVexFIAd14EkgBnExxo0KsPCI9KUKgciI9KU
436=ImjT4WTAWbaQoAF0kBMm8XCgAYSAElET8ZKCkAGkgBkHciPSlCv/wKABxVAk25Bh3IAV0r
437=HkgBgGdxo0KvaAYAIFUCXq0FIUgBZAFRKiJIAd0VI0gB1QIkKCkAJSgpACYoKQAnKCkAKC
438=gpACkoKQAqKCkAKygpACxIAYQTcKPHEwoALlQCzRAvSQGfcBAiPilCAMmmMVQCyaYyKCkA
439=M0gB1S40SAF0BkEaNUgBfKRdxTbIAV3FN0gBJWkpOEgBI5AucqNCACNYJ3KjQgAjZERxo0
440=IkQCRxo0LhfT1YBod2BQA+SAGIZHOjQgAffEEiWTNCJp0qQUAEmBFkUtxXIgg+JykARCiB
441=AEVIASVNK0ZIAdkGRygpAEgoKQBJSQE9ZARwoyJwP0wBIj8pQgDNuaBMQQTFqQFNSQH/SA
442=EBAgoATsgBAQMGAE9IAVAGcWxQKCkAUSgpAFJIAYwxcaNCXClUBXCjJ+kCVUAETAJlCFZI
443=AZc5BgBXKCkAWEkBiqkiWUgBhKJxo0KkonCj3ysDAFxABI8xAwBdSAGENHOjQgCIZAgiPC
444=nAMCI8KdtpAgBhTAWQFCI8KdMUAgBjVAKHEwIAZEgBwQRlSAHVAmYoKQBnKCkAaCgpAGko
445=KQBqKCkAaygpAGwoKQBtSAEnPilCAN2kb1UCHqkXcEgBwQ9xKCkAcigpAHMoKQB0SQFfcA
446=Ui1FInqQV2VAJxAgAiCz5CAIJ/CgYAAyEsR5cCCgAEKCkABSgoAGRNwQQHKFUACCgpAAko
447=KQAKSAGJsQpJlUPtnwxVAnJ0DXigJ1UADlQCIxhAIiVSQ6lDCligJykAEUEEpWQPIiRSJ1
448=UAE1QCjDF4oCdVABVUAptpCgAWSQGDtQ0XSAElCSgYSAElOTkZSAHZfxooKQAbSAHZfxxJ
449=AUyhDx3IAZmgQ+2fH1QCxVUgSQFeTAUBAQoAIUkBokgBSRkiSAFkAUkBI0gB1QIkSAHVAi
450=UoKQAmKCkAJygpACgoKQApSAGbigoAKkgBxQgrKCkALEgBmBF4oNAUeKAnKQAvQATFKTBI
451=Ac0FMUgBxc4ySAHRozNIASWRLjRIASWFPTVIASLQTEEaNsgBSSI3SAGbEQYAOEgBjHN5oE
452=MkWD15oEPxmDtABCNjXwYAPEgBjHMiWT1D8aM+VAKQd3mgQ/WnQFQCI1xZItYyQwCcIHmg
453=Q5wOSVlDQASMASLwZidVAEUoVQBGKCkARygpAEgoKQBJSQE9SAhBGkpJAT9IAQECBgBLyA
454=EBAwoATEgBhwsKAE1IASWRWk5IAYhOeKCYA3GYUFQCQAhpAVFIAYRVIowoxFV4oCetAFRA
455=BM0FVSgpAFYoKQBXSQEyZAQijShDQNtMASKNKEOsn3ugQwCHb10EAFtMBZknBFmgQySwSH
456=mgQ0RxWwYDAF5ABEEBAEV+X0gBgDB5oEOo0nigxBN4oNwVeKAnKQBkWAaAGiIkUidVAGZU
457=Ap8KAgBnSAGH2QIAaEgBIx8wAgBpSQEfcxQCAGpIAc0Fa0gBlzkCAGxIAdUCbUkBIK0Fbk
458=kBGqkBb0gBwQRwKCkAcSgpAHIoKQBzKCkAdEkBX1wGQTt1SAFEAXkydigrAAQARJACVVoF
459=KCgAYEmYAiLcJyeBAAgogQAJKCkACigpAAtIASPkPiLdJ0Ttnw1VAnJ3GAoADkgBI3xoYp
460=5EACfdJ0RYD1wNIuhlJykAEkwFTAIi0WITKCkAFEgBgDAi3CcnrQAWVAIjcDUi3SdEtEQi
461=3ydEAJ9oCCK1ekQmrU0aTAXVextIASfBE0RSXAAAUfsdVAJtnwMiHVFEKMATJykAIEEEYL
462=0KIUgByQwiSAHNqiNIAd0KJEgBaAVBHCUoKAABJgBEABEAAO4PACAHAAAAAAAKACcARFwA
463=SwAKAChKASUCiQEpSQEcqQEqSQEbqQErSAFYAwIAAAoALEoB//9TAQoALSgpAC4oKQAvKC
464=kAMCgpADFJAQpUBkUIMigpADNJAaO1AjRJAZapATVJAZqpATZJAU9IAQEECgA3yAEBBQYA
465=OEkBKlQCAQAFADlJASypATpJATCpATtJAQtrAQYAPEgBjxsGAD1IAYMaBgA+SAHFCD9JAS
466=9vBQUAQEkBM6kBQUkBJnMfBgBCSAFwAgEABgBDKCkARCgpAEVKAc4DSwQGAEZJAcSpAUdI
467=AU0CAFkGSCgpAElJAcyhBEpIAcEES0kBP0wBTRtMSQFDSAEBAQYATUgB1RhOSAFQAnEJTy
468=gpAFAoKQBRSAGfKwYAUigpAFMoKQBUSAHFCFVJATJvAQUAVkkBjnscBQBXSQEutQJYSAGD
469=BAQAWUgBiyIEAFpIAZsRBQBbSQGKewYEAFxJATF7BgMAXUkBhncCAwBeKCkAX0kBLaEEYE
470=gBjwUCAGFIAZcCAgBiSAF8AwEAAgBjKCkAZEgBlw0CAGVIAY8bAgBmSAHNBWcoKQBoKCkA
471=aSgpAGpJASF7EQIAa0kBF6kBbEkBGakBbUgB1QJuSQEatQJvSAHJDHAoKQBxKCkAcigpAH
472=MoKQB0SQFffwYGAHVIAWQBRz8FAEWEAVleBigpAAcoKQAIKCkACUkBfG0QClcFRQB0qQEL
473=VQJyqQEMKCkADUkBdbUCDkgBjwwKAA8oKQAQSAGbJwoAEUgBwQQSKCkAE0gB1Q0USQF2sQ
474=kVSAHNBRZJAaRvAQoAF0kBnKkBGEkBm6kBGSgpABooKQAbSQGZoQQcSQFLqQEdyAFVWh5I
475=AYOIBgAfKCkAIEkBYEwFAQEKACFIAdGCIkgB0YIjSAHBDyRJAZ5MBVkkJUgBZAFJASYoKQ
476=AnKCkAKCgpACkoKQAqSQEipR4rSAHFCCxIAYQTaZtFSApfAgoALlQCl08KAC8oKQAwSAHN
477=BTFIAcEEMigpADNIAVwHaaY0SQGfbwEKADVIAdUjNkkBTbUCN8gBVSM4SAGIZGqbRQDdmT
478=pVAiN/FQYAO0gBdAZRSzwoKQA9SAHZlT5IASdrE0UAJ3gGaZtFWBdDBwUAQUEEK0QBVadC
479=SAGVewVIm8VVBlRXJykARUAEaAVVDUZJAcull0dIAdUCSCgpAElJAc+hBEpIAcEESygpAE
480=woKQBNKCkATigpAE8oKQBQSAGTKgYAUSgpAFIoKQBTSAHJDFQoKQBVSQGLpR5WSQGmZARr
481=m0UAMmsBBABYVAKUnGibyCJqm0UAnSAESptFAIAwa5tFACm5Bl1YBskBXkgBh5cEAF9JAY
482=l3DQMAYEgBnW0DSptFAIwQaJvEKWubRQCicwkCAGRMBWQBQZ5lSAGYHGiby04CAGdUAsEE
483=aCgpAGlIAYfZAgBqSAHFl2soKQBsKCkAbUgBm/gCAG5JAR5zFAIAb0gB3QpwKCkAcSgpAH
484=IoKQBzKCkAdEgBaJtYU2TchwgKAAdQ3ckBCCgpAAlJAX90DXOYRgByqQELVALJAQwoKQAN
485=SAEnERNGjAlRbg9UAsGTEEgB2aARSAHNlBJIAZMFCgATSQF7qQwUSAHJDBVJAXq1AhZIAc
486=0FF0gBiy0KABhIASPTIAoAGUgBlzkKABpIAc0FG0kBoW8BCgAcSAFwmAECCgAdyAEBAwYA
487=HkgBmH9ymEYAyQEgVQJeuQYhSAFkAUEaIkgB0QkjSAHVAiQoKQAlKCkAJigpACcoKQAoKC
488=kAKSgpACpJASS5HCtJAR+pASxIAZgRcJjFEwpRmEZEEUkPClSAJykAMEwFySIxKCkAMigp
489=ADNIAc3ANEgBybE1SAEnEhNGACJ8JlELN1QCaAFVRDhIAUwNIrUiOSgpADpIAZCucJjYPS
490=J8JicpAD1ABNkGPkgBl3AFAD9IAYQ0cphGAIRgcphGAIceBQBCQAQlASdDSAGdeAVQmCdd
491=AUVUAt0KRkkBya2UR0kBxqkBSEkByKkBSUgBzQVKKCkAS0gBgyUGAExIAcEETUgB1QJOKC
492=kATygpAFBIAc0FUUgBzQVSKCkAUygpAFRIAc0FVUgB0R9WSAHRH1dIAZCNcphGAJgycphG
493=ACOsLHOYRgCDcEBymEYAg1wFAFxZBod3AgUAXUgB0QleSAGQxHKYRgCIAXOYRgAycBAifS
494=ZGUEZMAXKYRgCIm3KYRgCE2XCYwA8ifCbILXCYJykAZ0gMXQcAVZxoKCkAaSgpAGpIAZxX
495=In4mRgDZlWxVAh5/FQIAbUgBxQhuKCkAbygpAHAoKQBxKCkAcigpAHMoKwAHAEeMCUVVCC
496=gpAAkoKQAKSAHFlwtJAXJvEAoADCgpAA0oKQAOSAHBkw9IAc0FECgpABEoKQASSAHNBRNJ
497=AXe9ChRJAXmpARVIAZ8rCgAWSAGUFCLNJUdIFVABeZVHVHaJARlABJjXeZVHs0AKABtUAs
498=FyHEgBdHBNBx3IAUFyHkgBkIJ5lUcouxJHAF5YCiPPJUcAoEgBWQYiTAUloSUjSAEl3Sck
499=SAGfTAoAJUgBaAVNBSYoKQAnKCkAKCgpACkoKQAqKCkAKygpACxIAYQTeJXEE3iVJykALy
500=iBADBIAY1oCkT0J3UEMihVADNIAcUTNEgBhFUiziVHANUjNlQCwQQ3SAFgJQEECgA4yAEB
501=BQYAOUgBI88wBgA6SAGM7HmVR7CNeJXYSCI4OScpAD5MBYUTBlmVR1QTUAx5lUck/CB6lU
502=cAyW9CTAXNc0NIASWFJ0RIASUNOUVJAcK1kUZJAcepAUdIAVQKbapIKCkASUgBwQ9KKCkA
503=SygpAEwoKQBNKCkATigpAE9IAd0KUEgB0QlRKCkAUkgBwQRTKCkAVCgpAFUoKQBWSAEjXz
504=gFAFdIAZCYeJXQH3uVRwCldAl5lUcouxJHAIRwYXiVxT8GWJUBRwCVAVEFBVRUqQEBeJWp
505=AQJ4lakBA3iV3Fd7lUcAmFQGXY5jTBCM1nqVRwCUWnqVRwAj+DB4lcg4IswlJykAaFgGm6
506=sCAGlIAYRgIswlJ9kAa1QCZAxJDGwoKQBtKCkAbigpAG8oKQBwKCkAcSgpAHIoKwAIAEiY
507=CkVrCSgpAAooKQALSAHNlAxIAd2ODSgpAA4oKQAPKCkAECgpABEoKQASSAEl+SUTSAGHDw
508=oAFCgpABVJAX54MmCTJ2UCF1QCzQUYSAHFlxlIAYxHYZNIQBhIBGKTSAAl6SMcQARMAiI9
509=NB1IAclvHsgBSW8fSQFaZwQKACDIAYGTSKNGCgAiVAJ8A1ELIygpACRIAYRKYJMnkQImVA
510=LNBScoKQAoKCkAKSgpACooKQArKCkALEgBJ2ESSKimYJMnKQAvKIEAMEgB0R8xKCkAMigp
511=ADNIAdkRNEgBJXU7NUgBm1MKADZIAdmrN0gBJV04OMgBRbg5SQEgbDFjk0gAGqkBO1QCnA
512=pgk9AfYJMnKQA+QASEE2CT2zIGAEBVAixECF0KQUgBmHQiHSVIJr05Q1QChGAiMThItGUi
513=/kJIACWBN0ZABN0KR0gBzRBISAHVAkkoKQBKSAHBBEtIAcEETEgB1QJNKCkATkgBwQRPKC
514=kAUCgpAFEoKQBSKCkAUygpAFQoKQBVSAHJDFZIAdkcV0gBybFYSAGUAmKTSAAj7Epgk9wg
515=Ih0lSChgEidRBV1YBmGTBGGTSIyUAQUFAF/UAgEGAgBgyQEHYZNIJsUkYlQCmD0iHSVIqN
516=Jgk9wKYJMnKQBmTAWIF2CTJ1UAaChVAGkoKQBqKCkAaygpAGwoKQBtKCkAbigpAG8oKQBw
517=KCkAcSgrAAkASYgQXW0KKCkACygpAAxIASX1NQ1IAdWRDigpAA8oKQAQKCkAESgpABIoKQ
518=ATSAEl0TYUSAGHDwoAFUgBwZ4WSAHBBBdIAcEEGEgBgEYiKTdJSBVcAmmQSSY5IxtABJQu
519=Iik3SSSsLCIrN0kAY0gFQQYeQQRVqQEfSQFaSQECaJAn8QMhVALJDCJIAcGeI0gBSAV9mS
520=QoKQAlKCkAJkkBI1BsSQwnSAHNBSgoKQApKCkAKigpACtIAckMLEgB2QYtSAHNEC4oKQAv
521=SAHNlDAoKQAxKCkAMkgB2QYzKCkANEgB3Qo1SAElmSQ2SQGdeAIiq11JAEypAThUAmgBSY
522=U5SAEnCxJJAB5vGwYAO1QCaQUAaJDMJmiQzDEiqF0nKQA/TAV9jgNqkEkAaAEBBAYAQdQC
523=TcBCSQEqvQpDyAFBD0TJAQJqkEkAYARFCEZUAo0bBkDoJ4kBSChVAElJAaJrEwYASkgBzQ
524=VLSAFwAl0VTCgpAE1IAcEETigpAE8oKQBQKCkAUSgpAFIoKQBTKCkAVCgpAFUoKQBWSAHB
525=D1dIAZ+OBQBYSAEleTZZSAHBk1pJAaZwBSKrXUkAhWgiImwkJ30FXUAEfANVGF5IAXaRCQ
526=ZJkEmVkQppkEkkdDBpkEkm6SNiTAUlFSRjSAGYPWiQ3ApokCcpAGZABIgMaJAnVQBoKFUA
527=aSgpAGooKQBrKCkAbCgpAG0oKQBuKCkAbygpAHAoKQAKWDWDDwoACygpAAxIASeyEUoAJ7
528=ARJykAD0AE1QIQKCkAESgpABJIASe9I0qEDE1zFFQCjAFwjSdVABYoVQAXKCkAGCgpABlI
529=AYBGcY1KqLwiviNKACexEUqovHONSgAuazgKAB5YBmgBAQEKAB/IAZGNSkQRVBAi8FsnKQ
530=AiQATJDCMoKQAkSAFEBX2OJSgpACZIASMvPQoAJ0gBI2REIlxvJ0EDKVQC2QYqKCkAKygp
531=ACwoKQAtKCkALkgBzRAvKCkAMEgB3Y4xKCkAMkgBzQUzKCkANEgBJWU5NUgBJyA2J2UCN1
532=UCTEgTXSA4yAFVezlJASJsJiK8I80FBlGNSkxCUAVwjSdVAD1MBUwCImk0PkgBzX4/SAFl
533=jAZxjUqRjQdwjakBCCJeb0oAkGwiXW9KmIpNBURYBmSMTQVFyAFNBUbIAVFsR0kBpHkNBk
534=rlSgAjdTAGVFfYPXCNyzgGAEtMBYgiItxIJ70CTShVAE4oKQBPKCkAUCgpAFFIAXANQX1S
535=KCkAUygpAFRIAckMVUgBzQVWKCkAVygpAFgoKQBZSAHJkFpJAYhoLXGNSiYJKFxUAtEJXU
536=gB0SpeSQFOeAJyjUoAaQEBcI3MG3CNJykAYkwFaQUAIrwjJ1UAZChVAGUoKQBmSQFWcwUG
537=AGfIAUG/aEkBU7UCacgBVQJqyAFJImvIAVUCbMgBVQJtyAFVAm7IAVUCb8gBVQILQDN4Cl
538=FuDEgBJYEhDUgBwYgOSAEloUYPSAHVAhAoKQARKCkAEigpABNJAXhkKSIaNUsAJbUiFVQC
539=1Q0WSQGAoQQXSAHBBBhIAcEEGSgpABpIASWhMBtIASdZEUsoWRFLmYoDeIqpAQR4iqkBBS
540=INI0skyGF4igdLAAAAAAAACgAiEQAAQxAAIAQASwAKAAAAUQAjKCkAJEgBTAJ1AiUoKQAm
541=KCkAJygpACgoKQApKCkAKigpACsoKQAsKCkALSgpAC5JAQp7DQoALygpADAoKQAxKCkAMi
542=gpADMoKQA0SQGjpQg1SQGWqQE2SQGaqQE3SQFLqQE4yAEBAQYAOUoBIAJbAgYAOkkBG6kB
543=O0gBTAICAAAGADwoKQA9SQGkewIGAD5JAZmpAT9JASxYBgEJBgBAyAEBCgYAQcgBAQsGAE
544=JIAWgFUQlDKCkAREkBKlgGAQwGAEXIAQENBgBGyAEBDgYAR0gB2QZISAGXIwYASUgBmxwG
545=AEpJAZ5lBAZAAcs4BgBMUAFwAgEABgBNKCkATigpAE8oKQBQSAHdClEoKQBSSAHFCFMoKQ
546=BUSAHNBVUoKQBWKCkAV0gB2QZYSAHNBVlIAdUCWigpAFsoKQBcKCkAXUgBzRteSAGfNgYA
547=X0kBTkgIAQQGAGDIAQEFAgBhSAFQAgIAAAIAYigpAGMoKQBkKCkAZSgpAGZJAVZcBgECBg
548=BnSQF8QDBBJWhJAXSpAWlJAXapAWpIAUgFcUBrKCkAbCgpAG0oKQBuKCkADEgwmwYKAA1J
549=AYFzCQoADkgB1QIPSQF7tQIQSQFyqQERKCkAEkkBdbUCE0gB2QYUKCkAFUkBC3sCCgAWSA
550=FkAVF3FygpABgoKQAZSQEsZwQKABpJAS2pARtIAYstCgAcSQGbtQIdSAGHSgoAHkkBLkwQ
551=AQcKAB/IAQEICgAgSQGfrQUhSAGHNAoAIkgBcAJNECMoKQAkKCkAJSgpACYoKQAnKCkAKC
552=gpACkoKQAqKCkAKygpACwoKQAtKCkALkgBiE5hiExEEUMSCgAwKFUAMSgpADJKAf//gQQz
553=SQGiRAFBBjRIAdUCNUgB2Rw2SQGdoQQ3SAFgiAECCgA4yQEDYohMACcDEUwAGkwmRUo7QA
554=R0BkkBPCgpAD1IAZAUYohMAIMwBgA/VAKULmKITABsiUWBQVQCaAFFgUJIAdEJQygpAEQo
555=KQBFKCkARigpAEcoKQBIKCkASSgpAEooKQBLSAHFE0woKQBNSAHBD04oKQBPKCkAUCgpAF
556=FIAcUIUkgB2QZTKCkAVEgBk1YGAFVIAc0FVigpAFcoKQBYKCkAWSgpAFpIAd0KWygpAFwo
557=KQBdKCkAXkkBoXAFY4hMAGOpAWBVAlSpAWHKAQEGQ4hMAFO1AmNUAmgBVQJkSQFStQJlyA
558=FVAmZJAVy1AmdJAX+5PWhIAZ94BgBpSAGTdwYAakgBaAVRQGsoKQBsKCkAbSgpAA1UtYwF
559=aYVNhAFNUg9UAosMCgAQSAGLDAoAESgpABIoKQATSAGTmAoAFEgBk5gKABVIAZQJaYVNSA
560=pTAQoAF1QCgzAKABhIAZsyCgAZSQGDYBprhU0AMUgFQQYbVALVhhxIAc2JHUkBiK0FHkgB
561=wQQfSAGE5GqFTQDR8CFUAs1oIkgBeApdCiMoKQAkKCkAJSgpACYoKQAnKCkAKCgpACkoKQ
562=AqKCkAKygpACwoKQAtKCkALkgBwX0vSAHdIDAoKQAxSAHBBDJIAcEaM0gBwRo0SQGYexgK
563=ADVIAc0bNkkBRrUCN8gBQUY4SQEhYCVrhU0AF6kBOlUCHqkBO0gBdAZVRDxIAZsRBgA9KC
564=kAPkkBK60FP8gBXQpAyAFF2UFIAcUIQigpAEMoKQBESQFXRAQBAQoARUgBYFxBMEbIAVUC
565=R0gBj10KAEjIAVUCSUkBUFgGTQVKyAFBD0tIAXACXRVMKCkATUgByRdOKCkAT0gBzQVQKC
566=kAUSgpAFIoKQBTKCkAVCgpAFUoKQBWKCkAVygpAFgoKQBZKCkAWigpAFsoKQBcKCkAXSgp
567=AF5IAcmxX0gBgDsiriFNAMkBYVQCwbRiSAHBGmNIASX9IGRIAYtvBgBlSAGLbwYAZkgBzQ
568=VnKCkAaEgBlP9qhU0AJ6gQz34GAGtABNkGbCgqAA4AIgwkXwIKAA8oKQAQSAGQCXKCTgDd
569=gxJUAskBEygpABQoKQAVSQF6ZEpwgiddARdUAog4cYJOUD6VDRlVAi9EAV0BGkkBM6kBG0
570=gB3YMcSQEwtQIdSAGPiQsAHkgBwQQfSAHdgyBJAaWtBSFIAdUNIigpACNIAXwDVQ0kKCkA
571=JSgpACZIAYsMCgAnSAHNBSgoKQApKCkAKigpACsoKQAsSAHBDy0oKQAuKCkALygpADAoKQ
572=AxSAEnUhBOAMkBM1QCJaUgNEgBxYE1SQFdaxMKADZIAXCCWXQ3SAEjryEGADhJASRgMHKC
573=TgDFgTpUAnQGRWs7KCkAPCgpAD1IAYgXIvwgxDQi/iBOAH2DBSL8IKkBBiIAMqkBByIAMs
574=88BgBDRAhkgQECCgBEyQEDcIIBTgD0A0sPCgBGVQLuqQFHSAFMAiIFOEhJAaBvAQoASUgB
575=Jd0nSkgBfIMBBAoAS8gBTRBMSAFoBVUYTSgpAE4oKQBPKCkAUEgBm6sGAFFJAZx/BgYAUk
576=gBiQwGWvJOAJs9BgBUVALNBVVIAcFyVkgBwQRXSAFgCEEPWEgByS1ZSAHVAlooKQBbKCkA
577=XCgpAF0oKQBeKCkAX0gBjDxygk4AJdk3YVUCgKk4YkgB2X9jSAGLbwYAZCgpAGVJAXmtBW
578=ZIAdkRZ0gBwYhoSQF3oQRpSAHNBWpIAc0FaygrAA8AT5ACSWQQSAEn+Q9PKPoPTwCTCQoA
579=E0AEyQEUSAGQjSJMICcFARZUApQJIk0gT0gKUAF4fycpABlABIhOIk4gTwDFgRtVAox8FS
580=L6ME8A0YIdVAIjeCB6f08Aj34LAB9VAipYClELIEkBMmsBCQAhSAGbBgkAIkgByQwjKCkA
581=JCgpACVIAXQGRQgmKCkAJygpACgoKQApKCkAKkgB3QorKCkALCgpAC0oKQAuSAHJei9IAd
582=kGMCgpADFIAcVgMkgBhVUKQh9PAM1+NFUCRXQUIk0gT17sAABR5TZUApsGBgA3SAEjnDV6
583=f08AhAh5f0/5zDpABNVaO0gBbQkAIv1BT+VgPShVAD5IAZAUen9PAM1dQFQCZIEj/UFPkI
584=Ij/EHYPXt/TwBgYAt7f08A+KF9RVkG6qkBRkkB8akBR0gBaAVVLkhIAYTkeX9Pp2AKAEpU
585=AiNcLXl/T0B4VwUKAExVAlFEAVEfTUgBRAEiAT1OKCkATygpAFAoKQBRKCkAUkgB3W1TSA
586=HFgVRIAZBLIvswTwCGd08GAFZUAp9MBgBXSAHdg1hIAZsyBgBZSAHNEFpIAd1tW0gB1fRc
587=SAHBBF0oKQBeSAHRCV9IASPcJ3p/TwDJOGFUAsUTYkgBl3AGAGNJAXKlE2RIAZxtIkwgJw
588=EGZlQC1Q1nSQGBrQVoSAHVAmkoKQBqKCgAARAAUAAlHTARSAGfgwoAEkgBmAZgfWCxUAEi
589=8y9QAH18CmB9J1UAFkwFkB9ifVAA1f8YVAKYSCLyL1AAhFVjfVAAmEwJRT8bQASMUmJ9UA
590=AldTAdVAKEgWN9UAAubAVifVAAJ6APyAFhfVC0hmF9UERmUwUJACNECJNWCgAkSAFMAnnM
591=JSgpACYoKQAnKCkAKCgpACkoKQAqKCkAKygpACxJAc6pWS1JAcSpAS5IASehD1D5+DAoVQ
592=AxSAEliSIySAHNBTNIAcX6NEgBYH1F+jVIAY0mBl38UKSBY31QAC1BMAFgfagBTQU5TAWc
593=CiKhUVBIK08eBgA7VAKAMGB90DUi8C8nKQA+QQSkSAVFgT9IAcFRQEgB1U9BSAF8A0EEQi
594=gpAENIAWF9AWF9UL2DClOSUAD5vSBGQASbBgoAR0gBjBAi8S9QpBNhfVAkgEJifVAAlA1h
595=fVBQXEAHYX1QRPWJAU1ECCL4MFUNTkgBJX0xT8gBVQJQSAFwglELUcgBVSNSSAEnoA8n+Q
596=RUVAKQS2B9wEZhfVAkQDphfVD5f1hMBcWBWUgBxYFaSAGXZQYAW0gBwXJcSAHNfl1IAUAX
597=YZNeKCkAX0gBxTRgSAHBBGFIAdUCYkgBJ6EPULjtfPwnKQBlQAQlISBmSAGTbAYAZ0gB0Q
598=loKCkAaSgpABGsp2VgEigpABNJAYBYSE0mFEgB2fgVSAGIDCLqLlEAxYEXVAKIDG33Uf14
599=GVQCgEZrelEAmWcECgAbVAKAqWp6UQAn6y5RADKhBB5ABNH7H0gBlHsiPz9RAIl4EWl6Ua
600=RKa3pRAIW1AiNMBZQ5aXpR4UYlVAJ4ClUYJkgB3UwnKCkAKCgpAClIAc0FKigpACsoKQAs
601=KCkALUkBz6lZLkgB2XQvSQHKtQIwSQHEqQExSAHBBDJIAcEEM0kB/6EENMgBTVI1SAEl3U
602=g2SAF9eARpelGJegVoeqkBBmz3qQEHaHqYW2VKO1gGlBhoeidVAD1UApAfIukuUVQhSARv
603=91EAn0UBACLoLsQ0IuguJ9kAQlgGfANBBENJAV9sAWl6Ue1zRVQCwbRGSAF8A1ELRygpAE
604=hIAYAPaHrAD2h6JwUBS0AE1b1MKCkATUgB3QpOSAEldDB0/CV1MFBUApnaCkABtPdZJ1JQ
605=AdVlU0oBlwEjFSRUyAFZoFVIAYhOanpRAIFRB0/3UQCHe0gHAFhABJ14B0z3y04GAFpUAi
606=WZL1tIAdV7XEgBn2IGAF1IAZ9iBgBeKCkAX0gBzX5gSAGXIwYAYSgpAGJIASdLD1EAcmwQ
607=aHonKQBlQATZ+GZIAcUIZygpAGgoKQASvKF9eBMoKQAUKCkAFUkBgWgMc3dSAKR0CX3xUi
608=Q0KHF3UiSAIXzxJykAGlgGIzgjcXdStOlyd1IA2XQdQATZdB5JAaa9Ch9JATJrAQkAIEgB
609=gARyd1IAhDRzd1IAhXgRffFS5UokTAUjkyMKACVIAcG/JkgB2UgnKCkAKEgB2fgpSAHBBC
610=ooKQArSAFoEE1SLEgB1XAtKCkALigpAC9JAcmhcjBJAcCpATFJAcKpATJJAcWpATNJAf9I
611=AQECCgA0yAEBAwYANUkBpXgNffFShXYIcHepAQlwd6kBCnB3qQELcXdSXBNcBnzxfNiJAT
612=xQCUABaXo9KCkAPkgBmBxwd8wmcHfQNXF3UqyfItw9JzEBQ1gGcHdN4URJAfZIF0kORUgB
613=iAwi3D3MEHzxJykASEAElA1wdydVAEooVQBLSAElZS5MSAHVRE1IAd0KTkkB97UNT0gBJZ
614=gvZPfdeFFUAn54BApCAVIAZHZFKVNQAWgBTZ9UyAEBBQcAVUkBKWMLBwBWSAGceHF3UrnB
615=CFN3UgCKZEpxd1Lh9lpMBYh6fPEnSQRcVALJel1IAdVwXkkBcmQIIt5eUgDJb2BUAnwOWa
616=BhKCkAYkgB2QZjSAHZBmQoKQBlSAGE5CIwTifhAWdUAtMJEwBTRIdQASLbLFMAQEQBWTIV
617=VAJoAVE1FsgBVQIXyAFVAhhJAUGtBRnIAVUCGkkBP7UCG0gB1XscSAHBqR1JAZNnogkAHs
618=gBAQIJAB9IAc1zIEkBMmcICAAhSAEjfzwIACJIASNAJHt0UwCURAgBAAkAJFQCagEBCVl0
619=U/F3JlQCI2Q5InlMUyYVLyhVApZ/CgoAKUgB1L0GKgBTAJ4AAAAAEQAArBAAIA8KACsAUw
620=BdAAAAAAoALABTAD5EAUkBLUoB//9PAQoALkoBygOJAS9JAcCpATBJAcWpATFJAcepATJJ
621=Af2pATPIAQEBBgA0SAFcBwIAAAYANUgBASkCAABVAjbIAQECBgA3SQEtVAIBDQYAOMgBAQ
622=4GADnIAQEPBgA6SQEKawgGADsoKQA8SAFwAl0KPSgpAD5IAc0FP0gBwQRAKCkAQUkBoXsC
623=BgBCSAFkAUUIQ0kBPG8BCgBESQH3tRhFSQHyqQFGSAGfCgoARygpAEgoKQBJSAFgCFknSk
624=gBzQVLKCkATEgBwQRNSAHBBE5IAdUCT0kB87UNUEkB7akBUUkBY2cECgBSSgGXAUEpCkIB
625=UwBoAQEHCQBUUAFoAQEICABVSQEpbwUIAFZJAS2pAVdJAaWpAVhJAYtILQEABwBZSQELdw
626=IHAFpIAZcCBgBbSQGAYwQGAFxJAXSpAV1JAXKpAV4oKQBfKCkAYEgBzQVhKCkAYkgB2QZj
627=KCkAZEkBebEJZUgBaBABAAYAZigpABRJGkBYAklDFcgBAQMGABbIAVUCF8gBVQIYSQFBrQ
628=UZyAFVAhpJAT+1AhvIAQEDCgAcSQGTWCdJAR3IAQEECQAeyAEBBQgAH0kBK1gGAQAIACBJ
629=AS6pASFJAS+pASJIAcEEI0kBlHMJCAAkyAFRCSXIAQEFCgAmSAHZaSdJAaNnCAoAKEkBm6
630=kBKUkBnakBKkkBRKkBK8gBSWQsSAFkCEUeLcgBSRcuSQH7qUMvyAEBAQoAMEgBbCZVTzHI
631=AVUCMkkB/UwFRQgzSQGiaAxiclQAdXAEYHKoAQEFBgA2QAR1AgZgcrUCB2NyVACguQY5QQ
632=SeqQE6SAGcV2FyVEwOWwIGADxUAkABXlMAPSgpAD4oKQA/KCkAQEgBxQhBSAGYU2FyVIAI
633=XUFDVAJgckkXRMgBUR9FSAFoIkkORkkB+kwbSQFHSAGfBgoASEgBnwoKAEkoKQBKSAHBBE
634=tIAcEETCgpAE0oKQBOSQH4vQpPSQHqqQFQKCkAUUkB8LUCUkgB3YNTSAF1cAphclSOcwsJ
635=QnJUAJVwCUNyVACJe14IAFdMBYtvCABYSAGIb2By0B9jclQAMWAWYHLECGNyVAB7ZwgGAF
636=1YBsVrXigpAF8oKQBgKCkAYSgpAGIoKQBjSAHVcGRIAXANVS5lKCkAFVAX1QIWKCkAFygp
637=ABgoKQAZSQF+pRMaSAHZBhtIAXRwUUscSAFob1FLHcgBUUseygEIB0lvVUzRQQcHS29VAI
638=xzCQcAIUAEyQEiSAGLbwcAI0gBam8GB0pvVQBoAVEJJdYCCAZJb1WE2U1HJ1UCPlgKTUco
639=SAFohUFGKcgBSWQqSAFob00FK0gBmTIGTeFVUAZJAAZYN7AJVRguQARob00FL8gBUY0wSA
640=Fob1UCMcgBVQIySAHBZzNJAZlMCV0rNEgBcGxRFDXJAQlpb1WBcgppb1X9bThBBJ25BjlI
641=AZBWbeFVQBhYAmhvJ5ECPEAETAKobydVAD5UAtkGP0gBwQRASAHVAkEoKQBCKCkAQ0gBzQ
642=VESAF0cFEfRUgBZClZHEbIAVEqR0kBYnAFa29VAKapAUlUAosMCgBKKCkASygpAEwoKQBN
643=SAF0BlUaTkgB2QZPSAEnLxxVAPG9bVFVAjJxBQlP4VUAjndECQBTVQIztQJUSAHBBFVIAY
644=S4a29VACpgBGpvVQCBBAdKb1UAgARqb1UAhD9ob9knB07hVQCMc2tvVQB/dA1rb1UAd6kB
645=XkgMyQFfSQFytQJgKCkAYSgpAGJIAd1tY0gBdBFdQWQoKQAWRITVAhcoKQAYSQGAvQoZSA
646=HJDBpIAdntGygpABxJAXatBR1IAXxtRUoeygELBlJsVgCBJQZRbFa8THNsVgCaZw8HACJN
647=BTJpAQZRbFaEa1lTJFQCcGxRCSVIAdXIJkgBaAUBAAYAJ0gBaENVRChJAUFYAlVEKcgBUW
648=EqSAGdCgVTfFYAjXEUBVBsJykALUAE1QIuSAGTFAUAL0gBTAl1WjBJASF5BgZDo1YAH6kB
649=MlQCgesGXxpWAJZwBX7bVgDB1TVABH1tDXFsVkhMRARybFYAxc44QARMAmkMOSgpADooKQ
650=A7KCkAPCgpAD0oKQA+SAGTVgYAPygpAEBIAd0KQUgBwQRCKCkAQygpAEQoKQBFSAHZBkZI
651=AdEqR0kBPXgCc2xWAGKpAUlUAowxcGzPGwoAS1QClw0KAEwoKQBNKCkATigpAE9JAfmla1
652=BIAYc0CQBRSAGcYnNsVgD2YARxbFZcMUQPfdtWoGd/21YA+qEEVlkGingycWxWvG1xbFa/
653=bQYAWUAEh3YGAFooKQBbSAGUDXBszFJwbM9SBgBeQARYDmU0X0gBweBgSQFydw0GAGFIAc
654=VrYkgBzQVjKCkAF0Du1QIYKCkAGUgByXoaSAHRCRsoKQAcSAHVex1JAXi1DR5JAXqpAR9J
655=AYWpASBIAYBRe2lXAJl4DXlpV1RVTAF5aVdEyYkBJEwFxcMlSQGWUAJNaCZIAdFWJ0gBcA
656=JVAihJATJvAQUAKUkBjXUNBU0rV6AweWlXXGhEBHtpVwCHoQQtTAUj2SEFXQRXvDZ5aVdY
657=ZI0FMEEEImwFeWlXSAJJAAZANScpADNABMlkNEgBWANhMDVIAZBLeWlXKDgNJykAOEAEzQ
658=U5KCkAOigpADsoKQA8KCkAPUgB3Qo+KCkAPygpAEAoKQBBSAHJIkJIASNPIAUAQ0gB1YZE
659=SAHRCUUoKQBGSAHFE0dIAXhpAQEGAEhJAV94AiK6KFcAI1w4eGncIHhpJykATEwFaAVZHk
660=1IAYsMCgBOKCkAT0gBhxMJAFBIAZRaemlXACM8KXtpVwDvtWVTQAQjECl6aVcAIxApeWlX
661=UDBQDCL/NlcANkYBAAdEBckBBkzWxD97aVcAfKk4WkkEdqkBW0gB0UtcSAHRS10oKQBeSA
662=HdTF9IAcVgYEgBzWhhSAF8DlVPYigpABhID9UCGSgpABpIAcFyG0kBda0QHEkBLHMFBgAd
663=SQGItQIeKCkAH0kBMKEEIEgBZAFZHCFIAc1oIkgBkBQisSdY8fAkVQKfcwUGACVIAZBsIr
664=EnWEQyWAJ80CcpAChABCMELWFnWKhvYWdYvPxiZ1gAkHdjZ1gAI7EULVgGI6QgY2dYACd0
665=AmNnWAAoRAwBAAUAMEEEJHQCY2dYABmpATJVAh+pATNIAYhDfNAnOQI1KFUANkgBbAldKz
666=coKQA4KCkAOSgpADpIAcUTO0gB2QY8SAEjtyIGAD1IAdUCPigpAD8oKQBAKCkAQUgBzRtC
667=SAGYBmBnJ20DRPcCBgBFSAGPywYARkgBjwUGAEcoKQBISQFfWQIBYmdYAJw2Y2dYAJxUAk
668=EyS0AEiDh90FivlAoATVQCnEFgZ9syCgBPVQKJeCdhZ1jhylFUAphIYmdYAJgGfNDYBmFn
669=WPVlVU0FNmEPB1m+WKFnBlVXWFyfWAJhZ1j1ZVlNBXJ0DX7QWADRVltUApQYf9BYAJtUBk
670=U0XVQCJQ0uXkgBcAJVAl8oKQBgKCkAYSgrABkAWYgFTQUaSAHRbBtIAdFsHEgBlE9oZM8F
671=BwAeVAKULiI8NCdVACBVAjJ7CQYAIUgBj8AGACJIAdXpI0gBk40GACRIAdUYJUgB2X8mSA
672=GMMWlkWVAzVQkGRFonKQApQATVZSpIAYgtaWRZXF1MBWpkWQDdxS1ABM0FLkgB2cwvSAEj
673=kERpZFn5zDFUAtkGMkgBSAl1yDMoKQA0KCkANSgpADYoKQA3KCkAOCgpADlJASGpODpJAR
674=epATtJAR+pATxIAdUNPSgpAD5IAc1zPygpAEAoKQBBSAHNG0JIASMoTWhkJx0ERFUCoGAL
675=aWRZvPxoZNA1aGQnKQBITQVgbAVpZFnlYEpUAowmbMsnVQBMVAKEomhkxQgLTstZACNIJW
676=lkWSQoIWlkWfFhUfgGaWRZJKgmImxQ2AZqZFkAjH4ibFDIAWlkWSQoQmtkWQCArSZYUQly
677=qQFZKCkAWigpAFtIASXVMVxJAXatBV1IAXUcACKoJssXBgBfKFUAYCgrABoAWogFTQUbKC
678=kAHEgBJzMMWgCkaARxYVq8K3FhWri2InFAWrwgcWFavLpzYVoAfrkRI1AJzTwkKCkAJUgB
679=JTkjJkgB1acnSAFwDVkRKEgB2QYpSAHVAiooKQArSQElqQwsSQEcqQEtSQEbqQEuSAGILX
680=3FWqDKcWFaQG1ZCQVaFloAyccyTQUduQYzKCkANEgB0Qk1SAFRBgBFEzZIAd0VN0gB1QI4
681=KCkAOUkBILEJOkkBGqkBO0gBzQU8KCkAPSgpAD4oKQA/SAGXLgYAQEkBmn8GBgBBSAFkAU
682=0QQigpAENIAcVgREgBxYxFSAHdpEZIAdkGRygpAEhJAWBYAp/FWgCDcBR8xdQ5cWFasI19
683=xVq8unFhWiSUP33FWrC5cGHfQQoAUFwKI3clCgBRSQHsInQlIqJcWgAl+VxTVgKVAUQPcm
684=FaAGkBAXBhqQECcGGpAQNyYVoAnK99xVomrU1ZRAjdYlooKQBbKCkAXCgpAF1IAd1iXkgB
685=WA5pOF8oKwAbAFuQAlEqHEgBiKZtwFuppgZNwFu06XteWwCYdAV5XlskSDsifTFbJkEkIk
686=QIJfklI0gBwQ8kSAHJWSUoKQAmSAHJZCdIAXgKTRAoKCkAKSgpACooKQArKCkALCgpAC1I
687=Ad26LkgBJ9sLWwAmYDt5Xlsm1TExQAQlkS4yKCkAM0gBJb0uNEgB3WI1SAHFuDZIAdEUNy
688=gpADgoKQA5SAHZBjpIASfYCyd9BTxUAsUIPSgpAD4oKQA/KCkAQEgB3eZBSAEjDCMiOVpb
689=JDsjBgBDVAIlTSBESAHNXUVIAckMRigpAEcoKQBISQFeZARtwFskwCl4XtMUCwBLQQQyoQ
690=RMSAGY+HleWyR0RnhexD94XtgGeF4nKQBRWAYlpUxSSAEn2QtbjV0EeF6pAQUifDGoAQEG
691=BgBWTAVxYQd5XlsmOURYVALFSllJAXJ0OSKaJFsAyQFbKFUAXCgpAF1IASVlI15IAXwZU0
692=scAFyEAUkBHUgBzV0eSAGEPyI9SlygD2NcXAAydAV9ulygfX26XPVwI1kGcrkRJEgB3dAl
693=KCkAJkgBwQQnSAHRYShIASMTKQYAKUgBhe8GSOInZQIrVALZqyxIAWgQXRUtSAGJWQZJEV
694=xIt1wCfbpcpM5hXFwmdTAxTAWJDAVFGFxYDI0FM1UCOEQBAQAFADRIAcVgNUgBkx8FADZI
695=AXwDVQ03SAHFdjhIAdUCOSgpADpIAdkRO0gBwQQ8KCkAPUgBj+8KAD5IASMLUwoAP0kBUH
696=EFCl26XE2lACLldUFUAnACQQ9CKCkAQygpAEQoKQBFKCkARigpAEcoKQBISAFgXJ26XKx+
697=YVxcvJl9ulwkrCF9ulyw+2FcXLD7Y1xcAPi5tk9QCcW4UCgpAFFIASPUPH66XAAlQWZTVA
698=Ij1zwKAFRIAWhZAQkKAFXJAQpjXFwAgKFGV1QCwUZYSAHVRFkoKQBaKCkAWygpAFxIAdVa
699=XUgBzyYdAF2FAQBttV2kHmlZXaQeImlVXaQeaVldJtUxIlgGwQ8jKCkAJCgpACUoKQAmKC
700=kAJ0gBJYUyKEkBg6EaKUgBI5wqaVldr1IGACtUAogTIvxiJ5ECLShVAC5IAQonAgAAAAYA
701=LwBdADEAEQAAsA8AIAcAAAAFADAAXQApRAFIAQIxAF0AMKkBMkgBZAEBAAYAM0kBMW8BBQ
702=A0SAHNBTVIAc0FNkkBCmMEBgA3KCkAOCgpADlIAXwDUQk6KCkAOygpADwoKQA9SQFfcwUK
703=AD5KAfQDTwEKAD9JAe6pAUBJAVBQAgEECgBByAEBBQYAQkgBUQIASQxDKCkARCgpAEUoKQ
704=BGKCkAR0kBWn8GCgBIyAEBAQoASUkBprUCSkkBL6kBS0kBLqkBTEgBZAEBAAoATUkBo28B
705=CgBOSQGeqQFPSQHzvRVQSQHtqQFRSAF8A1kGUkkB9bUCU0gB1QJUSQFObwEKAFXIAQEBBg
706=BWSAFwAk0bV0oBewJTAQYAWEkBcqkBWSgpAFooKQBbSQF5oQRcSAFQBncjHgBehAFRCR9I
707=AY8bBgAgSAGPGwYAIUgByQwiSAHJDCMoKQAkKCkAJSgpACYoKQAnSAHBDyhIAckMKUkBjL
708=kRKkgB1Q0rSAGfEQYALCgpAC0oKQAuSAHRSy8oKQAwSQGgfwYGADFIAZcuBgAySQEstQIz
709=SAGFVQZTVl4ALbUCNVUCpKkBNkkBmqkBN0gByQw4SAHdCjlIAcEEOkgBaAVNJjsoKQA8KC
710=kAPUgBcFZNRz5IAcU/P0kB8a08QEkBY2gIc1ZeAFSpAUJUAmgBWQZDSQFTtQJEyAFVAkVJ
711=AVK1AkbIAVUCR0gBcVYCclZeAMlkSVQCyWRKSAF0Bl1MS0kBC28BCgBMSAGYHHBW0EBwVi
712=cFAU9BBOq9FVAoKQBRSQHstQJSSAHBBFNIAdUNVEgBZAxVDVVIAXxXTXNWyAFNc1dJAX+l
713=P1hIAcVKWSgpAFpJAXWhBFtIAZAJAQYAHwBoKlABeFMnKQAhVALRCSJIAdEJIygpACQoKQ
714=AlKCkAJkgBzVInSAFUCnFhKCgpAClIAYMlBgAqKCkAK0gBzQUsSAGZJwZVSV9QHV8CBgAu
715=KFUAL0gBzUcwSQGZXANBRjFIAc1SMkgBiKZsqsEaB1lTX0xYUwUGADVABMVVNkkBn1ACRQ
716=g3SQGYqQE4SQGbqQE5SQGdqQE6SAFkAU0FOygpADwoKQA9SAGAPm+qXwD5tTk/VAKfFQoA
717=QEkBnGgIelNfAJlpCk+qXwD4rQVDQQTwqQFESAHFP0VJAaK5BkZIAc0FR0gBwUZISAHBRk
718=lIAdFhSkgBdAZNKEtIAZAqeFPQKnhTJykATkEE96EPT0kB76kBUEgB3QpRKCkAUigpAFMo
719=KQBUSAHdFVVJAU9lDwpOql8AaAFZq1dUAnACWSdYSAHRS1lJAXetUlpIAc9HIABgiAVNBS
720=EoKQAiSAHJpiNIAc1SJCgpACVIAcFcJkgBiwgGACcoKQAoKCkAKSgpACooKQArKCkALCgp
721=AC1IAd2ZLkgBizgGAC9JAZZtDAZX+WAAmakBMVQCybEySQEztQIzSAGYU2FRYERbWQIHQ1
722=FgAImxHzZABJzbcPsnMQE4VAJEBW1oOSgpADooKQA7KCkAPCgpAD1IAWBRUZg+SAGIF3D7
723=3ApgUdwrYVFgQERQDGBRJykAQ1gGTQIASQNESAHNR0VIAZMUCgBGSAHdV0dIAcmxSEgB0f
724=BJSAHFCEpIAcUISygpAExIAcEETSgpAE4oKQBPKCkAUEgByQxRSAHNUlIoKQBTKCkAVEgB
725=xWBVSAHJDFZIAWBRSaZXyAFJplhIAYMEBgBZKCsAIQBhkAJVTyJIAcVVI0gBxVUkKCkAJS
726=gpACZJAXq1OSdIAYsIBgAoKCkAKSgpACooKQArKCkALCgpAC0oKQAuKCkAL0gBgDBqTmEA
727=zZQxVAKMMWvzYQCDrRAzVAKAUWlOYUSoQBJpTmH5oDZABNmgN0kBpVwDRR44SAFkAUkBOS
728=gpADooKQA7KCkAPEgBZORVRD3IAYtOYQD2oYg/VAKcCmhO0CppTmFEBlAMaE4nKQBDTAXV
729=REQoKQBFKCkARkgBUAZtUkdIAdmVSEgB2T1JSAHBBEooKQBLSAHdCkxIAcEETSgpAE4oKQ
730=BPKCkAUEgByQxRSAHFolIoKQBTSAHBD1RIAd0KVSgpAFZJAUx7AgoAV8gBWaBYSAFwAl8r
731=IgBihAFJASMoKQAkKCkAJSgpACYoKQAnKCkAKCgpAClJAVZ5CQpB62JCrwAATTErVAIlZS
732=MsyAFVAi1IASJsL1UwLsgBRRMvSAFgCFkRMEoBlwFECCLeJ2IAaQECcUtiRJ1IBGLrYgAn
733=PxNiAIdoTnFLYumbNkQIIzQzf5liAIZjBAYAOFUCmL0KOUgBSAlpmzpIAckXO8gBURQ8SA
734=FwSwECCgA9SAEl+SU+SAHFjD9IAYQIcUtiTBlQAXBLJykAQkAExT9DKCkARCgpAEUoKQBG
735=KCkARygpAEhIAVQKaU5JKCkASkgB3QpLKCkATEgBzQVNSAEjkCMi3CfNPApc4CcpAFBABM
736=0FUSgpAFIoKQBTKCkAVCgpAFUoKQBWSAFwS1UjV8gBAgMGACMAI/QrcSokKCkAJSgpACYo
737=KQAnKCkAKCgpAClIAWwxXQoqSAHJxytIAZXeClU+YybhIi1UAtUYLkgBZEpZqy9IAWBGWR
738=EwyQEEeUhjmEgBBQcAMlQCI88wBwAzSAEjqCZslMkXCFniY6+UBwA2QATNBTcoKQA4SAF4
739=SF0KOcgBUbk6SAHJFztIASXNJTxIASN8MXpIYwDJej5UAicYCcAPeEgnKQBBQATNPEIoKQ
740=BDSAHFHkQoKQBFKCkARkgB2QZHKCkASCgpAElIAcUISigpAEsoKQBMKCkATSgpAE4oKQBP
741=KCkAUCgpAFEoKQBSSQEhf20KAFNJARupAVRIAcEPVSgpAFZJAU14AgIKACQAZCbBNCXIAV
742=VwJkkBVaEEJ0gBzYkoyAFBBClJAVyhBCpIAZOCCgArSQGIoQ8sSAGZzApOg2QA3WIuVAKT
743=LQoAL0gBYkYGClWLZJZEBwlAQKoBCAhBRmQk60QIADNMBZ9BCAA0SAGcCmFGZFxSURAIQE
744=YnrQA3QATNBThJAZlcjgEACQA5yAFJFzpIAckXO0gBIx8wCgA8SAEjxC9hRmRQCkgAIkIv
745=ZAAlBSI/QAQl4S1ASAEl0StBSAFEBWmFQkgB0UBDSAHVAkRIAdUCRUgB1QJGKCkAR0gBwQ
746=RIKCkASSgpAEpIAdkGSygpAEwoKQBNKCkATigpAE9IAd1BUEgB3UFRSAHRCVJJASCxNVNJ
747=ARqpAVRIAcEEVSgrACUAZZACWa0mKCkAJ0gBxT8oSAGVvQpONmUA0UAqVAKAfWhDxQgLTz
748=ZlAIq1DS1ABMUILkgBgTsKSUNl4UYwVAJ1RAppQ2WWRAsJSUNlWAxHEgkAM0AEmQYJSUNl
749=UOBUAmtDZQAoRQEAaUNlRA5PAQkAN0wFiUMJStJlAGlDAmpDZQDVhjpBBJhIBVkcO0gB3U
750=E8SAFwAlUCPSgpAD5IAdmKP0gBJaUgQEgBJXkgQUgB2QZCSAHNPEMoKQBEKCkARUgBzQVG
751=KCkARygpAEhIAcUISSgpAEooKQBLSAHFCEwoKQBNKCkATkkBJbUuT0kBF6kBUCgpAFFJAR
752=m1AlJIAcEEUygpAFRJAR+jBCYAZpANSSInSAEjwSkKRS5mXDFAA3BAwQQLSTJmtTkLXIMn
753=VQAsWAYjpCB9g2ZIgJkGLihVAC9IAYA7fYNm5TQxVALdujJJATJUBlV7M0gBI8hLcUBmUI
754=hYAnBA3ApxQGZUSlQCckBmACOkTHBA3BVyQGYAxYE6UAnFPztIAVAGdXs8SAHBMD0oKQA+
755=SAHBBD9IAcEEQEgB1QJBSAHVAkIoKQBDSAHBBERIAcEERSgpAEYoKQBHKCkASCgpAElIAc
756=UISigpAEsoKQBMKCkATSgpAE4oKQBPSAHZf1BIAdk9UUkBHK08UkgB1QJTSQEetwInAGec
757=DkU/KEgBxT8pSAEjzDsiGCrABHk9Z+U/LEAEjcALWMEngQAuVAKVCQtXM2cAi6kMMFUCo3
758=kCCkU5ZySFPQpMfsAEbX5nWA9EBHg9JykANVgGhSkJWMHIDHg9JykAOEEEhWgMez1nAKVA
759=CFkIOlQCZAFJATtIAYQIeMHcCnjBJykAPkAEzQU/SAHNBUAoKQBBKCkAQkgBzQVDSAHNBU
760=RIAdUCRUgB1QJGKCkARygpAEgoKQBJKCkASkgBxQhLKCkATEgB1XtNSAHdeE4oKQBPSAHV
761=OVBIAdW9UUgB0QlSSQEmdCN9eGiQAksiKQBoSDNUAWE7aPV7K1QCTQIAVTssSAGEuGE7aF
762=A7XwILAC5UAtk9L0gBwX0wSAHJejFJAaFIBUkMMkgBgARgO8QIYDvPEAkANUAEgCVhO2hE
763=BlwGYTto/bo4QASYzGA72wYKADpUApsGCgA7KCkAPEgBXAdpej1IAcEEPigpAD8oKQBAKC
764=kAQSgpAEIoKQBDKCkAREgB3QpFSAHdCkYoKQBHKCkASEgBzQVJSAHNBUooKQBLSAHBBEwo
765=KQBNSAHFdk5IAdU5TygpAFBIASdgBycfBCkAaYwJQScqSAHFditIAcV2LEgBlAJpOGlMN1
766=gFaThpWDuJAS9ABIStaLHABG1zae1oMkAERAVxKjNIAdU5NEgBIyAgaThpqENoONgRajhp
767=AMFyOEwFxQg5KCkAOigpADtIAcElPEgBzQU9SAHVAj4oKQA/KCkAQCgpAEEoKQBCKCkAQ0
768=gB0QlESAHRCUUoKQBGKCkARygpAEhIAdkGSSgpAEpIAcUIS0gBwQRMSAElJSZNSAHdNk4o
769=KQBPKCkAUEgBx60qAGqACF02K0gBhDQiITZq9XAtVAKEBHA1zAVhqWooIxVqAKZkBHA1wA
770=RhqWpIClkCCkAJJykANPEJCl1takCvQARxNWokLCdxNWq09HzmJzEBOSjZADpIAdEfO0gB
771=XAd9QTxIAdUCPSgpAD4oKQA/SgH//1QFIiI2agDJAUFUAkwCZQhCKCkAQygpAERIAd0KRS
772=gpAEYoKQBHKCkASEgB0QlJKCkASigpAEsoKQBMSQEkuaBNSAHN4U5IAd02T0gBxzQrAGuY
773=ClkpLEgBxTQtSAHFay5IAYQEeTJrsCptaGuwYXkya7BseDInMQEzWAbNGzQoKQA1KCkANk
774=gBnwoKADcoKQA4KCkAOUgBxQg6KCkAOygpADwoKQA9KCkAPkgB3Qo/KCkAQCgpAEEoKQBC
775=KCkAQ0gB1Q1EKCkARUgB0QlGKCkAR0gBzQVISAHBBElJASO1LkpIAdUCS0kBJ7UCTEgB1Q
776=JNKCkATkgBz9YsAGycA00xLUgBzTEuSAHNMS9IAScRE2y0nGAwJ9kAMkAE1Q0zSAHRFDRI
777=AYALfWJsVAtTAQoANlQCwQQ3KCgACzgAbAAKAAAAAAoAOQBsEQAAPAaUDAkACgAAAAAKAD
778=oAbACDAAoAO0gB1QI8KCkAPUgBwQQ+SQGgbwEKAD9JAZqpAUBJASypAUFJAS2pAUJJAaap
779=AUNIAWQBSQ5EKCkARSgpAEYoKQBHKCkASEoBIQJDBwoASUkBF6kBSkkBH6kBS0gBWQMAXQ
780=pMKCkATSgrAC0AbZwDQQQuSQEvcwEKAC9JAS6pATBJASWxCTFJARupATJIAXwDWQYzSQEj
781=tQI0SAHVAjUoKQA2KCkAN0gB2Sc4KCkAOUgB2QY6KCkAO0gBzQU8KCkAPUgBzQU+SQGjbA
782=FrLW0AnakBQFUCg7kRQUkBMbUCQkgB1S5DSQGitQJESAFkAVUYRUkBC28BCgBGSAFkAVUC
783=RygpAEhJASC9CklJARqpAUpIAc0FSygpAEwoKwAuAG6cA1EJLygpADAoKQAxSQEksQkySQ
784=EZqQEzSAHVOTRJAR21AjVIAcE7NkgBgwsKADdIAcElOCgpADlIAcEEOkgBwQQ7KCkAPCgp
785=AD1IAckiPkgB2QY/SAHRVkBJATB7AgoAQUgBgyULAEJJAYulE0NIAc0xREkBnq0FRUgBZA
786=FRH0ZIAdlIR0gBwRpISAHZHEkoKQBKSAHdIEtIAcceLwBvjAlRCTAoKQAxKCkAMkgBxTQz
787=SAHFNDRIAZ8GCgA1KCkANkgBySI3KCkAOCgpADkoKQA6KCkAO0gB0Qk8SAHBfT1JAZZ7Ag
788=oAPkgBzX4/SAHBUUBIAYUpC1onbwCAUXonbwDZU0NBBIilKURIAYMECgBFSAHdg0ZIAWQM
789=UR9HKCkASEgBxR5JSAHFKUpJAR6zCTAAcJQGWQYxKCkAMkgB2QYzSAHZBjRIAdV7NUgBnw
790=YKADZIASegBCcxAThUAsEEOUgBwQQ6KCkAO0gBwQQ8SQGfbwEKAD1JAZupAT5IAcV2P0gB
791=J6MEcAAoYARhJXC0I2ElcO0mQ0wF1U9ESAHZJ0VIAc0mRkgBYAhFHkdIAclOSEkBHKkiSU
792=gB1yMxAHGIBU0FMkgB1XAzSAHNBTRIAdUjNUgBwVE2SAGcBmhvJwUBOChVADlIASdJBHFU
793=C1QFaMcnrQA8QQShUAJJAz1IAYhDb0dxAIaxFD9UAt1tQEgBlLJrInEAK3gGaiJxAIO0Cw
794=BDQQQydwIKAERJAYylCEVIAYAEfJkn4QFHVAJoBUEPSCgrADIAcpACVQIzKCkANEkBJrEJ
795=NUgBhAR8QSetADcoVQA4SAHBiDlIAc0FOkgB3SA7SQGkewIKADxIAcU/PUgBxT8+SAGdIA
796=td5nL5PUBUAs0bQUgBzRtCSAGdIApRH3K8IHIfcgCIQ2BnJ5ECRkwFfA5NG0coKwAzAHOQ
797=AlUCNCgpADUoKQA2SAHVezdJAZh3BQoAOEgBwX05SAHVnDpIAXwDUQk7SAHNEDxIAYAael
798=5zANU5PlQCwVw/SQEqfwYLAEBJAYmpLUFIAc1+QkgBxQhDSAHBXERIAXQGVQ1FKCkARigr
799=ADQAdJwDQQQ1KCkANkgBwbQ3SAHVGDhJAZl3BQoAOUkBKEwQAQIKADrJAQNwVicxATxUAo
800=BRYxp0ADO5Bj70An02dKwxYRp0sHd9xXT1WkJNBTi5BkNIAdlTREgBcAJdFUUoKwA1AHWQ
801=AlUCNigpADdIAdUYOEgB2Ug5SAFpFwtqF3UAaQEMaBepAQ1pTnXpQz1MBdUYPkgBxUo/KC
802=kAQEgBzRtBSAHVT0JIAd0VQ0gBiBNoTimRAnaQAl8VNwB2jRASYEapARN8K6kBFHAUqQEV
803=cBSpARZwFKkBF3wrqQEYcIKpARkikCOqARoKQkZ2ANUYQVQNxRNCSAGQEHxiKTkCd5ACRx
804=M4AHeFExx4EakBHXgRqQEeeBGpAR94EakBIHgRqQEheBGpASJ4EakBI3gRJ4kBQUgMmw0K
805=AEIoKwA4AHiQAk0QOUgBZTQmYQ94mREnYA+pAShgD6kBKWAPqQEqYA+pAStgD6kBLGAPJ1
806=0BQVwKjAxtG3mEAVYNOgAnKQA7SAFhDzFpDHmBDzJoDKkBM2gMqQE0aAypATVoDCcHAToA
807=ev0KOygpADwoKQA9SAFpDDxxCXqJDD1wCSnZAHvmCDwAJykAPSgpAD4oKwA8AHzsBQg9AH
808=wAAAAAAAAKABEAAA==

[Lighting]
Red=1.000000
Blue=1.000000
Green=1.000000
Level=0.014000
Ground=0.000000
IonRed=1.620000
Ambient=0.790000
IonBlue=0.340000
IonGreen=1.250000
IonLevel=0.000000
IonGround=0.000000
IonAmbient=0.500000

[Map]
Size=0,0,65,60
Theater=TEMPERATE
LocalSize=2,4,61,49

[Neutral]
IQ=0
Edge=North
Side=Civilian
Color=Grey
Allies=Neutral
Credits=0
ActsLike=0
NodeCount=0
TechLevel=1
PercentBuilt=0
PlayerControl=no

[Nod]
IQ=0
Edge=North
Side=GDI
Color=DarkRed
Allies=Nod
Credits=0
ActsLike=1
NodeCount=0
TechLevel=1
PercentBuilt=0
PlayerControl=no

[OverlayDataPack]
1=BQAAIP4AIACAmQAAIP5EAACDBgcG/vcBAIIGBgADhgcICwoIBP/1AUoA/gUACoYACAoLCw
2=j+9AEAgQf+BAALhAoHAAgABoEI//MBRgCBBgP5E/sCABIC//IBSAIx+YIKCv/7AUYIQf4W
3=B/7xAQCHAwYHBwYAB0YG/vkBAIUHCAgKC//zAUoMZAcGCYEK//gBRgBUA/7+AQDAPgL+/g
4=EABgT+tQcAgOAAACD+UAAAgQP+/wEAggcH/vwBAIQBBgcH//4BUACBCP//AVIAgggG/vwB
5=AIMGCgr/+wFRAoUEAAgLCAAG//gBVQqGBwoKAAgK/+kBUQiCDg7+AwAAgQ3JRAiBCv4EAA
6=v/6AFQBogIMTAZAAcyGcxBEIEK/+4BUAiBEf4NAAACAAgB/9wBUgTZVBSBBv4DAAiBB//f
7=AVIM2FACgwMHCMkxGIEG/9QBURYL44EI11sYyTMagQf/1AFQCoEDGeLfUhACCIMECAr/1Q
8=FSEAIBf+L+BAAw0jwIhgcABwAICP+kAVsYgEYBACD+MQAAhwcKCwgAAAT+BQAA/gYAMP4Q
9=AACIBgoLCggGBgRAJf7QAQCDBwgK/gQACIIEDck5AMlBAIEI/gQACv4EAACBAf7WAQCCCA
10=D+BAALggcyQf9wB1P/hQoACAgG/toBAAHh/gMAC4UICQQwGHIA/goAAIEE/gMAB4MACwf+
11=2wEAgQj+BAALB+OBAyYCIgD+DgAAAiEIJP7ZAQCBByIAggcZ1TgACgESH//dAVsGhAoIMB
12=j+CAAAzUMKIiCCCwj/1gFcABfhgQgAAv4NAADLRQwUAAIi/9oBWgQSBYELzDkOyigQgQgW
13=Av/aAVoKH9nbXAL/3gFXEN8TEAQB/9wBWAjeNxTAMQL/3AFYBt4UDgH9ggQEwjwI/8kBbR
14=DMXBiBDNs4GCAu/80BXBgr93/kf//+GgAA/80BXRoP9+1bEv+jAVsSgBsBACD+KwAAgQb+
15=AwAIggcG/isAAIMDBAP+zgEAgQj+AwAKgQjpMAD+zgEAhwMEAAgLCwr/+gEyAoMAAAf+Aw
16=ALgQj+HAAAgQT/3gEzBAQAzjEEyl4AgwYHBP7bAQCBBBIAggsH1hQEEiL/3gFSBIEKyzAG
17=gwgxGcglDIEHHCT/3gFRBhIByTMIgQX+CQAAggEGHB/cMQb/wwFtBoEA1jIKAgGDCwsA/9
18=wBMgQH4RQB1lIOFh7/3AFRDoEEB+MSANNSCIMBBgf+BAAK/9wBUAwn44EK1jQKgQQqBP4D
19=AAf/2AFSCMEvBNc0FsY/CIEG/9UBVxaBAynhgQjLQgj+6QEAgQEJ/BIA0zQY/+MBNBqCAw
20=MoANIyHOovAP6MAQCAngAAIP4uAACFBAYABwb+EwAAgwcKCP7lAQCBAyADzh4AhQgKCwoI
21=0TIA/uYBACIAgwoICNIxAP7lAQCIBwoKAAoLCwr/+gFNBIMICgr+AwALgQf+8QEA/gMAME
22=QC/gQAC//mAUgAyzUKQgGBCCIAgQT/9AFSCCIBgQT+AwAI//EBTATIPg4CAv7zAQDJPxD+
23=9gEAWAD+9gkAgwMGBv6+AQCA/wAAIP5AAAD+AwAI/gMAB4EE/vgBAIMEAAr+BAALhAgABg
24=b/9gFKAIIHB/4GAAqDCAcD/vEBAAHyAAOCCAoUBIEK/vMBAIEHJfSBCP4DAAoCAP/yAUkC
25=hwcKCAAABggoAf/yAUcIgQQB+YMKCAgABRP//+wBRwaHAwYHBgMAB/4IAAuBCgYCDAKCBg
26=H+6QEAgwYIBxX+/gcACwANEgD/7wFPBE/5DfiBBg4FggoK/+oBSQqBA8JIAgHzEf8ECSQS
27=/+wBSQqBB8BBAAn5/+8BRAzKKRAL9oEAAgGCCgj/9wFGAIEIDfYIAYEKCAf/9gFKAhQCd/
28=//9AFJBsFGBP/DAUUAgAwAACD+OQAAggYG/sUfAIAFAAAg/gAgAIAFAAAg/gAgAIAFAAAg
29=/gAgAIAFAAAg/gAgAIAFAAAg/gAgAIAFAAAg/gAgAIAFAAAg/gAgAIAFAAAg/gAgAIAFAA
30=Ag/gAgAIAFAAAg/gAgAIAFAAAg/gAgAIAFAAAg/gAgAIAFAAAg/gAgAIAFAAAg/gAgAIAF
31=AAAg/gAgAIAFAAAg/gAgAIAFAAAg/gAgAIAFAAAg/gAgAIAFAAAg/gAgAIAFAAAg/gAgAI
32=AFAAAg/gAgAIAFAAAg/gAgAIAFAAAg/gAgAIAFAAAg/gAgAIA=

[OverlayPack]
1=BQAAIP4AIP+AcQAAIP5EAP/+AwB//vcB/wH5/ggAf//2AUoAIfqDf3+T//sBRwKFk3//k5
2=P/9gFFAhH+/gMAkwIA//cBRQYT/v4HAJP/9wFJCDYDIf//9wFLBCAG//cBRgTKNwT/+gFL
3=Dv/8AUIAxjgC//0DShIWBP61B/+AgwAAIP5QAP+BZv7/Af+CZmb//gFUAP4DAGb//gFTAP
4=8AAlIA/wECUQL//AFWBBH///kBUQoj/f/8AU8K/gcAZv//AVQC/wACURD/3gFPAtlUFP/k
5=AU4S2FAWzE4W/9UBUBbbTRbLThj/0wFbGORMFgAi/9gBThbKLxz+BAB+1DwI/6gBTg6Awg
6=AAIP4xAP/+BABmAAb+BQD//gYAftEhACAmMCX+0AH/Yd/JOQDJQQBgHv/WAVwAAddh4v4E
7=AH7+AwCyyj8AI/pCH//cAV0AE98iAIGnEgDMJwD/3AFXBGYCNAMkANEjAP/hAVoE1TgAyj
8=QK/9kBYQj+CgD/zUMKyjIC/+IBYgoyAv/sAUkKz1kC0kYM/+wBWw7RJA7++gH//wECVxL/
9=3gFVBOA2FEAF/80BixTu/hn/zgFaFu9dGv/PAVwY7lsY/6MBXRyAnAAAIP4rAP/+BgBm6w
10=AA/s4B/+4rAP/QAV8AMgL++wH/3i8E/98BMgTeLQL/3gExBP4HAGbWFgpABP/3AVUGSCD/
11=9wFSCv4JAGb/3wFRBNNPCCX7If7/3AFRDgHb2zAK/98BTg4z4NVREv4KAGb/+gFVCP/fAS
12=wE31AUIB3/1gFWFlP9//YBMwRZ/NM0GoF//+UBSgLWTgyCf3/+twH/gIEAACD+LgD/gmZm
13=EAP+EgD//gMAf/7lAf8B/NAyAP4HAH/++QH//gQAf4GT//0BRgICAIH/IgL/+wFOBIKTk/
14=/0AUwG/gMAflYEEgH/8wFQCHIB//IBSwb+AwB+/gMAsiIB//UBRQISAIGnMgACAv7zAf90
15=AP74Af9YAP72Cf//wQFMDoClAAAg/kAA//4HAH/++AH/gX9CAQAH//YBSgD+AwB/gpOT//
16=cBQQCBZhQAE/r+AwCT//QBSQKCZmY0AzQB//MBSwYUARH///QBRQj+BQBm/gcAfxIB/+8B
17=TwowBiIBFgL/7QFGCiX5/gsAZiwG/+8BTwRUAVH//+8BSg5h/sU5BP/wAU4KyjkU//QBSg
18=pCB/72Af9SAcE7Bv/5AUAW//oBPBhyAv7BAf+ADAAAIP45AP+CZmb+xR//gAUAACD+ACD/
19=gAUAACD+ACD/gAUAACD+ACD/gAUAACD+ACD/gAUAACD+ACD/gAUAACD+ACD/gAUAACD+AC
20=D/gAUAACD+ACD/gAUAACD+ACD/gAUAACD+ACD/gAUAACD+ACD/gAUAACD+ACD/gAUAACD+
21=ACD/gAUAACD+ACD/gAUAACD+ACD/gAUAACD+ACD/gAUAACD+ACD/gAUAACD+ACD/gAUAAC
22=D+ACD/gAUAACD+ACD/gAUAACD+ACD/gAUAACD+ACD/gAUAACD+ACD/gAUAACD+ACD/gA==

[Special]
IQ=0
Edge=North
Side=Mutant
Color=Grey
Allies=Special
Credits=0
ActsLike=0
NodeCount=0
TechLevel=1
PercentBuilt=0
PlayerControl=no

[SpecialFlags]
Inert=no
FogOfWar=no
IonStorms=yes
MCVDeploy=no
Meteorites=yes
Visceroids=yes
FixedAlliance=no
TiberiumGrows=yes
InitialVeteran=no
HarvesterImmune=no
TiberiumSpreads=yes
TiberiumExplosive=yes
DestroyableBridges=yes

[Structures]
0=Neutral,TIB1SPWN,256,58,109,64,None,1,0,1,0,0,None,None,None,0,0
1=Neutral,TIB2SPWN,256,68,20,0,None,1,0,1,0,0,None,None,None,0,0
3=Neutral,TIB1SPWN,256,81,72,64,None,1,0,1,0,0,None,None,None,0,0
4=Neutral,TIB1SPWN,256,86,51,64,None,1,0,1,0,0,None,None,None,0,0
5=Neutral,TIB1SPWN,256,79,39,64,None,1,0,1,0,0,None,None,None,0,0
6=Neutral,TIB1SPWN,256,52,50,64,None,1,0,1,0,0,None,None,None,0,0
7=Neutral,TIB1SPWN,256,50,72,64,None,1,0,1,0,0,None,None,None,0,0
9=Neutral,TIB2SPWN,256,68,99,0,None,1,0,1,0,0,None,None,None,0,0
10=Neutral,NEGLAMP,256,14,73,64,None,1,0,1,0,0,None,None,None,0,0
11=Neutral,NEGLAMP,256,30,51,64,None,1,0,1,0,0,None,None,None,0,0
12=Neutral,NEGLAMP,256,38,44,64,None,1,0,1,0,0,None,None,None,0,0
13=Neutral,NEGLAMP,256,59,14,64,None,1,0,1,0,0,None,None,None,0,0
14=Neutral,NEGLAMP,256,77,17,64,None,1,0,1,0,0,None,None,None,0,0
15=Neutral,NEGLAMP,256,88,29,64,None,1,0,1,0,0,None,None,None,0,0
16=Neutral,NEGLAMP,256,117,58,64,None,1,0,1,0,0,None,None,None,0,0
17=Neutral,NEGLAMP,256,97,82,64,None,1,0,1,0,0,None,None,None,0,0
18=Neutral,NEGLAMP,256,89,90,64,None,1,0,1,0,0,None,None,None,0,0
19=Neutral,NEGLAMP,256,35,95,64,None,1,0,1,0,0,None,None,None,0,0
20=Neutral,NEGLAMP,256,78,105,64,None,1,0,1,0,0,None,None,None,0,0
21=Neutral,NEGLAMP,256,54,115,64,None,1,0,1,0,0,None,None,None,0,0
22=Neutral,INBLULMP,256,53,20,64,None,1,0,1,0,0,None,None,None,0,0
23=Neutral,INBLULMP,256,72,29,64,None,1,0,1,0,0,None,None,None,0,0
24=Neutral,INBLULMP,256,81,93,64,None,1,0,1,0,0,None,None,None,0,0
25=Neutral,INGRNLMP,256,70,70,64,None,1,0,1,0,0,None,None,None,0,0
26=Neutral,INGRNLMP,256,57,57,64,None,1,0,1,0,0,None,None,None,0,0
27=Neutral,INGRNLMP,256,59,36,64,None,1,0,1,0,0,None,None,None,0,0
28=Neutral,INGRNLMP,256,66,44,64,None,1,0,1,0,0,None,None,None,0,0
29=Neutral,INGRNLMP,256,76,65,64,None,1,0,1,0,0,None,None,None,0,0
30=Neutral,INGRNLMP,256,68,60,64,None,1,0,1,0,0,None,None,None,0,0
31=Neutral,INORNGLAMP,256,66,88,64,None,1,0,1,0,0,None,None,None,0,0
32=Neutral,INORNGLAMP,256,67,51,64,None,1,0,1,0,0,None,None,None,0,0
33=Neutral,INGRNLMP,256,55,44,64,None,1,0,1,0,0,None,None,None,0,0
34=Neutral,TIB2SPWN,256,73,83,0,None,1,0,1,0,0,None,None,None,0,0
35=Neutral,INGRNLMP,256,48,82,64,None,1,0,1,0,0,None,None,None,0,0
37=Neutral,NEGLAMP,256,30,68,64,None,1,0,1,0,0,None,None,None,0,0
38=Neutral,INGALITE,256,41,71,64,None,1,0,1,0,0,None,None,None,0,0
39=Neutral,INGALITE,256,99,56,64,None,1,0,1,0,0,None,None,None,0,0

[Tags]
097CCA70=2,Ion Storms,097CC0D0

[TeamTypes]

[Terrain]
14064=TREE10
14071=TREE14
14073=TREE15
15062=TREE09
15063=TREE13
15067=TREE11
15073=TREE16
16064=TREE14
17075=TREE17
18059=TREE12
18073=FONA15
19068=FONA14
19078=TREE06
20058=FONA01
20063=BIGBLUE3
20068=BIGBLUE4
20072=BIGBLUE3
22080=TREE02
25056=FONA13
25058=FONA02
25067=FONA03
25075=FONA05
26069=FONA11
26073=FONA12
29071=FONA04
29087=TREE05
30084=TREE07
30086=TREE03
31082=TREE01
31090=TREE04
33090=TREE08
35060=FONA08
37059=FONA06
39079=TIBTRE01
40071=TREE09
42042=TREE09
42060=FONA07
42065=FONA10
43054=FONA10
43055=FONA09
43065=FONA06
44044=TREE10
45039=TREE12
45068=FONA08
48040=TREE06
49038=TREE08
49042=TREE07
50042=TREE11
50052=TIBTRE02
51086=TIBTRE03
53035=TREE08
54033=TREE11
54037=TREE10
54067=TREE24
55032=TREE07
55058=FONA10
55114=TREE15
57031=TREE09
57055=FONA08
57114=TREE12
57115=TREE12
58057=FONA07
58073=TREE25
58114=TREE13
59067=FONA10
59116=TREE14
60069=FONA06
61057=TREE22
61069=FONA08
63066=TREE21
65075=FONA09
65076=FONA07
66070=TREE23
68073=FONA08
70020=TREE04
70071=FONA07
71015=TREE03
71069=FONA06
72019=TREE05
72050=TIBTRE03
72081=TIBTRE02
74017=TREE01
74058=TREE18
76063=TREE20
78020=TREE06
78070=FONA04
78099=TREE03
79091=TREE18
80091=TREE02
80099=TREE04
81079=FONA14
81091=TREE19
81093=TREE20
82049=FONA10
83047=FONA08
83068=FONA05
83073=BIGBLUE3
83079=FONA02
83095=TREE06
84093=TREE05
87029=TREE15
87082=FONA01
89074=TREE15
90081=FONA15
93037=TREE12
93039=TREE13
93063=FONA02
94072=FONA04
94081=FONA03
95038=TREE14
95067=FONA11
96080=FONA12
99068=BIGBLUE3
99074=FONA03
100063=FONA01
100064=FONA13
108066=TREE16
109058=TIBTRE01
110068=TREE17

[Triggers]
097CC0D0=Neutral,<none>,Ion Storms,1,1,1,1,0

[Units]
0=Neutral,VISC_SML,256,64,105,64,Guard,None,0,-1,0,-1,1,0
1=Neutral,VISC_SML,256,66,50,64,Guard,None,0,-1,0,-1,1,0

[Waypoints]
0=70041
1=55098
98=60056
99=60056



[Digest]
1=FatZkUdU5lMKtc/IuDytR9cdYi4=

