[Basic]
Win=GDI_LOGO
Lose=N_LOGO_W
Name=Tutorial 1: Initiation
Brief=<none>
Intro=<none>
Theme=No theme
Action=<none>
Player=GDI
Percent=0
GameMode=Custom Map
HomeCell=98
InitTime=10000
Official=yes
EndOfGame=no
FillSilos=no
FreeRadar=no
MaxPlayer=8
MinPlayer=2
PostScore=<none>
SkipScore=no
TrainCrate=no
TruckCrate=yes
AltHomeCell=98
OneTimeOnly=yes
CarryOverCap=0
NewINIFormat=4
NextScenario=Maps\Missions\tsdemo2.map
PreMapSelect=<none>
TimerInherit=no
RequiredAddOn=0
SkipMapSelect=yes
CarryOverMoney=0.000000
AltNextScenario=Maps\Missions\tsdemo2.map
MultiplayerOnly=0
IceGrowthEnabled=yes
StartingDropships=0
VeinGrowthEnabled=yes
TiberiumGrowthEnabled=yes
IgnoreGlobalAITriggers=no
TiberiumDeathToVisceroid=yes

[AudioVisual]
AllyReveal=no

[BUS]
PipScale=none
Passengers=0

[CAR]
PipScale=none
Passengers=0

[CombatDamage]
BridgeStrength=100

[CrateRules]
WoodCrate=HealBase

[GALITE]
Power=0
LightRedTint=0.05
LightBlueTint=0.01
LightGreenTint=0.05
LightIntensity=0.5
LightVisibility=2000

[LIMPET]
TechLevel=-1

[PICK]
PipScale=none
Passengers=0

[REDLAMP]
Power=-1
Powered=true
LightRedTint=0.4
LightBlueTint=0.01
LightGreenTint=0.01
LightIntensity=0.2
LightVisibility=3000

[WINI]
PipScale=none
Passengers=0

[Preview]

[PreviewPack]

[01000000]
0=1,MMCH
Name=1 Titan
Group=-1

[01000001]
Max=1
Tag=09AB1800
Full=no
Name=GDI titan 1
Group=-1
House=GDI2
Script=01000002
Whiner=no
Droppod=no
Suicide=no
Loadable=no
Prebuild=no
Priority=7
Waypoint=X
Annoyance=no
IonImmune=no
Recruiter=no
Reinforce=no
TaskForce=01000000
TechLevel=0
Aggressive=no
Autocreate=no
GuardSlower=no
OnTransOnly=no
AvoidThreats=no
LooseRecruit=no
VeteranLevel=1
IsBaseDefense=no
OnlyTargetHouseEnemy=no
TransportsReturnOnUnload=no
AreTeamMembersRecruitable=no

[01000002]
0=3,24
1=42,0
Name=-> Y

[01000003]
0=3,25
1=42,0
Name=-> Z

[01000004]
0=3,26
1=42,0
2=39,5
Name=-> AA

[01000005]
Max=1
Tag=09AB1800
Full=no
Name=GDI titan 2
Group=-1
House=GDI2
Script=01000003
Whiner=no
Droppod=no
Suicide=no
Loadable=no
Prebuild=no
Priority=7
Waypoint=X
Annoyance=no
IonImmune=no
Recruiter=no
Reinforce=no
TaskForce=01000000
TechLevel=0
Aggressive=no
Autocreate=no
GuardSlower=no
OnTransOnly=no
AvoidThreats=no
LooseRecruit=no
VeteranLevel=1
IsBaseDefense=no
OnlyTargetHouseEnemy=no
TransportsReturnOnUnload=no
AreTeamMembersRecruitable=no

[01000006]
Max=1
Tag=09AB1800
Full=no
Name=GDI titan 3
Group=-1
House=GDI2
Script=01000004
Whiner=no
Droppod=no
Suicide=no
Loadable=no
Prebuild=no
Priority=7
Waypoint=AA
Annoyance=no
IonImmune=no
Recruiter=no
Reinforce=no
TaskForce=01000000
TechLevel=0
Aggressive=no
Autocreate=no
GuardSlower=no
OnTransOnly=no
AvoidThreats=no
LooseRecruit=no
VeteranLevel=1
IsBaseDefense=no
OnlyTargetHouseEnemy=no
TransportsReturnOnUnload=no
AreTeamMembersRecruitable=no

[01000017]
0=1,DOGGIE
Name=1 dog
Group=-1

[01000018]
0=25,84
1=50,30
2=5,1
3=3,28
4=51,217
5=37,0
Name=Flee n burrow

[01000019]
Max=1
Full=no
Name=Dog
Group=-1
House=Special
Script=01000018
Whiner=no
Droppod=no
Suicide=yes
Loadable=no
Prebuild=no
Priority=7
Waypoint=AB
Annoyance=no
IonImmune=no
Recruiter=no
Reinforce=no
TaskForce=01000017
TechLevel=0
Aggressive=no
Autocreate=no
GuardSlower=no
OnTransOnly=no
AvoidThreats=no
LooseRecruit=no
VeteranLevel=1
IsBaseDefense=no
OnlyTargetHouseEnemy=no
TransportsReturnOnUnload=no
AreTeamMembersRecruitable=no

[06E147F0]
0=1,DSHP
1=3,SMECH
Name=1 drop, 3 wolv
Group=-1

[06E148C0]
Max=0
Full=no
Name=GDI rnf 1
Group=-1
House=GDI
Script=06E15300
Whiner=no
Droppod=no
Suicide=no
Loadable=no
Prebuild=no
Priority=7
Waypoint=I
Annoyance=no
IonImmune=no
Recruiter=no
Reinforce=no
TaskForce=06E147F0
TechLevel=0
Aggressive=no
Autocreate=no
GuardSlower=no
OnTransOnly=no
AvoidThreats=no
LooseRecruit=no
VeteranLevel=1
IsBaseDefense=no
OnlyTargetHouseEnemy=no
TransportsReturnOnUnload=no
AreTeamMembersRecruitable=no

[06E15300]
0=3,7
1=8,1
2=3,8
Name=-> H, drop, I

[06F20320]
0=1,ORCATRAN
1=2,ENGINEER
Name=2 eng, 1 carry
Group=-1

[06F203F0]
Max=0
Full=no
Name=GDI engineer rnf
Group=-1
House=GDI
Script=06F22DF0
Whiner=no
Droppod=no
Suicide=no
Loadable=no
Prebuild=no
Priority=7
Waypoint=R
Annoyance=no
IonImmune=no
Recruiter=no
Reinforce=no
TaskForce=06F20320
TechLevel=0
Aggressive=no
Autocreate=no
GuardSlower=no
OnTransOnly=no
AvoidThreats=no
LooseRecruit=no
VeteranLevel=1
IsBaseDefense=no
OnlyTargetHouseEnemy=no
TransportsReturnOnUnload=no
AreTeamMembersRecruitable=no

[06F22DF0]
0=3,16
1=8,1
2=39,3
3=3,17
Name=-> q, unload, r

[06F41E70]
0=3,E3
Name=3 rock
Group=-1

[06F41F40]
Max=0
Full=no
Name=Nod dest bridge
Group=0
House=Nod
Script=06F420F0
Whiner=no
Droppod=no
Suicide=yes
Loadable=no
Prebuild=no
Priority=7
Waypoint=P
Annoyance=no
IonImmune=no
Recruiter=no
Reinforce=no
TaskForce=06F41E70
TechLevel=0
Aggressive=no
Autocreate=no
GuardSlower=no
OnTransOnly=no
AvoidThreats=no
LooseRecruit=no
VeteranLevel=1
IsBaseDefense=no
OnlyTargetHouseEnemy=no
TransportsReturnOnUnload=no
AreTeamMembersRecruitable=no

[06F420F0]
0=1,12
1=39,2
2=11,10
Name=-> M, guard

[071BFDF0]
0=16,6
Name=-> G

[071C7590]
0=3,MMCH
Name=3 titans
Group=-1

[071CA150]
0=11,10
Name=Area guard

[071D8250]
0=3,HVR
Name=3 mlrs
Group=-1

[071DC9A0]
Max=0
Full=no
Name=GDI mlrs
Group=-1
House=GDI
Script=072221B0
Whiner=no
Droppod=no
Suicide=no
Loadable=no
Prebuild=no
Priority=7
Annoyance=no
IonImmune=no
Recruiter=no
Reinforce=no
TaskForce=071D8250
TechLevel=0
Aggressive=no
Autocreate=no
GuardSlower=no
OnTransOnly=no
AvoidThreats=no
LooseRecruit=no
VeteranLevel=1
IsBaseDefense=no
OnlyTargetHouseEnemy=no
TransportsReturnOnUnload=no
AreTeamMembersRecruitable=no

[072221B0]
0=21,0
Name=scatter

[086437B0]
0=3,HVR
1=1,DSHP
Name=1 drop, 3 mlrs
Group=-1

[09B64C40]
0=3,21
1=8,1
2=39,4
3=3,17
Name=-> V, unload, R

[09B64E70]
Max=0
Full=no
Name=GDI rnf 4
Group=-1
House=GDI
Script=09B64C40
Whiner=no
Droppod=no
Suicide=no
Loadable=no
Prebuild=no
Priority=7
Waypoint=R
Annoyance=no
IonImmune=no
Recruiter=no
Reinforce=no
TaskForce=086437B0
TechLevel=0
Aggressive=no
Autocreate=no
GuardSlower=no
OnTransOnly=no
AvoidThreats=no
LooseRecruit=no
VeteranLevel=1
IsBaseDefense=no
OnlyTargetHouseEnemy=no
TransportsReturnOnUnload=no
AreTeamMembersRecruitable=no

[09E51BB0]
0=4,E2
Name=4 disc
Group=-1

[09E51C80]
Max=0
Full=no
Name=GDI rnf 2
Group=-1
House=GDI
Script=09E526B0
Whiner=no
Droppod=yes
Suicide=no
Loadable=no
Prebuild=no
Priority=7
Annoyance=no
IonImmune=no
Recruiter=no
Reinforce=no
TaskForce=09E51BB0
TechLevel=0
Aggressive=no
Autocreate=no
GuardSlower=no
OnTransOnly=no
AvoidThreats=no
LooseRecruit=no
VeteranLevel=3
IsBaseDefense=no
OnlyTargetHouseEnemy=no
TransportsReturnOnUnload=no
AreTeamMembersRecruitable=no

[09E526B0]
0=3,18
Name=-> S

[0A6218F0]
0=3,HVR
Name=3 mlrs
Group=-1

[0A6219C0]
Max=0
Full=no
Name=GDI rnf 3
Group=-1
House=GDI
Script=0A6223F0
Whiner=no
Droppod=no
Suicide=no
Loadable=no
Prebuild=no
Priority=7
Waypoint=E
Annoyance=no
IonImmune=no
Recruiter=no
Reinforce=no
TaskForce=0A6218F0
TechLevel=0
Aggressive=no
Autocreate=no
GuardSlower=no
OnTransOnly=no
AvoidThreats=no
LooseRecruit=no
VeteranLevel=1
IsBaseDefense=no
OnlyTargetHouseEnemy=no
TransportsReturnOnUnload=no
AreTeamMembersRecruitable=no

[0A6223F0]
0=3,5
Name=-> F

[0A77D790]
0=2,BGGY
Name=2 bug
Group=-1

[0A77DA90]
Max=0
Tag=09FBAE60
Full=no
Name=Nod buggy attk
Group=0
House=Nod
Script=071BFDF0
Whiner=no
Droppod=no
Suicide=no
Loadable=no
Prebuild=no
Priority=7
Annoyance=no
IonImmune=no
Recruiter=no
Reinforce=no
TaskForce=0A77D790
TechLevel=0
Aggressive=no
Autocreate=no
GuardSlower=no
OnTransOnly=no
AvoidThreats=no
LooseRecruit=no
VeteranLevel=1
IsBaseDefense=no
OnlyTargetHouseEnemy=no
TransportsReturnOnUnload=no
AreTeamMembersRecruitable=no

[0A9425A0]
Max=1
Tag=09AB1800
Full=no
Name=GDI titans
Group=-1
House=GDI
Script=071CA150
Whiner=no
Droppod=no
Suicide=no
Loadable=no
Prebuild=no
Priority=7
Waypoint=
Annoyance=no
IonImmune=no
Recruiter=no
Reinforce=no
TaskForce=071C7590
TechLevel=0
Aggressive=no
Autocreate=no
GuardSlower=no
OnTransOnly=no
AvoidThreats=no
LooseRecruit=no
VeteranLevel=1
IsBaseDefense=no
OnlyTargetHouseEnemy=no
TransportsReturnOnUnload=no
AreTeamMembersRecruitable=no

[AITriggerTypesEnable]
06FA4BE0-G=yes
080D4120-G=yes
080D4320-G=yes
080D5620-G=yes
080D5720-G=yes
080D5920-G=yes
080D5C20-G=yes
080D6120-G=yes
080D6220-G=yes
080D6920-G=yes
080D6D20-G=yes
080D7820-G=yes
080D7D20-G=yes
080DA220-G=yes
080DA320-G=yes
080DA820-G=yes
080DA920-G=yes
080DBB20-G=yes
080DBC20-G=yes
080E8920-G=yes
080E8C20-G=yes
080E8D20-G=yes
080E8E20-G=yes
0859C1E0-G=yes
0859C2E0-G=yes
0859DE20-G=yes
085A31B0-G=yes
085A3580-G=yes
085A3680-G=yes
085A3D20-G=yes
085A4D20-G=yes
091002C0-G=yes
09101470-G=yes
09101920-G=yes
09101A20-G=yes
09101D20-G=yes
09798200-G=yes
09A92A20-G=yes
09EF4530-G=yes
0AA34260-G=yes
0AA34360-G=yes
0AA34BA0-G=yes
0AA34CA0-G=yes
0AA35070-G=yes
0AA35980-G=yes

[Actions]
01000007=2,47,0,0,0,0,0,0,A,11,0,22,0,0,0,0,A
01000009=2,46,0,0,0,0,0,0,A,11,0,20,0,0,0,0,A
01000011=3,71,0,1017370378,0,0,0,0,A,72,0,990057071,0,0,0,0,A,73,0,100,0,0,0,0,A
01000013=3,7,1,01000001,0,0,0,0,A,7,1,01000005,0,0,0,0,A,7,1,01000006,0,0,0,0,A
01000015=2,36,0,0,0,0,0,0,A,53,2,09A1FB00,0,0,0,0,A
01000020=2,4,1,01000019,0,0,0,0,A,17,0,27,0,0,0,0,A
01000022=2,3,0,1,0,0,0,0,A,74,0,1,0,0,0,0,A
01000024=1,20,0,18,0,0,0,0,A
06DC91B0=2,101,4,0A9425A0,0,0,0,0,30,11,0,419,0,0,0,0,A
06F19F70=1,11,0,431,0,0,0,0,A
06F284D0=2,63,0,14,0,0,0,0,O,65,0,14,0,0,0,0,O
06F28910=3,63,0,13,0,0,0,0,N,65,0,13,0,0,0,0,N,7,1,06F203F0,0,0,0,0,A
06F28F70=3,63,0,12,0,0,0,0,M,65,0,12,0,0,0,0,M,11,0,430,0,0,0,0,A
06F439D0=3,17,0,13,0,0,0,0,N,17,0,15,0,0,0,0,P,4,1,06F41F40,0,0,0,0,A
071A5370=1,22,2,071A5A50,0,0,0,0,A
071A5A50=1,32,0,0,0,0,0,0,A
071B0AF0=2,54,2,071B0AF0,0,0,0,0,A,61,0,0,0,0,0,0,A
071CCC70=2,101,4,0A9425A0,0,0,0,0,30,11,0,419,0,0,0,0,A
071CDEB0=3,17,0,98,0,0,0,0,CU,17,0,1,0,0,0,0,B,4,1,0A9425A0,0,0,0,0,A
071FD360=2,17,0,9,0,0,0,0,J,11,0,426,0,0,0,0,A
07222970=1,4,1,071DC9A0,0,0,0,0,A
07238810=2,62,0,0,0,0,0,0,A,54,2,07238810,0,0,0,0,A
07238F10=2,61,0,0,0,0,0,0,A,54,2,07238F10,0,0,0,0,A
089293E0=1,17,0,22,0,0,0,0,W
0996B9E0=1,7,1,09B64E70,0,0,0,0,A
09A05830=2,7,1,0A6219C0,0,0,0,0,A,11,0,428,0,0,0,0,A
09A19810=2,1,0,0,0,0,0,0,A,11,0,432,0,0,0,0,A
09A1FB00=1,2,0,0,0,0,0,0,A
09A98D40=2,62,0,0,0,0,0,0,A,54,2,09A98D40,0,0,0,0,A
09A99850=2,61,0,0,0,0,0,0,A,54,2,09A99850,0,0,0,0,A
09A998C0=2,11,0,423,0,0,0,0,A,4,1,0A77DA90,0,0,0,0,A
09A9AA60=2,11,0,422,0,0,0,0,A,41,0,41,0,0,0,0,U
09A9ADC0=1,11,0,421,0,0,0,0,A
09AB1F70=2,54,2,06DC91B0,0,0,0,0,A,11,0,420,0,0,0,0,A
09B071F0=1,11,0,424,0,0,0,0,A
09B0D460=1,11,0,449,0,0,0,0,A
09E17F70=1,11,0,429,0,0,0,0,A
09E52420=1,80,1,09E51C80,0,0,0,0,S
09FB93C0=1,7,1,06E148C0,0,0,0,0,A
0A0921F0=4,17,0,10,0,0,0,0,K,17,0,11,0,0,0,0,L,11,0,427,0,0,0,0,A,56,0,7,0,0,0,0,A
0A094F70=1,11,0,425,0,0,0,0,A
0A1E9170=4,56,0,0,0,0,0,0,A,71,0,1032805416,0,0,0,0,A,72,0,1045220556,0,0,0,0,A,73,0,55,0,0,0,0,A
0A1EA420=2,62,0,0,0,0,0,0,A,54,2,0A1EA420,0,0,0,0,A
0A1EA7A0=3,62,0,0,0,0,0,0,A,56,0,1,0,0,0,0,A,54,2,0A1EA7A0,0,0,0,0,A
0A229090=2,61,0,0,0,0,0,0,A,54,2,0A229090,0,0,0,0,A
0A6208B0=1,22,2,0A0921F0,0,0,0,0,K
0A626C30=1,80,1,09E51C80,0,0,0,0,T
0A7AA100=2,19,0,31,0,0,0,0,A,61,0,0,0,0,0,0,A

[Briefing]
1=Commander, intel has just intercepted Nod transmissions from this sector.
2=We believe Nod is setting up a staging base to launch attacks on GDI
3=forces. GDI command wants you to take them out.@@
4=Objective: Using the units provided, destroy all Nod units and structures
5=in the sector.

[CellTags]
33043=09B0EF80
33044=09B0EF80
34043=09B0EF80
34044=09B0EF80
34045=09B0EF80
35044=09B0EF80
35045=09B0EF80
35046=09B0EF80
35053=09B0EF80
36045=09B0EF80
36046=09B0EF80
36047=09B0EF80
36052=09B0EF80
36053=09B0EF80
36054=09B0EF80
36065=0A093CF0
36066=0A093CF0
36067=0A093CF0
36068=0A093CF0
36069=0A093CF0
36070=0A093CF0
36071=0A093CF0
36072=0A093CF0
36073=0A093CF0
37046=09B0EF80
37047=09B0EF80
37048=09B0EF80
37052=09B0EF80
37053=09B0EF80
37054=09B0EF80
37055=09B0EF80
37065=0A093CF0
37066=0A093CF0
37067=0A093CF0
37068=0A093CF0
37069=0A093CF0
37070=0A093CF0
37071=0A093CF0
37072=0A093CF0
37073=0A093CF0
37074=0A093CF0
38047=09B0EF80
38048=09B0EF80
38052=09B0EF80
38053=09B0EF80
39052=09B0EF80
39053=09B0EF80
39057=071FFEC0
39058=071FFEC0
40042=071FFEC0
40043=071FFEC0
40052=09B0EF80
40053=09B0EF80
40057=071FFEC0
40058=071FFEC0
41041=071FFEC0
41042=071FFEC0
41043=071FFEC0
41044=071FFEC0
41055=071FFEC0
41056=071FFEC0
41057=071FFEC0
41058=071FFEC0
42043=071FFEC0
42044=071FFEC0
42056=071FFEC0
42057=071FFEC0
42058=071FFEC0
43055=09B0EF80
54071=06F432D0
54072=06F432D0
54073=06F432D0
54074=06F432D0
54075=06F432D0
55070=06F432D0
55071=06F432D0
55072=06F432D0
55073=06F432D0
55074=06F432D0
55075=06F432D0
63071=0996CBB0
92045=0A1EACD0
92046=0A1EACD0
92047=0A1EACD0
92048=0A1EACD0
92049=0A1EACD0
92050=0A1EACD0
93045=0A1EACD0
93046=09A9A810
93047=09A9A810
93048=09A9A810
93049=09A9A810
93050=09A9A810
94045=0A1EACD0
94046=09A9A810
95045=0A1EACD0
95046=09A9A810
96045=0A1EACD0
96046=09A9A810
97045=0A1EACD0
97046=09A9A810
99049=09A9AC50
99050=09A9AC50
99051=09A9AC50
99052=09A9AC50
99053=09A9AC50
99054=09A9AC50
99055=09A9AC50
99056=09A9AC50
99057=09A9AC50
100049=09A9AC50
100057=09A9AC50
101049=09A9AC50
101057=09A9AC50
102049=09A9AC50
102057=09A9AC50
103049=09A9AC50
103050=09A9AC50
103051=09A9AC50
103052=09A9AC50
103053=09A9AC50
103054=09A9AC50
103055=09A9AC50
103056=09A9AC50
103057=09A9AC50

[CivA]
IQ=0
Edge=North
Side=Civilian
Color=LightBlue
Allies=GDI,Nod,Neutral,CivA,CivB,CivC,CivD,GDI,CivE
Credits=0
ActsLike=0
NodeCount=0
TechLevel=1
PercentBuilt=0
PlayerControl=no

[CivB]
IQ=0
Edge=North
Side=Civilian
Color=LightSky
Allies=GDI,Nod,Neutral,CivA,CivB,CivC,CivD,GDI,CivE
Credits=0
ActsLike=0
NodeCount=0
TechLevel=1
PercentBuilt=0
PlayerControl=no

[CivC]
IQ=0
Edge=North
Side=Civilian
Color=LightOrange
Allies=GDI,Nod,Neutral,CivA,CivB,CivC,CivD,GDI,CivE
Credits=0
ActsLike=0
NodeCount=0
TechLevel=1
PercentBuilt=0
PlayerControl=no

[CivD]
IQ=0
Edge=North
Side=Civilian
Color=LightGreen
Allies=GDI,Nod,Neutral,CivA,CivB,CivC,CivD,GDI,CivE
Credits=0
ActsLike=0
NodeCount=0
TechLevel=1
PercentBuilt=0
PlayerControl=no

[CivE]
IQ=0
Edge=North
Side=Civilian
Color=Black
Allies=GDI,Nod,Neutral,CivA,CivB,CivC,CivD,CivE,GDI
Credits=0
ActsLike=0
NodeCount=0
TechLevel=1
PercentBuilt=0
PlayerControl=no

[DummyForg]
IQ=0
Edge=North
Side=Forgotten
Color=Green
Allies=DummyForg
Credits=0
ActsLike=0
NodeCount=0
TechLevel=1
PercentBuilt=0
PlayerControl=no

[DummyGDI]
IQ=0
Edge=North
Side=GDI
Color=Gold
Allies=DummyGDI
Credits=0
ActsLike=0
NodeCount=0
TechLevel=1
PercentBuilt=0
PlayerControl=no

[DummyNod]
IQ=0
Edge=North
Side=Nod
Color=DarkRed
Allies=DummyNod
Credits=0
ActsLike=1
NodeCount=0
TechLevel=1
PercentBuilt=0
PlayerControl=no

[DummyScion]
IQ=0
Edge=North
Side=Scion
Color=DarkBlue
Allies=DummyScion
Credits=0
ActsLike=3
NodeCount=0
TechLevel=1
PercentBuilt=0
PlayerControl=no

[Events]
01000007=1,36,0,5
01000009=1,47,0,0
01000011=1,47,0,0
01000013=1,47,0,0
01000015=1,36,0,5
01000020=1,4,0,0
01000022=1,36,0,7
01000024=1,47,0,0
06DC91B0=2,13,0,25,36,0,5
06F19F70=1,36,0,3
06F284D0=2,36,0,2,13,0,4
06F28910=2,36,0,2,13,0,2
06F28F70=1,36,0,2
06F439D0=1,1,0,0
071A5370=1,48,0,0
071A5A50=1,0,0,0
071B0AF0=1,47,0,2
071CCC70=2,13,0,1,36,0,5
071CDEB0=1,47,0,0
071FD360=1,1,0,0
07222970=1,36,0,4
07238810=2,36,0,1,13,0,30
07238F10=1,47,0,5
089293E0=1,4,0,0
0996B9E0=1,26,0,0
09A05830=1,48,0,0
09A19810=1,10,0,1
09A1FB00=1,11,0,0
09A98D40=2,13,0,20,36,0,1
09A99850=1,47,0,4
09A998C0=1,4,0,0
09A9AA60=1,1,0,0
09A9ADC0=1,1,0,0
09AB1F70=1,33,0,0
09B071F0=1,23,1,06E148C0
09B0D460=1,1,0,0
09E17F70=1,50,0,0
09E52420=1,48,0,0
09FB93C0=1,48,0,0
0A0921F0=1,4,0,0
0A094F70=1,48,0,0
0A1E9170=1,1,0,0
0A1EA420=2,13,0,10,36,0,1
0A1EA7A0=2,36,0,0,45,0,56
0A229090=1,47,0,3
0A6208B0=1,1,0,0
0A626C30=1,48,0,0
0A7AA100=1,30,0,1

[Forgotten]
IQ=0
Edge=North
Side=Forgotten
Color=Green
Allies=Forgotten
Credits=0
ActsLike=0
NodeCount=0
TechLevel=1
PercentBuilt=0
PlayerControl=no

[GDI]
IQ=0
Edge=North
Side=GDI
Color=Gold
Allies=GDI,GDI,Neutral,CivA,CivB,CivC,CivD,CivE
Credits=0
ActsLike=0
NodeCount=0
TechLevel=3
PercentBuilt=0
PlayerControl=yes

[Houses]
0=GDI
1=Nod
2=Forgotten
3=Scion
4=Neutral
5=Special
6=DummyGDI
7=DummyNod
8=DummyForg
9=DummyScion
10=CivA
11=CivB
12=CivC
13=CivD
14=GDI2
15=CivE

[Infantry]
0=Nod,CYBORG,256,46,62,1,Area Guard,128,None,0,-1,0,1,1
1=Nod,CYBORG,256,48,62,3,Area Guard,128,None,0,-1,0,1,1
2=Nod,CYBORG,256,67,33,3,Area Guard,128,None,0,-1,0,1,1
3=Nod,E1NOD,256,63,74,2,Area Guard,0,0897A030,0,-1,0,1,1
4=Nod,E1NOD,256,63,75,0,Area Guard,0,0897A030,0,-1,0,1,1
5=Nod,E1NOD,256,74,25,1,Area Guard,0,None,0,-1,0,1,1
6=Nod,E1NOD,256,75,27,3,Area Guard,0,None,0,-1,0,1,1
7=Nod,E3,256,71,41,1,Guard,0,None,0,0,0,1,1
8=Nod,E3,256,72,40,3,Guard,0,None,0,0,0,1,1
9=Nod,E3,256,72,41,1,Guard,0,None,0,0,0,1,1
10=Nod,CYBORG,256,63,63,2,Area Guard,0,0A626AC0,0,-1,0,1,1
11=Nod,CYBORG,256,62,63,1,Area Guard,128,0A626AC0,0,-1,0,1,1
12=Nod,E1NOD,256,62,23,2,Area Guard,0,None,0,-1,0,1,1
13=Nod,E1NOD,256,60,24,2,Area Guard,0,None,0,-1,0,1,1
14=Nod,CYBORG,256,69,27,3,Area Guard,0,None,0,-1,0,1,1
15=Nod,CYBORG,256,91,41,1,Area Guard,160,None,0,-1,0,1,1
16=CivC,CIV1,256,99,56,1,Guard,0,None,0,-1,0,0,0
17=CivE,CIV2,256,100,57,0,Guard,0,None,0,-1,0,0,0
18=CivA,CIV3,256,100,62,0,Guard,0,None,0,-1,0,0,0

[IsoMapPack5]
0=Xg4AIAsBADwAAAAAAAAGAAIAO2ABqQE8KCkAPesBAwA6KCgAJ64AAwAnrgADACmtAD6sBQ
1=IKAAQAOasBBgAEKAUBBCi1AQQoBQEE5Ah4BikFAT+kCAIKAAUAOKsBBgAFKF0BBShdAQUo
2=XQEF/Ap4BsQTaAEnXgEFACldAUC8CgIKAAYAN6sBBgAGKLUBBii1AQYotQEG9A14BtwgaA
3=EntgEGACe1AQYotgEGACm1AUG0DQIKAAcANqsBBgAHKA0CBygNAgcoDQIH7BB4BswxaAEn
4=DQIHKCUFBygNAgcoDQIHKA4CBwApDQJCrBACCgAIADWrAQYACChlAggoZQIIKGUCCOQTeA
5=bURGgBJ2UCCCgtBggoZQIIKGUCCChlAggoZQIIKGYCCAApZQJDpBMCCgAJADSrAQYACSi9
6=AgkovQIJKL0CCfwVeAbMUmgBJ70CCSg1BwkovQIJKL0CCSi9AgkovQIJKL0CCSi9Agkovg
7=IJACm9AkS8FQIKAAoAM6sBBgAKKBUDCigVAwooFQMK9Bh4BsRgaAEnFQMKKD0ICigVAwoo
8=FQMKKBUDCigVAwooFQMKKBUDCigVAwooFQMKKBYDCgApFQNFtBgCCgALADKrAQYACyhtAw
9=sobQMLKG0DC+wbeAbcbWgBJ20DCyhFCQsobQMLKG0DCyhtAwsobQMLKG0DCyhtAwsobQML
10=KG0DCyhtAwsobQMLKGwDAgsARgBMaBpnE0UAXasBDAAxYAF9pAwoxQMMKMUDDCjEAwkMAE
11=UARgAAAAIGAAzRCQFpAUedCgNoAdNsCgAMKEkEDCi5Bwwo0QoMKEkEDChJBAwoSQQMKEkE
12=DChJBAwoSQQMKEkEDChJBAwoSQQMKEkEDChLBAwARJQYAwAKAA0AMPEfDSgdBA0oHgQNAC
13=dWCw0Ay0MGAA28B28mDQBHKAUBSCgoAKkMAWwFyHp0DSd1BA0odQQNKHUEDSh1BA0odQQN
14=KHUEDSh1BA0odQQNKHUEDSh0BAINAEAASmASYQ9BiQECawFCAEv1AkOIAZUCP/9BDgAveA
15=NtGw4odQQOKHUEDih1BA4oHQQOKB8EDgBJKAUBP5QmAQIGAA7ZEQFoAbkRA2gBuBGUArgR
16=lwJEAKBsCGMERQCj6wFIAKToAdsyCgAO+FNoASd9BQ4ofQUOKH0FDih9BQ4ofQUOKH0FDi
17=h9BQ4ofQUOKH8FDgA+gBoDAAoADwAucBFhJQ8ozQQPKM0EDyjNBA8oSAQCDwA/AAtgBwIG
18=AA8AQCgoAL0KAXcCRACW4wRFAJnrAUgAnesBQwCf6QFGKCkAQewmAg8AQgCh4QRHKCgAAU
19=oAOAEjbSQP6Dh0GCclBQ8oJQUP6JtgBNj4aAEnaRMPKCUFDyglBQ8oJQUPKCUFDygnBQ8A
20=Pf9MEAAtaBR5JxAoJQUQKCUFECglBRD8eAEGABAAJ5ENEChTBRAAPZ2cAmMEQwCaZAtpAU
21=TsJgIQAEEAnvUCRigoACdLBBAAS5UjAXgGAT4ANAKDJRAAP4gBlQJAiAGLDEUAYeEERygo
22=AMOpCgAQKH0FEOCIdAInJRAQKH0FECjNBBAozAQCEAA3ACh8FXkGOCgrADYALPUCOaglYQ
23=Q8kB8BAAoAEbgDcSoRKH0FESh9BRGwBqAE2/gGABG8B7QCJ/IOEQC9CgFhBD6VIwBpAT+I
24=AZUCQIkBAnQCJyUFESgnBREATCiDAEUAVawmAhEARgBc6wE9AF3pAUEoKwBCAGD1AkgoKw
25=BHAJ/0Ati2ZB4nvyMRADLjJREAMygpADQoKQA1KCsAOQArpykRADG0JnEJNrBOaQE75VUR
26=44gLABH7XgsAErwHbSYSvAeoASdVCxIo1wUSAE1sDaEEPJBZAgIGABIAJ1IFEgAnUgUSAC
27=dSBRIAJ1EFEihRBRIoUwUSAD3zKhIAQ/MqEgBEKCkASSgpAEH7JxIAQigpAEUoKQBGKCgA
28=J6sFEgBIKFQAxMMCCgASADCsHmkBOaAdaQEx+ycSADisYHUCO4UeAGsBOgCAaDhoASV0JW
29=QpyJBoAchkaAHQuWgByJBoAciQAgsAEwAq8SoTKC0GE7wSaS0TKAUMEygDBhMATijYAKwx
30=AQMGABMoLQYTKC0GEygtBhMoLQYTKC0GEygtBhMoLgYTACepBRMoqwUTAEPnKRMARCgoAC
31=cCBhMAJwIGEwAnAQYTKAMGEwBJKNgA088KABPoemsBMAApdBtpATiwImgBoTABawE6AHeg
32=MAITADkAfugBxJdwKidZBhPkl3QCJ1kGEygwDAITADUAfGQIYwQ2AH+pARSkEGEwFCiFBh
33=SwEbQCiJioASddDBQoWwYUAE9sGKEEPCNAIwECBgAUKIUGFCiFBhQohQYUKIUGFCiFBhQo
34=hAYCFABFAEtwFHEJRogBnwpDAFb1AkgoKwA9AFf0Aic1BxQoNQcUKAkHFCixBhQohQYU90
35=8KABSiZAAAaQEvoFRoAScHFxQAMONnFAA4vC5hBDuQH5sGOgB6eBF0AiexBhSobAIAAAsA
36=FLAGqwE2AHJsBXcCNQB16QE08zUUADfxNRW8oWktFSjdBhUo3QYVKN0GFSYHLQYAFSgRHh
37=UoZQ0VKAkHFSgLBxUAUPc5FQA9gRoFZAgn7RMVKDUHFSg1BxUoNQcVKDUHFSg1BxXVOQFw
38=CbU5A2kBROeiFQBJ6DgCFQBCAFh8IGEERygoACdhBxWwMmU0FSjdBhUo3wYVAC+8IwIKAB
39=UAOqRuaQE5vC5oAaVVA2kBO/WcFbg6eTIVJjcoCwAVKN0GFbwHoAQnwxMVADf8NgIVADYA
40=dmgXeQY0sEBpATjrOBYASaQLAgUAFgBIpAtpASf1LhYojQcWrBh5PRYojQcWKAkHFigJBx
41=YoCQcWKAsHFgBRKF0BPSOkNQECBgAWKG0OFig1BxYoNAcCFgBKADJ0GG0FS4kBAWkBTIgB
42=hwhBAE7hBEKIAZcCQwBP9QJEiAGUAicKBxYAJ/UUFij1FBbzVgoAFihhBxYoYQcWKGEHFi
43=hjBxYAOqAHeQY3sCppATawKmkBPIUeAGkBO6wxaAElMyILABayBgAAaAEnyRQWJrAndQI4
44=9zkWADLjchYAMyg3BzkAgWQeAgsAFwBJpBYCBQAXAEykC2sBSgCLYARpAUsoKwBIAI31Ai
45=bmNBcAJxEIFygRCBcoEQgXKI0HFyiNBxcojwcXAFIoMQFNJrIyFwCkPwEDBgAXKOUHFyjl
46=Bxco5gcXAKE7AWwFoDuYBqA7lAKgO5cCRwBadBhtBU4mXS0XKI0HFyiNBxf/VwoAF7Q2cX
47=cXKLkHF7AntAInsxwXADu0GHgGJ0sPFwA4uAl1AjkoKQA2pAt1Aje4CWkBOrRHaAG9QQFo
48=AScRCBcouwcXADLrsRcAMygpADHnPxcANPs9GABJpBMCBQAYAEy0DWkBTeQ/AhgASgCidD
49=F1AkskUDxrAUgAjmwmaQEleAN2exgAJxEIGCgRCBgoEQgYJks7BgAYKOU+GCgRCBgoEQgY
50=KBMIGAA8I8k/AnkGUySALGgBJzEXGCgRCBgoEAgCGABDAE1wFG0FRIgBhAipQwB0AqhDlQ
51=JO57gYAEbvtRgATyYdMBgoPQgY61kKABi0Nnk9GCaQLnUCN7AqaQEsuB9pAS0oKQArqEZ1
52=Ai+0LmkBNu88GAAu970YADCsMWEENfOCGAA7iSIAdAInSyUYADqgO3QCJycQGAAy/7oYAD
53=HkgQIYADMAeXQjBAsAGQBTALAigE0EAgAZAFQATSK4PmkBSbAUAgUAGQBKuBFpAUskoDtr
54=AUwApWw/awFNAIhwCWgBJ1MQGQAkeANqQxkAJ5UIGSiVCBkolQgZKOUHGcwbAwEGABkAUo
55=UTAGgBJ7kHGSi5BxkouQcZ2D2YBrk9A3gGuD2UArg9lAInuwcZAEUm+yUZAE8oKQA9Jgsz
56=GQA8Jos4GQBH/EECGQBQAGJkHmgMJwUtGaQ8fUEZKJUIGSiVCBkoh0gZAC+0BQIKABkAK7
57=QFaQE0tAVpATX/QRkAMfNAGQAz80AZAC6g+W0FMLxPaQE5I4FNAGkBOokBAmkBOKDuaQE3
58=rGhoASVULHBAJQw5aAEnOS4awDABAQIAGtVEA2gBtESVAlWARpUCSSTgIQIFABoATSgpAE
59=iwFHUCSigrAEsAhXgndQJMKCkAI+FGGijtCBoo7QgaKO0IGiRETHNLGgA3kAECAgYAGgCx
60=HwFoAbEfA2gBsB+VAlGwH3QCJ0UJGihFCRooRAkCGgA8AEpwFG0FPYgBiQxG64UaAETqhR
61=oAJ3ggAhoATgBZ+QY770caAE8k5DNxCVC4dGgBJzUoGiiZLxoo0TYa62QKABq4RXFLGrhF
62=qAElQDpgBCcbCRoAMagEdQIw48oaADMoKQA2jSYAYAQlkC5pATWkE2gBJ2kIGqSUIoEhGq
63=RSqAElYz4LABqkUnQCAhsAUgCqrYkbzIkCAQIAGwAnlwgbAFaBRgJ3AlMAVrONGwAi5j8b
64=ACcRCBsoEQgbKBEIG6RdZT8bKEowGwDQrgEGABsArRsBaQFRmREAaAEnuQcbKLkHGyi7Bx
65=sASiOsTY0FS4gBhQhMiQECZAi8QZQCvUEDdAIn/yAbADr3hhsARSgpAE8oKQA5/0EbAE0o
66=KQBQ+4obAEkmByIbADsm3T0bKGk/GyiVCBsolQgbKF04Gyi3IhsATigEAcvzCgAbKEUJGy
67=hHCRsAKrABYQQy65AbACmswHUCMbhAaQEwuEBpATMoKQArrH51Ai+kQmkBNbxtaAElJDFo
68=ASdxCRu8B61HLSQIMwILABwAU5w2AQUCABzNRwFoAa1HA2sBVABPrEcCHABXAFXpASH5SB
69=woRQkcKEUJHChFCRwmT0EGABwoRQkcKF0iHChzCRwANiMNLgJsBQ5SAKoAAAADBgAcAD4A
70=OAEAABEAAK0OACAOAAYAHAA/ADgBAAABBgAcAECJAQJpAUqIAYEES4gBgQRMiAGABANBAF
71=ICAACBBEKIAZcCOQBV9QJJKCsARgBY9wJRAGLrAToAn+kBOygpADwoKQA9KCkAQygpAEQo
72=KQBFKCkATSgpAE4oKQBPKCkAUCgqACUAgAACCgAcACaFAQBpAScoKQAoKCkANCgrADAAC3
73=ABbgUyAIgEawEpACn3Ai8AK+sBMQAs6wEzAC/rATUAQekBKmABAgAACwAcsAapAS4oVwAt
74=AHd0I2MELAB8qAENHQBTAK0AAAACAgAdAFQAT3w2aQFViQEDaAEBWABSAWQEAwAdAFYAVe
75=kBVygpACCoDAIGAB0AISgpACIoKQAjKCkAN7QYbQU4tBhpATaVGANpAVKZEQBpAT6IQ4gB
76=J0UJHShGCR0AJ0YJHQAnRgkdACdGCR0ApUoBcAmkSosMTQBUcB93AjoAVukBPCgrADkAV/
77=cCUABa6wFHAFzpAUgoKwBRAIL0AifKCR0AJ54JHQAnngkdACeeCR0AJ58JHQBG+0gdAEko
78=KAAnygkdACfLCR0AJKQpAQoAHQAnyQkdKMoJHQAnyQkdvkkAAG0FMeRKAR0AKgCcRHUCM7
79=xEawEpAC1kC2kBMLgyawErADH3Ai8AM+gBqU4BYwQ0AIBwH2gBJ58JHQAyZAV0TwIdACwA
80=dmAEAQsAHQAn9QkeyE4FAwIAHgBUAE6nSh4AVYkBAncCVgBR9QJXiAGUAqFRAWEEWYxShQ
81=gftA0BBgAeACchCh4oIgoeACcjCh4AOiitADekHnkGOaQeawE4ADloBGsBNgA+dF5oAa1S
82=AWsBPQA5ZBNpAUEoKQBCKCkAQygpAEQoKQBFKCkARigpAEcoKQBIKCkASSgpAE0oKQBOKC
83=kATygpAFAoKwA+ADrlEz+JAQNxFECJAQZpAUqJAQBpAUuIAYEETIgBgwQ8ADNwNWMEUQA1
84=6wE7AFvoAd94CgAeKCEKHighCh4oIQoeKCMKHgApqFF5BiooKAAn9wkeACiwgmEELOtOHg
85=AyKCkAMPRPAh4AKwA4ZDRtBTEoKQA1kTUAdwI0AHp8FWgBlKRgUQIeAC0AdHQCBAsAHgAu
86=AIGoAQIfAFMAqW88AgAfwVEBaAGhUQBpAVbvUh8AV4gBlQJYiQECYQRZiAGVAlqIAZUCHm
87=gUZtkfACd5Ch8oeQofKHsKHwA44FEBHwA5AJRoAgYAHwA3gRoFaQFSkRQAaAG1TwFoAbRP
88=iAG0T4gBtE+IAbRPiAG0T4gBtE+IAbRPiAG0T4gBtE+IAbRPiAG0T4gBtE+IAbRPiAG0T4
89=gBtU8EcBS1TwdoAbRPgAS0T4AEtE+ABLRPgAS0T4kBOqDVZwg7AH98NmgByHoBCgAfACdN
90=Ch8oTQofKE8KHwAn604fADQoKQAs56IfAC/noh8AK+eiHwAm71IfADW8g3cNKAAwaDtpAT
91=IoKQAw51UfAC60n2EEMfNWHwAzKCgAuYoDYASU/HlTH6QQqQEtvFcCCwAgAFSEPwEFAgAg
92=0aMBaAGtUgNoAaxSlAKsUpQCrFKUAqxSlQJbmFOVAh1sGHpTIAAnpQogKKUKICilCiCobK
93=wFiKOpAVIoBwE3AEJvaAYAINlpA2gBpVUCaAGkVYgBpFWIAaRViAGkVYgBpFWIAaRViAGk
94=VYgBpFWIAaRViAGkVYgBpFWIAaRViAGkVYgBpFWIAaVVBXAUpVUIaAGkVYAEpFWABKRVgA
95=SkVYAEpFWJATqkjGUIOySgJWgBJUMkCgAg/NBoASfRCiAo0QogKNMKIAAm+1MgADAoKQAt
96=vERlCDXnVSAALKCIdQIroIhpAS4oKQAq71IgADaRNQBjBC8ApHA4aAEl0CBoTiMQKmFRIL
97=gOqAEjGCCrATMAe3RwbwUyAH7pATTvqiEAWHQKBgAAAgAhAFcAPGhDaAGsUpQCrVICdQIc
98=rAUBBgAhACdNCiEoTQohKE8KIQA9KK0AVp0KAHgGtU8DaAEBWwBXACPXMSEAXIgBlwJUAG
99=BgB2EEVYkBAWsBUwBi9AInESkhKBEpISgQKQIhAD4AQqPrIQA/iQEEZQhAiQEIaQFEJrso
100=IQBCJrsoIQBRJowoAiEAQQBfYCVvBVIAYOsBOgB16QE7KCsAOQB99QI4vCt5BjzvnyEAQy
101=TMJXQCJxEpISgQKQEhAEcAJRM0IQBIKCgAJ2opIQAnYjMhACeVKSEolikhACdhMyHngQoA
102=IezWaAEn/RUhKP0VISgpCyEoKwshACsmjzMhAC39ryEogwshACn3WiEAMSgpACz/ryEAMO
103=NcIQAq91ohADUoKQAu4bQhKNMgIQAo+14hADQoKAClYAF3GC8AnHBAaAEnBwwhADP/ryIA
104=WJxMAgUCACIAvVcBaAG9VwNpARt8B2aiIgAnKQsiKCkLIigrCyIAOyitAFwoKQBdKCkAOK
105=QeAgYAIgA6oBpoAa1oA2sBNwBDoFwCIgBbAFtka3QCJ/0KIij9CiIo/Qoi3VcBbAW9VwVo
106=Ab1XCWsBRgBMq04iAEeJAQJ3AlMAU/UCVIgBlQJFJgg+AiIAVQBe4QRWJgg+AiIAQwBy9Q
107=I856IiAEK0hn0KQfdaIgA991oiAESgiGMEOQCD5Agn/goiACf9CiIo/QoiKP0KIij9CiIo
108=/woiAFHnYCIAUigoACVTJgoAIiiBCyIogQsiKK0WIiiBCyIogQsiKIELIqz/Ip81IgA17V
109=0iKNIrIgAn0isiACfbISIAJ+9dIgAzKCkALv+6IgAm+14iADIoKQA0+14iACu0RHUYKCTc
110=MmkBNpVEAGsBLwCYeEtrATAApegBI6Q3c7kjABpsAn5XIwAnKQsjKCkLIygrCyMANyisAC
111=PIQbkGVShVAFYoKAAnggsjACeDCyMAXiiBADugJQIGACMAOqAaaQE5uHRrATYARKNcIwBa
112=jV0BdAK5XgNrAVgAX3gJaQFZiAGBBFf9uiMocUAjKF0MIyhdDCPdYgJkCL1iBmgBvWIKaA
113=G8YpwKvGKAD7xilAK8YpcCRABdslYjACfbCyMAQudgIwBDJkwgAiMAPQB57wU4AIboAScx
114=FyMo2RYjKNkLIyjZCyMo2QsjKNkLIyjZCyMo2QsjKNkLI/eRCgAj4OtoASXUPGgBJ7UiIy
115=gFDCMoBQwjKAUMIygFDCMo2jcjACdzSyMAJ6w8fQooJDAhaAEnXyIjACwmBy0jAC2kP2EE
116=KyavLCMANZFAAHcCMQBOeD1pATCsSmsBLwCe9wIyAKLpATPtXSO4DqxdI9hDawEkADesdg
117=IFACQANqAPaQEZfAd1WiQoXQwkKF0MJChdDCQoIUEkKF4iJAAn2QskqBSwCSfZCySdVAC0
118=AifZNyQo2TckxB4FAQYAJAAwAEdgEmgBsB+UAie1FyQoVQskKFULJNVaA3gGtVoHaAG1Wg
119=tqAVMAJZdVJABUiQECdQJFJvdLJABGKCkARygpAEkoKAAnvyMkAFUmkyMkAFYoKQBXKCkA
120=WCgpAFkoKQBaKCkAWyZDJCQAQuvHJAA89WUkKOMMJAA7JjM4JABBKCgAJ5EYJCiJDCQoiQ
121=wkKIkMJCiJDCQoiQwkKIkMJOOeCgAkKLUMJCi1DCQovRgkKL0YJCi1DCQotQwkKLcMJAAm
122=JukjJChDOiQAK+O/JAAltP9gDyc6IyQAJ745JAAnZkQkACdDLyQALfRlAiQAMwBLYEZlCD
123=SJAQJpATKBZwRpAS+0UmgBJ+o5JQAlIEwCBQAlADj8YgIlADYAjWCTdQIYdApyViUAJ4kM
124=JSiJDCUoiQwlvAetBTUo2QA/KCgAJzsYJQAwIywyAQIGACXJFwFoAakXA2gBqRcFaAEn2Q
125=slKNkLJSjYCwIlAFsARnwVbAWgXJAJoFyRCU3/VyUATigpAEgmc0slAF/vUiUAXvO5JQBc
126=+1MlAGAoKQA851UlAEEoKAAn6iMlACdDLyUAQiZvLyUAPSYXJCUARCgpAEYoKQBA91olAD
127=omHzAlAEUoKQA5JvMkJQA+JvMkJQBHKCkASSY5WiUo2QslKNoLJQAnQSQlKNsLJQBVJm8k
128=JQBWKCkAVygpAFgoKQBZKCkAWigoACX/KwoAJSgNDSUoDQ0lKA0NJSgNDSUoDQ0lKA0NJS
129=gNDSUoDQ0lKCcxJQAlpLt0DSdLJSUAKibyJCUAJx8lJQAotFJtBSe0vWkBL5VPAGgBJcVm
130=C/QKccQlJMQlagEmACXQYgIFACYANiS0ImkBOLjXaQEzqAxpATGoDGkBNSgrADIAinhTdQ
131=IX8mEmACdlDSYoZQ0mKGUNJvfpBgAmJHwnZWsmKPEZJihTMSYAYShdAUKk73gGsWwDaAEn
132=DQ0mKA0NJigMDQImAFAAS3AUbQVRiQECaQFVI0kwAGkBVogBlQJc72gmAE8m+zsmAGAmV2
133=4mAEnvaCYAXSagMAImAEUAYekMPeNnJgA+KCkAQCgpAEcoKAAnSyUmAEMmSyUmAEYoKQBB
134=/8UmAEQmdyUmAD/nayYATeNnJgBI92UmAE4m1TEmKDMMJgBT91omAFQoKAAnMgwmACcyDC
135=YAJzIMJgAnMwwmAFso2QBeKCkAXygoACW3LQoAJiZUIWgBJQxEaAElXE5oASexMiYo4Qwm
136=KOEMJijhDCYo4QwmKOEMJrRiIocyJgAm5M4ihEkjSCRoDCdiSSYAwF91AiisYGgBJ49JJg
137=AnpGB0Aic2PiYAJ1onJgCnawEKAHRtIzxJAgUAJwA2oOBpATPjZycANygoACW4VGEENbDa
138=aQEW9lonACfhDCco4QwnKOEMJyiJDCcoiQwnKF0MJyRsMG9oJwA062QnADgoKQAwI+w0AQ
139=EGACco+TAnKLUMJyi1DCfUZYwFtWUDeAa0ZZQCtGWUAifjeicAWeNnJwBe42cnAEXjZycA
140=WygoACc7DScATfbTJwAnqzEnAE7p0icoDw0nAD/hZycodhonACc5DSco4wwnADz30ycAPS
141=gpAEAoKQBI52snAEPlaycmPD8PBgAnAFwAfAIAAAAGACcAOwB+EQAApw4AIAgCAAAABgAn
142=AF0Af+sBTwCC6wFSAJ/pAVMoKQBUKCkAVygpAFgoKQBaKCkAXygqABoAgAACCgAnABuFAQ
143=BpARwoKQAdKCkAHigpAB8oKQAgKCkAISgpACIoKQAmKCkAJygpAC4oKwAoAAtwAWMPLwBD
144=6wEqAEvpASuJAQJjBCwATfcCLQBP6wEpAF3rASQAInQjbwUjACPrASUAJKgBAigANwAxbA
145=UEBQAoADIAMusBMwCJYAR1AjUoKQA2KCsANACL4QQVcAYEAAAGACgAFigpABcoKQAYKCkA
146=MCgpADwoKQBAKCgAnB2xCWEoVQBiKCkAYygpADGgJWAPBCkARgAAAAJrAS8AR2gEaAGtJg
147=FoAa0mA2gBrCaUAqwmiAECSgA4AQChD0uIAZUCTIgBnwpXAEdkHmcIRABV6wFWAFbrAUkA
148=V+kBWigpAF8oKwBYAFjjBEUAWukBWygpAGAoKwA5AFzhBDooKQBPKCsAOABd4wQ7AGDrAT
149=0AYesBQQB06QFGKCkAXCgrAEcAdeEEXSgrAD4AdvcCSAB36wE/AHnpAUIoKwBeAIH1Alnj
150=cigATftpKABOKCkAUCgpAFEoKAAn8g4oACfyDigAJ/MOKABVKK0AGXg6AwAACgAoACeZDi
151=gomg4oACeaDigAJ5oOKAAnmg4oACeaDigAJ5oOKAAnmg4oACeaDigAJ28OKAAokEuDDyQA
152=TnQQbRAunW0EaQEj/G0CKAAlABtoIncCJgAmqwEpADOkVQIFACkALf9tKQAxKCkAKutvKQ
153=AwKCkANbR7eQY0qAxqATYAjGBrATcAiGgMawErAIrpASwoKwAyAIz1AhRgF2JcKQAnxQ4p
154=KMYOKQAnxw4pACkorQBCKCgAnGqlCFYoVQBeKCgAJ8YOKQAnxQ4ptBW5BmQorQAvqiIGAH
155=CVgJ5oAaktAWsBIwBIdAVoAbQulAK1LgV0AifGDikAJ8cOKQBM5HYCKQA+AEGreikAP4kB
156=BHkGQIkBCGsBTwBMdCNpAVCJAQJrAVEATvUCUogBlQJX734pADjreikAPet6KQBVKCsARA
157=BZ5Qg853YpAFn7dCkASPRwfJbQbAIpAEEAePkGXPBsAikAWwB79wJaAHzrAUUAfukBXygp
158=AEnn5CkAYCgrAEMAgO0FOftpKQA6KCkAOygoACfxDiko8Q4pKG0OKShuDikAJzYdKQDIvA
159=EKACkAJ5kOKSiZDikomQ4pKJkOKSiZDikomQ4pKJgOAikAJgBKcEB9CieJAQJrASEATPUC
160=IogBlQIljXMEYQQgtGUCCgAqADS4SAEBACoAuWkBaQExqFwEBQAqACsALHAJawE3AC3qAS
161=oAhPJ2Ai0AlNZpASTndioAOCgpAF8oKQAj8Xcqn+kAAAB5Bl0oVwA2AFLpDDOwFGMELACE
162=ZDRpASnj6yoAXigoACccDwIqADAAje0FE2gJZmsqACd1DyoodQ8qKHcPKgAvKK0AXCgoAC
163=fFDiooxQ4qKMYOKgAnxw4qAGUo2QAu83cqACCQowECBgAq0TUBaAGxNQNoAbA1lAKwNZQC
164=sTUFYAQnHA949XDwjAUnHQ8q3HiUArx4mAa9eAlkCLx4gAS8eIgMvHiUArx4lAIn7x4qAF
165=jv9yoAOel6KihLDyoAWet6KgBW/3gqAEX8eAIqAEgAcmwxbBAnux0qAFr3eyoARvfpKgBD
166=9+kqAEkoKQBg734qAFvvfioAQu9+KgBHKCgAJ8YOKgAnxw4qADzxdyoo5R0qKPEOKijxDi
167=oo8Q4qKGIdKgAngSwq7MBgZydJDyooSQ8qKEkPKihJDyooSQ8qKEkPKihLDyoAH5REAwAK
168=ACsANbhIAgEAKwA0I3krAWgBxM4CBQArACrjcisANygpACTvcysAI+9zKwAyKCkAK/t0Kw
169=A4KCkAJe9zKwAg9HBlBTN0EHcNMQA46QEzmREAdAK5dAFpAV60p2kBX/vtKwAh73MrACIo
170=KwAoAI58QW0FXSgpABJgDHp0KwAnxQ4rKMUOKyjGDisAJXcwBgArJgQiaAGElKQIhJSoAY
171=SUqAEndw8rADkotAEiTCwjTysrAFsoVAAj9CC4Bid1Dysodw8rAGYorQBY4X0ryTgBeBEn
172=xA4iVC3Fdiso5R0rxXYCbAWldgZoAaV2CmsBVQBIYCVrAU4ASukBT4gBmwZRAE31AlKIAZ
173=UCU53xAHkGVIgBlQI66vMrACd3DysAO/V7KyhLDysARet6KwBXJrQtAisAWQBb9Q1C6Xor
174=KHYPKwAndw8rAEf3eysAYPd7KwBa/3grAEP/eCsASSgrAGEAfekMYibbLCsAXCbZLCsoHQ
175=8rKB4PKwAn2ywrAFbhfSv8unhpJdQmaAEnxQ4rKMUOKyjFDisoxQ4rKMUOKyjHDisAHqvS
176=CgAsKJgOAiwANAA+InA1BAEALABnAEVrAQIALCbbLAUALCbYLGkBI6xHaQEkKCkAJfN3LA
177=BfKCkAIPN3LABdKCkAMqjVZAhw3YvoLAAm/3gsAB//eCwAWygqACgAy3osADEoKQAziRcA
178=cwk2AFVgEmsBYQCVImAoaQFiiQEEawFeAHpkNGsBKQCF6AEniy0sAFwmXy0sAGAoKQARdA
179=p6aSwAJ6EPLCihDywooQ8sKEsPLAArKNgAJ3UPLKwjsAkndQ8soCK1Ajso2QBXKCkAWCgo
180=ACd1Dywo7R4sKHQPAiwAMAA/bCoCBgAsAB60OWkBZokBAGgBJ3UPLChdLSwodQ8s1XsDbA
181=W1ewdoAbV7C2gBqXoBaAGoeowFqHqUAqh6lAKoepQCqHqVAjzreiwAVf94LAA68XcsKEkP
182=LChLDywAVup6LAAnAz0sAEMmqzwsAEkoKwA4AF9sPHAUJyc8LABB6nosACejOywASP94LA
183=BaKCkAWSY7LiwARiYPLiwARPh0IpxBJWlKLCgdDyz0vXBsJbxEaAEnHQ8sKDEtLCgdDywo
184=HQ8sKB4PLAAnzzssAB2oOAIKAC0ANZheAgUBAC0AoDsJAQIALQBnAPQAAAADaQFoiQEGaw
185=FdACp0RwIEAC0AXygpAGAoKQBcsGxgBKFnAWkBXqRgaAElLz0FAC0oURAtKFIQLQAnUhAt
186=ACdTEC0AJXgOIoIsLQAn4y0tAB/ngS0AM6BffAonty0tAB64EXUCMuF9Lc2UA3cCNgBUZA
187=toAbV7BWkBJu/3LQBbJgctLQAQZAVmay0AJx0PLSgdDy0oHQ8tKPMOLQAoKNgAJeMiBgAt
188=pCawCSd1Dy0kBCO0AoCQqAEnAj0tACcfDy0AWiheATEAIoFMAnwKoTsBaQFkI7kzAGkBZY
189=gBgQQ+I8w7lQI/iAGNBUCIAYAEJ0kPLShJDy0oSw8tAGOZoAl/ClIAVL9iLQA66W8tKIMs
190=LQA982wtAFQoKQA7JoMsLQBCKCkARigpAEcoKQBIKCkAQfdwLQBZ52stAFj5aS0oWxwtAE
191=Play0okw0tAEUoVQBJKCgAJx07LSgoLCK0T8FyLShCDi0AJz1KLSitLC34tnhpJbxEaAEn
192=xQ4tKK0sLSjFDi0oxQ4tKMUOLSjEDiIwOWE7AHAJbR4AIkdLLQAc5O8BLQAuACNIRWEEL4
193=gBBAEKAC4ANQAiJEYCAgEALgCwQAIBAgAuALFAA2kBZoh6lAKhfQR0AqF9B2kBaYEECmgB
194=vWIGaAGkP5UCXqdYAwAu5IFoAcSBaAElHDtoAaWBAmkBXK/ZBAAuJuc+BQAuJoBNaAElgE
195=1oASWATWgBJ1EQLihREC4oUxAuADewYW0FOKDjaQE5JiMgLgA0iSIAdAKtfgFoASehDy4o
196=ow8uAB4mOy4uADMoKQAPqwwGAC4oJRAuKCUQLiglEC4o+Q8uKPkPLiQYQWl6LrAnqAEn+g
197=8uACdrHi4AWSi0ASejDy4AMoF9BW4QHQCMPGsBOwA5IogiaQE8KCkAPSgpAEEoKQBCKCkA
198=QygpAEQoKQBFKCkARigpAEcoKQBIKCkASSgpAE0oKQBOKCkATygpAFAoKQBRKCkAUigpAF
199=MoKwA+ADrhGj+JAQNtG0CJAQZpAUqJAQBpAUuIAYEETIgBgwRUAETlCFWIAYEEVogBgQRX
200=iQEJZwg6ADOxmC7kuGxoJZBEaAEnSQ8uKDEtLiiZDi600G1zLrTQqAEjJEipARi4QHEJGS
201=gpABe8vXUCGqAHaAGxuQNpARyNPABoASIwIZp/LgCovwECCgAvwH0DAwEALwBooEYCAgAv
202=AGkoKQBqKCkAXqzhYQRjlXsDaQFkiQEGaQFliQEJaAG9gwJoAb2DBWgBvHiYBrGCB3UCXy
203=SgZ2kBYCgpAF2gfQEDAC8AJ80PLyjNDy8ozQ8vKCEgLyghIC8oISAvKM0PLyjODy8AIyw+
204=Ik8gLwAzqzAFAC8oYWovzX4BdwI2AFFkIWkBNyTISmgBJ/sPLwA56f4vKCUQLygnEC8ADn
205=wHZnYvACclEC8oJRAvKCUQLyj5Dy+wPbgGJ3UPLyh1Dy8oGh8vAKh6BQMGAC8AMQBEIuw0
206=aAG1ewFoAbR7iAG0e4gBtHuIAbR7iAG0e4gBtHuIAbR7iAG0e4gBtHuIAbR7iAG0e4gBtH
207=uIAbR7iAG0e4gBtHuIAbR7iAG0e4gBtHuIAbR7iAG1ewRsG7V7B2gBtHuABLR7gAS0e4AE
208=tHuABLR7gAS0e4AEtXsKcAm0e4wFJcg1YGclbEVoASehDy8otS0vKKMPLwAtJFxDbQUXrL
209=hpARvndi8AGiRoKXQCpXYBaQEwiTgAaQEpI9wmhHa8eIMEKgBgbEpgBCJ6QAAAlQIuJud1
210=LwAvJlFoLybTIAsALybTIAsAMCjfPTAAaLR7AgEAMAA0I20vAmgBuV4BaQFpJORJaQFqKC
211=kAaygrAF8AxXgRAgIAMABgiQECaQFikYIBaAG1hgRoAbWGB2gBtYYKaAG1hg1rAV4AiXyv
212=aQFnJExMagFhACMkfmsBXQCKYAQCAwAwAFyvBQQAMChREDAoURAwKFEQMChREDDwggwFAD
213=AAJQAAAAAAAAUAMAARAAA4DwAgDTgAAAAAAAAFADAAMgAuAACrAR8AL+sBMQAy6wEeADPr
214=ATMAResBNwBT6AEBWwCKAcQIASYAiALJATkoKQANZAUEAAAGADAADigpAA8oKQAQKCkAJy
215=goAAQdAD8AAAACeAYEMABEAAAAAWsBWAAgdA1pAVmJAQNpAVqJAQZoAQE7ADkB2QY8KCkA
216=PSgpAEEoKQBCKCkAQygpAEQoKQBFKCkARigpAEcoKQBIKCkASSgpAE0oKQBOKCkATygpAF
217=AoKQBRKCkAUigpAFMoKwA+ADrhGj+JAQV5HECJAQhpAUqIAYElS4gBgQRMiAGDBFQAROUI
218=VYgBgQRWiAGBBFeJAQtwCQE6ADMC2ScRrDECCgAwABIoKQATKCkAFCgpABUoKQAWKCsAKg
219=ALcAFlCC4oKwAsACj3AhsAK+sBKwAs6wEXAC3pAS2sUmcIGAAx9QIciUMAdwIoAFdoQ2kB
220=KYkBA2sBLwBd7QUZYAEEAAALADAAGusBMQA0qAECAQAxADUoKQA2KCkAaSgpAGooKQBrKC
221=kAbCgoAL1iAXMJaACOZGBpAWSgBAQCADEAXwDFcBRpAWCJAQNrAWEA2WBcawFiAPTpAWOJ
222=AQV0AgReAIkBAAABawFnAHd8CmsBZQB86wFmAH3pAV2UcAMBAwAxAFy4BgIEADEAIawQAg
223=UAMQAiKCkAIygpACQoKQAlKCgAJ38QMQAgoDBlCB/mgTEAuX8BdQIyqC1oAaSBlAInJhAx
224=ACcnEDEAMbQjbQUMtA0BBgAxACd9EDEofhAxACd+EDEAJ1MQMQAehT8FewYwAEBsJmgBpY
225=EEaAGlgQdrAT4AOKuFMQA/iQEBdQJAiQECawFKAEPhBEuIAYUITIkBCGMEPABGfCtrAVEA
226=S+kBUogBhwg7AFb3AlQAXOkBVSgrAEYAXfUCTSgrADoAX/cCRABg6QFJKCkAVigpAFe4PW
227=8QWAB/7wVFAIDrAT0An+kBQSgpAEIoKQBDKCkARygpAEgoKQBOKCkATygpAFAoKQBTKCgA
228=J3cPMQAXqDgCCgAxABwoKQApKCkAKigqABgAnAJtBSsoKQAbsM91Ai68TGkBGrDPaQEtqE
229=5oAbnBA2kBL4U/AGsBEwBLcAxpARSJAQJrAREATPUCEogBlwIVAE70AgQQAE8AAAAEbwUo
230=AFD0AieoEAIxACwAJXMqCwAyKKkQMiiqEDIAJyYQMgAnJxAyAG1oCQQAAAEAMgBqoBppAW
231=i0GGsBMwBCcFZrAWkAhWgMaQFmuAYCAgAyAGCRggFoAb2DA2kBYpUCBWgBBF4AlAEAAAlp
232=AWXwggIyAGcAenAJdQJjoEZpAWT/gzIAX6BGdQJdhAgDBgMAMgBciAEBAwQAMih+EDIAJ3
233=4QMgAnfhAyACd/EDIAOKy1AgUAMgAmrLVpASGkHmsBOQAwaBppASe4tmkBILwgaQEynSAA
234=aQE2mbYCawE3AFz5BluEE4AEJ9UQMqzIIiohMgAnAREyKAERMigBETIoAxEyADp0CrkGOy
235=gpAFooKwAfADx4MgEGADIAuYoDaAGxSwFoAbBLlAKwS5QCsEuUArBLlAKxSwV4BrBLlAKs
236=lJQCJ2ESMihiEjIAJ2ISMgCgk5gGoJOYBqGTCX8KPQBHeD1rAU8ASukBUIkBAnQCuJWECL
237=iVkRRUhZcAYQRViAGPBTwAVeUIRigpAE0oKwBEAFjhBEkoKQBWKCsAVwB24QRYrFJpDEWs
238=UmgBJ2ASfD7alTIAJ2ISMgAnYhIyACdiEjIAJ2ISMgAnCxIyABu4QAIKADIAHCgoACdYEQ
239=EyABkAhI9hBC4mgyEyABikVXUCGv+OMgAehT8AdAK5igFpARaJhQRpASmcg4sBHQBiaEZ3
240=AhcAY+kBKigrACwAG3wgd4YtACSpATMoAxEzAG2oZAIBADMAarBhaAGxggNrAW4AbiKkIG
241=kBa/+DMwBsKCgAJ1chMwBnZBAEAAACADMAYLwgaAG1ewdoAamFCmkBZaQ0awFfAHhkE2sB
242=YwB56wFiAHvrAWEAfukBaCgpAGmwz3sGZgCB4AQnVSEzKNUQMyjVEDMo1xAzACa8FQIFAD
243=MANygpACe4MnUCKOqFMwB/RAAAAXUCNZyDiAGphQN0AryDlAKxmAR1Ajgm1zEzACEmrSEz
244=KNshMwAKow8GADOkJnGCMygtETMoLREzKC0RMyguETMAJdArZAgl0CtpASCZSAVpATCJmw
245=JoAbhIlAK4SIgBJ/kPMyj5DzMo+Q8z2H+ECLl/BnAJuX8KawFOAEhgMGkBQo1+AGkBQ4gB
246=mAaxggF0ArGCA2gBuH+UArh/lQJBJgwjAjMATQBX/Aonow8zADomOyMzADsoKQBFKCkAOS
247=Y7IzMAVybjIjMAWKhOYQ8RsEtpARIoKQBZtNN1AhC8TGkBE7xMaQFavExpATwmBiIzACe/
248=IzMARChVAEYoKAAnLREzKC8RMwBRKIEAUigoACdbETMAVihVABi0RAIKADMAGbxEaQEbJt
249=4yMwAnWxEzABqs4WEEK6hZaQEcoH1pASy0WmgBucwDaQEvlUQAaQEXhIyLASoAVGgPdwId
250=AKLrAR4Ao+sBLQAfZDQECwA0AG4AcHQCAgEANABviQECaQFtuF5pAWB4A3+DNABhKCgAnJ
251=a0AicvETQAZSiAACcxIjQohxE0AGgogQBsKCgAsI0FCAIANABpAHRkE2kBX6zAaQFirMBp
252=AV4mXCIBNABqACXfMjQAa6w8YAQnLRE0KC0RNCgtETQoLRE0KC0RNCZ0MAEFADQAJfw2aQ
253=E3uDJpATgmMyI0ADUmgCECNAAzAF58GGEENIkBAWkBMqi8aQEo7Yk0KC0RNCgvETQACXwH
254=YYg0KFkRNLhFtAIniSI0KFkRNCgvETQAECgEASVfLQYANCR4LKUIOSiBAEEoKQBbKCoAIA
255=B9AgJ4Br2OA2gBpUoBaAEEDgARAQAABGgBJ90RNCjdETQo3RE03I6ECL2OB3gGvY4LaAGl
256=rQVoAbyOiAy8jpsGTwBMcEBhBFCIAYcTTQBP9QJOiAGXAjoAUvUCO4gBlwI8AFP1Aj2IAZ
257=cCSQBa9QJY/440AFkoKQBa/I4CNAATAHLvBRIAdekBEfeRNAAUtE9yFBUAJUU1NCgvETQA
258=ReaBNAAnWRE0KIkiNChZETQoWhE0ACdZETQotyI0AFQoMQFVKCgAJ7MRNABXKFUAK7RHAg
259=oANAAauEBpAS0mOyM0ACznjDQALiYPIzQAHfONNAAcJFQheQYfiUMAaAGxjQFpARiRjQRo
260=AbCNlQIZJgwjAjQAHgCeeEthBBtgASLrRDUAbLCYAgEANQBqJHg2aAGpkAFoAamQA2kBcJ
261=WRBWsBawCKYDBrAW0AjOgBJ2ESNShhEjWgb2GTNbARqAEnjRI1KI4SNQAnjRI1KI0SNSiP
262=EjUAXZAfAwICADUAXuKTNQAnYxI1AGkmFSQ1KOUzNSjdETUo3RE1KN0RNSjdETUo3RE1Jl
263=w4AgUANQAz/441ADYoKQAypDRhBDQoKQA345M1ADG8NmAEJ90RNSjfETUACK8xBgA1KN0R
264=NSjdETWkR3WGNSg5IzUohhE1ACU4T2QIJThPaAEnOSM1Jjw/dAIjsD6xCUko4wEwAD4klj
265=Q1AL2OA20FXIktAGgBsUsFaQENnY4BaAGokJUCD5UCCXQCJzUSNSg1EjUoNBICNQBKADJg
266=Rm0FS4gBkQlMiQECdQJGIwgzgQ9HiAGUAqiQjAWokJAUqJCUAqiQlAKokJQCqJCUAqiQlA
267=KokJUCUiabJDUAUygpAFQoKQBYKCkASCZrNDUAWueXNQA5+5U1AEEoKQA4JltINQAV75Q1
268=ABO85nkcWyTkPmkBFrDlaAEnfUc1KBk1NSgREzUoERM1KI4SNQAnCRI1KLwjIoAtJU82NQ
269=BZ95E1AB6sSgIKADUALSbrIzUAHSZHNTUALKBcYQQa4pM1ACcnRzUAG7SGYQQvjUcAaAGh
270=kwFrASoAUXhLawEZAFLpASuggHQCJWBJAgsANgBuoGcCAQA2AGygZ2gBJxs1NgBtrGh1Am
271=8jGTUAaQFwiQECaAEEcQBNAQAAA2sBawCEcEtoASdtJDYoCRI2pBBqkDYAJwkSNigKEjYA
272=JwkSNigJEjYoCRI2yJADAwIANgBfvNBpAV6sPGkBaaw8aQFgvNBoASeVNDYohRE2KIcRNg
273=AzqC0CBQA2ADYoKABgwiPrZTYAJaAlYQQ3oDBpASG0I2kBIiQ4OWkBIygpACQoKAAnCBIC
274=NgAyAI1gJW0FB3wzcYI2KDUSNig1EjYoNRI2pEesBScVJDYoFSQ2KDUSNiZwYQEGADYAJX
275=BhaAEnYhI2ACedNTYojhI2ACWQLmwFJ7oSNgAnuxI2ABa0EGEEIJVPAmkBMYkBBWgBpZcB
276=aQFMI/FQAGkBTYgBjwVLAE1sHnUCUygpAE4jcECMBbxXhQhKJBxcbQVSKCkAVKBJdAK5oA
277=ZoAbmgCmkBEIWiDmgBJ0UUNihFFDYoRhQ2AKCelA2hngN7BjwAUGQ0aQE9iAGLFzoAUfUC
278=O4gBlQI4JlNHNgBQ+5U2AFYoKQBPJgc4NgBVKCgAJz8TNgBR/JkiLD4lUCYCNgBZAFv1DV
279=skTEF5EVokxC9pAVjzmDYAOeaMNgAnWkg2ACc9EzYoPRM2KD0TNig+EzYAJRxnAgoANgAb
280=JpgkcO2YQHUCHqRgaQEvKCkAHaRgdQIuKCkAH51BAHQCvdsDaAG1kQFpASskqHNoASk0Ei
281=OEaiJvJDcAbiQkJgIBADcAYrxtaQFhJpskNwBtKCgAoZMBYAShkwNoAaGTAmkBco2UAGgB
282=I3wya5A3AF94UKgBJ/02NyhhEjcoYRI3KGESNyhiEjcAJTxrAgIANwBdvGJpAWwoKQBcI3
283=F3AncCUgBIfA1pAUqgamkBTJ1iAWgBqWQDaAGoZJQCqGSIAahkiQFg95w3AGq8QXkGa+Ce
284=AjcAaACCbEd0AiWjZwUANyZ8RmgBItgri5s3ACa0OXQCJ/MkNwAltDl3AjUAg3AJaQE2qL
285=xoASc/EzcAMiR8PHUCBnAcbpQ3ACdpEzcoaRM3KGkTNyhpEzcoERM3KIVINyhZSDcouhI3
286=ACdVNzco5RI3KOUSNybvKQYANybsKWgBJdRdaAGMWrAUI1BTqQFVKOkCVigpACGJWQV5Bj
287=EjUSYCaAEAAVsARQAAAAAGADcAUABMAAAAAAYRAABKDwAgAAMANwBRAEwAAAACBgA3AE8A
288=TgAAAARoAQRUAFUAAAAAawFJAF3rAREA2OwFBA8AEQEAAAthBBCJAQ9oAQESACYB2QYTiQ
289=EDdwI+ADj1Aj+JAQF1AkCIAYAPAzwAUAIAAJUCPYgBmwY6AFH1AjuIAZQCATgAVQLLDEcA
290=VusBSABY6wFYAHXrAVoAeesBCwB86wFZAH3rAVcAfusBDAB/6wE5AJ/pAUEoKQBCKCkAQy
291=gpAEQoKQBFKCkARigpABpwJwYAAAoANwAfAAtwAWsBHgAr6QEvKCsAGwAt9QIsKCsAHAAx
292=9QItKCgABCAAPgAAAANzCTAAQeMEGQBQ6AEEKwBTAAAAAWEEHWwCBAAACwA3AC7oAQI4AG
293=IAMHABAgEAOABdvAppAWQoKwBcADLhBGMoKwBhADP3Am8AcOkBcIkBAmUIcYkBBGgBBHIA
294=TQEAAAFpAXOJAQNrAW4AJXwrawFtAI7pAUtoCQMAAAIAOABkUmBNAQA4AE0oVABwU9UCUi
295=hUAHAc1QJgKFUAZSgpAGYoKQBnKCkAaCgrAEoAQ2AlYw9bAEXpAVCVEAF1AlGJAQNoAalk
296=BWkBarxMaQFrKCkAXrxMdQJpKCkAX7BLdwJsAIFkHmkBNKw8BAUAOAAzAC9gEmkBKLgyaQ
297=E1rDFpASa0LmkBMigrACcAhXAJdQIFfAdndjgABigpAAcoKQAIKCkACSgpAA0oKQAOKCkA
298=DygpABgoKQApKCkAKigpADYoKQBHKCkAVigrACUAPGA0AgYAOAAxhVUDaQFJlS4AagFZAI
299=w/aQFaiQECaQFYrD9rAVUAT3gJaAGhXAFrAVQAUfUCV+yUAjgAFgDE9QIXiAGRCRCEl5gG
300=sJiMELiVlAK5lQR9ChSFlwdpARWJAQpoAScSEzgAJxITOAAnEBMCOAA6AEu7lTgAO4gBiQ
301=xG4JMCOABIAFlwNXMJNwBd6wELAHLrAQwAd+kBCqxHbQU47ok4ACdjEjgAPChVAD0oKAAn
302=uhI4ACe6EjgAJ7oSOAAnuhI4ACe7EjgALGQmbJQBOAAuAIg7AgoAOAAcuFNpAS0oKQAvqI
303=h1Ah+wVmkBHaRVaQEeuFNpASSFPwBoAa2UAWkBGo2UBGkBK4gBggQiAJh3dQIjiAGPBSEA
304=YWwTdwIgAGLrARsAY6sBOQBcuBECAQA5AG0oKQBkrGh1AmGkE2kBW/OYOQBgKCkAaigpAG
305=OoF2wFqZsBaAGpmwNoAambBWgBqZsAaAGpmwJpAXSUnJcCbgAfdDl3Al0Ah+sBawCL6QFs
306=KCgAkLZtnzmsWqgBJ5UTOYi5c2gAOQAnahM5ACdoEwI5AE8APaSXATkAVwCccAECADkApW
307=sBaAGlawNoAaRrlAKka4gBuGmLAV4AdHAUbQVfqOhpAWkoKQBnuFN1Ami06WsBYgCA+QY1
308=oDACBQA5ACqgMGkBKKgtaQEzqC1rATQAhHgGaQEpqCJpAQRkPH6ZOQAnaRM5KGoTOQAnah
309=M5ACdqEzkAJ2oTOQAnPxM5ABEoMQESKCkAEygoACeXEzkAGShVACcoKACI8LgRkOKpASaA
310=XAMFBgA5AE6BMABrATAARmw1aQFWhZcEaAG4XowFuV4BdwJKAF5wDGkBS4gBlwJMAF/1Ak
311=2IAZUCSaRgbAW0nJQCtZwDdAKllwhoAaWXC2gBJ+USOSjlEjko5BICOQA8AEpgMG0FPYkB
312=AmgBJ0glAjkARwBc4QQ255c5AAu03m0FDCgrAAoAdu0FD7REYQQQoOBpAQ2g4GkBN+aXOQ
313=AnlRM5KJcTOQA6KIEAOygoACeVEzkolRM5KJUTOSiVEzkolhM5ACdTJjkAHHQrY545ACEo
314=KQAiKCkAJCgpACMm1yY5AC4oKgAdAJThAgoAOQAg+6A5AB+0WnQCtd4DaQEvnUEAaQEtI4
315=gtiQEsjZ8EdgIbAIh9aQEeoA8CCwA6AFv/mToAaigpAGa4aQIBADoAWLhpaQFlKCkAaCgr
316=AHAAcngJYQRxiQECawFvAHf3Am0AeOkBbokBA2AEqZsBaAGom5QCqJuVAnWUnJcCawAjeD
317=1tBVwmWCcCOgBsACb1AmHsnwI6AF0AiPUCWaB9eQZaKCkAaSgrAGAAje0FX7QuAgIAOgBV
318=nW0CaAGlawVrAVcAJ2wFaQFitE9rAV4AePcCZwB66QFj+5U6AGSgUW0FMbAqAgUAOgAwuC
319=dpASm8CmkBKqgXaQEoJMgqaQEDcCdmgToAJ7oSOgAnuRI6KLkSOihjEjoACijYACNAMKUI
320=DChUACdjEjoAFChVABUoKAAnuRI6KLoSOgAlqDEBBgA6ACflEjokdDGoDCfmEjoAIwwvtQ
321=INvCt5Bgi8K2kBVIkBAGsBJgA/vpk6AKlZAXQCqFmIAalZBXUCUpiVmQZTiAGBBFCE+pUC
322=UYgBlQJPsPt5Bk7omwI6ABYABCS3ODoAF4kBBGAEJxETOigREzooEBMCOgBKADRsPG0FS4
323=gBiQxMiQECdAK0nJQCtZwDdwJHAE35BkiIAY8FRQBO9QJGiAGVAjX7oDoANPigAjoASQBh
324=7QVNKCkAD+eiOgAQKCkADueiOgARoFFtEBKgUWkBNvacOgAncRQ6KHEUOihxFDoochQ6AC
325=dyFDoAJ3EUOihxFDoocRQ6KHIUOgAnGRQ6KBsUOgAeJgsoOgAfKCkAHSYLKDoAILSRAgoA
326=OgAHtERpASWVRABpAS6VnARoAambAWsBIwAiYCVpASK0hmsBJAAktwI7AGGoDAIBADsAZi
327=gpAFi0DXUCYCgpAGUoKQBnsHdhBFewd2kBXygoALmgAXQCuaADawFrAHVgamkBbIkBAmgB
328=sKOMBbCjiAGxowRjBGkAjfkGaogBmAawo5wKsaMAbQV2nKSDBHIAUnRadQJziAGXAlwAHn
329=AfdQJatCNpAVsoKQBZoCV0Aif3FDsAYv+kOwBjKCkAZCgrAGgAjP0KVoQ0AwUCADsAXvug
330=OwAqvCsCBQA7ACm412oBMQAjREBpASuwKmkBL6QpaQEovIZrATAAOXwgaAFoDSNKRjsAJ0
331=UUOyhFFDsoRRQ7KO0TO7SOapA7ACfuEzsAJ0I6OwAnFzo7ABBsDawFJy4nOwAnLic7ACfJ
332=FDsoyhQ7ACfJFDsocRQ7qB+wCSdFFDukG7QClPGoASV4QQIGADsALKQWaQFUKCkACbwrdA
333=K10wNpASeRYQVoAbBhiAGpmwF0AqiblAInaRM7KGkTOyhrEzsASiOlTAB5BkuIAYUITIkB
334=AncCOABMbDBpATmIAZQCqJuMBaibhBOom5QCqJuVAjQmV007ADwmV007AE/jnjsAUCgrAE
335=4AXvcNGABf6wEZAGDpAVEoKQAOqE5lEzXqmzsAJ5UTOyiVEzsoPRM7KD4TOwAndTs7KGkT
336=OyhpEzsoaRM7KGsTOwBJKLUBTSgoACVnRAoAOyb4MGgBJXhMaAEl+CVpASCoTmkBIygpAC
337=UoKAAnOk87AL3mA2wFsOWJASIj8S8AdQIbJFw3aQEhJKxCaQEcJh87OwAkJLQ4AgoAPABd
338=oFQCAQA8AGcoKQBf4548AGgoKQBYhZcAbQVZiQECaAGpmwFoAambA2kBWibeJzwAqJuMBa
339=mbBWMEWwB5dBtpAVyIAZsGYwCM9QJkiAGYBrigiAy4oI8FZQCP7QVmiAGMBbCjkBSwo5gG
340=sKOZBnecpIAEA28ATwEAAJQCqKaMBaimlwJxAFagqQI8AHAAWesBYQAgdE9pF2DrpjwAYq
341=zLdQJe8KMCPABXAJ7tBVaoIgQCADwAVQC/aBdpASu0LgIFADwAKvOjPAAw86M8ACmwhWEE
342=L/igAjwALQCKfAp1Ai4oKQAsoA90AnAVnqQ8AGAFyAEnyRQ8KMkUPCgZFDwoHTs8KEUUPC
343=hFFDwodTs8KEUUPChFFDwoRRQ8KEcUPAAWfB11nDyImNgRJZdVBgA8JtBBaQEoiQQCaQEM
344=I6E7AWsBIQBJbAhoAaxdlAKsXYkBVKxdYwQyAJ/vBTEAoOsBMwCj6AGlogZtBRgj3ScKaA
345=EncRQ8KHEUPChxFDwochQ8ACdyFDwAJ3AUAjwAUABIdC1wCbykhBO9pAN1AkKJpgBpAUOI
346=AZscRQBP+QZGiAGVAhn/pDwAPSgpAE8oKQA19KcCPAA0AFflCDsmF1A8AE0oKQAa/KQCPA
347=BSAGLsBSdxFDwocRQ8KHEUPCgZFDwowxM8AEf3nDwASCgoACcbFDwAUShUACWEMnCNJ0UU
348=PChGFDwAJ0YUPAAnwxM8ACeRQAB5BguQQIkBHyN0XIkBIIkBAmEEI42fBGkBHCOgO4EEHr
349=xBdQIJIxwwlQIKiQEBdQIIJBwwaQEmKCkAJPykAj0AaQBvYEYCAQA9AGqJAQFoAbigiAG5
350=oAN1Al2FogBpAV6JAQJoAbigjAWgnogBoZ4EYQRfjJ+ZBmCIAZAJuKCMBbiglAKgnpUCZo
351=CelAIk1DyECKyfgA+sn4AErJ+ABKyfgQR4mKCABANrAE4BAACVAmyEoo0FbYgBlwJwAFB4
352=iX0VcYgBlQJuI2gpjQVviAGXAnIAWO8FYQAbfEx5BmIm7yk9AGfrpj0AaOmmPdykjBu8pA
353=UBAgA9AFQAs2AwaAGoppUCLSQMWQIFAD0AMCbkKAI9AC8AOGwFdQIrqAxpASwkcEBpAS4m
354=6089AComWT09KHEUPSg9KT0owRM9KOcSPQAbYAxxmD0mCDMBBgA9ACUkR2kBD5FWAmkBKY
355=kBBWkBFZ1XAWkBHiS4VGgBqFmUAqlZA3QCqFmYBqhZgQRTqFljBDIAmXQQaQEzKCsAMQCa
356=9QI07J8CPQBSAKT3AjUApegBrZ8HZAitnwtoASftEz0o7RM9KO0TPSjtEz0o7RM9KOwTAj
357=0AQQBJeD1wCbSciBe0nIwbtJyUArSclAInlxM9ADf/mT0AUCgpADbrmz0AGvyZAj0AUQBa
358=9Q08JrsoPQBOKCoAOAAl5yg9ADkoKAAnkU89KN0nPSjdJz0olRM9KJUTPSiVEz0osic9AC
359=ezJz0AT+GePePrCgA9JiwyaAEn7RM9KO4TPQAlMFlgBCUwWWgBJcxGaAElbEVpASUkHDBp
360=AQ6RSwBoAbHlA2kBFJxMlQIdmaAEdwIkAFRkP2oBEQAjpGxpARKJAQJpAQwj6ESZBg2JAQ
361=F1AhMkvERpAQvzoz0AJiTYTQQKAD4AaQBufAoCAQA+AGqJAQJrAWMAc/QCDWQAcwAAAAIB
362=AD4AYQB0AAARAADmDgAgAAYAAAEAPgBiAHQAAAACAQA+AF0AdQAAAAFpAV6JAQNoAQRcAH
363=kAAAAFaQFfiAGBBGCJAQR0AgFlAIEAfAYBAD4AZogBkQlniAGDBFgAiuEEWYgBgAQBcgBN
364=AdkGc4gBnQp0iAGBD3WJAQBpDHaIAZkGd4gBgQR4iAGBBHmIAYAEA2sATgEAAIAEAWwATw
365=HBGm2IAZcCWgBQ4Q9biAGZBnCIAY0QcYgBjwVuAFLlCG+IAZQCAWgAHQLIFwFXAJ4C2ydV
366=AIJ4HAICAD4AVokBAmsBVADPYARrATAALWAEBAUAPgAtADDrATMAMesBKgAz6wErAIVoDG
367=0FLCgrADEAivcCMgCL6wEvAI3pARZ8BwQAAAYAPgAcKCkAIigpACMoKwAuAAtwAW8FEAA8
368=bDxrASkAPnxBawEVAD/rAR0AUOMEUgCb+wY0AJ7rAVEAoOsBFwDV6QEYiQECcwk5ADl0Lm
369=kBOigpADsoKQA8KCkAPSgpAEEoKQBCKCkAQygpAEQoKQBFKCkARigpAEcoKQBIKCkASSgp
370=AE0oKQBOKCkATygrAD4AOukXP4kBA3UYQIkBBmkBSogBlS5LiAGBBEyIAYMENQBF5Qg2iA
371=GBBDeIAYEEOIkBCXMJUAA1dDlrARkAV+sBHwBc6wEeAF3rASAAXusBGwBg6QEhKCsAGgCf
372=9QJTgFGRFAN8MwQAAAoAPgAEKCkABSgpAAYoKQAHKCgAmEW5BiUoVQAnuEhzCQkAKHwCaw
373=EIACzrAQoAL+kBD51MA2EEKJxMjRAUnEyLASQAVGBrYwQRAFbrASYAH3QYdwISAHzrAQ0A
374=fesBDAB+6wEOAH/rARMAgagBAj8AaQBucAkCAQA/AGqJAQNrAWMAc/UCZIgBlQJhhaIBYA
375=Swo5QCrZ8CdAKtnwVoAayfjAWsn4wFrJ+ABKyfgASsn4EEcZmVAGQIuKCcCriggAS4oIAE
376=uKCABLiggAS4oIAEuKCABLiggAS0nIAPtJyVAm2Im5kGbogBmQZciJuVAl2IAZcCbABVcF
377=ZxFHAoKwBrAFb1Am8oKwBeAFf1AmiwNXgGsKOAD7CjAQECAD/RowNoAbCjiQEyuEgCBQA/
378=ADGgRmkBLvCjAj8ALQAyeEh1Ai/8pAI/ADAAhGw8dwIzAIjpASBkBXqgPwAnwxM/ACsoVA
379=CQU6EENChVACKsEAIGAD8AKplTBWkBFphTiwEQAEGkogI/AFEAmGAHYAQnRBQCPwAZANLg
380=BLmgAWAEuaADaAG4oJQCuKCIAbigiAG4oIgBuKCIAbigiAG4oIgBuKCIAbigiAG4oIgBuK
381=CIAbigiAG4oIgBuKCIAbigiAG4oIgBuKCIAbigiAG5oARgGrmgB2gBuKCABLiggAS4oIAE
382=uKCABLiggAS4oIAEuaAKcAm4oI8FGgBVYDt3AhsAVusBHwBY6wEhAFnpARz/pD8AHfOjPw
383=Ae+qA/ALignAon7hM/ACfuEz8AJ+4TPwAn7xM/ABNwPW+fPwAmKCkAJygoAISfoQQUuEgC
384=CgA/AAvnoj8ADCgrAAgAKWAHYQQNrF1pAQq0WmgBsfADaAGw8IkBD5VPAHcCJQBO5QgRiP
385=OXAiQAUfcCDgB6aCJtBRIoKwAJAIB0AgQLAEAAWABybAUCAQBAAFmJAQJpAWmJAQBpAWqI
386=AZcCaAB37wVmAHvpAWeIAYEEcP6ZQACpmwFkCKmbA2gBqJuMBaibgASom4AEqJuAD6ibjA
387=Wom4EEZSMAJ4EEXoSXiQFfiAGNBWOIAZ0KZIgBmQZriAGABKyfgASsn4AErJ+UAqyflQJh
388=mKCVAmKIAZUCW+OeQABgKCkAb+yfAkAAWgBYuKACQABsAFnoAbignRVVjCYDAAIAQABWiQ
389=ECawFUANIkjyhAAC4mYyhAADMoKQAtqEMCBQBAADEoKQAyJmMoQAAbcDJ/mUAAHSgoACft
390=E0Ao7RNAoPOsBYDzqAEjPCqpATS8VwQGAEAAKgBAvplAAK2fA3cCFQBHcAxoAaFRAWgBoF
391=GIAaBRiwFRAJrsBSefFEAAGJykgASoppwKsaMCcAmwo4gBsKOIAbCjiAGwo4gBsKOIAbCj
392=iAGwo4gBsKOIAbCjiAGwo4gBsKOIAbCjiAGwo4gBsKOIAbCjiAGwo4gBsKOIAbGjBXQYsa
393=MIaAGwo4AEsKOABLCjgASwo4AEsKOABLCjgASxowtwCbCjjQUf56JAAB4muCgCQAAaAFtg
394=fW0FHCgpACDzo0AAFiYTKUAAFya7KEAAIigpACHrpkAAU5lTAHAJJ50UQCidFEAonxRAAA
395=5wPXmgQLidqAEnwBMCQAANAC5oBAIKAEAADKT6aQEpnUwAaAG1nAFrARMAS+0FFIkBAnUC
396=Jo2fBGkBEoyfiwEnAGPvBQkAdnAfd5wKAHvpAQskNygLAEHMnwEBAQBBzZ8DaAGsn5QCrJ
397=+UAqyflAKsn4gBrJ+BBG/un0EAuaACcAm4oIAEuKCYBriglAK5oABsBbigmAa4oIgBuKCN
398=BWIjSDuNBWOIAYEEWueiQQBbiAGUAryklA28pIgBvKSQCaSiiwFsAFGvlEEAbYgBhQhk65
399=tBAFzrm0EAYCgpAGH3nEEAXfecQQBuKCgAoJ6AD6CeAQECAEHBngNoAaCeiQEQdDZ/jkEA
400=ESgpACQoKQA1KCkANigoAKCTBQMGAEEADwBFrpRBAKFGAXQCoEaABKFGBXQCoEaLASsAXX
401=gJdQJSJhw7AkEAMwCh9wIyAKLrATQAo+sBMQC66wEeAMXpAR+JAQJzCRgA1/UCGYgBlwIb
402=ANv1AhyIAZcCGgAdYDB7Bh0AHusBPgA46QE/iAGBGkCIAZkGSokBAHkGS4gBgQRMiAGDBE
403=4ASnheYQRPiAGVAhbrhUEAPCgpAEIoKQBDKCkAIO+JQQAXJqMlQQA544hBAFAoKQAV74lB
404=ADgmzCUCQQA3AF/tEFH4igJBACMAYvUCJSQwInAUJ7MRQQAi/45BADooKQA7KCkAPSgpAE
405=EoKQBEKCkARSgpAEYoKQBHKCkASCgpAEkoKQBNKCgAoJ6TKi8A0/0VMIgBhykuANX3AiwA
406=1ukBLYgBgAQnESlBKHEUQShHFEEADazsAgoAQQAIJFhIaQEM86NBAAkk5DN1Agv+pEEAva
407=QBdQIOmV4AaQEnmKCJAQoksCcBCwBCACToOQIAAQBCACTpOQJpAW76lUIApZcBdAKllwNo
408=AaSXmAakl5gGpJeIAaSXmAakl5gGpJeJAVyMlIUIXYgBmAawmJgGsJiNBWSABI0FZYgBjQ
409=VanJmMBaibjQVglAKNBWGIAY0FZiOEJ5UCZ4gBlQJonJmVAmmIAZQCoJ6cCqCenQpqI4Qn
410=jQVriAGNBV8mzztCAF7inkIAqJuDBFUAiWh6AgIAQgBWiQEDawErALF0kWgBqYUBawFTAL
411=7tBVSIAZQCsEuJATCQS4QIsEuUArBLiAGwS4EED2gJaqZCACf2FEIAJ+lPQijOO0IAJyEV
412=QibcMgEGAEIAJyMVQgA3KDEBOCgoACI5UACpDEIoVQBDKCgAtU8BcwkpAEh8AmgBoFGVAl
413=L7q0IAM6jzYQQ0JjQoAkIANQCl+QYqjSYAYQQymasEaAG4q5AJuasDdAK4q5QCuKuUArir
414=lAK4q5QCBCAADAEAAAJ4BqStgASkrYgBJ6YVQgAnphVCACekFQJCAEoAMrd7QgBLiAGZBk
415=yIAZwKpK2UAqStgw9HAEv5BkiIAY0FOSYfO0IAPSgpAEQoKQBNKCkAOuuxQgBQKCkAIfey
416=QgAV97JCACIoKQBBKCkASSgpABcmfDwCQgA7AFrlE1EoKQAS87lCABMoKQAUKCkAEfC5Ak
417=IAJQB45AgnphVCACelFUIowxNCAAhkPCILKEIADOOeQgAJJvs7QgALJGAyAwoAQgAoACKJ
418=WQRpAQ2sR2kBCqcICwBD3JkBAQEAQ92ZA2kBbf6ZQwCpmwJ0AqmbAGgBqJuUAqibhAiom4
419=QIqJuIASdqE0MAJ2oTQwC8mZkGXYyUjAWkl5QCpJeUAqyUlAKslJQCrJSUAqyUlQJegJOR
420=FF+IAZAUpJeMBaSXjAWslJQCrJSVAlvvlEMAYybXJkMAbCgpAFom1yZDAGImfSZD0JiFCF
421=KwdwECAEMAvZkBaAG9mQRrAVMAk2gwaQFUiQECaAGkdowFpXYFdQIrlSMAaQEsiAGNBS2M
422=tZUCLogBlgIvACMUZm0FMIgBlQIxvBV0AieVE0MolRNDKI8oQwAYfBJvlEMAGigoACf5O0
423=Mo7hNDACWjRgYAQyjCE0MAJ8MTQwA6KAUBOygpAEuwVnoGDgB1nwFrAVEATWgEaAGxVgVp
424=ASmwVmkBUCgpADXsnwJDADYApPsGNAC46wEzALzrARsA++kBHIkBAnMJIQALIjxraQEfnJ
425=mMEKmbA3QCJxETQygRE0MoEhNDALSRmAa0kZkGFPuKQwBFKCkAEueMQwAiKCgAJwsoQwA5
426=74lDAE/jiEMAFuuFQwBCKCkAQygpAEwmjyhDADzviUMASiZgKAJDAB4AYbmKQyiMKAJDAB
427=kAY/cCJQB06gEmACOMX3EfEybXJkMAFSgoACeOKEMAJ44oQwAnjShDKLoSQwAnCihDACcL
428=KEMATigwAScQEwJDAAoAKmQ0AgoAQwAJJtcmQwALJtcmQwANlUQAYQQMJHgrBAoARABYAH
429=B4BgIBAEQAWYkBAmkBWokBBGkBbPKYRAC9mQF0Ar2ZA2gBvJmUAryZlAK9mQBgBLyZnAq8
430=mZQCvJmVAmiAcpUCaYgBlQJiiG+UAiT8TJQCoJOUDaCTlQ1kjJSNBWWIAY4FWwAihHSUAi
431=QoTZUCYChUACQoTZUCXeOTRABqKCkAZqx+dRhrKCkAZybMJQJEAFcAjmQ/YgRSACMQagQC
432=AEQAUABGJKIlRAChcgF0ArGYAmgBsZgFaAGwmIAEsZgDdwIqAKvkCKBygASgcogBvJmIAb
433=yZmAa8mZQCvJmUAryZlAK8mZUCMbQYdQ0yvK9pARJ0QWeXRAAUKCkAGSgoACfhTkQoERNE
434=KOUSRCjmEkQAJ7kSRCNxbQC8CiJIPMkBEZwCDwIGAEQATwBGAAAAAAYARAA1ABEAACAPAC
435=ANUgAAAAAGAEQANgCeAAAAAGsBKQCr6AEEGwD7AAAAAXUCHIkBA2gBASAACwHVAiGJAQR1
436=AiKJAQdoAQE+ADgB0Qk/iAGFCECJAQJgBAEVAFUCwQRGKCsATQBW9wI5AFfpAT0oKQBMKC
437=sARABY4QRKKCsATgBa9wITAFvrAR0AXesBGABg6QEfKCsAGgBh9wI6AGLrASYAdesBJQB2
438=6wEnAH3rAUsAgOsBKACB6wEWAJ/pARcoKQAeKCkAQSgpAEIoKQBDKCkARygpAEgoKQBJKC
439=kACXwzBAAACgBEAAooKwAQADxwAXcCDgBf6QEPiQEBdwINAGL3AgwAd3AUdwILAH6oAQJF
440=AFcALmAEBAEARQBSADHrAVAAMukBVSgrAFgAcGhDbQVZiQEDaQFaiQEFawFrAE1wQGkBbI
441=kBAmkBbYkBAGkBbogBlQJviAGVAnCIAZUCcYkBAW0FcogBiQxziAGXAmgATmBRYQRpiAGD
442=BF0AT+EPXogBkQlmiAGJDGeIAZcCYgBQ5QhjiAGHCGQAUfUCZYgBlwJbAFL1AlyIAZUCYI
443=gBmRFhiAGXAl8AWO0QaigrAFEAi2gtfRVWKCsATwBGZCkCAgBFACqJbwNpATKZHABpATCM
444=G4kBMYkBAnUCLIQTlQItiAGVAi6MEJUCL4gBlwIrAFV4EXsGMwBZ6QE0KCsAUwAhZBNjBF
445=QAJukBE3w+c4JFADYoKQA3KCkAOCgpADkoKQA6KCgAhFKlCD0oVwA7AAtwAQIGAEUAEpFW
446=BWoBNQB1kQFrAU4AXeAEtJGXAhsAzPUCHIkBAmwFAyMA2AAAAIgBtJGQCbWRCGMEJAAdZB
447=5rASUAI+kBJogBmQYniQEEYQQoiQEGaAEnEhNFACcSE0UAJxMTRQAd55dFAEPnl0UARCgo
448=ACdjEkUAGuCTAkUAGQBcfCtpDBTgkwJFAEUAXvUCIOCTAkUASwB09wJMAHvpAU3zjUUAFf
449=KCRQAn3hFFACffEUUAGCiAACcLEkUAHyhUACc2EkUAJzcSRQBGKIAAJzYSRQAnNhJFACc1
450=EkUoCRJFuDpjk0UADWg1qQEQKCkADqgEAgoARQARhT8DawEMAHpsG2kBD6yqAgoARgBXuA
451=YCAQBGAFDjk0YAVSgpAE/3kUYAVCgrAFgAcWAHeQZZiQECaQFaiQEEaQFqpGtoAa2UAWgB
452=rZQDaAGslJQCrJSUAqyUlAKslJQCJ44SRgAnjhJGAKiQjAWokIwFqJCUAqiQlQJhnY4AYA
453=+0kZ0VW4h6lQJciAGVAmSIepUCZYgBlwJgAFZ0WmUIaSgrAF8AV/UCYygpAGisfm8FUQAl
454=dC5pAVYoKwBSAIj3Ak4ASWQpCAIARgAqACwBAAAFaQEriQEKawE0AC1oDGgBuZUBaQEznS
455=sDaAGkl5QCpJeUAqSXlAKkl5QCpJeUAqSXlwJTAB94EXAJJzUSRig2EkYAJzYSRgAnNhJG
456=ACc2EkYAJzcSRgA7eBl1kUaMTyMGIkYAJ2MSRgBFKIMAEgA/u4pGAE32kUYAqJACAQYARg
457=CpkANrARoA0WAHaQEilJGABKCTgASokJQCqJCIAaiQgASpkAVkCKmQB2kBKYktAGkBNYgt
458=gAQnYRJGKGESRihhEkYoYxJGABX3kUYAHygpACAoKQBBKCkASSgpABQmoSVGfHBgMG0QGf
459=OYRgBCKCkASigpACHll0Yo5BICRgBMAHnlCEMkrCFzCUQAf/QCJ+USRijlEkYo5hJGACfm
460=EkYAJzUSRig1EkawinONRgAMZDGoAScLEkYAEZU5AHuKDwByYA9rAQ4AfOkBELgRAgoARw
461=BQpAgEAQBHAFIALXABaQFP/45HAFQoKQBO/o5HAL2OAWwFvY4DaAG9jgVoAb2OAmgBvI6A
462=BL2OAHQCvI6ABLyOlAK8jpQCvI6UAryOlAKgiIAPoIidCmj7ikcAaYgBjAW4io0FXJiKjQ
463=VejImdCl+IAYwFsI2MBbCNjQVmgASNBWeIAY0FYCSAIXUYYygpAF3wjQJHAFYAGmgtYwRR
464=AB3rAVUAI+sBVwAk6QFTJmwkAkcATQBEdHABAgBHAL2OC2gBsY0AaAGxjQJoAbCNlAKwjZ
465=UCLJAflQItiAGUArCNlAKwjZUCFHA9f4NHABUoKQAZKCkAHygpACAoKQAiKCkAIygpACQo
466=KQAlKCkAJigpAEIoKQBDKCgAJwgSAUcAEwBokAMFBgBHAEydIABoAbGNAWkBG52OA2gBqI
467=WUAq21BnQCoLSUAqCIlwIoADl4tmMEPgA66QE/iAGRCUCIAY8FNgBG4QQ3iAGBBDiIAYEE
468=OYkBCXMJOgBL7QU7iQEEdQI8iQEIaQE9iQEMawEnADN4PWsBQQA16QEd65BHABbrkEcARy
469=gpABgmrzdHAB7/jkcASCgpACEm2zdHABwmdCUCRwBEAHjpDEv3kUcASiYrN0cASeOTRwBG
470=JAQiZBMnHSVHKFkRRyhnI0cAEbw2dIa9xQNoASeHEUcADiTgOHUCECbLNUgAVrgGAgEASA
471=BO74lIAE3siQJIAFgAb2gEYQRZiQEBawFSAHj1AlOJAQN3AlQAjvUCVYkBAnQCsY0AaAGw
472=jZQCsI2QCbCNhAiwjZQCsI2UArCNlQJcI9QxkQldiAGRCWQjGDWVAmWIAZQCvI6YBryOkQ
473=likI2NBWOIAYwFvI6MBbyOjAWkjJQCpIyVAlomDyNIAFsmRzVIAGEoKQBg8I0CSABRAB54
474=PXEfVyT8IGkBTySMM2sBUAAi4ASkawEBAgBIxYwMaAGkjJQCpYwDdAKkjJQCpIyUAqSMlA
475=KkjJQCpIyUAqSMlQIWaDVnjEgAHSgpAB4oKQAfKCgAJ4cRSAAhKFQAJ7IRSAAnshFIACey
476=EUgAJ7IRSAAnsxFIABUjmCMFAQYASABKAEt4CWkBS4kBAmsBSABM9QJJiAGVAkcm6CMCSA
477=AaAPrhBBuJAQN4BryOjAW9jgd0AryOlAK8jpQCvI6MELyOiAG9jgR4BryOjAW8joAEvI6A
478=BLyOgAS9jgp4BryOjAW9jgV0Ar2OCWgBvY4NaAG8jowFvI6JARcmKzdIABjrkEgAHO+JSA
479=AZJltISABEJPwgcglGACVnI0gAQyZ7NkgAQiRUIWEEReWMSCjXEEgADnwoIosiSAAUmDIF
480=AAoASAATAGF8AmkBEiajRkgAELQNdQIP74lIABEkBDgECgBJAFgAc3gGAgEASQBZiQECaA
481=GphQFoAamFBGkBVpWGAGkBV4kBA2sBUACN5QhRiAGECLiKhAi4io0FZyNsL4UIaIgBjQVp
482=iAGABLyOmAa8jpQCvI6YBryOmAYn3hFJACfeEUkAsI2ECLCNhQhahIyFCFuIAYUIX4gBlQ
483=JgiAGUAqCThAigk4QIqJCUAqiQlQJeJrciSQBmJu80SQBh8I0CSQBPAByrhUkATuCIAkkA
484=TQCO9AJ4zyKOIgBJxGsCAQIASQClawNoAaRrlAKka5QCJDkjDWEELI2qAGkBLYkBAmkBLo
485=AalQIviAGVAjAjzCWVAjGIAZUCM7igeQYyuKBrAUwAgnAUaAEn3xFJABhwPWqQSQAnZyNJ
486=ABwoVAAnNhJJACc2EkkAJzUSSSg2EkkAJzUSSSg1EkkoNRJJKDUSSSg1EkkonDUCSQAVAD
487=50JwEGAEkAIt08AKQTsY0BdAKxjQRoAbGNA2gBsY0IaAGwjZQCsI2UArGNAmAEsI2IAbGN
488=BXQCsI2MBbCNgASwjYAEsI2ABLGNC3gGsI2MBbGNBnQCsY0KaAGxjQ5oAbCNjAWwjYkBF/
489=iKAkkAHQBjZDRtBUOgfWkBQqB9aQFEJNAgaAEn1xBJAA+wNXh/JwciSQASKFUAEyRENGEE
490=FJ0rAGkBECabRUoATSbbIUoASSbZIUrMiQEBAQBKzYkDaAGtiQJoAa2JBWgBrImMBa2JBH
491=cCVAB6dBBpAVWIAZgGpIyMBaSMnQpmlYYAbAW4ioAEuIqUAriKhAi4ipQCuIqUAriKmAa4
492=ipwKuIqBBGSYaZkGZYgBlAKsiZgGrImYBqyJlAKsiZUCYohvhQhjiAGFCF3rhUoAXigpAF
493=yob2EaYSgrAE4AG2w8dQJPJlwiAUoASgAlKFh08ScpAEwoVgBHACJQMAEBAgBKJfFFCWgB
494=tYYOaAG5XgRoASS1IgJoAayJmAatiQN0AqyJlAKsiZQCrImUAqyJlQIzrJ95BkjjiEoAF3
495=g6bXNKKAERSigOI0oAJ9UQSijVEEoo1RBKKCUQSignEEoAJyhdASgoKAAntVlKKH1HSih9
496=R0oofUdKoOilEyQjWEcDAgYASgAWmV4FaQFGhSkAaAEDOgDzAAAAlAKkjIwFpIyUAqWMBG
497=wFrYkJawE+AEIkYzNKAD+IAYEEQIkBCGAEpYEHaAGlgQtrAUEAX2Q/aQEZJodpSgAcKCkA
498=QiZXIUoAQyanV0oARCbfaUoARbz8ZAgnzw9KABCjJQoASigCMkoAJXhMdAIlHDtpASOJIg
499=BoAaWtA2sBIQBYbAhpASIm2yFKABIk5DMCCgBLAFAjKCEDAAEASwBRiQECawFKAHR4BmkB
500=S4gBlQJOIyghjQVPiQEDYAS8g4AEvYMFdwJMAHnlCE2IAYwFtYYBYAS0hpUCXv+DSwBfiA
501=GQCbSGiAG0howFtIaECLSGlAK0hpQCtIaUArSGhAi0hoAEqIWIAaiFjAW4f5QCuH+VAlwj
502=IEGFHl2IAZEJYCNgM5UCYYgBlQJSlPSVAlOIAZUCWogBlAIkWGmVAlkmMyJLAFik+msiSQ
503=CeeEhrAUcAdXgnAgIASwBIiQECawEqAKpo6GsBRgC/4QQwjSYAdQIxKCgAJLAylAIksDKF
504=CC6cFZUCL4gBlQIrsJhkCCdWIUsAJwJpSwAnAWlLKH0QSyh9EEsofRBLKH0QSyh9EEsoJR
505=BLKCYQSwAnJRBLKKVXSyglEEusWm9+SwBBfB2pATi03gIGAEsAJYkEBWkBFokEAmsBNQBV
506=dAVpAUQmYzNLACmZJwB3AkUAuOEEOYmFAXQCtYYGaQE7lQILawEaAASzgksAG4kBBHQCqI
507=WYBqiFjBCphQlhBBn1/0sofzFLAEMmJzFLAEImK0JLAD2gcngGJ80PSyjND0sm+CVkdiUw
508=OGgBuaADaQEVkR8AaAEAAyAAVwAAAAIKAEsAIQBcAAAAAAoASxEAAGwPACANABIAdAIAAA
509=AKAEsAEwB7AssBFAB/qAELTABQAHMAAAABAQBMAFGJAQNrAUoAdPUCS4gBlwJOAHj1Ak+J
510=AQRvBUwAefUCTYgBlAIBXgBNAd0KX4gBhQhkiQEAeQZliAGBD2aIAYEEZ4gBgQRoiQECbQ
511=VpiAGVAmqIAZUCa4gBhQhsiAGECAFYAFABfBEBAEwAWYgBjQVciAGNBV2IAY8FVQBR7QVW
512=iAGNBWCIAY0FYYgBjwVSAFLhGlOIAZUCWogBjQVbiAGXAlQAVf0KYigrAFcAVvcCYwBZ6A
513=EBSQCeAsMlRwB1ZBcCAgBMAEiJAQNoAQQrAKoAAAAFaAEERACzAAAAAGsBRQC47wVGAL/p
514=ATCdIAJhBCyZHAFpAS2IAZEJLoAalQIviAGVAjG4EW0FMigpABdsDQQAAAYATAAYKCkAGS
515=gpABwoKQAdKCkAHigpACYoKQAnKCkAKCgpACkoKQA2KCkANygpADgoKQBCKCsAJQA/eCBk
516=EwQWAEEAAAADawEzAFf3AjUAXHQFdwJDAF3rATQAYekBKpAqmwY5AOz0AgQ6APMAAAAHew
517=YaAAR4PWkBG4kBBWgBBD4AQgEAAAJpAT+JAQZpAUCJAQprAT0AeWRraQE8vG1rATsAfPcC
518=QQCA6QEReA5vc0wAIygrACEAC3ABAgoATAAkmRwAaQEVmRwBaQEfmByJASCJAQN3AhMAcn
519=wKawESAHbpARS4EXUCIqAPAQoATQC8eAICAQBNAL14BWgBvHiUArx4lwJKAIh4EWEES4kB
520=A2kBY51MAGgBqHqYBqh6lAKoepQCqXoBbAWoeoQIqHqUAqh6lAKoepsGUwBOq2RNAFSIAZ
521=UCYYgBiQxiiAGXAl0AT+0FXogBlAKkgYgMpIGIDKx+lAKsfpUCX5B3nQpgiAGFCFryd00A
522=J/MOTQBc/HgCTQBRAFfhD1soKwBQAFj1AlIoKACgfZ8KRgCDcCoCAgBNAEeJAQJrAUgAh/
523=cCLACnaFl1Ai6oLWkBL4gBjQVFrBB1Ai3ndk0AMCgoACdIDwVNAEQAzwIAAJgGJ0sPTQAa
524=bA12e00AJ/IOTQAn8g5NACfGDk0AJ8YOTQAnxw5NADQoBQE1KCgAJx4PTQAnHw9NAD0ogQ
525=AWlFoDAgYATQAmiQEFaQEyiVkBaAG9eANrASoAYmAHaQEriSIAawE4AOCufk0AsHeZBjqc
526=eJgGpXYGbQUckXcKaAGwd4AEsXcHdAKxdwtrATsAdGBnaQFBrGhpATysaGsBGAB+4QQZqO
527=h1AkIoKQBDiC2RFBJgF3d7TQAUKCkAICgpABWRHwBgcr2ZA2sBHwBQaARpASLoegJNABMA
528=emAPdQIjuIppASG4EWsBJACBogROAKR2AgEBAE4ApXYEawFMAIt8CmkBTYkBAmgBJx4PTg
529=AnHg9OALx4hAi9eABsBbx4mAa8eJQCvHiUArx4mAawd4gBsXcDZQhZhHaZBlqIAZgGqHqM
530=Bah6jQVOnHiVAk+IAZUCUYgBhQhSiAGFCFeIAZUCWIgBlAKwgoQIsIKFCFuU3o0FXIgBjQ
531=VVjH6VAlaIAZQCsIKECLCChQhQ4n1OAKh6lAKoegEBAgBOyXoDaAGoepUCLZ1XBXQCqHqU
532=Aqh6jQVFsI1gBCcdD07Qd4AEJxEeTijzDk4AK3g6f3hOADMoKAAnbg5OACduDk4AJ28OTg
533=A8KK0APigpACqcAgMCBgBOABeZUwVrASUARHSRawFAAE10BWgBpVUBawExAFr1AjKIAYUI
534=P+TvAk4AQQBj4ASpmwN5BjeceIQIqXoEdQI5lQIHaAG8eIgBvXgLdwIZAHhsXWkBQigpAD
535=v7dE4AHbxiYQQ6KCkAHvt0TgA9rOFgBKR2jRATaBRldk4oxw5OABUoVQAplCMCAAoATgCx
536=mANpASSUI5UCIJF3BHcCJgBYYAdrAScAYOkBKIkBAXUCIagiaQEisI1pASO0GAQKAE8ASQ
537=AueAYEAQBPAEgAMugBtXsCdAK1ewVoAbV7AWgBtXsDaQFhncUAaQFiiAGYBqx+jAWsfowF
538=rH6MBax+jAWsfoAErH6YBqx+lQJPnHiZBlCIAZgGoH2MBaB9jAWwd5QCsHeUArB3lAKwd5
539=UCXiPIKp0KX4gBnAqwd4wFsHeMBbB3lAKwd5UCYLhpcR9UsOVpAU6k5GkBUygpAF0oKwA/
540=AEdoLQECAE8ArV0BawFGAH/1AkeIAZUCRaSBYwREANKt7E8oNx1PAB9wBm1zTyhtDk8o3R
541=xPKG8OTwA7KK0AMiQIKAIGAE8AGIlOAmkBK4kBBWgBqU4BaAGoTpcCQQBVbAh0AqBygQQ+
542=9HACTwAtAF7hBC6IAYMELwBf9QIwiAGVAizm708AuHSMELh0lA25dAh3DTYA6+cIGwD86Q
543=EciAGQCQE6AAsBI5MuTwAZrF15Bh7yd08AJx4PTwAnBy1PADzzd08AGrzbeQZDiS0AaAEn
544=YR1PKJkOTya0Im1oJ6QpaQEXmScAaAG1nANrASIASnwVaQEjiQECawEhAFH1AiUjXCKVAi
545=YkUDFhBBa0I2kBKayJAgoAUABMIwA9AwABAFAATYkBAmkBSSMoN5UCSogBlwJLAHdoDGEE
546=YIxzgASldgF0AqV2A2gBpHaABKR2hAikdowFpHaMBaR2jAWkdowFuHSMBbh0jQVVkOWNBV
547=aIAY0FWogBlQJbiAGVAlOUcJUCVIgBlAK4dJwKuHSdClGI6IwFJNQ8jQVcKFUAXYgBlAIn
548=Xy1QAE64aWUeWSgpAFgmBy1QAEgjqDyfCkYAe3gnAgIAUABHiQECaQFFrAVoAQQ/AJMBAA
549=AGawFAAIJ8xWgBuXQDawEwADFkCAIFAFAALbirawEuAItsBWkBLygoACeDLFAALHAGaXpQ
550=vAeoAZizqAEnYR1QKNMrUAAaoFECBgBQADgoKQAZjVIFdQIrI4E3AmgBrVIBaAGtUgNpAU
551=GNywBoAbhTgwQ1AMZgEncCMwDL6QE0iAGTCRsA1fUCHIgBlAKkdoUIN5B3iQw5mHSUAqV2
552=BH0KO5UCB2kBPpAqjQUe/3hQAEIkcCpjBB8AfXgnaQEg+u1QAKR2nAonNx1QABZ8EnrtUA
553=AlWDJsaKGeA2kBKokiAGkBJJVwAWgBoHKDBCkAd3QNdQInJlcsUAAmJLA9dQIouxEKAFHM
554=cwEBAQBRzXMDaAGsc5QCrHOUAqxzlAIk7UoAbAW5dAJoAbh0lAK4dJQCuHSYBrh0kAm4dI
555=wFuHSMBbh0jAUkpCuABCSkK4AErHOABKxzkAmsc5QCrHOUAqxzlAKsc5QCJPg7nAok+Duc
556=CqxzjAWsc4wFrHOUAqxzlQJX6+hRAFDr6FEAXu1zUcBymAa4UwIBAgBRAKxziAGtcwN3Ak
557=MAvmA+aQFEiAGABCfSK1EApXYHYQRAnUwKaQE9iAECAQUAUQC1TwRpAS6sPGkBL6TDawEw
558=AIh8QWsBLQCO6AEnoTtRKD8eUQAicBFldlEm80UGAFEoSQ9RKPI6UQAnE0pRADko2QAs/n
559=hRALF3A2YIGQAinUoCaQFChXYEaAG5dAFpATaEdowFpHaUAqR2lwI8ANIkti1RALB3gASw
560=d4EEMiOVSgVwCbh0iAG5dAh3Ah0AFbvtUQAeiQEGdQIg53ZRACGsJnQCJxUOUSgVDlEoCh
561=1RALVwAW1oGI0bAGsBJABTZCFqASYAJedJUQAnJvcqUQApsIJhBCW4+AIKAFIASSMISQEA
562=AQBSJZk6A2gBJKxYlAK9bQF0ArxtgAS8bZQCvG2UArxtmAa9bQJ4BrxtjAW8bY0FXCNwKo
563=0FXYgBjAWob4wFqG+MBSRwKo0FU+LgUgC4aYwFuGmNBVAjDDmNBVGIAZ0KVIgBlAIkuEmU
564=AiRwKpUCV+PgUgBM82xSAE3zbFIAWvNsUgBbsNptG0smnSpSyG+cCiIAVGdGAFIAqE4FBQ
565=IAUgBGAIRkNGkBR4kBAmkBRSaMSQJSAEMAk+EERIgBgASpbwtsBaByAQgDAFLIbwMFBABS
566=AC+o4AIFAFIALSSEMmsBMAAwcAlpASv26VIAsXcCdQIuJLAnaQEs4etSKB87UgAbfAdhcl
567=IobQ5SKG0OUijxOlIobw5SADoo2AAl5FQBBgBSALVwA2kBKiRAL2kBO4VrAWgBsGyBBDGY
568=aZQCpWsGYQQzlQILaQEcjGiABKVrBHQCpWsHaQEfgQQKaQEgiQENaQE4rJRpATSkYGkBNe
569=tvUgA5KCgAJwMcUgAloBp0ZSf2KlIAqW8BdQIpJAg+aAG0cJUCKCSYL3UCJutvUwBLuz0B
570=AFPJbwFoASQNOQRpAUzjclMATYkBA3QCoXICaAGhcgBoAaBylAKgcpQCoHKUAqByiAygcp
571=AJoHKABLRwgAS0cIAEvG2UArxtlAKo3YgMqN2ECLxtjAW8bYwFvG2UArxtlAK8bZQCvG2V
572=Ak7/bVMAWf9tUwBY/21TAE/xbFPQbJsGQgAvYDMCAgBTAEAkMDdoAbFsAWgBsWwDaAGwbJ
573=QCsGyIAbBsgwRBAIV0020FPyQARwIDAFMAPqgBAgQAUwAr52tTAD0oKQAq52tTADooKwA7
574=AIgitFkCBQBTADyJAQFpAS6osWkBLSRsJGkBLKxSaQEv8eVTKBUOUygWDlMAJ3VnUyhBDl
575=MoQQ5TpH5ldlMoSTtTKEk7UyiZDlMo3BwCUwAZAEB0lQQGAFMAKABG6AG1WgF0AqFyAmgB
576=oXIHaQEhIxkqA2gBqW8IaAGpbwtoAalvDmkBOLCNaQEdJHg2aQEzKCkANigoACWMagIKAF
577=MAGIUTAGkBJ4QTiwElAE5kP3UCJCZdOFTEawEBAQBUxWsCaAGlawVoAaRrgASlawR3Ak4A
578=inAJaQFPiAGYBr1tA3QCvG2YBrxtlAK8bZQCvG2UArxthAi8bYEEUp3bAHAJJBhWgQRYKF
579=QAJHRGlAKwbJgGsGydClAjgDeFCFGIAY0FVYgBlQJWiAGUAiePKFQAXftpVABU+2lUAFz7
580=aVQASCRQJmUTRftpVABC+2lUAEa8pAICAFQARyT4MGkBQ/dlVABEKCsAQADFZCkCAwBUAE
581=GJAQJrAT8AinBhawE+AIloAQIEAFQALu/WVAAq+2lUAC+kWAIFAFQAKfhpAlQAOwDXfAp1
582=AjyJAQJrAT0AHXAJaQEsJLwjaQEtJAAyaQEr52tUADq4HHQCJ+0pVChmDVQAJ2UNVCg5DV
583=SwEXlpVCg7DVQAKCaVKVTAZwIDBgBUALlTAWgBuFOIAQ8kAFEAAAABBgBUADEA8wAAAAMR
584=AAB8DwAgCAYAVAAyAPMAAAAIaAEEIAALAQAAAWkBIYkBBGkBIokBB2gBBDYAdQIAAABpAT
585=goKwAdAHb3AjMAeusBHgB76wE1AHzrATcAfesBHwB/6wE5AIHoAQAHJgBOAAAABAoAVQBK
586=ACwAAAAAAQBVAEsAL+gBBEwAiAAAAAJ1Ak2JAQVrAU4AimgFaQFPiQEDaAEBXgBNAXgCAQ
587=BVAF+IAZkGYIgBnQphiAGVAmKJAQF5BmOIAYcIUgBOaCJ1AlOIAZUCWIgBjQVZiAGXAlAA
588=UO0FUYgBlQJViAGNBVaIAZUCXIgBjRBdiAGPEFoAUv0VW4gBlwJUAFX3AlcAWOsBSQAnbC
589=ZnE0gAjukBRqAlBAIAVQBFADNsJmsBRwB4YARrAUMAxHQCAgMAVQBEiQECawFAAMV8JGkB
590=QYkBA2sBQgDYaC1rAT8AimwbawE+AIloAQQEAFUAKQAucAkCBQBVADooKwAnADL3AjsA13
591=wKYQQ8iQEDawE9AB1kCGgBBDgAlgEAAARpATmJAQhrASsAcnwVaQEsKCsALQB59QIqpEpj
592=BC4AiPcCKACL6QEaZBBnVVUAGygpABwoKQAdKCkAICgoAJRMuAaQJ6kBNCiBADYoKQA3KC
593=gAsFYFBQYAVQAjANJsJmkBMIRrlQIxiQEEdQIyiQEJaAGwbIAEsWwIdQIe+GkCVQAfAHdg
594=GnUCNag4awEkAH71AiXsaAJWAEoALWASAgEAVgBLrDFpAUm8QWkBSLxBawFOAHDtBU+JAQ
595=J1AlCJAQRoAaBnlAKhZwN0AqFnAWgBoGeUAqBnjwVRAE+7U1YAUogBlQJXiQEAeQZYiAGU
596=AqRgkAmkYJEJVJhejQVViAGMBbxijAW8Yo8FWQBW9w1WAFfpAVPoZAJWAEwAI2AlYw9NAC
597=boASczDFYARqBnAgIAVgBAoCUCAwBWAD+gJWgBtWUBaAG1ZQNpAUGcYpQCqGSXAkUAgmgM
598=YwQ6ACp8KwQEAFYAPgAr6wE9ADHoAa1dCWMEOwCKeAZpATwoKQAtrJ8CBQBWACe0OWsBLg
599=AwZAhpASbybFYArWgFdQIqtLJpASsoKQAsuEh1AijjZ1YAKaixdAInigxWACeKDFYAJ4sM
600=VgAeeA5zYVYAJCgoAJh8twI2AF18AgIGAFYAIoVgAWgBsWEDaQEvmF6UAr1iBnQCvWILaQ
601=E3mH+BBB/nYFYAJfteVgA1uH9tBSDvy1YANLQYdQIz/2JWACH/YlcAS6QpAgEAVwBNrDxo
602=AaVgAWgBpWADaAGlYAVpAVmNwABpAVqJAQJpAVuIAZUCXIgBlQJdiAGQCaBnkAmgZ4wFoG
603=eMBaBnjAW0ZYgBtGWYBrRllAK0ZZQCvGKUArxilQJT58NXAFbzYVcASuTDAlcATACDcEtp
604=F0msXWkBRqRKAgIAVwBCuEhrATYARmSXawFDAId4aWkBRIkBAWgBpTQCaAGpTgZrAUcAdG
605=gMaQFItC5pAUWosWgB0GECAwBXADu8YmkBPLBhaAGxYQppAUHsaAJXAEAAjHwKdwI9AClw
606=SwIEAFcAP6g4aQE+uHRpASmsPAIFAFcAJ6AEaQErKCkAJqwFdQIopEppASwktCJrASoAhX
607=QNaQEt4cpXKDEMVygxDFcoMwxXAB98EmVgV6gqqAGYfKgBJ4kMV6QQtAInQxlXADWULgUA
608=BgBXACIA1XgJaQEjiQECaAGgZ4gBoWcHdQIg62RXACG0e3UCJepkVwAnkxhYAE2sEwIBAF
609=gASbQQawFLADh0DWsBTwBu6QFQiQECdQJYlVoAaAGxYQFoAbFhA2kBW4AElAKwYZQCsGGY
610=BrBhkAmwYYwFsGGMBSRIJY0FVCMcJY8FVQBRdE9pDFaIAZUCUeu8WABS6rxYACdDJFgATv
611=teWABKtDlnCEwAiWA7aAHM9wICAFgARX4dAABoAdhTaQFCoCVpATu4U2kBQelkWNE1AXcC
612=QwAFIuAiaQFEiQEIaAG9YgdoAbVaC2kBRyQMI2kBSLA1aQFGqLFrATcAgHAUaQE8rF0CAw
613=BYAECox2kBPqBnAgQAWAA9vPxpAT+8FWkBLefDWAArrDwCBQBYACjjXFgALKgidQIp41xY
614=ACewgnQCJ7UXWCiBC1goggtYACebJFgAJbsnBgBYpBB1WlikJqsBMwBKaARhBDSJAQJpAT
615=LxxFjNXQF0Aq1dA2gBrF2IAa1dCHUCJCMAMpUCIaAadQIqrCZpASa0hgIGAFkATaSBAgEA
616=WQBOuH9oAaFcAWgBoVwDaQFXnVcAaAGtXQJoAaxdlAKsXZQCrF2UAqxdlAKsXZwKrF2cCq
617=xdgASgXIAEoFyABKC/kAmgv4wFuF6MBbhejQVM91pZAEuwNXAUiHd/V1kASWAtqwFCAAtw
618=AQICAFkAOrwgaQE7qENpATKBXwJoAaU0AWgBpTQDaAG1WgVoAbVaCWkBRv5XWQAnKwtZAD
619=frWVkASLyObQU2qPNqAUUAI9g3aQE1qPNpATm8NmkBSigpAEG0vXUCPaxdAgMAWQA/KCkA
620=PLhedQJAsE5pAT60e2kBKbgcAgUAWQAn52BZACj5XlkoVQtZKFULWShXC1kAIXAnf1dZAC
621=IoKQAmKCkAMZknAHxMpVUEaAGlVQloAQQsAPQAAAADaQEtiQEGaQEuiAGBBCOJWQF0ArRa
622=hQgllQIHdQIqtOlpASsmUzxaAE2sGwIBAFoAS6wbawFPAG1sE2kBUIkBAmkBVvVaWiLEIy
623=KcNXQCoVwDaAGhXAFoAaBclAKgXJQCoFyUAqBcnAqgXIAEvFeIAbxXjQVUJgciWgBVKCsA
624=UwBZsblaKDMiWgBOuD1sEMTkAgIAWgBEeBlrWVoASCgpADX3WloAOrBAbQVBsEBoASVcLW
625=kBP+61WgCxNQF1AkKBtAJoAaFcBmkBN/ZaWgAngwtaADagMGEERSgpADnvXVoARygpAEr7
626=XloAOPteWgAz+15aAEn7XloANLQ5fQo7sFZpATwoKQBAKCkAPr9iAwBaKKUKWiilCloopQ
627=paKKcKWgAjoCUCBgBaADDnrVoAJyM9PwB1AiiJAQJqASYAI2g/aQErmVMBaAG9VwRoAb1X
628=B2gBvVcKaQEvjQUNaAG9VwVoAb1XCGkBKqgiaQEpsB8CBgBbAE6wNQIBAFsASaQ0aAG9Vw
629=FoAb1XA2kBVf5XWwCpWQJ0Aqy1gASpWQB0AqhZgASoWZQCqFmVAlyQCYgMqFmGCFMAIqBG
630=jQVUiAGNBVEjvDmVAlKIAZUCS7gydA0nKyFbAE0oVQBKJKQrYAQlWCcCAgBbADysMWsBMQ
631=BCJF4tWwChUQN0AqFRB2kBNuNRWwBFKCgAJ00KWyjTFVsANyRUN3gGJQROaQE5KFUAM/tT
632=WwAy4lFbACUETm0FQChVAEQoKQA6JBg1YAQnFy9bADvzVlsAQSgpAD0k/CBtBT+o0mkBPq
633=vzAwBbKKUKWyilClsopwpbACO0e2hDJzk5W6xEfa9bpPepATCZJwBsBalZAWgBqVkDawEq
634=AMZ4CWkBJZRagASgXIEEKZUCAmAErF2IAa1dBXUCLbxtBAYAXABPAHNwCQIBAFwAUIkBAm
635=sBTgB39wJMAI3pAU2IAYAEsVYBbAWxVgNoAbBWgASwVoAEsFaABLBWlAKwVpQCsFaYBqRV
636=gASkVYAEpFWUAqRVlQJKJrdDXABLJrZDXAAn2zdcADtgF3urXAA8KCkAQeVVXCZoKQECAF
637=wAJWgpaAG9VwNrATcAy2AHaQE4iQECawFCAMz1AkOIAZcCOQAmYL9hBDqIAYQIJ4ELXChX
638=C1wAMuetXABEKCkAM/daXAA1KCkARigoACczLVwANryOdQ1AoFFoASVwQGkBPrh0aAEnnR
639=9cKE0KXChNClwoiUNcJBQlYlFcAKFRAXREqE6JASuVTwN1AiicTJQCqE6VAi2gGmEEJrBs
640=aQEuKCkAJf+kXAAnJAA9YQQvv20GAF0o8VtdKP02XcRVAQEBAF3FVQNoAaRVlAKkVYgBpF
641=WBBFOFogBtBVSJAQJoAbxXgAS8V5gGvFeUAif9Cl0iky0BAACUArxXhAi8V5kGUiZWQl0A
642=J9E2XShNNl0kBCNhUV0k8DupATCc/wMCAgBdAEGRKgBoAalOAWgBqU4DaAGoTpQCqE6VAj
643=SU04kBNYkBBm0FNokBCWsBPQAbr1JdAD6IAZUNP4kBBGEEQCNkWoAPvFeIDLxXgQQ7iVkH
644=bQU8iQEKaQFEJDQ+aQFHKCkAReqxXQAnpwpdADLnVV0AMf2vXSghCl0oIQpdKCEKXSjKNV
645=0AJ0UqXSSsOHlTXSj3FF0AL4UpAG5HJwAjdEZpAS24EWkBLCS0ImgBJSRdaQEr71JdACjj
646=UV4ATCNUWAMAAQBeAE2JAQJoAST9TARoAaVKAWgBpUoDaAGkSowFpEqECKRKlAKkSpQCpK
647=KECKRKhQhRI0RAgAQkFGaZBk8mG0BeAFAmGUBeKGk0XiR4IQIAAAIAXiSAQ6kBOWSUqAEn
648=lSleKPcJXgBH+aBe2ScBZAigUYkBQo1SA3UCM4RKlAKpTgR0AqlOB2gBqU4KaQE3jQUNaA
649=G0T5gGtE+QCbVPBWAEtE+ABL1MCHQCvUwLawE6ACUkn0BeAEj/TF4AMaA7YQRFJHBLaQEw
650=80teAEmgO3UCQ6jdaQFKpIxoASc9Hl4oyQleKMkJXijJCV4kTEJrTl4AKawmAgYAXgAuJs
651=MpXgAnpBN1AiwoKQAosBR0AicjCl4AKr8VBgBfKNFiXyiNKF/WTwEBIvxulU8DaAG1TwVo
652=AbRPlAK0T4wFtE+UArRPlAK0T5QCtE+UArRPlAKoTpQCqE6VAk8j0WIAdQ1QiQECaAEn3y
653=dfADXxS18ojR1fKI8dXwA+KIEAQSgoACcjCl8ARyhVAEiwKgMCAF8ALwB1BQJrATIA0WgE
654=aAG0T5QCtU8FdwI6AB6rQ18AOSQgIHUCPeNGXwA/KCkAMLCCYQRFpDRoAScbCV8AQ7A1dQ
655=I3qIVpATbnSl8AQigpAEDnSl8AOOdKXwBGKCgAJ4UnXyhFCV8oRwlfACdkG2VKXyi7HV8A
656=LpEfAGlDKqj+aQEovBVpAS28/GgBJShjaQEr55dgAEgkREoCAQBgAES4gmkBTSNZJwBpAU
657=6JAQJpAUwmhCcCYABKAIxgEnUCS4gBgAS8TIgBvEyECLxMlAK8TJQCvUwBZAi9TANoAbhI
658=lAK4SJUCUiarPGAAUSaqPGAAJfhceQZGJOAiaQFHKCkASSYBPWAolhNgACeXE2AAOmwYAw
659=AAAgBgALhIAAIDAgBgADIA0QAAAAECAGAAMwDRABEAAFwNCh0AAwAAAwIAYAA9ABoCAAAA
660=AgBgAD8AHusBPAAg6wE+ACLrATsAI+sBNgBy6QFCKCsAMAB09wJAAHbrATEAeekBNygpAE
661=MoKwA1AHvjBDQAfOsBQQB96gElAIAAAgYAYAAmhQEAaQEnKCkAKCgpACkoKQAqKCkALSgo
662=AAQuAEEAAAABZQgrvBVrASwAgXQNBAYAYQBNAHNgBAIBAGEATokBA2sBTAB39wJKAIzpAU
663=uIAYAEA1MATQEAAIkBVIkBAXkGVYgBlQJWiAGVAleIAZQCAVEAUAF0CQEAYQBSiQECewZP
664=AFL1AlCIAZUCRrgyYwRFACF8FWsBRwAk6wFIAIbrAUkAjOsBRACO6QExvCACAgBhADcoKQ
665=A4KCkAOSgpADooKQA7KCkAPSgpAD4oKQA/KCkAQCgpAEMoKwBBAAtwAWMPLgBGZE5rATIA
666=zPUCM4kBAncCPAAdfBVpATXzS2EANLA1dwIwAHfhBDYoKwBCAHr1Ai/5SGEowghhACfCCG
667=EAJ8IIYQAnwghhACfDCGEALH4SAAB9QS2cFYkBK6gMAwYAYgBIAIxKBAEAYgBEAC50BWkB
668=SSgrAEMAMvcCSgBv6QFLiQEBbQVOkUAAaAGtRwJoAaxHlAKsR4wFrUcDYQRMlESBBE2IAZ
669=gGuEiMBbhIjAW4SJQCuEiXAkYAF2AlcwlFABnrAUcAHOgBJz4IYgAnPghiACc+CGIAJz4I
670=YgAnEghiACcSCGIAJxEIYpRtfD0BAGIAQnQgco1iALAqAgECAGIAsECIAbFAA3cCMQDRdA
671=VrATwAG2QTaQE9rF1pAS/qQ2IAJzUSYiiUCAJiADUAdfkGMPONYgAu6EMCYgA3AH/gBCdo
672=CAJiACsAS2APbTwsiQECawEpAEz1AiqIAZcCKABdtwJjAEPnP2MAQeQ/AmMASgBuYAQCAQ
673=BjAEuJAQJoAaQ/iQFPkUADdQJQiQEBaQFRiAGVAlKIAZQCtESUArRElAK0RJQCqEOUAqhD
674=lQJF+z1jAEa0vWkMRygpAETviWMASLS9YwRJACZ0I2sBQgCL6QEzeBlqOGMAJ5UIYyiVCG
675=MolQhjKJcIYwA8KNgAJ8EIYyjBCGMowwhjADDrhWMANSgpACiUcAECAgBjxTQBaAGlNANo
676=AaQ0lAKkNJQCuEiVAjKESpcCPQAfYBp5Bi77SGMANueMYwAv+IoCYwA0AHjsBSf7GmMALf
677=lIZMw8AQEBAGTNPANrAUgAeWweaQFJiAGXAkYAjfUCR4kBAmEETI08AGkBTYgBkAm0RJgG
678=tESMBbREjAW0RJQCtESUArREhAi0RIUIRPNAZABF431kAEPjymQAQvNAZABB/cVk86MCAG
679=Two2kBK2wYcUBk/KR1AjUoVAAnbRlkKJUIZCiVCGQolQhkKJUIZCiWCGQAJ5kZZCiFEWQo
680=wQhkKMMIZAAxiccAbBCtiQJqAS4A239kAC8oKQAtJl8iZAA07zxkADa8unsGMwB+uz1kAD
681=AkTCACAgBlAEH0ewFlAD8AkOgCAQBlAD3jfWUAQCgrAEoAcmQhYQRLiQECaAG9QQFoAb1B
682=BGgBvEGUAr1BA3QCvEGUArxBlAK8QZUCT5RElAK8QZQCvUEAZAi8QYAPvEGNBUPvfmUARC
683=gpAEK4q3kGRSQIKGkBPu1+ZSjmB2UAJ+UHZSjlB2Wk4X5BZQAnfhBlACc/CGUANmAioAQn
684=aQhlKGkIZShpCGUoaQhlKGgIAmUAMADGbAhvMS4Ay+kBL4kBAnQCsUABaAGxQANrATwAJb
685=U5ZSgeD2YApDQCAQEAZgClNANpAUYjsScAaQFHiQECawFEAHV0DWkBRYgBlAK0OYgBtTkF
686=YQRCIzQohQhDiAGABLQ5lAK0OZQCtDmUArQ5lAK0OZQCtDmQFLQ5kRRBoBp3DT4AJ2wbaQ
687=E/Jt8nZgBAJt8nZgA9/XhmKN0GZijdBmYoWQZmKC0GZigBBmYoAwZmADPpsWbMMQMBAgBm
688=ADGZMgNoAbgylAK4MpQCBC0A8wAAAAVgBCdZJ2Yolx5mADXw8AJmADIAgGAabQU3KCkAOe
689=sBZwA/pE0CAQBnAEDgcgJnAD4AL6c0ZwA9vE9gBLU5AWgBtTkDaAG0OZQCtDmUArw2lAK8
690=NpUCSZFsAHkGSokBAmkBSygoAKA7mAagO5kGToAElAKgO5QCoDuUAqA7lwJIAFYkmy9nAE
691=Go0mgMmBl3ZWcAMGQbqAGUjqgBJzkNZyizBmcALIgtAgECAGcAtS4GaQEulQILaQE8oL9p
692=ATu0vWkBMvfeZwA3KCkANOumZwA1JvMkZwA5KCkAMybTNmcAOCanNmgANvOjaAA6KCkANP
693=OjaAA4KCkAQpCjAwABAGgAQ4kBAmkBQSOcNZUCP4TkiQFAiAGBBEicK5QCpTQBeAalNANo
694=AaQ0iAGkNIwFpDSECKQ0lAKkNJQCpDSXAkQAUbsyaABFiAGBBEYjIDaBBEeIAZUCNf+kaA
695=A5KCkAPulvaLxUfTZovFSoASdhB2jQNQMHAgBoADy0smkBO7SyaQE9JCQmaQEyJrciaAAz
696=+9doADcmiyJoADH712kAOvdlaQA+tBACAQBpADv7MmkAPO4xaQCtMQFgBK0xA2gBrDGVAj
697=+BMAF0AqwxgAStMQJ0AqwxlAKsMYwFJy8GaQBMnDaUAqwxjAWsMZQCrDGUAqAwlAKgMJQC
698=oDCUAqAwlQI156JpADkoKwA2AIhsiWUTPfsyaQA0+zJpADgoKAAj9DZ5MmkohQZpKOkNaa
699=QmoQQyJv8gaQAz82FpADcm/yBqADb3LmoANPcuagA4KCkAMfQuAmoAPgBxfHsCAQBqAD+J
700=AQJpAUCJAQRpAUaNJgBpAUeJAQFoAbUuA2gBtC6YBrQujAW0LpQCtC6UArQulAK0LpcCQw
701=BOr11qAESIAYMERQBV9wJBAFfrAUIAWOkBOSbjOGoANeSXAWoAOgAlK0JqAD3vMWoAO/fT
702=agAy7zFqADMoKQA3KCkAPPnXaigtBmooLwZrADv/K2sAPPEqa8QpAQEBAGvFKQNoAaUpBW
703=kBNPuKawAyiVkAdQIziQECawE1AI6vMWsANogBlQJFlC6MBawxlAKsMYgMrDGAD6wxlQJK
704=mAaUAqwxhAisMYQIrDGMBaAwjAWgMJcCQQBPqy1rAEKIAZkGObyDfRU6JqomawAlNDN1Aj
705=gm/zZrADcktE51AjHtXWsoJwVsADckKCACAQBsADiwLWkBPZVPAGgBuVMCaAG5UwRoAaUp
706=AWkBOSOQI40FOogBjAW8K4AEvSsDbAW8K5QCvCuVAjuILYUIPIgBhAi0LowFtC6MBbQugA
707=S0LpgGtC6UArQulAK0LoQItC6ECLAqlAKwKpUCRPPwbABA4FwCbABDAFmiMGwAJ/sEbQA3
708=9U9tKEgPAm0AMgBsr0dtADOIAQICAQBtAKUpAWgBpSkDaAGlKQVrATUAf/kGNogBjAWwKo
709=gBsCqYBqAllAKgJZQCoCWIAaAlgASgJZQCoCWUAqElAGAPoCWQFKAljQVDIzRJgQREiAGB
710=BEGI3ZUCQogBlQI0/4NtAED9g27QHwMDAQBuADmF+gBpATqJAQJpAT0jXC2VAj6IAZUCNy
711=NcLZUCOIgBlwI1AHq1I24ieDYiBEllCDsoVQA8iAGMBbwgiAG8IJAJvCCUArwglAK9IAFw
712=CbwgnRU/jJ+BBECIAZgGqCKMBagijAWoIpQCqCKVAjT5SG/QHwIBAQBvALEfA2gBsB+UAr
713=AflAKwH5QCsB+UArAflQI2mByUArAflAKwH5UCQZGNAGkMQokBAmkBQ4gBgQREiAGYBqAl
714=lAKgJZQCoCWECKAlhAigJYwFtCOMBbQjlQI05z9wADWIDAMAAQBwADaJAQJpATeIAZUCOI
715=gBlQJAiAGUAqkXAWwFqRcDaAGoF4wFqBeMBagXlAKoF5QCqBeECKgXhQg7iDiBBDyIAZkG
716=PYCplQI+iAGVAj/rWXAAOShBAzrlgXHAGgIDAQBxAKEaAWgBoRoAaQE/4hpxAK0bAnQCrB
717=uYBqwbmAasG5QCrBuUAqwbkAmsG4QIrBuMBaAajAWgGpUCOZQYmQY6iAGYBrgcjAW4HAED
718=AQByyRcAaAGpFwFpAT7qF3IAtBiUArQYmAa1GAJsBbQYhAi0GJQCtBiUArQYhAi0GIQIsB
719=SUArAUlQI892VyAD0oKQA78q5zALAUAwMBAHMAPfIUcwC9FQJ0ArwVgAS9FQF0ArwVlAK8
720=FZQCvBWUArwVlAK8FZUCO4GeAGUIPIgBiQw5gJ6VAjqIAQECAQB02REBaAG5EQNoAbkRAG
721=gBuBGMBbgRlAK4EZQCuBGUArgRlAKsEJwKrBCcCqwQlAKsEAMDAQB1ADqIIokBO4kBAXUC
722=PIgBlAKsJpQCJ5ECdSiNB3XEVYwFsBSMBbAUlAKwFAIBAQB2AKkMAGgBqQwCaAGoDJQCqA
723=yUAicdBHbIDJQCqAyMBagMAgIBAHcAsQkDaAGxCQFoAbAJlAKwCZQCsCqUArAJAQEBAHjN
724=MQBoAbkGAmgBuAaUArgGAQIBAHnMRw8DAQB5AD8ATQEAAAEBAAAAAAARAAA=

[Lighting]
Red=1.200000
Blue=0.760000
Green=1.040000
Level=0.028000
Ground=0.000000
IonRed=0.695000
Ambient=0.000000
IonBlue=0.775000
IonGreen=0.445000
IonLevel=0.028000
IonGround=0.000000
IonAmbient=0.650000

[Map]
Size=0,0,60,62
Theater=TEMPERATE
LocalSize=2,4,56,52

[Neutral]
IQ=0
Edge=North
Side=Civilian
Color=Grey
Allies=GDI,Nod,Neutral,CivA,CivB,CivC,CivD,CivE,GDI
Credits=0
ActsLike=0
NodeCount=0
TechLevel=1
PercentBuilt=0
PlayerControl=no

[Nod]
IQ=0
Edge=North
Side=GDI
Color=DarkRed
Allies=Nod,Neutral,Special,CivA,CivB,CivC,CivD,CivE
Credits=50
ActsLike=1
NodeCount=0
TechLevel=5
PercentBuilt=0
PlayerControl=no

[OverlayDataPack]
1=BQAAIP4AIACANgAAIP46CACCBgj+/gEAgQH+EQQAgQT//wFfDIEF//8BTQj/EgQ6Cv/cA1
2=4M//QDKAqCBAT+0AEAgIgAACD+LgAAggcH/vwBAIYDBgAICAT++wEAiQgKCAoHAAMAAf72
3=AQCEBAcKCAQCgQD/+QEvAIkEAAYICgoIBgP+CwAAgQICFFAG/uMBAIEG/gMAB/4AAgCCBA
4=T/AQI1Cv/3ATUE/hgGAIUJCQ0JCf/9AUsUgQ///wFJFoEO//8BSRj+AwAJ/7UDSxqAJwAA
5=IP5GAACFCQkNCQn++wEAgwkJD///AUkAgQ7//wFJAv4DAAn+tRkAgAUAACD+ACAAgAUAAC
6=D+ACAAgAUAACD+ACAAgAUAACD+ACAAgAUAACD+ACAAgAUAACD+ACAAgAUAACD+ACAAgAUA
7=ACD+ACAAgAUAACD+ACAAgAUAACD+ACAAgAUAACD+ACAAgAUAACD+ACAAgAUAACD+ACAAgA
8=UAACD+ACAAgAUAACD+ACAAgAUAACD+ACAAgAUAACD+ACAAgAUAACD+ACAAgAUAACD+ACAA
9=gAUAACD+ACAAgAUAACD+ACAAgAUAACD+ACAAgAUAACD+ACAAgAUAACD+ACAAgAUAACD+AC
10=AAgAUAACD+ACAAgAUAACD+ACAAgAUAACD+ACAAgA==

[OverlayPack]
1=BQAAIP4AIP+AMQAAIP46CP+CAAD//wE8Bv8SBCkE//8BXwz/7gNMDv8TBCgE//8DTRb+4g
2=H/gmZm/tAB/4BQAAAg/i4A/4JmZv78Af8B/v4DAGb//QExABIAEAL/+QE4AiQF//kBNQI0
3=AsowAv4DAABgBv/oAUkE/v8B//8BAjIK/wMCMQr+EAb/gRn/twlJFIAoAAAg/kgA/4EZ/t
4=wB/4Gt//8BJgD/AAIlAP/3ASUEga7+/AP/gbD+5hP/gB0AACD+IwL/gbH+LgD/ga/+1gv/
5=gbD+IAL/ga7+tQ//gAsAACD+KQz/ga7+1hP/gAUAACD+ACD/gAUAACD+ACD/gAUAACD+AC
6=D/gAUAACD+ACD/gAUAACD+ACD/gAUAACD+ACD/gAUAACD+ACD/gAUAACD+ACD/gAUAACD+
7=ACD/gAUAACD+ACD/gAUAACD+ACD/gAUAACD+ACD/gAUAACD+ACD/gAUAACD+ACD/gAUAAC
8=D+ACD/gAUAACD+ACD/gAUAACD+ACD/gAUAACD+ACD/gAUAACD+ACD/gAUAACD+ACD/gAUA
9=ACD+ACD/gAUAACD+ACD/gAUAACD+ACD/gAUAACD+ACD/gAUAACD+ACD/gAUAACD+ACD/gA
10===

[Scion]
IQ=0
Edge=North
Side=Scion
Color=DarkBlue
Allies=Scion
Credits=0
ActsLike=3
NodeCount=0
TechLevel=1
PercentBuilt=0
PlayerControl=no

[ScriptTypes]
0=071CA150
1=06E15300
2=071BFDF0
3=06F420F0
4=06F22DF0
5=09E526B0
6=0A6223F0
7=09B64C40
8=072221B0
9=01000002
10=01000003
11=01000004
12=01000018

[Special]
IQ=0
Edge=North
Side=Mutant
Color=NeonLime
Allies=Nod,Special
Credits=0
ActsLike=0
NodeCount=0
TechLevel=1
PercentBuilt=0
PlayerControl=no

[SpecialFlags]
Inert=no
FogOfWar=no
IonStorms=no
MCVDeploy=no
Meteorites=no
Visceroids=no
FixedAlliance=no
TiberiumGrows=yes
InitialVeteran=no
HarvesterImmune=no
TiberiumSpreads=yes
TiberiumExplosive=yes
DestroyableBridges=yes

[Structures]
0=Nod,REDLAMP,256,64,30,0,0A7ABC00,0,0,1,0,0,None,None,None,0,0
1=Nod,REDLAMP,256,72,25,0,0A7ABC00,0,0,1,0,0,None,None,None,0,0
2=Nod,REDLAMP,256,66,17,0,0A7ABC00,0,0,1,0,0,None,None,None,0,0
3=Nod,REDLAMP,256,70,40,0,0A7ABC00,0,0,1,0,0,None,None,None,0,0
4=Special,INBLULMP,256,64,105,0,None,1,0,1,0,0,None,None,None,0,0
5=Special,INBLULMP,256,64,90,0,None,1,0,1,0,0,None,None,None,0,0
6=Special,INBLULMP,256,80,73,0,None,1,0,1,0,0,None,None,None,0,0
7=Special,INBLULMP,256,76,84,0,None,1,0,1,0,0,None,None,None,0,0
8=Special,INBLULMP,256,93,80,0,None,1,0,1,0,0,None,None,None,0,0
9=Special,INBLULMP,256,106,67,0,None,1,0,1,0,0,None,None,None,0,0
10=Special,NEGLAMP,256,38,65,0,None,1,0,1,0,0,None,None,None,0,0
11=Special,NEGLAMP,256,46,52,0,None,1,0,1,0,0,None,None,None,0,0
12=Special,NEGLAMP,256,49,35,0,None,1,0,1,0,0,None,None,None,0,0
13=Special,NEGLAMP,256,10,66,0,None,1,0,1,0,0,None,None,None,0,0
14=Special,NEGLAMP,256,29,86,0,None,1,0,1,0,0,None,None,None,0,0
15=Special,INBLULMP,256,30,86,0,None,1,0,1,0,0,None,None,None,0,0
16=Special,NEGLAMP,256,55,79,0,None,1,0,1,0,0,None,None,None,0,0
17=Special,NEGLAMP,256,72,47,0,None,1,0,1,0,0,None,None,None,0,0
18=Special,INBLULMP,256,71,47,0,None,1,0,1,0,0,None,None,None,0,0
19=Special,NEGLAMP,256,90,42,0,None,1,0,1,0,0,None,None,None,0,0
20=Neutral,GALITE,256,98,59,0,None,0,0,1,0,0,None,None,None,0,0
21=Neutral,CITY04,128,49,66,0,None,0,0,1,0,0,None,None,None,0,0
22=Neutral,CITY05,256,55,70,0,None,0,0,1,0,0,None,None,None,0,0
23=Neutral,CA0017,256,65,77,0,None,0,0,1,0,0,None,None,None,0,0
24=Neutral,CITY12,256,41,79,0,None,0,0,1,0,0,None,None,None,0,0
25=Neutral,CITY22,256,27,78,0,None,0,0,1,0,0,None,None,None,0,0
26=Neutral,TIB1SPWN,256,48,35,0,None,1,0,1,0,0,None,None,None,0,0
27=Nod,AMMOCRAT,256,74,23,0,None,0,0,1,0,0,None,None,None,0,0
28=Nod,AMMOCRAT,256,72,22,0,None,0,0,1,0,0,None,None,None,0,0
29=Nod,AMMOCRAT,256,69,23,0,071A50F0,0,0,1,0,0,None,None,None,0,0
30=Neutral,CITY06,154,49,72,0,None,0,0,1,0,0,None,None,None,0,0
31=Neutral,CITY08,256,60,72,0,None,0,0,1,0,0,None,None,None,0,0
32=Neutral,CITY01,128,59,78,0,None,0,0,1,0,0,None,None,None,0,0
33=Neutral,CITY02,128,50,78,0,None,0,0,1,0,0,None,None,None,0,0
34=Neutral,AWAVE2,256,80,94,0,None,1,0,1,0,0,None,None,None,0,0
35=Neutral,AWAVE3,256,73,47,0,None,1,0,1,0,0,None,None,None,0,0
36=Neutral,AWIND2,256,41,70,0,None,1,0,1,0,0,None,None,None,0,0
1018517=Neutral,CITY02,256,27,67,0,None,0,0,1,0,0,None,None,None,0,0
1018518=Neutral,CITY01,128,19,66,0,None,0,0,1,0,0,None,None,None,0,0
1018519=Neutral,CITY18,256,34,78,0,None,0,0,1,0,0,None,None,None,0,0
1018520=Neutral,CITY17,256,36,87,0,None,0,0,1,0,0,None,None,None,0,0
1018521=Neutral,CITY11,256,43,68,0,None,0,0,1,0,0,None,None,None,0,0
1018522=Neutral,CITY15,256,53,65,0,None,0,0,1,0,0,None,None,None,0,0
1018524=Neutral,CITY13,256,43,79,0,None,0,0,1,0,0,None,None,None,0,0
1018525=Neutral,CITY16,128,56,59,0,None,0,0,1,0,0,None,None,None,0,0
1018526=Neutral,CITY07,256,42,59,0,None,0,0,1,0,0,None,None,None,0,0
1018527=Neutral,CITY09,256,50,59,0,None,0,0,1,0,0,None,None,None,0,0
1018528=Neutral,CITY10,256,34,72,0,None,0,0,1,0,0,None,None,None,0,0
1018530=Neutral,CITY19,256,66,66,0,None,0,0,1,0,0,None,None,None,0,0
1018531=Neutral,CITY20,256,66,69,0,None,0,0,1,0,0,None,None,None,0,0
1018532=Neutral,CITY20,256,68,69,0,None,0,0,1,0,0,None,None,None,0,0
1018533=Neutral,CITY21,256,65,65,0,None,0,0,1,0,0,None,None,None,0,0
1018534=Neutral,CITY15,128,18,71,0,None,0,0,1,0,0,None,None,None,0,0
1018535=Neutral,CITY17,128,58,65,0,None,0,0,1,0,0,None,None,None,0,0
1018536=Neutral,CITY14,128,34,69,0,None,0,0,1,0,0,None,None,None,0,0
1018539=Neutral,CITY05,128,40,84,0,None,0,0,1,0,0,None,None,None,0,0
1018540=Neutral,CITY02,128,60,59,0,None,0,0,1,0,0,None,None,None,0,0
1018541=Neutral,CITY03,128,59,56,0,None,0,0,1,0,0,None,None,None,0,0
1018542=Neutral,CITY09,128,28,60,0,None,0,0,1,0,0,None,None,None,0,0
1018543=Neutral,CITY11,128,52,84,0,None,0,0,1,0,0,None,None,None,0,0
1018544=Neutral,CITY08,128,23,69,0,None,0,0,1,0,0,None,None,None,0,0
1018545=Nod,NAHAND,256,63,32,0,None,1,0,1,0,0,None,None,None,0,0
1018550=Nod,NAPOWR,256,69,24,0,071A5420,1,0,1,0,0,None,None,None,0,0
1018553=Nod,NARADR,256,67,25,0,None,1,0,1,0,0,None,None,None,0,0
1018556=Nod,NAAPWR,256,69,20,0,None,1,0,1,0,0,None,None,None,0,0
1018559=Nod,NAAPWR,256,67,21,0,None,1,0,1,0,0,None,None,None,0,0
1018566=Nod,AMMOCRAT,256,75,24,0,None,0,0,1,0,0,None,None,None,0,0
1018569=Nod,AMMOCRAT,256,71,22,0,None,0,0,1,0,0,None,None,None,0,0
1018571=Nod,NATECH,256,62,26,0,None,1,0,1,0,0,None,None,None,0,0
1018584=Nod,NAWEAP,256,68,29,0,None,1,0,1,0,0,None,None,None,0,0
1018585=Neutral,CABHUT,256,70,54,0,None,0,0,1,0,0,None,None,None,0,0
1018586=Neutral,CABHUT,256,74,40,0,None,0,0,1,0,0,None,None,None,0,0
1018594=Neutral,CA0001,256,96,55,0,None,0,0,1,0,0,None,None,None,0,0
1018595=Neutral,CA0002,256,97,62,0,None,0,0,1,0,0,None,None,None,0,0
1018596=Neutral,CA0003,256,100,59,0,None,0,0,1,0,0,None,None,None,0,0
1018597=Neutral,CA0011,256,102,55,0,None,0,0,1,0,0,None,None,None,0,0
1018598=Neutral,CA0012,256,101,55,0,None,0,0,1,0,0,None,None,None,0,0
1018599=Neutral,CA0013,256,101,54,0,None,0,0,1,0,0,None,None,None,0,0
1018600=Neutral,CA0014,256,104,61,0,None,0,0,1,0,0,None,None,None,0,0

[Tags]
01000008=0,Unlock input 1,01000007
01000010=0,Lock input 1,01000009
01000012=0,Fade in 1,01000011
01000014=0,Send in Titans 1,01000013
01000016=0,Switch Titans to player 1,01000015
01000021=0,Dog 1,01000020
01000023=0,Nod production 1,01000022
01000025=0,Music 1,01000024
06DCEC90=2,Flash & text 1,06DC91B0
06F19B30=0,Explain engineer,06F19F70
06F28050=0,Det bridge 00:02,06F284D0
06F28580=0,Det bridge 00:01,06F28910
06F289C0=0,Det bridge 00:00,06F28F70
06F432D0=0,Det bridge 1,06F439D0
071A50F0=0,Det power set,071A5370
071A5420=0,Det power,071A5A50
071B0610=2,[obsolete] turn on 1 1,0A1EA7A0
071CCB00=0,flash titans 1,071CCC70
071CCDF0=0,Reveal 1,071CDEB0
071FFEC0=0,Explain tiberium 1,071FD360
07225EC0=0,Scatter,07222970
07238930=2,[obsolete] turn on 4 1,07238810
0897A030=0,Rev W,089293E0
0996CBB0=0,GDI rnf 4,0996B9E0
09A05320=0,GDI rnf 3,09A05830
09A1AF80=0,Win,09A19810
09A1F990=0,Lose 1,09A1FB00
09A53E60=0,Explain band-box 1,09B071F0
09A99320=0,Explain attack,09A998C0
09A994F0=2,[obsolete] turn on 3 1,09A98D40
09A9A810=0,Explain shroud 1,09A9AA60
09A9AC50=0,Explain unselect,09A9ADC0
09AB1800=0,Titans selected,09AB1F70
09B0EF80=0,Explain damage 1,09B0D460
09E17900=0,Explain crates 1,09E17F70
09E53EC0=0,GDI rnf 2a,09E52420
09FBAE60=0,send in rnf 1 1,09FB93C0
0A093CF0=0,Rev enter 1,0A6208B0
0A094C10=0,Explore msg,0A094F70
0A1EACD0=0,Set sunset 1,0A1E9170
0A22A620=2,[obsolete] turn on 2 1,0A1EA420
0A626AC0=1,GDI rnf 2b,0A626C30
0A7ABC00=0,Nod light off 1,0A7AA100

[TaskForces]
0=071C7590
1=06E147F0
2=0A77D790
3=06F41E70
4=06F20320
5=09E51BB0
6=0A6218F0
7=086437B0
8=071D8250
9=01000000
10=01000017

[TeamTypes]
0=0A9425A0
1=06E148C0
2=0A77DA90
3=06F41F40
4=06F203F0
5=09E51C80
6=0A6219C0
7=09B64E70
8=071DC9A0
9=01000001
10=01000005
11=01000006
12=01000019

[Terrain]
11064=TREE02
12065=TREE08
12067=TREE07
14063=TREE04
14070=TREE01
15058=TREE08
15070=TREE05
16058=TREE05
16071=TREE09
16072=TREE03
18063=TREE09
19052=TREE03
19063=TREE06
19075=TREE06
20052=TREE09
20075=TREE10
26054=TREE18
26079=TREE08
27050=TREE15
28053=TREE17
29055=TREE14
29080=STLITE01
30057=TREE19
30079=TREE02
30085=TREE01
31058=TREE20
31080=TREE05
31085=TREE10
32048=TREE11
32081=TREE06
32085=STLITE08
33087=TREE08
33088=TREE09
34044=TREE17
34057=TREE21
35048=TIBTRE02
35076=TREE09
35077=TREE08
37060=TREE25
37086=TREE04
37087=TREE05
38081=TREE05
38088=TREE03
38089=STLITE02
38093=TREE03
39040=TREE22
39052=TREE18
39063=TREE22
39080=TREE03
39085=TREE07
39094=TREE07
40087=TREE01
40094=TREE06
41037=TREE19
41080=TREE02
41081=TREE04
41086=TREE06
42035=TREE15
42049=TREE23
42089=TREE04
42095=TREE02
42097=TREE09
43083=TREE05
43085=TREE01
43086=TREE08
44059=TREE19
44082=TREE03
44092=STLITE08
44097=TREE08
45034=TREE11
45037=TREE12
45054=TREE24
45080=TREE04
45084=TREE04
45085=TREE09
45094=TREE01
45096=TREE07
46082=TREE10
46087=STLITE04
46093=TREE10
46099=TREE01
46100=TREE04
47030=TREE02
47081=TREE02
47097=TREE03
47099=TREE05
48040=TREE14
48095=TREE04
48097=TREE10
49032=TREE01
49057=TREE16
49094=TREE05
50026=TREE07
50027=TREE05
50029=TREE04
50104=TREE02
50105=TREE07
51033=TREE07
51034=TREE03
51084=STLITE01
51086=TREE05
51090=TREE09
51092=TREE02
52024=TREE10
52026=TREE03
52027=TREE06
52030=TREE05
52032=TREE08
52038=TREE09
52086=TREE01
52087=TREE09
52090=TREE07
52100=TREE10
52102=TREE06
53032=TREE09
53053=TREE15
53079=STLITE02
53084=TREE07
53086=TREE10
53096=TREE03
53098=TREE04
53102=TREE09
53103=TREE08
54023=TREE08
54091=TREE08
54098=TREE01
55028=TREE13
55074=STLITD03
55084=TREE03
55085=TREE06
55089=TREE06
55090=TREE02
55104=TREE05
55105=TREE09
56021=TREE01
56027=TREE12
56032=TREE08
56083=TREE05
57023=TREE02
57045=STLITD02
57065=STLITD03
57070=STLITD02
57091=TREE05
58020=TREE10
58078=STLITE08
59022=TREE09
59077=TREE04
61020=STLITE04
61025=STLITE04
61035=TREE07
61039=TREE08
61041=STLITD01
61045=STLITE06
61049=STLITE12
61057=STLITD01
61065=STLITE12
61070=STLITE06
61080=TREE06
65029=STLITE03
65033=STLITE09
65034=TREE09
65045=STLITE03
65061=STLITD04
66044=TREE06
66080=TREE07
66096=TREE02
67038=TREE05
67068=STLITE04
67073=TREE08
67096=TREE10
68037=TREE06
68071=TREE10
68072=TREE02
69021=STLITD02
69029=STLITE02
69033=STLITD03
69045=STLITE02
69049=STLITE08
69050=TREE05
69057=STLITE02
69065=STLITE08
69072=TREE09
69086=TREE03
69092=TREE06
69094=TREE09
70090=TREE02
70095=TREE08
70096=TREE07
71028=TREE11
71039=TREE04
71085=TREE01
71087=TREE10
71088=TREE01
71092=TREE04
72044=TREE01
72087=TREE09
72089=TREE03
72090=TREE07
72092=TREE05
73020=STLITE04
73029=STLITE06
73033=STLITE12
73037=TREE10
73041=STLITE04
73042=TREE02
73045=STLITE06
73049=STLITE12
73053=TREE04
73054=TREE18
73065=STLITE12
74090=TREE08
74091=TREE06
75070=TREE04
76070=TREE05
77029=TREE06
77037=STLITE01
77045=STLITE03
77061=STLITE03
78038=TREE04
79025=TREE08
79026=TREE07
79039=TREE07
80026=TREE09
80037=STLITE02
81029=TREE05
81045=STLITE02
81049=STLITE08
82045=TREE03
85045=STLITE02
85049=STLITE08
86038=STLITE01
90051=TREE07
92040=TREE05
96043=TREE06

[Triggers]
01000007=GDI,<none>,Unlock input,0,1,1,1,0
01000009=GDI,<none>,Lock input,0,1,1,1,0
01000011=GDI,<none>,Fade in,0,1,1,1,0
01000013=GDI2,<none>,Send in Titans,0,1,1,1,0
01000015=GDI2,<none>,Switch Titans to player,0,1,1,1,0
01000020=GDI,<none>,Dog,0,1,1,1,0
01000022=Nod,<none>,Nod production,0,0,0,1,0
01000024=GDI,<none>,Music,0,1,1,1,0
06DC91B0=GDI,<none>,Flash & text,0,1,1,1,0
06F19F70=GDI,<none>,Explain engineer,0,1,1,1,0
06F284D0=Nod,<none>,Det O,0,1,1,1,0
06F28910=Nod,<none>,Det N,0,1,1,1,0
06F28F70=Nod,<none>,Det M,0,1,1,1,0
06F439D0=Nod,<none>,Det bridge,0,1,1,1,0
071A5370=Nod,<none>,det power set,0,1,1,1,0
071A5A50=Nod,<none>,det power,0,1,1,1,0
071B0AF0=GDI,<none>,[obsolete] turn off 1,0,1,1,1,0
071CCC70=GDI,<none>,flash titans,0,1,1,1,0
071CDEB0=GDI,<none>,Reveal,0,1,1,1,0
071FD360=GDI,<none>,Explain tiberium,0,1,1,1,0
07222970=GDI,<none>,scatter,0,1,1,1,0
07238810=Neutral,07238F10,[obsolete] turn on 4,0,1,1,1,0
07238F10=Neutral,<none>,[obsolete] turn off 4,0,1,1,1,0
089293E0=Nod,<none>,Rev W,0,1,1,1,0
0996B9E0=GDI,<none>,GDI rnf 4,0,1,1,1,0
09A05830=GDI,<none>,GDI rnf 3,0,1,1,1,0
09A19810=GDI,<none>,Win,0,1,1,1,0
09A1FB00=GDI,<none>,Lose,1,1,1,1,0
09A98D40=Neutral,09A99850,[obsolete] turn on 3,0,1,1,1,0
09A99850=Neutral,<none>,[obsolete] turn off 3,0,1,1,1,0
09A998C0=Nod,<none>,explain attack,0,1,1,1,0
09A9AA60=GDI,<none>,Explain shroud,0,1,1,1,0
09A9ADC0=GDI,<none>,explain unselect,0,1,1,1,0
09AB1F70=GDI,<none>,disable flash,0,1,1,1,0
09B071F0=GDI,<none>,Explain band-box,0,1,1,1,0
09B0D460=GDI,<none>,Explain damage,0,1,1,1,0
09E17F70=GDI,<none>,Explain crates,0,1,1,1,0
09E52420=GDI,<none>,GDI rnf 2a,0,1,1,1,0
09FB93C0=GDI,<none>,send in rnf 1,0,1,1,1,0
0A0921F0=CivA,<none>,Rev Nod,0,1,1,1,0
0A094F70=Nod,<none>,Explore msg,0,1,1,1,0
0A1E9170=CivA,<none>,Set sunset,0,1,1,1,0
0A1EA420=Neutral,0A229090,[obsolete] turn on 2,0,1,1,1,0
0A1EA7A0=Neutral,071B0AF0,[obsolete] turn on 1,0,1,1,1,0
0A229090=Neutral,<none>,[obsolete] turn off 2,0,1,1,1,0
0A6208B0=GDI,0A0921F0,Rev enter,0,1,1,1,0
0A626C30=GDI,<none>,GDI rnf 2b,0,1,1,1,0
0A7AA100=Nod,<none>,Nod light off,0,1,1,1,0

[Units]
0=CivB,PICK,256,53,60,192,Sleep,None,0,-1,0,-1,1,1
1=Nod,TRUCKB,256,63,78,128,Sleep,None,0,-1,0,-1,0,0
2=Nod,BGGY,256,72,38,96,Area Guard,None,0,-1,0,-1,1,1
3=CivC,PICK,154,46,56,32,Sleep,None,0,-1,0,-1,1,1
4=Nod,BGGY,256,68,38,128,Area Guard,None,0,-1,0,-1,1,1
5=CivB,CAR,256,22,65,0,Sleep,None,0,-1,0,-1,1,1
6=CivA,CAR,256,37,84,64,Sleep,None,0,-1,0,-1,1,1
7=CivD,CAR,256,23,75,192,Sleep,None,0,-1,0,-1,1,1
8=CivC,CAR,154,53,78,0,Sleep,None,0,-1,0,-1,1,1
9=CivA,CAR,205,58,72,0,Sleep,None,0,-1,0,-1,1,1
10=CivC,CAR,256,55,61,192,Sleep,None,0,-1,0,-1,1,1
11=CivE,CAR,256,52,59,64,Sleep,None,0,-1,0,-1,1,1
12=Nod,TTNK,256,96,59,64,Guard,09A05320,0,-1,0,-1,1,1
13=CivD,PICK,256,44,84,0,Sleep,None,0,-1,0,-1,1,1
14=CivA,PICK,256,29,66,192,Sleep,None,0,-1,0,-1,1,1
15=CivD,PICK,256,68,70,64,Sleep,None,0,-1,0,-1,1,1
16=Nod,BIKE,256,65,75,192,Area Guard,0897A030,0,-1,0,-1,1,1
17=CivB,WINI,256,61,70,0,Sleep,None,0,-1,0,-1,1,1
18=CivC,TRUCKA,256,43,81,128,Sleep,None,0,-1,0,-1,1,1
19=CivD,WINI,256,24,67,128,Guard,None,0,-1,0,-1,1,1
20=Nod,BGGY,256,46,81,128,Guard,09A99320,0,0,0,-1,1,1
21=Nod,BGGY,256,48,81,128,Guard,09A99320,0,0,0,-1,1,1
22=Nod,BGGY,256,33,75,64,Area Guard,0A094C10,0,-1,0,-1,1,1
23=Nod,BGGY,256,71,33,128,Area Guard,None,0,-1,0,-1,1,1
25=Nod,BIKE,256,77,27,64,Area Guard,0A093CF0,0,-1,0,-1,1,1
26=Nod,BGGY,256,45,75,128,Area Guard,0A094C10,0,-1,0,-1,1,1
27=Nod,BIKE,256,26,63,64,Area Guard,09E53EC0,0,-1,0,-1,1,1

[VariableNames]
0=Sunset,0
1=lights on,0
2=det bridge,0
3=eng msg,0
4=scatter,0
5=begin,0
6=dog,0
7=Nod,0

[Waypoints]
0=97052
1=104054
2=106073
3=114065
4=69113
5=60097
6=90047
7=89042
8=97039
9=35048
10=36069
11=27072
12=44072
13=47072
14=50072
15=41072
16=57068
17=82097
18=65031
19=61063
20=83045
21=63072
22=77063
23=103046
24=101051
25=101053
26=101055
27=58036
28=36046
98=98054
99=37038

[Digest]
1=jdvj8sI8OjyO5w7N/8KV2PAvGGE=
