[Basic]
Win=GDI_FLAG
Lose=NOD_FLAG
Name=Tutorial 2: Clean Sweep
Brief=<none>
Intro=<none>
Theme=No theme
Action=<none>
Player=GDI
Percent=0
GameMode=Custom Map
HomeCell=98
InitTime=10000
Official=yes
EndOfGame=no
FillSilos=no
FreeRadar=no
MaxPlayer=8
MinPlayer=2
PostScore=<none>
SkipScore=no
TrainCrate=no
TruckCrate=yes
AltHomeCell=98
OneTimeOnly=yes
CarryOverCap=0
NewINIFormat=4
NextScenario=Maps\Missions\gdi1a.map
PreMapSelect=<none>
TimerInherit=no
RequiredAddOn=0
SkipMapSelect=yes
CarryOverMoney=0.000000
AltNextScenario=Maps\Missions\gdi1a.map
MultiplayerOnly=0
IceGrowthEnabled=yes
StartingDropships=0
VeinGrowthEnabled=yes
TiberiumGrowthEnabled=yes
IgnoreGlobalAITriggers=no
TiberiumDeathToVisceroid=no

[CACRSH04]
Immune=yes
InvisibleInGame=yes

[GACNST]
Unsellable=yes

[INBLULMP]
LightRedTint=0.01
LightBlueTint=0.7
LightGreenTint=0.01
LightIntensity=0.01
LightVisibility=3000

[LIMPET]
TechLevel=-1

[REDLAMP]
Cost=100
Owner=Nod
Power=-2
Powered=yes
TechLevel=5
LightRedTint=0.4
LightBlueTint=0.01
LightGreenTint=0.01
LightIntensity=0.2
LightVisibility=3000

[TIB1SPWN]
LightRedTint=0
LightBlueTint=0
LightGreenTint=0
LightIntensity=0
LightVisibility=0

[Preview]

[PreviewPack]

[06FE05C0]
Max=0
Full=no
Name=Nod bike attk
Group=-1
House=Nod
Script=06FE2DF0
Whiner=no
Droppod=no
Suicide=yes
Loadable=no
Prebuild=no
Priority=7
Waypoint=Y
Annoyance=no
IonImmune=no
Recruiter=no
Reinforce=no
TaskForce=06FE06A0
TechLevel=0
Aggressive=no
Autocreate=no
GuardSlower=no
OnTransOnly=no
AvoidThreats=no
LooseRecruit=no
VeteranLevel=1
IsBaseDefense=no
OnlyTargetHouseEnemy=no
TransportsReturnOnUnload=no
AreTeamMembersRecruitable=no

[06FE06A0]
0=1,BIKE
Name=1 bike
Group=-1

[06FE2DF0]
0=3,23
1=11,10
Name=-> X, AG

[071FC490]
0=2,E1
Name=2 lt inf
Group=-1

[071FC560]
Max=3
Full=no
Name=Nod AI pool 1
Group=-1
House=Nod
Script=071FEDF0
Whiner=no
Droppod=no
Suicide=no
Loadable=no
Prebuild=no
Priority=6
Annoyance=no
IonImmune=no
Recruiter=no
Reinforce=no
TaskForce=071FC490
TechLevel=0
Aggressive=no
Autocreate=no
GuardSlower=no
OnTransOnly=no
AvoidThreats=no
LooseRecruit=no
VeteranLevel=1
IsBaseDefense=yes
OnlyTargetHouseEnemy=no
TransportsReturnOnUnload=no
AreTeamMembersRecruitable=yes

[071FE6D0]
0=2,SUBTANK
Name=2 devil
Group=-1

[071FE880]
0=2,E3
1=1,TTNK
Name=2 rock, 1 tick
Group=-1

[071FE950]
Max=1
Full=no
Name=Nod AI pool 4
Group=-1
House=Nod
Script=071FEDF0
Whiner=no
Droppod=no
Suicide=no
Loadable=no
Prebuild=no
Priority=6
Annoyance=no
IonImmune=no
Recruiter=no
Reinforce=no
TaskForce=071FE880
TechLevel=0
Aggressive=no
Autocreate=no
GuardSlower=no
OnTransOnly=no
AvoidThreats=no
LooseRecruit=no
VeteranLevel=1
IsBaseDefense=yes
OnlyTargetHouseEnemy=no
TransportsReturnOnUnload=no
AreTeamMembersRecruitable=yes

[071FEA30]
0=1,CYBORG
1=1,E3
Name=1 cy, 1 rock
Group=-1

[071FEB00]
Max=2
Full=no
Name=Nod AI pool 3
Group=-1
House=Nod
Script=071FEDF0
Whiner=no
Droppod=no
Suicide=no
Loadable=no
Prebuild=no
Priority=6
Annoyance=no
IonImmune=no
Recruiter=no
Reinforce=no
TaskForce=071FEA30
TechLevel=0
Aggressive=no
Autocreate=no
GuardSlower=no
OnTransOnly=no
AvoidThreats=no
LooseRecruit=no
VeteranLevel=1
IsBaseDefense=yes
OnlyTargetHouseEnemy=no
TransportsReturnOnUnload=no
AreTeamMembersRecruitable=yes

[071FEBE0]
0=2,BGGY
Name=2 buggies
Group=-1

[071FECB0]
Max=2
Full=no
Name=Nod AI pool 2
Group=-1
House=Nod
Script=071FEDF0
Whiner=no
Droppod=no
Suicide=no
Loadable=no
Prebuild=no
Priority=6
Annoyance=no
IonImmune=no
Recruiter=no
Reinforce=no
TaskForce=071FEBE0
TechLevel=0
Aggressive=no
Autocreate=no
GuardSlower=no
OnTransOnly=no
AvoidThreats=no
LooseRecruit=no
VeteranLevel=1
IsBaseDefense=yes
OnlyTargetHouseEnemy=no
TransportsReturnOnUnload=no
AreTeamMembersRecruitable=yes

[071FEDF0]
0=11,10
Name=AI -> AG

[09A3D060]
0=1,DSHP
1=1,HARV
Name=1 harv, 1 carry
Group=-1

[09A3F0B0]
0=11,10
Name=do...AG

[09A3F2E0]
0=1,HARV
Name=1 harv
Group=-1

[09A3FB70]
0=3,0
1=8,1
2=39,0
3=3,8
Name=-> A, unload, I

[0A596E70]
0=1,ORCATRAN
1=5,E1
Name=1 tran, 5 lt
Group=-1

[0A596F40]
Max=0
Full=no
Name=GDI rnf 1
Group=-1
House=GDI
Script=0A5978E0
Whiner=no
Droppod=no
Suicide=no
Loadable=no
Prebuild=no
Priority=7
Waypoint=I
Annoyance=no
IonImmune=no
Recruiter=no
Reinforce=no
TaskForce=0A596E70
TechLevel=0
Aggressive=no
Autocreate=no
GuardSlower=no
OnTransOnly=no
AvoidThreats=no
LooseRecruit=no
VeteranLevel=1
IsBaseDefense=no
OnlyTargetHouseEnemy=no
TransportsReturnOnUnload=no
AreTeamMembersRecruitable=no

[0A5972A0]
0=3,12
1=8,1
2=3,8
Name=-> M, unload, I

[0A5974D0]
0=1,ORCATRAN
1=5,E2
Name=1 tran, 5 disc
Group=-1

[0A5975A0]
Max=0
Full=no
Name=GDI rnf 2
Group=-1
House=GDI
Script=0A5972A0
Whiner=no
Droppod=no
Suicide=no
Loadable=no
Prebuild=no
Priority=7
Waypoint=I
Annoyance=no
IonImmune=no
Recruiter=no
Reinforce=no
TaskForce=0A5974D0
TechLevel=0
Aggressive=no
Autocreate=no
GuardSlower=no
OnTransOnly=no
AvoidThreats=no
LooseRecruit=no
VeteranLevel=1
IsBaseDefense=no
OnlyTargetHouseEnemy=no
TransportsReturnOnUnload=no
AreTeamMembersRecruitable=no

[0A5978E0]
0=3,11
1=8,1
2=3,8
Name=-> L, unload, I

[0C6F0E70]
0=1,DSHP
1=3,MMCH
Name=1 drop, 3 titan
Group=-1

[0C6F0F40]
Max=0
Full=no
Name=GDI rnf 3
Group=-1
House=GDI
Script=0A5978E0
Whiner=no
Droppod=no
Suicide=no
Loadable=no
Prebuild=no
Priority=7
Waypoint=I
Annoyance=no
IonImmune=no
Recruiter=no
Reinforce=no
TaskForce=0C6F0E70
TechLevel=0
Aggressive=no
Autocreate=no
GuardSlower=no
OnTransOnly=no
AvoidThreats=no
LooseRecruit=no
VeteranLevel=1
IsBaseDefense=no
OnlyTargetHouseEnemy=no
TransportsReturnOnUnload=no
AreTeamMembersRecruitable=no

[0C6F19F0]
Max=0
Full=no
Name=GDI rnf 4
Group=-1
House=GDI
Script=0A5972A0
Whiner=no
Droppod=no
Suicide=no
Loadable=no
Prebuild=no
Priority=7
Waypoint=I
Annoyance=no
IonImmune=no
Recruiter=no
Reinforce=no
TaskForce=0C6F1AD0
TechLevel=0
Aggressive=no
Autocreate=no
GuardSlower=no
OnTransOnly=no
AvoidThreats=no
LooseRecruit=no
VeteranLevel=1
IsBaseDefense=no
OnlyTargetHouseEnemy=no
TransportsReturnOnUnload=no
AreTeamMembersRecruitable=no

[0C6F1AD0]
0=1,DSHP
1=3,HVR
Name=1 drop, 3 mlrs
Group=-1

[AITriggerTypes]
0C4A01A0=Pool 4,071FE950,Nod,3,-1,<none>,0000000000000000000000000000000000000000000000000000000000000000,20.000000,20.000000,40.000000,0,0,0,0,<none>,1,1,1
0C4A02B0=Pool 3,071FEB00,Nod,4,-1,<none>,0000000000000000000000000000000000000000000000000000000000000000,50.000000,20.000000,50.000000,0,0,0,0,<none>,1,1,1
0C4A03C0=Pool 2,071FECB0,Nod,2,-1,<none>,0000000000000000000000000000000000000000000000000000000000000000,30.000000,20.000000,50.000000,0,0,0,0,<none>,1,1,1
0C4A04D0=Pool 1,071FC560,Nod,1,-1,<none>,0000000000000000000000000000000000000000000000000000000000000000,50.000000,30.000000,50.000000,0,0,0,0,<none>,1,1,1

[AITriggerTypesEnable]
0C4A01A0=yes
0C4A02B0=yes
0C4A03C0=yes
0C4A04D0=yes
06FA4BE0-G=yes
080D4120-G=yes
080D4320-G=yes
080D5620-G=yes
080D5720-G=yes
080D5920-G=yes
080D5C20-G=yes
080D6120-G=yes
080D6220-G=yes
080D6920-G=yes
080D6D20-G=yes
080D7820-G=yes
080D7D20-G=yes
080DA220-G=yes
080DA320-G=yes
080DA820-G=yes
080DA920-G=yes
080DBB20-G=yes
080DBC20-G=yes
080E8920-G=yes
080E8C20-G=yes
080E8D20-G=yes
080E8E20-G=yes
0859C1E0-G=yes
0859C2E0-G=yes
0859DE20-G=yes
085A31B0-G=yes
085A3580-G=yes
085A3680-G=yes
085A3D20-G=yes
085A4D20-G=yes
091002C0-G=yes
09101470-G=yes
09101920-G=yes
09101A20-G=yes
09101D20-G=yes
09798200-G=yes
09A92A20-G=yes
09EF4530-G=yes
0AA34260-G=yes
0AA34360-G=yes
0AA34BA0-G=yes
0AA34CA0-G=yes
0AA35070-G=yes
0AA35980-G=yes

[Actions]
01000000=3,71,0,1017370378,0,0,0,0,A,72,0,990057071,0,0,0,0,A,73,0,55,0,0,0,0,A
01000002=2,11,0,529,0,0,0,0,A,17,0,25,0,0,0,0,A
01000004=3,11,0,441,0,0,0,0,A,21,0,77,0,0,0,0,A,53,2,06F15710,0,0,0,0,A
01000006=2,52,0,3,0,0,0,0,A,56,0,4,0,0,0,0,A
01000008=2,99,0,161,0,0,0,0,AA,57,0,4,0,0,0,0,A
01000010=3,71,0,1010413412,0,0,0,0,A,72,0,1053609165,0,0,0,0,A,73,0,40,0,0,0,0,A
01000012=3,71,0,1010413412,0,0,0,0,A,72,0,1053609165,0,0,0,0,A,73,0,68,0,0,0,0,A
01000014=1,20,0,1,0,0,0,0,A
03C8A540=5,17,0,0,0,0,0,0,A,17,0,4,0,0,0,0,E,17,0,7,0,0,0,0,H,17,0,9,0,0,0,0,J,17,0,10,0,0,0,0,K
06EA3700=1,56,0,3,0,0,0,0,A
06EA38F0=1,17,0,6,0,0,0,0,G
06EA4470=5,17,0,16,0,0,0,0,Q,17,0,17,0,0,0,0,R,17,0,18,0,0,0,0,S,17,0,19,0,0,0,0,T,17,0,20,0,0,0,0,U
06EA4A50=1,17,0,15,0,0,0,0,P
06EA4D30=1,17,0,14,0,0,0,0,O
06F150E0=2,11,0,444,0,0,0,0,A,21,0,120,0,0,0,0,A
06F15710=2,11,0,441,0,0,0,0,A,21,0,77,0,0,0,0,A
06F2EA40=1,7,1,0A5975A0,0,0,0,0,A
06F2EF30=1,7,1,0A596F40,0,0,0,0,A
06F95170=2,11,0,443,0,0,0,0,A,21,0,74,0,0,0,0,A
06F95830=1,11,0,439,0,0,0,0,A
06F968A0=1,11,0,446,0,0,0,0,A
06F96ED0=1,11,0,445,0,0,0,0,A
06FE2580=1,80,1,06FE05C0,0,0,0,0,Y
06FE3E10=1,80,1,06FE05C0,0,0,0,0,Y
06FE50C0=1,3,0,1,0,0,0,0,A
06FF1930=1,11,0,433,0,0,0,0,A
072CD120=1,11,0,440,0,0,0,0,A
072CD720=2,11,0,435,0,0,0,0,A,56,0,1,0,0,0,0,A
099C4250=1,11,0,438,0,0,0,0,A
09A08B10=1,11,0,434,0,0,0,0,A
09A0DE80=1,2,0,0,0,0,0,0,A
09A3D6F0=1,1,0,0,0,0,0,0,A
09A62080=2,11,0,437,0,0,0,0,A,56,0,1,0,0,0,0,A
09A63A80=3,11,0,442,0,0,0,0,A,56,0,2,0,0,0,0,A,21,0,118,0,0,0,0,A
09A682F0=1,11,0,436,0,0,0,0,A
09A80790=2,11,0,448,0,0,0,0,A,17,0,13,0,0,0,0,N
0C14B670=3,74,0,1,0,0,0,0,A,3,0,1,0,0,0,0,A,56,0,3,0,0,0,0,A
0C14CD80=1,74,0,1,0,0,0,0,A
0C3986A0=2,17,0,21,0,0,0,0,V,11,0,449,0,0,0,0,A
0C399400=2,17,0,22,0,0,0,0,W,11,0,450,0,0,0,0,A
0C3999E0=1,11,0,451,0,0,0,0,A
0C6F10F0=1,7,1,0C6F0F40,0,0,0,0,A
0C6F2B50=1,7,1,0C6F19F0,0,0,0,0,A

[Briefing]
1=Nod forces are faster than we thought. The staging base you destroyed was
2=a secondary base they were bringing on-line. We've located their main
3=base, and need it removed in order to secure the area.@@
4=GDI has already established a foothold in the area, but needs an experienced
5=commander to take charge and finish the Nod base off. That's where you come
6=in.@@
7=Objective: Locate the Nod base and use whatever means necessary to destroy it.

[CellTags]
46089=0C399F10
46090=0C399F10
46091=0C399F10
46092=0C399F10
46093=0C399F10
46094=0C399F10
46095=0C399F10
46096=0C399F10
46097=0C399F10
46098=0C399F10
46099=0C399F10
47089=0C399F10
47090=0C399F10
47091=0C399F10
47092=0C399F10
47093=0C399F10
47094=0C399F10
47095=0C399F10
47096=0C399F10
47097=0C399F10
47098=0C399F10
47099=0C399F10
47100=0C399F10
53020=0C14CE30
53021=0C14CE30
53022=0C14CE30
53023=0C14CE30
53024=0C14CE30
53025=0C14CE30
53026=0C14CE30
53027=0C14CE30
53028=0C14CE30
53029=0C14CE30
53030=0C14CE30
53031=0C14CE30
53032=0C14CE30
53033=0C14CE30
53034=0C14CE30
54034=0C14CE30
54035=0C14CE30
54044=06EA5CE0
55035=0C14CE30
55045=06EA5CE0
55046=06EA5CE0
56035=0C14CE30
56045=06EA5CE0
56046=06EA5CE0
57035=0C14CE30
57045=06EA5CE0
57046=06EA5CE0
58035=0C14CE30
58046=06EA5CE0
59035=0C14CE30
60035=0C14CE30
61035=0C14CE30
62035=0C14CE30
63035=0C14CE30
64035=0C14CE30
65035=0C14CE30
66035=0C14CE30
67035=0C14CE30
68035=0C14CE30
69016=0C14CE30
69017=0C14CE30
69018=0C14CE30
69019=0C14CE30
69034=0C14CE30
69035=0C14CE30
70019=0C14CE30
70020=0C14CE30
70021=0C14CE30
70022=0C14CE30
70023=0C14CE30
70024=0C14CE30
70025=0C14CE30
70026=0C14CE30
70027=0C14CE30
70028=0C14CE30
70029=0C14CE30
70030=0C14CE30
70031=0C14CE30
70032=0C14CE30
70033=0C14CE30
70034=0C14CE30
76045=06EA5CE0
78040=06EA5CE0
78041=06EA5CE0
78042=06EA5CE0
78043=06EA5CE0
79040=06EA5CE0
79041=06EA5CE0
79042=06EA5CE0
80040=06EA5CE0
80041=06EA5CE0
81038=06EA5CE0
81039=06EA5CE0
81040=06EA5CE0
82038=06EA5CE0
82039=06EA5CE0
85035=09A81F80
86034=09A81F80
86035=09A81F80
87034=09A81F80
87035=09A81F80
87036=09A81F80
90049=09A81F80
90050=09A81F80
91049=09A81F80
91050=09A81F80
92049=09A81F80
92050=09A81F80
93047=09A81F80
93048=09A81F80
93049=09A81F80
93050=09A81F80
94047=09A81F80
94048=09A81F80
94049=09A81F80
94050=09A81F80
95047=09A81F80
95048=09A81F80
96047=09A81F80
96048=09A81F80
97047=09A81F80
97048=09A81F80
98047=09A81F80
98048=09A81F80
99047=09A81F80
99048=09A81F80
100047=09A81F80
100048=09A81F80
101047=09A81F80
101048=09A81F80
102047=09A81F80
102048=09A81F80
103047=09A81F80
103048=09A81F80
104047=09A81F80
104048=09A81F80

[DummyForg]
IQ=0
Edge=North
Side=Forgotten
Color=Green
Allies=DummyForg
Credits=0
ActsLike=0
NodeCount=0
TechLevel=1
PercentBuilt=0
PlayerControl=no

[DummyGDI]
IQ=0
Edge=North
Side=GDI
Color=Gold
Allies=DummyGDI
Credits=0
ActsLike=0
NodeCount=0
TechLevel=1
PercentBuilt=0
PlayerControl=no

[DummyNod]
IQ=0
Edge=North
Side=Nod
Color=DarkRed
Allies=DummyNod
Credits=0
ActsLike=1
NodeCount=0
TechLevel=1
PercentBuilt=0
PlayerControl=no

[DummyScion]
IQ=0
Edge=North
Side=Scion
Color=DarkBlue
Allies=DummyScion
Credits=0
ActsLike=3
NodeCount=0
TechLevel=1
PercentBuilt=0
PlayerControl=no

[Events]
01000000=1,47,0,0
01000002=1,4,0,0
01000004=2,13,0,45,37,0,2
01000006=1,35,0,0
01000008=2,36,0,4,13,0,4
01000010=1,47,0,300
01000012=2,45,0,40,13,0,180
01000014=1,47,0,0
03C8A540=1,47,0,0
06EA3700=1,1,0,0
06EA38F0=1,4,0,0
06EA4470=1,36,0,3
06EA4A50=1,4,0,0
06EA4D30=1,4,0,0
06F150E0=1,13,0,180
06F15710=2,13,0,180,37,0,2
06F2EA40=1,47,0,30
06F2EF30=1,47,0,20
06F95170=1,30,0,0
06F95830=1,32,0,15
06F968A0=1,32,0,46
06F96ED0=1,32,0,9
06FE2580=1,47,0,60
06FE3E10=1,47,0,70
06FE50C0=2,36,0,2,13,0,300
06FF1930=1,47,0,2
072CD120=2,36,0,1,13,0,30
072CD720=1,32,0,5
099C4250=1,32,0,10
09A08B10=1,47,0,12
09A0DE80=1,11,0,0
09A3D6F0=1,10,0,1
09A62080=1,32,0,8
09A63A80=1,19,0,8
09A682F0=1,19,0,1
09A80790=1,1,0,0
0C14B670=1,1,0,0
0C14CD80=2,36,0,2,13,0,480
0C3986A0=1,1,0,0
0C399400=1,4,0,0
0C3999E0=1,38,0,0
0C6F10F0=2,13,0,480,36,0,2
0C6F2B50=2,51,0,480,36,0,2

[Forgotten]
IQ=0
Edge=North
Side=Forgotten
Color=Green
Allies=Forgotten
Credits=0
ActsLike=0
NodeCount=0
TechLevel=1
PercentBuilt=0
PlayerControl=no

[GDI]
IQ=0
Edge=East
Side=GDI
Color=Gold
Allies=GDI,Special
Credits=100
ActsLike=0
NodeCount=0
TechLevel=4
PercentBuilt=100
PlayerControl=yes

[Houses]
0=GDI
1=Nod
2=Forgotten
3=Scion
4=Neutral
5=Special
6=DummyGDI
7=DummyNod
8=DummyForg
9=DummyScion

[Infantry]
0=Nod,E1NOD,256,33,67,1,Area Guard,0,None,0,-1,0,1,1
1=Nod,E1NOD,256,33,69,3,Area Guard,0,None,0,-1,0,1,1
2=Nod,E1NOD,256,31,65,1,Area Guard,0,None,0,-1,0,1,1
3=Nod,E3,256,31,69,2,Area Guard,0,None,0,-1,0,1,1
4=Nod,E1NOD,256,39,64,3,Area Guard,0,None,0,-1,0,1,1
5=Nod,E1NOD,256,41,64,2,Area Guard,0,06EA32E0,0,-1,0,1,1
6=Nod,E1NOD,256,41,63,2,Area Guard,0,None,0,-1,0,1,1
7=Nod,E1NOD,256,41,65,2,Area Guard,0,None,0,-1,0,1,1
8=Nod,E1NOD,256,30,48,2,Sticky,0,06EA48E0,0,-1,0,1,1
9=Nod,E1NOD,256,32,49,3,Area Guard,0,None,0,-1,0,1,1
10=Nod,E1NOD,256,31,74,1,Area Guard,0,None,0,-1,0,1,1
11=Nod,E1NOD,256,30,75,3,Sticky,0,06EA4BC0,0,-1,0,1,1
12=Nod,E1NOD,256,61,110,1,Area Guard,0,None,0,-1,0,0,0
13=Nod,E1NOD,256,61,111,0,Area Guard,64,None,0,-1,0,0,0

[IsoMapPack5]
0=FQ4AIAsBADwAAAAAAAAKAAIAO2ABqQE8KCkAPesBAwA6KCgAJ64AAwAnrgADACmtAD7vBQ
1=QAOSgoACcFAQQotQEEKAUBBCgGAQQAKQUBP+cIBQA4KCgAJ10BBShlAgUoXQEFKF0BBShd
2=AQUoXgEFACldAUD/CgYANygoACe1AQYoFQMGKLUBBii1AQYotQEGKLUBBii1AQYotgEGAC
3=m1AUH3DQcANigoACcNAgcoxQMHKA0CBygNAgcoDQIHKA0CBygNAgcoDQIHKA0CBygOAgcA
4=KQ0CQu8QCAA1KCgAJ2UCCCh1BAgoZQIIKGUCCChlAggoZQIIKGUCCChlAggoZQIIKGUCCC
5=hlAggoZgIIACllAkPnEwkANCgoACe9AgkoJQUJKL0CCSi9AgkovQIJKL0CCSi9AgkovQIJ
6=KL0CCSi9AgkovQIJKL0CCSi9AgkovgIJACm9AkT/FQoAMygoACcVAwoo1QUKKBUDCigVAw
7=ooFQMKKBUDCigVAwooFQMKKL0CCii9AgoovwIKAEUoDwJCAExwAQIKAAoAQ4kBAmsBPQBP
8=9wI8AF3pAUEoKwBEAGO0Ag0LADwARgAAAAIGAAsAQQBIdAJoAb0KAWgBvQoDaAG8CpUCMm
9=QFfY4LKEkECyhhBwsoSQQLKEkECyhJBAsoSQQLKEkECyhJBAucEpecCwA7sAECCgALAD+Z
10=HABpAUCJAQJpAT6FHgRrAUQAUWwTaQFF+RwM60MGAAzsPGgBzDxoAakMAWgBqAyIAakMA3
11=QCqQwFaAGoDIAEBD0AYQIAAAB1AkEoKQAxZBB2IwwAJ6EEDCihBAwooQQMKKEEDCihBAwo
12=oQQMKKEEDCihBAygIqkMRyi3AUUAVHABAgoADAA6+T0N+0gGAA0o8QMN4Fx0AsBcaQE7iQ
13=QCawFBAFisGwINADwAXekBQCgrAD4AYPcCPQCf6QEwZBBmEw0AJx0EDSgeBA0AJw0NDSgd
14=BA0oHQQNKB0EDSgdBA0oHQQNKB0EDSgeBA0AJx0EDaBZrRA6gBoCAAoADQC0IwIBCgAOAC
15=fGAw4ApB4FAwYADgA8AFW0GAIOAD4AVukBQSgrAD8AXPUCQvAfAg4AQwCC9AInHwQOAEDr
16=Ig4AL+oiDgAndQQOKHUEDih1BA4odQQOKHUEDih1BA4odQQOKHUEDih1BA4odQQOKHUEDi
17=h1BA4odwQOAEkoZAKgJZcjRQBQfwIKAA/jkwYAD+CTaAHQz2kBOp2RAmgBuQYBaAEnJAUC
18=DwA/AFe3Iw8AQigpAD3zSw8AQCgpAEPwKgIPAEQAgPkGLnARdTkPKCUFDyglBQ8oJQUPKC
19=UFDyglBQ8oJQUPKCUFDyglBQ8oJQUPKCUFDyihBA8oowQPAEooOQI5kR8AYyVHAE58AmkB
20=RpgnAQQKABAo6Q0Q+8wGABCkUnaGEAClCAF0AqQIiAGlCAV1Aj30TwIQAEAAWasiEABDKC
21=sAOwBf9AInQA4CEABEAHb3AkUAf+kBOvMqEAA8+1MQAC1gF34rEAAnqQUQKKkFECipBRAo
22=qQUQKKkFECipBRAoqQUQKKsFEAA3tCZpIjiJAQJpAUuJAQBrAUkAS3QQaQFKiAGBBEiQKo
23=UpNv2ZEShNChH//AYAESh9BREofQURKKEPEfBhbQU2qDtoAaUTAWgBpRMDaAGkE5UCTJAU
24=lAKwFJQCsBSUArEUBXkGPuGIEShXCxEAPPA1AhEAQwBbrjERACcsEQIRAEUAePcCOgB56w
25=E5AHzpAUfnjBEALHgkcTURKN0GESjdBhEo3QYRKN0GESjdBhEo3QYRKN0GESjfBhEANekt
26=Ev/xBgASKL0YEihRBRIoUQUS5IxsBSMgIWFcEpAnheQSmDrIASPYIqEETaAaeQY2kQwBaQ
27=E8+14SAD8oKQA78M8CEgA9AF63IxIAQSgrAEIAYvcCOQB36AEnfwUSADfwKgISADgAfeEE
28=Sf9iEgA+/WISKAUXEiipBRIoqQUSKKkFEiipBRIoqQUSKKkFEiipBRIoqwUSADWEHgMACg
29=ASACuJJQJpASwjOCMBAAoAE/eRBgATKA0jEyjZCxMohRETKAUMEygFDBOgDGktEyjdBhMo
30=sQYTqGGgBIxwqAEnhgYTACeFBhOYcYs4EwA1mQkCZRMqiRcBaAG1GANoAbQYlQI767wTAD
31=7nYBMAQCgpADrjOxMAReeXEwBJKCkAN/xiAhMAOQB6vDYCEwA2AH7pAUr0nAITAEYAgfQC
32=JwUiEygtBhMoLwYTADSUGIktLiM8KYkBL4kBAmEwMKweaQEtmDIDBAoAFAAstDwCBQAUAC
33=ukC2kBKetZFAAqKCgAJY8zBgAU5M5oASUIPmgBJQg+aAElAD1oASW8OWgBJ7kdFChhBxQo
34=YQcUrBh9NhSg0qgBImQvkTUUKLkHFOTZfAonuQcUnB3MBSe5BxSoH7AJI0gxqAGtJgFkCK
35=wmiAGtJgN0AqwmlAKtJgV1Ajr+eBQAJz8IFAA4JkslFAA5KCkAN/9BFAA/Jl8tFABK/6QU
36=AEjndhQAMqCLeTIziQECaQExkBcDBAoAFQAsuHcCBQAVAC38NgIVACsAjXREdQIo8jUVAC
37=cJBxUoCQcV734GABXsfmgBJSwnaAElMDhoASW8RGgBJ40HFSjFDhUomQ4VKDUHFSg1BxUo
38=NQcVKDUHFSilFRUoNQcVKN0GFSiZDhWIH5U5FYhWyAEjUCdpOBXNJgFwFK0mA2gBrSYFaQ
39=E77NYCFQA5AFpgJXUCNuc0FQA+5zQVADUmByIVAEAmACcCFQBKAHX5Bkj/eBUASfOuFQBL
40=53YVADfzrhUAOCgpAD/rARYALes4FgArtDECBQAWAC/3ORYAKfdwFgAsqENjBCoAi2wQaQ
41=EuKCkAJ/o9FgAn5QcW57gGABbgtGgBJ/EOFiZcLXQCJVxDaAEnDTkWKN0GFijdBhYo3QYW
42=KN0GFijRFRYosQYWKLEGFiMIKZ02FiRAO382FgBJvP9hD0qoUWkBNibbIRYAN/NsFgA48a
43=4WIjA4fCBtBTzx5RYoCx0WAEH85gIWAEsAdO8FMgB76QFMKCkAMevoFgAz6zgWAE0oKQA7
44=KNwGJzYdFgApNAcnaTQX8GwCBQAXACu4MmkBLKwQaQEtoA9pAS6oDGsBLwCIZBNrASkAju
45=kBJqQIAQYAFwAnjQcXKI0HFyhhBxcmxC9sBSeZDhcomQ4XKJkOFyiZDhcomQ4XKLkHFyi5
46=BxcouQcXKLkHFyiNBxcojQcXKI8HFwBJoFx5EUqgXGgBAVEAAgGTQBcAUokBAnUCOPs9Fw
47=A+Jkc1FwA2+z0XADvndhcAQCgoACd5FRcihCdsJnMJTABy6AEn5wcXADHzdxcAMigpADMm
48=SyUXAE0oKQAw8fAXKFcWFwA68UAXKOcHGAAqsFYCBQAYACm48GkBLKwQaQEttA1pAS6oDG
49=kBK6hOaAEn5wcYACX6PRgAJ+UHGCjlBxgo5QcYKHUPGKyGeWkYKD0IGCg9CBgofTEYKM0l
50=GChpCBgoJTwYJl9OBgAYKMEIGCjBCBgowQgYKMEIGCjBCBgowQgYKMEIGChrCBgAUyibAz
51=IAC3ABdA2pQwFoAalDA2gBJ2sIGAA554EYADX1RBgolwgYAD/rvBgAOvdEGABLrDFwCSdr
52=CBgATShVAEisc2EEM//xGABKuHR0AieLFxgATve9GABPs3cGABmkXQQAAAUAGQAvsAFpAT
53=CgM2kBK7zFaQEsJNwnaQEuJNwnaQEq734ZACRgInU5GSgRCBkoEQgZKBEIGShxHxmsDbgG
54=JYhOZBMnGR8ZJvA6dAIl0GJoASdxHxkolQgZKJUIGSiVCBkoPQgZKD0IGSg9CBkoPQgZKD
55=0IGSg9CBkoPQgZKNUmGSgtERkolQgZKJUIGSQMUK8bUQDMfCNpF1KJAQJoAQQlABEBAAAE
56=aAEnczUZADb3RBkAOP9BGQA3/8UZAD7//BkAQP3FGSjCCBkAJ8MIGQBK9UQZKKsQGQBP40
57=YZADO0OW0QSOkBGrSDa0MaACysXQIFABoALbTeaQErqARpAS4oKQAq74kaADDnwxoAI2gf
58=fSAaKD0IGig9CBooPQgaKD0IGiQgIbgGJatSBgAaKKkQGihpCBooQS8aKAERGigJBxooCQ
59=caKMkfGiixBhooswYaAFUovwI4AMtwAWEPOYkBAmgBtTkBaAG1OQNrAT8A2+0FQIgBjAUE
60=UADzAAAABWEEJJg9mAakP5UCJpUCCWMEOgAXu8waADuIAYUIPIkBBGEEPYkBBmsBQQAb7Q
61=VCiAGNBUOIAY8FPgAd4wREACbpAUWIAZ0VSu2JGijtCBoohxEaAEyswHUNT7h/aQFO54wa
62=AEnnzhsALaS7AgUAGwAwKCkAK/9BGwAuKCsALACFaN1tBS8oKQAicCd5PRsowQgbKFkRGy
63=jBCBsowQgbJuMiBgAbKO0IGyjtCBu4DrwKJ1kRGyjtCBso7QgbKBcvGwBSKDgCJ+EXGyiV
64=CBsolAgCGwBIAMV0BW0QSYkBAmgBrUcBaAGtRwNoAbRElAK0RJQCAzcA6gAAAIkBT4BGgA
65=StRwZ5BlGVAgtoAaxHlAKtRwp1AieZSA5oAbhIhAi4SJwKuUgFYAS5SAdoAbhIjAW4SIwF
66=uEiMBbhIgAS4SIgBuUgEZQhGhEqRCUeIAZkRTf+OGwBKtMhtBUv7SBsATigrAFYAVyLsaw
67=IKABwAIXwocjUcACc9CBwoPQgcKD0IHCjZIRwoPQgcKD0IHCYjKwYAHLyWvAollFV0AiWU
68=VWgBJWhgaAEnOTkcKEQJAAEcADIAAAAAAAAGABwAMwAAAAAAEQAAig4AIAQABgAcADQAgA
69=ACBgAcADWEAZUCOSgpADwoKQA9KCkAQSgpAEIoKQBFKCkATCgpAE4oKQBRKCkAUigpAFMo
70=KQBUKCgABEgAxQAAAAFlE0mJAQNrATYA6vUCN4kBBHUCOIkBB2gBBE8A8wAAAAJpAVCIAZ
71=cCPwD8ZAt1AkCIAZwKASgADAHMBQQmABEBAAALYQQniQEPaAEDSgAVAQAAgQ9LiQEGdAIE
72=RgAmAQAACGkBR4gBmAYDQwBdAgAAmyc6AF/rATsAYOkBRCgrAD4AYfcCTQB66QFXaBQFAA
73=AKABwAVQBxAQFpAVaIAQUDCgAdACMAMWgEBAUAHQAgADLrASEAimQIdQIiKCkAJHgDexEd
74=ACUoKQAmKCkALCgpAC0oKQAuKCkALygpADgoKAAnawgdADooVAAnlggdACeWCB0AJ5YIHQ
75=AnlggdACeXCB0ARigFAUcoKQBIKCgAJ8IIHQAnlggdACeUCAIdAFIAC3QFBAYAHQA1AMbr
76=ATAAy+kBMYkBAmMEKQDYqkMdALhIlAK5SAVgBK1HA2gBrUcIawE/APbxCUCJAQR1AieNRw
77=FoAbhImQZJlESUAqxHjAWtRwdtBUyBBAppAU2JAQ1oAQEyABsBj0cdADOIAYUTNIgBhQgq
78=nUwAbQUriAGXDUMAVWQ/dwJEAFjrATsAWekBPigrAE4AgvUCVngZfUwdiUsAqQFYKFUAVb
79=AtAgoAHgAiqE4CBAAeACGoTmoBIwCIRgMFAB4AIACIRmkBJqwFaQEfrAVpASTvUh4AJSgp
80=ACe0DQIGAB4ANygoACdGCR4AJ0UJHigZCR4oGgkeACfCCB4AJ8MIHgBJKDEBSigoACfACA
81=EeADgAgF9hD1EoKgA5AJRddQJTKCkAL+VKHtFLAWEENpUCA2gBvEyUArxMlQIonEyUAqhO
82=lwJOANm2Tx4AvUwEZAi9TAloAbxMmAa9TAV0Aq1HCGgBrUcLaAGtRw5oAaxHmAasR5UNNI
83=xHhwguAB2ySx4AuEiMBbhIjRAshUoHcQktiQEKaAEncwkeAD7ySx4AJ3AJAh4ARQBcp0oe
84=AD3snwIeAEYAYvcCUgCD6wFEAJ/oASf1CR4o9gkeACf3CR4AWbw2dE+gUQMBCgAfACKoTg
85=IEAB8AIahOaQElqE5oAcSiawEjAIl0DWkBJCgrACYAh3QCBAUAHwAfAI3pAR60DQEGAB8A
86=J08KHwAoKFUAKSgpACooKQArKCgAjLJkrdBeqQEzKIAAJ40dHyiNHR8o9RQfKIELHyiBCx
87=8ocRQfKK0LHyitCx8orgsfACevCx8ASyjgAScTHh8AUChUACczDB8ANudgHwBRvCt/IDgA
88=MHQFaQFSvCtoAbFhAWkBMOdgHwBNlFqUAqFcA2EET5UCBWgBtVoCaAG1WgZoAaxSmAa1Tw
89=h0ArVPC2kBO+qbHwAnIwofAEXgUQIfAD4AWmg4bwU8AF7rATcAhesBOQCM6QFTKCkAPeJR
90=HwAnTgofACdNCh8oTQofKE0KHyhPCh8AVawpb1JaAF1gJQIKACAAImABBAAABAAgACMoKQ
91=AktNN1AiG4imoBIACQQ2sBJQCGcBRpASagMAIFACAAKLQuawEnAItgBGgBJ9MKIAAdqAwB
92=BgAgACf+CiAAJ6YKIAAnpgogACelCiCwPXlTIKwNqAGct6gBkKCoAYhAqAEngAvIbLQCjB
93=ioASeBCyAo2xYgAD4okAInISAgKFULIChVCyAoVQsgKFULICgqCyAAJysLIABNKFwBJ2sp
94=IABPKFQAJ6wLAiAASgAKfAJhJVGsMWkBNaQhaQFSpCFpAVSkNGkBNuRgASAAUwAjxCN1Al
95=oj6SICaQFbjRMBaAG8QYgBrV0DdAKtXQdpATvzViAAPf/xIABF/lcgACe7KCAAQibkKAIg
96=ADkAjmQ/ZQhD8VYgKNEKIPzmAQcAIAAlfCZoAScjFSAAWZ0VAHpTVwCIJWkBVpxXAQQKAC
97=Eo0QohKNAKAiEAJAAlYA8EBAAhACUAiOkBIaxodQIgoCUCBQAhACznVSEAKuv+IQAfoFxj
98=BCYAfGQIawEnAH/pASi8CnUCK+NcIQAcaDVlSiEogQshKIELISiBCyG0NqwFJ/wKyGy0Ai
99=fQCiXYIrQCJ9IKIQAn0QohKCkWISjRCiEoVRYhKFUWIagqsAkn9SohKCkLISgpCyGMRCNZ
100=JyEo/QohKKcKIQBaKMUDWygpAFwoKQAw/1chAEkoKAAnVwshAE0oVQBOKCkAUqDYAgYAIQ
101=BQ710hADW0JnUCVag4aQFT710hADa0OXUCVKg4aAG5SAFoAbhIiAG5SAV3Aj8A+2QWaQFA
102=iQECawE7AFd4PWkBQygoACefKiEAPeZgIQAnBxchAFEm0SAhKAUMISitCyEorwshAFiUWg
103=UECgAiACQAHHQNBAQAIgAjACLrASIAI+gBJyoLIgAnKwsiACioIgIFACIALCgpACokgCF1
104=Ai6oImsBJgB2cAlrAScAeesBKwCA6QEp6FkirCLbtiIAICavISIAG3gkbUciKK0LIiitCy
105=IorwsiAB8orAAnVRYiqGykCCcpCyIoKQsiKIMhIgA7KAQBJzEtIih5NiIorQsiKK0LIiiv
106=CyIAQygEASfRNiIoBRciKNkLIijZCyIorQsiKK0WIog1kWEiKAUMIvvtBgAi7OxoASdeDC
107=IAJ14MIgAnXQwivO69IDH5XiIoiQwiKOMXIgBLKIEAMO/AIgBWKCkANqQ/YQ9QKCkAVbBA
108=dQI692UiADn5wSLVTwVgBKVgAWgBpWADawFEAFtoQ2kBUSQYKmkBUigpAFMoKQBUKCkAN7
109=hIbQU46wEjACWkEwIEACMAI7gRaQEnuFNpASGkdmsBJAAdYA9pASIkQCRpASawCWgBI/Q2
110=BgAABQAjACsAdWwFawEpAHvpASj4tgIjACoAffUCLOe4IwAu5bgjKIELIyjQCsgUZTQjvI
111=uoASfRCiMo0QojKNMKIwA26U4j734GACPsfmgBJ1ULIyitISMoVQsjKFULIyhVCyMoVQsj
112=KFcLIwBEKLQBJ4ELIyiBCyMogQsjKIELIyhVCyMoVQsjKFULI4Tsjl0jACcGQyMAJ8lLIy
113=R8PagiJzsuIwBVKDgCJUQqZB4iJEjQCSVoNHQCJ4kMIyiJDCMoiQwjKIsMIwBeKFwBJ7cM
114=IwAy/WIjKOEMIyi3DCMATCiBAEr3ZSMAWCgpADmsUnkROvZlIwAk7T4CdwI/APpoD2kBQI
115=kBA2kBHaQ3BAoAIwAbAF9gBGkBHIkBAWsBGgBgIpBPBAoAJAAkABl1TwQiViIAIOsBJgAk
116=6QEnoFFhBCMkxCRpASq03gIFACQALSgpACugZ3UCLrRSaQEo/7okACn/uiQALCRcTmMEIQ
117=B+dA1pASLnYCQAILQNdAIngRYkrHBhOyQogQskKIELJCiBCyQogQskKIELJLyLpAgnOUQk
118=KDEXJLAnoAQnrU0kKNkLJCjZCyQo2QskKNkLJCjZCyQoOSMkKNkLJCjZCyQo2QskKGYuJA
119=AnvTkkKJEjJCjhFyQoiQwkKIkMJCiJDCQoiQwkKIkMJCiJDCQoZRgkJiM2BgAkKJEYJCjZ
120=CyQo2QskKNkLJCjZCySIS45oJAAnSiUkACcxDCQoMwwkAFr7XiQAH5EtBWEPVokBAmgBtV
121=oBaAG1WgRpARlgWSIrTSQAGigoAMj+aFkleCtoASX8NmgBtWUDaQFViQwAaQFToB1rAVQA
122=YXgJAgoAJQAnvG0CBAAlACngvwIlACUAGnhTdwIkABvpASYmQyQlACjivyUAJ4sMJQAs/2
123=IlACq8CgIFACUAK7x4aAElOC1pAS32ZSUAJfA6dQIi6WQlsAZtUiWobKgBJw0uJSgFDCUo
124=BQwlKAUMJSgFDCUoBQwlKGUuJSgFDCW4JKgMJwUMJSgFDCUoBQwlKAUMJSgFDCUoBQwlKA
125=UMJSgFDCUoBQwlKNkLJSjZCyUo2QslKNkLJSjZCyUo2QslKNkLJSgpCyWkPLQYJ2UjJSj9
126=CiUo/QolKP0KJYijiVklKCkLJSj/CiUAM/9XJQA0KCkASCgoACeDCyUAWyhVAFeYKgIFBg
127=AlACRFSgJoAaxdiAGsXYEEGGRSbl0lACfZCyUo2QslJqQrcFYn2QslJqQrdAK5aQNoASWA
128=V2kBULwjaQFTsHppAVG4H2kBUokBAWkBVCSIImsBVQCBeF4BCgAmACXbYwQAJibYY2gBIr
129=0iACJ2RiYAJQwtdQIm92UmACcmzDACJgAoACZwCWEEKe/LJgAr92UmACzzYSYAKibzLyYA
130=ISabLyYAILYjBgAlSEdtPCYoiAwlmFy0AiMUZ6gBJ0E6JihdDCYoXQwmKAUMJog1kUAmKO
131=kjJigFDCYoBQwmKAUMJigFDCYoBQwmKIkXJiiBCyYogQsmKIELJiiBCyYogQsmKIELJijZ
132=FiasOawbJ4ELJiiBCyYogQsmmDrAGmz/yAGEn6UIL+VVJijZCyYorwsmADUogQA2KCkAOS
133=gpADooKQBFKCkARigpAEcoKAAnsz0mAFkoVAAn4QwmKOEMJtVlA3k9VomIAmsBPwAEJNdd
134=JgBAiQEEdQIXqENkVScNDSYoDQ0mKA0NJigNDSYmtDh4BifqGCYAoWcBdQJVgQ8AaQFQge
135=MCaQFUJDgjaQFSJGwvaQFTKCkAUe5oJwBgwotkJwApoFwEBAAnACMAIbNhJwAk/2InACYk
136=jD5hBCcoKQAoKCkAIiawSAInACoAeGQIAgUAJwAruGloASe1DCcotQwnqGx4PcDdqAEnFR
137=knKPk7JyhdDCcokRgnKIkMJyhdDCcoXQwnKF0MJyhdDCewJ7QNJy1pJygxDCcoMQwnKDEM
138=JybbWAYAJyjZCycoVQsnKFULJyjZFie8+bUNYrxBZQgu/kwnACetCycorQsnKK0LJyhdFy
139=co2gsnACfbCycANygxATzoAQ0nAEMACgAAAAAGACcARAAKEQAAqw4AIAgAAAAABgAnAEUA
140=CukBRygpAEkoKQBYKCkAWSgpAFooKQBbKCkAXCgpAF0oKwA5AAvoDA8fAD8AAAACBgAnAF
141=UARgAAAAFoAQE/AAQByQFAiQEFdQIWcAYEAAAKACcAFygpABgoKQAZKCkAGigpABsoKQAc
142=KCkAHSgpAB6MEJ8KTQBWfAJpDE6JAQJrAU8AW2QTaQFQiQEDawFUAF3sBQJSAHICAKcTUQ
143=B06wFTAHerASgAJGQFBgAABAAoACMAH3QCawElAIbrASIAjOsBJgAsdAUEBQAoACsALesB
144=KAAv6wEsADHrASoAeXgGbwUpAHzrAScAhOsBIQCN6AGICQQAAAYAKAAufAeoAZQKqQEwKF
145=QAgAy1AjIoVQAzKCkANCgpADUoKQA3KCkAOCgpADkoKQA6KCkAPigoAGlAALUNQihVAEMo
146=KQBFKCkARygpAEgoKQBJKCkASigpAEsoKQBMKCkAVygpAFgoKACMOa0QXihVAGMoKQA2/1
147=coADsoKQA8KCkAPSgpAEQoKAAnigwoACeKDCgAJ4oMKAAniwwoAEb/YigAVigpAF+8QX02
148=YrBAaQEgkVYFawFVAEGuaCgAtWUGdQJBgWcKawFgAINwQGkBYSgpABWsGwEKACgAJ2UNKC
149=hmDSgAJ2YNKAAnZg0oACdmDSgAJ2YNKAAnZg0oACdnDSgAHiiIAaF9A3UNVJ0VAGgBvW0B
150=aQFR7mgoACc6DSgAKQ8NTwB7dBhtBVAoKQBOuF4CCgApACO0IwMEACkAIgCMVWsBJAAleA
151=ZoASe8DQIpAFsAKmwTAgUAKQAqvCtqASwAjGBpAVzwbAEpAFoAjGB3AikAenAJaQEr8GwC
152=KQAmAIf0Aie8DQIpACgAjvQCJ+kNKSjpDSm0FWlOKbgOqAEn6w0pADZoFLQCJ2YNKQAnZg
153=0pACdmDSkAJ2cNKQA7KNkAPCgoACeSDSkAJ5INKQAnkw0pAEQorAAnvg0pACe+DSkAJ74N
154=KQAnvg0pACe+DSkAJ74NKQAnvg0pACeRDSmgpqAaJ5INKQAnkw0pAGQoDAInOw0pAD77aS
155=kARigoACdnDSkAIPdlKQBWtDkCBgApAF+0p2kBV7AtaQFhoDtoAaFnA2kBH5kfAmgBrWgH
156=aAGtaAtoAQQyAJoBAAAEaQEziQEIawE1AJv3AicAgng9dQI08GwCKQBgAIn1AmKovGEEFL
157=gccFYnFQ4pKBUOKSgVDikoFQ4pKBUOKSgVDikoFQ4pKBUOKSgWDikAvW0BdQ0emRwAawFN
158=AFN0EGkBUOpvKQAnFQ4pKBcOKQBO8NoDKQBPAHUCid0pKG8OKgAjvFoCBAAqACK0ZWsBJA
159=AdbAVoASfpDSqA6AcAAAAFACoAXAApbBBrAVoAK+kBJrw2dQIhvAppASqwZGkBIKgMaQEo
160=rGBpASm0LmsBJwCKYA9pAR90CmlOKqAMqAGE7KgBJ20OKqwNtAInWBzYDrQCJxUOKigVDi
161=qkEKAEJ78NKgA9KOABJ+kNKijpDSoo6Q0qsDKkCCeRDSookQ0qKJENKiiSDSoAJ5ENKiiR
162=DSookw0qAF8oDAInkQ0qKJMNKgBlKIAAJ5ENKigJKCoovg0qACc2KCoAJ+sNKgBe43IqAG
163=D3cCoAVqg4AgYAKgBXuCpqAVUAcf4CaAGhUQFrAUAA9nQQaQFBiQEEaQExkGyABKlvBXQC
164=vG2JATaJbwl3AjoAfng9awE7AH/pAWEkdCV0AifoDQIqADQAKHQNAQcAKgC9eAlpARNsAi
165=ICJyoAJ24OKgAnbQ4qKG0OKihtDioobQ4qKG8OKgBPKDEBVIQeAwAKACoAG7A4aQEciQEC
166=awEdAE10BWgBoXIBaQEasDhpAVH/bSoAUigrAFAAdngcYAQnhBwCKgBOAHi3AisAI3QKIs
167=MpKwAlrDECBAArACKsMWkBJ7igaQEhuGloASfHDisAJqSXdQJbrCYCBQArACiwCWkBXONy
168=KwAqsAl1Alqk72kBKaQIaQEgJhkqKyZMIAEGACsAJ20OKyhtDiu8t3BhJfQrqAEnySorqL
169=m0AicBHCsoARwrKOkNK7gvrAUnFQ4rKBUOKyjpDSsj+DEjGSorKKkbKygWDisAJ6kbKygW
170=DisAJz0pKygVDiugOKEPYKwxZB4nFQ4rKBUOKygXDisAZiitAEPlaysoQQ4rKBUOKygVDi
171=soFw4rAF8o2QBhsDVhD2KkP2kBOJ0jAWkBVp0jBWkBGpkfAmgBpFWABKVVA3QCpFWUAqR2
172=iAGkdoUIO6xSbQU89XAr/20IACvdbQppAVGgRgIJACsAT7RPaAGhfQZoAQQ1AJwBAAAAaw
173=FQAIt0WmkBErQjAQoAKwAnxQ4rKMUOKyjFDisoxQ4rKMUOKyjHDisAUigxATeJIgB8Cq2U
174=A2kBGYgilQJMlTwCdQIwtDxrAU0AXGwIaAG4lYEENogXiQFT/+YrAE4k5ChtBVS0IwQKAC
175=wAJAAabBsEBAAsACMAIukBJSgrACIAI/cCJgAm6wEnAIjpASEkVCFlCCCsPAIFACwAHbAq
176=aQEosKNrASkAgXgGaQEqpAhpAR68K2kBHygoACWbLwYALCaAIWgBjPR1WiwomQ4stEy0Ai
177=eZDiwomQ4stCugBGTAkmwsACdBDiwoQQ4sKEIOLAAnGSospDGkCCdFKiwomQ4sKJkOLCiZ
178=DiyUNtUNYmg1pAgnlSksKOkNLCjrDSwAZyisACcWDiwAJ+FDLCjpDSwoVTcsKFU3LChWNy
179=wAJ+FDLCiZDiwomw4sAGDndiwAYSgpABz36SwAYygpADuNKQFvMVYAQCTaNywApFWUAq1z
180=AmAErXMGaQE8pMNoAcDgAgkALABPoEZpAU2gRmgBtXAHaAGl5AtoAaFyAWoBUAAjRDVpAV
181=G4SGkBTqxHaQERuCdgXCfFDiwoxQ4sKMUOLCjFDiwoxQ4sKMQOJaxDafMsJjw0fAon8w4s
182=ADqJIgB1AlWIIokBMCZ7KywAS5lAAWAEvXgDaQEYqLRpATgkoCRpATmIAY4FNwCIRnQCJx
183=8PLABUJMRFAgoALQAiuxwEAC0ouR0tKKtHLQAlsGRgBCUgK2kBJ7zmaAElICtpASYk9Cpp
184=AR+8CgIFAC0AHqQ/aQEosAloASVMKmsBKQCFq3otAB0mvTktJncwBgAtKPEOLSZ0MHQCJx
185=0PLbQKfWItKB0PLaBDtAInKiwtACfFDi0oxQ4tKCErLSjxDi0oxQ4tKA05LSjFDi0oxQ4t
186=KMUOLbCroQ9ZvCB8FZystAInokYtACdhHS0oNR0tKEsPLQBoKAQBJ1lTLSjFDi0oxQ4tKG
187=0OLShtDi0oQw4tAGLvcy0AYygpAFekNHEUZqwpaQFntJ9pATuN7AJoAaV2A2kBGSMMRJQC
188=pHaUAqV2B2EEPPfpLQA9JLRDdQI+qMdpATUkBEMCCQAtAFGkN2kBNuPrLQBSKCkAMvR7Ai
189=0AUAAeYEZvBU4AIekBT6TOdQIzJNQmaQE0KCkATbBLdQIQsCpkYCeiDy0AJ6EPLSihDy0o
190=oQ8tKKEPLSihDy0ooQ8ttBVifS0AJZw1aAwltENoASWwJ2gBJeQzaQFUKDkCOoktAHQCpY
191=EBaQEYiC2VAkuw/nQCvIOBBFOwowIKAC4AI6g4AgQALgAl+3QuACHw8AIuACIAJGwmYQQk
192=qG9pASDy8C4AJ/dWLgAfsEACBQAuACiwCWkBHSaDLC4AHqx+dAInyVYuKPEOLijxDi4o8Q
193=4uJMw8cWEuqECoASdJDy6sGLQCJ3U7LihJDy4oHQ8uKB0PLigdDy4o8Q4uKPEOLijxDi4o
194=8Q4uKPEOLpysme0uKB8PLgBapzQGAC6orqQTJwFILigfDy4AYSisAJSvrAUn2SwuKKMPLg
195=BpKKwAJ8FVLiitLC4olR4uKKEPLihpHi4oow8uAGW0JnEUaLw2aQFmvDZpAWe8NmkBPJ1M
196=BWgBJAUtAmgBqXoDawFAANVsE2kBQYgBgQQ963ouAD60yGEENaAPAgkALgBPKCkATbg1dQ
197=JQuBFpATa4EWkBTOt6LgBOJJhFdQIzpFVpATQkuChrAVEAJ3BWaQFS4/YuADLrei4AD3QV
198=am8uACd2Dy4AJ3UPLih1Dy4odQ8uKHUPLih1Dy4odQ8uKHUPLih1Dy4odQ8uJhRFaG8ndQ
199=8uJig3dAIndg8uAKGpA3QCJJEuAGgBtXsBaAG0e4kBL7BOdQIwiQECaQFTJg8uLwAhsCoC
200=BAAvACCgO2kBIqQpaQEjoCVpAR+vMQUALyhfLS8AJCZfLS8AJSZfLS8AJrgGbQUetKdoAS
201=cxLS8oSQ8vKEsPLwAnozAGAC8kqD15Xi8ooQ8vKKEPLyipPC+4RawFJ6EPLyQ4JLQCJ7Ut
202=Lyh1Dy8olR4vKIktLyjNDy8ozQ8vKM0PLyhKDy8AJ2keLyQINLQNJ0MOLwBqKEADJ9ljLy
203=gXDi8AXbAXZR5iKCkAaKgtdQJhpDRpAWQoKQBnuF51AhmVcAJpAVeJAQVpATwjCCiXAkIA
204=0iSCLC8AoXIBYAShcgNpAT8my1YvAF6osXUCXygoACfgZAEvAGMAI6AlYQRlJLhfaAEluz
205=4HAC+wSCLGOi8AJXBsAgkALwBRvCBpAU/39C8AMrgcdQJQKCkAObBkdQJVKCkAMKQedQI3
206=KCkAUygpAE7n+i8ATft/LwBSJPRLeQY1rFJpATgkYFRpATEmvy4vAFQoKQBM84IvAA6rFw
207=oALyh9EC8ofRAvKH0QLyh9EC8ofRAvKH0QLyh9EC8ofRAvKH0QLyhtLy8o+w8vABiBOwBs
208=EKWtA2kBO4w8lQJJI5R2iQFKiQECYARovyOSWi8ApYEBdQJLrFUBCgAwACc6LjAAJw8uMA
209=AiJmt2MAAjuCcCBAAwACS4UwEFADAAJ2daMAAlrFJ0AiUoTWkBHvOCMAAf8YIwKGUuMCj5
210=DzAooQ8wKHUPMKwNeWkwKB0PMLQgtAInDS4wtCC0AiceZzAAJx1nMCh1DzAodQ8w9HsMBg
211=AwAEgAAAAAAAAGADAAEQAA7Q4AIApZAAAAAAAABgAwAFoAgABpAVuEAZUCXCgpAGgoKQBp
212=KCkAaigpAGsoKwApAAtwAXEJKygrAGEAK/cCZQAt6wFnAC7rAWAAMesBXgAy6AEEWAA8AA
213=AAAnAJBBoAPgAAAAVoAQQ8AEAAAAADaAEEQQDSAAAAAWkBQogBlAIBLQCXAcAEAhwAgAIA
214=uxxdAIbrAWIAh+sBXwCJ6wFmAIvrAWQAjekBY3ARBAAABwAwADOoAQIJADAANCgpAE8oKQ
215=BQKCkAUSgpAFQoKQA1sB9lCFIoKQBTvCB3Ak4AL3QFawE5ADDpAUyoD3cCNwA59wIxACNw
216=FHcCMgAm6wFNAIPrATgAhOsBVQCI6QE2uBx7BjAAjvUCDXQKBAAACgAwAA4oKQAPKCkAEC
217=gpABEoKQASKCkAEygpABQoKQAVKCkAFigpABcoKQAYKCgAiB+tEDooVQBKKCkASygpAFeI
218=Q50VGYlDA2kXO4lDAWsBSQBWaENrAVYAYmAHaQEuiEMFBgoAMQAiACx0AgIEADEAIKAwaQ
219=EjtC5pAR6gUWsBIQAlYCVpAR+4J2sBJAApZAgEBQAxACYAgmAEaQEnvExrASUAjPUCHaRK
220=dQJDcAZvUjEARSgpAEYoKQBHKCkASCgpAF8oKQBlKCkAZigpAGcoKAAnxg4xACfGDjEAJ8
221=YOMQAnxw4xAGwo2QAb53YxACi0IwIGADEAWigpAGCwVnUCZKwmaQErsFZpAV24J2sBYgA4
222=ZAtpAWGwVmkBWZ02BWsBQAA9ZDRrATwAQaB9AjEAGgBC6wFBAPzlCEKJAQFtBSyIOIgBoX
223=0EdwIcAHhoLWkBRO9+MQApsGF1AiooKQBbKCkAXCgpAGOgO20FXrw2aAGYkgIAAAkAMbRB
224=qAEnJRAxKCcQMQA1dBWgBCdSEDEAJ1IQMQAnUxAxAFIorQBTKCgAJ6sQMQA2rDFhD1W0Lm
225=kBTrQuaQFWqKZpAUysE2gBoVwHaQEvgSUKaQE3+38xAE2gnnUCMLgcaQEMrBB8YiclEDEo
226=JhAxACcmEDEAJyYQMQAnJhAxACcmEDEAJyYQMQAnJhAxACcmEDEAJyYQMQAnJhAxACclED
227=GkR2WBMaRHqAEnUhAxACdSEDEAJ1MQMQBXKBQDqccDYRo/nUwAaQE7nEyJARmcTIoBSQCc
228=LmIEPQCA42sBPgBheAkCCgAyAB9gAQYAAAQAMgAhABx8TGsBIAAh6QEivCt1Ah6wKmkBJL
229=w2AgUAMgAnvGJpASWoGmkBI6RVawEmAIVwCWgBJ6oQMgAnJhAyACcmEDIAJyQQATIAYACA
230=AAEGADIAwNVpAWSRAgBoASeqEDIAJ6oQMgAnqhAyACepEDIoqRAyKKsQMgAotJxzCSoAKm
231=QLaQFarBtpAWEoKQAruFN1AmIoKQBcpFV1AimkVWgBrX4DaAGsfooBQAB5owF1AlkoKAAB
232=QQAEAZv4MgBCiQEEYASlgQJrAUQAcngnawEcAHnrAUUAe+sBGwB+6QFDKCsARgB/9QJbvG
233=JlCF644mkBXXwddv8yALCNAgUHADIAsGwBCAgAMqQbbX4ypBuoASd9EDIofRAyKH8QMgA2
234=vAoBCQAyACepEDIoqRAyKKkQMiiqEDIAJ6kQMqhWtQ03oDBxCTmgEmgBuX8LaQFNJqcgMg
235=BVpNl1Ak4m0yAyAFa8V3cCOACKaCJoASd/EDIATKgidAIjfCdicjIAJ9YQMgAn1RAyKNUQ
236=MijVEDIo1RAyKNUQMijVEDIo1hAyACfVEDIo1RAyKNUQMijVEDIo1hAyACd9EDIjRSAAsB
237=QnqRAyKKkQMiiqEDIAsYIBYH2wgokBP5VPAHUCWCgpAD2sNHQCtIaNBWsjrCGNBWyJAQJi
238=BG0AIwwtBAoAMwAgABpzKgQAMygDETMAH7gydAInAhEzACcDETMAHaxoAgUAMwAauEtrAS
239=MAdnAJawEkAIHpASWoOHUCG6g4aQEcKCkAJqtOBgAzuBkiBSIzKFkRMygeMDMAJx0wMyix
240=ETMosREzqKOkCCNsJagBJwoSMwAnChIzACcJEjMoCRIzKAkSMygJEjMoCRIzKAsSMwAnrO
241=FrFysAKHwYaQEpJlMxMwAqJosiMwBcsGFhBF64J2kBLLyvawE8AD8kgCEBMwAZACLVJQJ1
242=Aj+kIWgBrTwBaAG8jogBvY4FdAIEWQCTAQAABmsBRAB0YDBrAUUAdekBRigpAEfnjDMAQL
243=S9bQUoJIwoaQFdJtshMwAtpK0CBwAzAC6rAQgAM6B6YX0zqECoASeFETMohREzKIURMyiH
244=ETMATmQmuAYnsREzoFm0AiddIjMosREzKLMRMwA4tC4CCQAzADeoLWkBL6gtaQEwqC1pAU
245=0kNChoAScKMzMAJwgzAjMAVQAeYCVhBFSkYGgBJwsSMwAKvBVgZyexETMosREzKLERMyix
246=ETMosREzKLERMyixETMosREzKLERMyixETMosREzKLERMyixETMohREzKAUiMyhZETMoWR
247=EzJlwtdRhtKEEDbigpADuBUQBhBBiAUYkBPoEzBHcCSQBVdAVoAaWMAWkBWJRPAQMKADQo
248=XyI0ACBkBSKLIjQAHqwxAgQANAAbqEZrASEAHXQuaQEitE9pARy03mkBHSgpACOsPAIFAD
249=QAGrAJaQElrGhpARm8CmkBJCbiIjQAJ4cRNAAnuxEGADQkxCV9gzQouTM0vB20AidlIzQo
250=3RE0rKegBNDwcQleKFwBJxUkNChhEjQoYRI0JNA3pAgnYRI0KGESNChhEjQoYRI0KGESNC
251=hhEjQoYRI0KGMSNAAquHRlEyiwYWkBKawmaQEsuHdpASusJmkBPYU/BWgBpT8BaAGkP5QC
252=sY0GdQJDI70jCmgBvY4HaQFakECXAkAAd2A7dQJEJhM0NABHKCsAPwB84AQnhxE0AC68FQ
253=IIADQAL7AUaAEjyEFxgjSsAqgBI0BGqAEn3RE0KN0RNCjdETQo3RE0gVkAuAYnhRE0KIUR
254=NCiFETQoOSM0sF64BidnIzQAT/uKNAA6rBMCCQA0AE0mZ0Q0AFeJIgF0AqlkBGkBTiSAN2
255=kBVrheaQE4rF1pATkoKQAJsEtkaycJEjSozyIpITQoCRI0KAkSNCgJEjQoCRI0KAkSNCgJ
256=EjQoCRI0KAkSNCgJEjQoCxI0ADsoOAInDSM0KLMRNABMKIEAbCgoACeyETQAJ7MRNABvKI
257=AAoOCDiBcATXwCZR5JuDVpAWugM2oBFgCQbwIKADUAHmQFZ4w1ACGkuAIEADUAHCYTNDUA
258=HygrACAAImhOYQQdJJQpaAEn3xE1ABskPCl1Ahom60Q1ACMkXE4CBQA1ABmgBGkBJKAPAg
259=YANQAlKCgAJ7ERNSixETUohRE1KIURNShZETUoWRE1pBt+gzUAJ1kRNSi9IzUoWRE1KFkR
260=NShZETUoyTU1KFkRNShZETUoWRE1KFkRNShZETUoWRE1KFsRNQAqpK1kHifjIjUAK6xddQ
261=I9I/E6AmsBFgBEJDojNQC1OQF0ArQ5iAGtiQd0Aq2JC2gBoIiIAQQoAJoBAAAEdQIpiQEI
262=aQFAJkc1NQBHJpMjNQA/JmQjAjUARAB6bDxtBT7njDUAQSa/IzUASCgpABgm6CMiAFQj0E
263=wBBwA1AL2ZCGkBLqTOAggANQAvsB9oAb14BWgBJ2ESNbB/fYM1pKqoASdhEjUoYRI1KGES
264=NShjEjUAN7tICQA1JqRBaAEnoUY1KPU1NSi5EjW0YrQNI8BAqQE5pIRlCDqsqmkBT6zAaQ
265=E7pBZpAU2kFmgBuZUCaAEnTjY1ACePEjUATuOTNQAIvBV0cCeNEjUomSQ1pBBtlDUojRI1
266=KI0SNSiNEjUojRI1KI0SNSiNEjUojRI1KI0SNSiNEjUo3RE1KJMjNQBtKJACJ98RNQA8hV
267=UAaRcVhFWJAUqRjQR0ArGNAWkBS6BqawFvAAEiwD9pAXCIAQMDCgA2AB2oDAIEADYAIKBG
268=aQEbqC1pASKsR2gBJcA0aQEfJs9GNgAcJhckNgAe+5U2ACGwxGwFJwsSNgAZJspWNgAnCR
269=I2KAkSNii9Izad+QBtiTawHKkBSb8VBgA2KN0RNijdETYo3RE2KN4RNgAnUUc2KN0RNijd
270=ETa4JKgMJ501NijdETYo3RE2KN0RNijdETYo3hE2ACdXWDYARqBJfRVbKCgAsY0DdAKpOA
271=FoAak4BWsBQgD7YB1pAUOJAQJpASeMiYwFpIyMBScvETYAQCQcO20FSCYPIzYAPibjIjYA
272=GCYnRzYAQSgpABbwjQI2ABcAfauQNgBF54w2AFokBE59Ciok3DIBBwA2ACXgOGkBWSTgOG
273=kBLaBGaAGtnwlpASwk4GRpAVisBQIIADYALrTTaAElp2IJADa8B2WBNrh8qAEnxSQ2sLa0
274=AifVaDYoYRI2KGESNihhEjYoYRI2JLxQpAgn/TY2hGgjdSU2KLkSNii5EjYouxI2ADq0ZX
275=0VVu+UNgBXoGd1Aju8GGgBJ3o2NgAneDYCNgBOACdoLWEETajzaQEHfD59jjYojhI2ACeN
276=EjYojBIlOFusBSfdSDYojRI2KI0SNiiNEjYojRI2KI0SNiiNEjYojRI2KGESNig1EjYoFy
277=Q2AHEovAKhkwF5imugKGkBS6AoaQEUoHVpAWykbmgBoJOYBqCTAgQKADcAJeBkBAQANwAc
278=ABlgJWkBHibXRzcAHybHJDcAHSZvJDcAICREKm0FGrBWaQEhsDUCBQA3ABmkNGgBJWBqaQ
279=EYtMhpASKkVWgBJ40SNyiNEjcjPGyBkzcoIjY3ACdiEjcAJWspBgA3vB15ijcoYRI3KGES
280=NyhhEjcoYRI3KGESN7gkpAgnYRI3KGESNyhhEjcoYRI3KGESNyhhEjcoYxI3ABf2kTcAJ2
281=MSNwBcKFUAPSPFTwJ1GBWAHYgBoTsBdAKslIgBrZQDdAInz0Y3AEcmZyM3AD7jkzcASP+O
282=NwAWJr8jNwBG/443AEQmM1k3AD8mvSM3KAoSNwAnsBEi4EQjOEMBCAA3AMCTaQEtuD1oAS
283=UgbWkBLqByaAGhkwppAVio0mgBJ2FqN7RBfYM3KLERNygUJAADNwA1AAAAAAAACQA3ADYA
284=AAAAAAAJEQAA0g4AIAMANwA3AABgAAIJADcAUWIBAABpAVIoKQBTKCkAVCgpAFUoKQBWKC
285=sALwAscAFnCDAAL+kBTygrAE0AM/QCBCgAmgEAAAZsBQI4ACMCAKMPUAAl6QFXKCsAOQAm
286=9wJOAIPrAToAiOkBBnQKBAAACgA3AAcoKQAIKCkACSgpAAooKQALKCkADCgpAA0oKQAOKC
287=kADygpABAoKQARKCkAEigpABMoKQA7KCkATCgpAHEoKQByKCsAPAA+cAF3GBQAQeoBSwB1
288=MQF2AmwAiDBoAQQmAFcAAAACaAEBbwABAckBcIkBBXUCJ5wrgwRtAHxgJXcCbgCBqwE4AB
289=2wNQQEADgAGgAudA1rASAAMOsBGQAy6wEcAB54BmMEGwAh6QEerDF1Ah8oKQAYsAkCBQA4
290=ABakCGsBIQCHeAZrARcAi+kBI2AMBAAABgA4ACQoKACIH7UCRChVAEUoKQBGKCkARygpAE
291=goKQBJKCkASigpAF8oKQBgKCkAYSgpAGIoKQBjKCkAZygpAGgoKQBpKCkAaigpAGsoKgAi
292=AJhLbRtauF5rAWYAPHw2aQE+mT0FaQEVmT0DawFCAMxsCGkBQ4kBAmgBBF4AmwEAAARrAT
293=8AdHgnaQFAtDlpAVugMGkBXCgpAF0oKwBZACt8CgIHADgALaw8AggAOAArpBNpASysBWsB
294=WACNaAxoAYBDbXM4pAWpATRoCakBNSgpADYoKQA3KCkAOCgpADkoKAAnsRE4mFuafzgAJ7
295=EROKRdqQxPpEoCCQA4ACrviTgATLBLdAKtiQdpASmZXgtpAVewVmsBUAAfYBppATG8V2sB
296=VgAi9QJV65A4ADLwjQI4AC8AhuAEJ7ARAjgATQCJ9QJOKCsAMACM9QIFuBwBCgA4ACdhEj
297=goYhI4ACdiEjgAJ2ISOAAnYRI4pEd+mTgAJ2ISOAAnYhI4ACdiEjgAJ2ISOAAnYhI4ACdi
298=EjgAJ2ISOAAnYhI4ACdhEjiFUgC1DW4o6AInjhI4ACePEjgAcyiBAGWgB3kcPYlZA2gBpZ
299=cBaQFLvDloAaSXlQIlhJeIAbCYmwZkAFhkC28FbwD26QFwiQEEdwJtAHh8K2sBJwCCqwE5
300=ABxkBQQAAAQAOQAbuD1pARq0OWkBHag4awEZAI54BmkBHqyfAgUAOQAWsEtpASG8YmkBFb
301=BLawEXAH54BmkBGLxtawEfAIT1AiAoKAAnPRM5KD8TOQBAsBQBBgA5ACc+EzkAJz4TOQAn
302=PhM5ACc+EzkAJz4TOQAnPhM5ACc+EzkAJxITOQAnEhM5ACcSEzkAJxITOQAn5hI5ACfmEj
303=kAJ+YSOQAnuxI5AGeBOwV9FRSZFAJpAT2sE2gBrZQBaAGtlANrAUEA0WAdaAG4lYUIX4WX
304=CXcCPwB3bCZpAT6o0msBWgAoeAYCBwA5AFsoKQBcKCkAXSgpAFmwkGwFJ40SOag1aYU5uA
305=OoASeOEjkAJ44SOQAnjhI5ACePEjkATmQQuQZPKCkAUCgoACe5EjkouRI5uFu4BoDzqAEn
306=biQ5ACdtJDmQXpecOQAstE8ECQA5AC8ALXAMaQE6KCkAMKxSdQIr4545AC4oKwA7ADH5Bi
307=qsHm0FMfacOQAnSyU5AE0mHiU5ACcfJTkALbBWeQZMvGJpAQR0CmaBOQAnERM5KBETOSgR
308=EzkoERM5KBETOSgREzkoERM5KBETOSgREzkoERM5KBETOSgREzkoERM5KBMTOQBlKJACJ7
309=sSOQBxKFQAJ7kSOSi7EjkAdCiAALDwAwMKADkAE4FcAGsBJgBLaARpASeJAQJpASiwQ2kB
310=JSSILGgBqZsBawFrAFr5BmyIAZsGZABbfPxjBDwAXeAEqJuYBqmbBWAEJ2sTOQAp65s6AB
311=twBmubOgAcoEYCBAA6ABqwQGoBHQAlqyY6ABi8QXQCJcwlaQEZqENoASXMJWkBFbBLAgUA
312=OgAUqGdpAR4mfyY6AB+gDwIGADoAICgpACEoKQAiKCgAJ8ETOijDEzoAQyiAACfBEzqgLS
313=JYJwY6AEgAPQAAAAFpDD2ZowJoAawxlAKsMYgBrTEDYASsMZQCrDGIAbyOiQFCiJCNBT4m
314=mCQCOgA/AHW+jjoAJ8YkOgDEjAEIADoAxIxpAVisJmkBWahkaQFaKCkAWygoAIxwbX46vC
315=ioASOEM6gBJwkSOigJEjooCRI6KAoSOgAn3hE6ACfdETqgTrAJIhQwgYg6KN0ROiiZJDoo
316=sRE6KLMROgA4rEcBCQA6ACdNNjqEj9EJLLhIYAQlNChpAS68IGgBAV4AnAHPBU0AG2QpdQ
317=JOJpgkAjoAOgAn9QJVKCkAL6AlbQU7JqY2OgAnsxE6AAO0RAEKADoAJ90ROijdEToo3RE6
318=KN4ROgAn8SQ6KN0ROijdEToo3RE6KN0ROijcEdysdZw6KNUQOiiRIzoo1RA6KNcQOgB1KL
319=0CR51XAGkXPJxXiQERlIaJARKJAQJiBA8AI+A3aQEQiAGVAimZigR1AkmkN2kBSogBgQRG
320=kDiIAaWMAWEEY5iKiAGljAN3AksAXGwTaQEO8I0COgBgAF71AmGIAZoGaQAjGDRtBWqIAZ
321=UCZyQwIXUCaIgBlQJiJFwhdQJmJFwhaQEqJFwhaAG8mZAUvZkGdQJfgEaVAm2ob3UCbCQc
322=JWgBJxc6OgBl4547ABij4AQAOyhDOjsAF7jXdQIbKCkAHCZbJzsAGSQMLmEEFqTZaAEldD
323=sCBQA7ABTjnjsAHqxddQITrHZpARWsEGgBJ8ITOwAnwhM7ACfCEzsAJ8ETOyjDEzsAJWAt
324=a5s7ACYoKAAn3Sc7KEUUOygLKDsAP6xVAQYAOwC5oANpAUiVBQFpAQ4jaSgCaAGwS5QCsE
325=uMBbBLlAKwS5QCsUsFewZBANVgEmkBQogBkQk+JDAtdQInuDJrASgAf3x4awEfAIDoASMQ
326=QGmQO6iCqAEnaRM7KGkTOyhpEzsoaxM7AE1kELgGJ6ElOyjBEzsowRM7KMETOyihJTsowR
327=M7KMITOwAnoSU7jGWNlDskHDG0DWjw1QIxqy0JADv0vWkBOvOjOwBcKCgAIoQ82AYi1CXJ
328=ATusR3kGYbjtaQFfuEhoAb2kAWkBWSaQOQI7AFoAJGQpdQJW86M7AGAkDER1AjCwVmgBJ3
329=IUOwBsBiNNNjsonRQ7KJ0UOyidFDsonRQ7KJ0UOyidFDsonRQ7KJ0UO6AieaA7KJ0UO7Qg
330=tAIjaCqoASUbQAoAOyT8IbQCJSwydAIj6CS1Am24PXQCJ30mOyilFTsopRU7KKUVOyilFT
331=sopxU7AHYoMQFkrBN9CmkoKQBmoBJ1AmwoKAC1sgF1AkeZaQBpAQ2YaYkBK7xPdQIqsE5o
332=AaixmQZFjEqIAamxA2AEoJ6IAaGeB3UCYiQ0M2kBZ7hpaQFjuGlpAWgk4DhpAWUkmEVpAW
333=ooKQBr6gE8ACVDOgQAPCZ8JmkBF6TvaAEnozs8ABgkBEN1AhkoKQAaKCgAJ58UPAAVqE5t
334=BRPnojwAErxXAgUAPAAdJgkoPCjdJzwoGRQ8KGsTPAAnuzIGADwoPRM8KMc6PAAlheQBYw
335=Q9AD8iKCxoAaAwlQJHJFA7dAKsMZQCrDGLAUMA0vgGsJiUArGYA3sGKAB2dGRpAT4oKwAf
336=AHn3Ag8Ae+kBPygpAA6wNXkGHigrABAAfe0FQLw2YQQRvDZpASkoKAAnhic8ACcZFDwoGR
337=Q8KBkUPCgaFDwAJyJMPAAnIUw8KO0TPLhQZZc8KO0TPCjtEzwo7RM8KO0TPCPIII2UPIhW
338=yAEjOEWxCVyg6wIJADwAX6Q/aQEytGVoASeHXjwAMLC8dQJMKCsAWgAadCN1AlmgUWkBYL
339=zxaQFbJjQoAjwAMQCF7QVNKCkATigoACcrTTwAYSZgKCKMNCVXTTwAXqT6fAoi4CmZoDwo
340=RRQ8KEUUPChFFDwoRRQ8KEUUPChFFDwoRRQ8KEUUPChFFDwoRRQ8uCR9mTwopUw8JvNFCg
341=A8I3wnxBMlgFh0AifuEzwAJ+0TPChpEzwoaRM8KGsTPAB3uGllCGjrmzwAZLw2dQJmoBJp
342=AWwoKQBpqNJ1Amq8eGkBJIlvAGkBPIhviQFGuPB1AiyNnwRpAUWwTmkBSbBOaQEirEppAS
343=OJAQJpAQwmayk8AC0mCyg8AG8jkFqJDHCIAY8FcgAgcEB5BnEkME5pAXOs4WkBYqR2aQFj
344=pHZpAS8k2CFpAWWwQGkBa+sBPQAVoCUCBAA9ABcoKQAYKCkAG7A4YQQZpCloASUIKGgBJw
345=I9PQAlCCh1AhaoWWgBJ8sUPQASqC0CBQA9ABC8K2gBJ58UPQARrKp1Ah+vEAYAPSj1FD0o
346=9hQ9ACdVYz0oyBQlTE0i5Sg9KPcUPQApiTgBcgk+AHWnBWkBDY0IAmgBtDmABLQ5gAS0OZ
347=UCQpSniAGhqQN5Bg4mUDxssiUYYSLkKSVfTj0AD6wxbwUeAHpoOGkBKrDaaQEr+aA9KJUT
348=PSiVEz0oPRM9vElpkD0oERM9KBMTPQBZryYJAD0jfDKHlz0AVbw2dQJaKCgAJdg2dQI155
349=c9AFYoKQBbKCgAJ3tMPQAy85g9AGAkgFhlCFcmfSY9KKdMPQBcpFVhBF8oKQA5sFZ1AlG0
350=RGkBWOOePQBdKCkAM/ecPQA0KCgAJ5cTPQBPJrInPQBwK4GIPSg9Ez0oPRM9KD0TPSg9Ez
351=0oPRM9KD0TPSg9Ez0oPRM9qGFxmD0m3zIKAD2shrQCJQRDdAIiWGrYESdZJz0olRM9I+g6
352=wAQlQC94BiVAL2gBJexraAEnMU49KO0TPSjtEz0o7RM9KO8TPQB4vEFlCGjvnz0AarRwdQ
353=IonWIAaAFnWAAAA2kBDJxilQIt/pk9AL2ZAWAEvJmJASYjzDuNBSeIAZUCJSajOz0AJCaj
354=Oz0ALvScAj0AbgDGbBNwCaCemAagno8QYgDQ4QRjiQECbwVkABxk2GkBZYgBlwJsACUi6H
355=t1Am2JAQlrAWYAJu0FZ4gBnQpyuO1jBHMAHGxGaQEvJPw2aQFp86M+ABe0ZQIEAD4AGbQ8
356=aQEc6AEPPgAaADMAAAAABAA+ABYAHgIAEQAAKw8AIAgAAAQAPgAUACECAKsBFQAi6wEYAI
357=PpARsoKwATAI70AgsQAC4AAAAABQA+AA8AMusBEQB+YAR3AhIAgesBHQCH6QEeZAUEAAAG
358=AD4AHygpACAoKQArKCkALCgpAEQoKQBGKCkASCgoAAQqADwAAAACfAoEDQBBAAAAA2sBPg
359=BC9AIELQBRAAAAAXcCQgD8YAdpAUOIAZcCRQAlcBR1AkcoKwBAAHL3Aj8AdOsBDgB66wFB
360=AH/pATZ0CgQAAAkAPgBQKCkAUigpAFMoKQBUKCkAWCgrAFwAC3ABZgg3AJgfaQE6KCkAXS
361=grAFUALe0FWigpAE+4MnkGVigpAFsoKwA4AC/7BjsAMOkBYSgrACYAMfUCJaA7cQlNKCsA
362=OQAfZB51AlEoKQBXKCkAWbgnYwReAIXtBV8oKQBgKCsATgCL4QQ1sEt5BgNkEAQAAAoAPg
363=AEKCkABSgpAAYoKQAHKCkACCgpAAkoKQAKKCgAlCu9CiMoVQAkKCkAJygoAJQgrQUzKFQA
364=dUwAtQJLKFUATCgpAHAoKQByKCkAdigpAHcoKQB4KCkAeSgpAHGwQHEfKZRaniAMAHVaAX
365=UCPZRalwJKAE9gB3UCSYBclgIuAIRNdgIhAJhLawEiAFzvBSgAYusBbgDGfGJhBG+JAQNr
366=AWIA0PUCY4gBlAIDZAAcAQAAjRBliAGXAmoAJfUCa4kBBGUIbIkBB2kBbYkBCmsBZgAm7Q
367=VniAGNBWiIAY0FaYgBjwVzABtoQ3kGdKCTawF1ACb1Ai+gcnUCMLRwawEyAIDhBDTrAT8A
368=Fnwdd5w/ABW8KwIEAD8AE7xiaQEQoFxrARQAHWQIawEXAIbpARGkVXUCEigpABigcgIFAD
369=8AD7AJaQEduGlpAQ28CmsBGQCEcAlpARooKQAbKCkAHCgpAA6oDGwFJ8kUPyjKFD8AJ8kU
370=P6QQbao/vICoASfLFD8AK5hIAgUGAD8ApaIDagEMAGkEAmgBuUgBaAG4SIsBQgDVdCZ1Ak
371=OIAY8FRwAadBh1AkWkNGkBRqQ0awFIACTjBEAAdesBPwB26wFBAHnpAU5gDGmmP6BZqAEn
372=9RQ/rFq0AicjFT8AVSjYAIxaogQlAJDHAgkAPwBWsCJpAVjjnj8AN7gydQI6KCkAJOOePw
373=AisDViBDUAlH5pATgoKQBZpB51AlO85mkBWrAfaQFUsB9pAVukVWkBNuOePwA5KCkAVygp
374=ACak5G8FXQCIdCNpASOwQGkBTfGjPyhGFD8AJ0YUPwAnRhQ/ACdGFD8AJ0YUPwAnRhQ/AC
375=dGFD8AJ8MTPwAosCoCCgA/ACkoKQA7KCgAJ+8TPwBeKFUAXygpAGAoKQBhKCkAZygoACdz
376=FD8AcShUACefFD8AcyhVAHQoKQB1KCgAJyIVPwAnIhU/ACciFT8AJyMVPwBtsEBhGm+wQG
377=gBJKUgA2gBoakBaQELkWEAaQFLiVEEaAGgqYEEIbBOdwJMAGNgEmsBYgDM6QFjiQECdAKk
378=oogBpaIFdAK1nAhoAbWcC2kBZaxHawFkACNkP2kBbKjoaQFmuEhqATAAIzAiaQEyKCgAJx
379=sUPwA0pGtjBDEAe/EJMygpAG6oTgIKAEAAEWAXZ6JAABPnokAAFawmAgQAQAAXqGRoASdH
380=FEAAEqQTdQIWJmMoQAAQuFN3Ag4AfGAPAgUAQAAPtLJpARigXGkBDawFaQEMrBACBgBAAB
381=koKQAaKCkAGygpABwoKQAdKCgAJ3EUQChxFEC843ugQABFKKwAJ+coQABJKFUASigoALFA
382=AXoRPQAjcCloAb1BBWsBPgBddAVpAUGwQGsBPwC39QJAiQECdAKppgNoAQFEAAwBI3MqQA
383=BIJJgkdQJHtNNoAScZFECNTwB9mUAoESlAKBkUQLhQoQQkvL0CCQBAACYoKgAlACNkLnUC
384=Xag4aQEo95xAAFj8mQJAAFMAF3A1YwRUAB7pAVKgUXUCI7g9aQFZrEdpAVooKQBbKCkAXC
385=gpAFbzmEAAJ/OYQAAipD9kCCc9E0AoERNAKBETQCgRE0AoERNAKBETQCiPEkAANHgvIlMm
386=QAA4KCkAOSgpADooKQBXKCgAJxMTQABkKFUAZSgpAGYoKQBpKCgAJxETQCgSE0AAJxITQA
387=AnjRJAKI0SQCiPEkAAc7BsdXB14JMCQAA2AE1wDHUCPCgqADcAkEN2AkwAiOBrASAAWu0F
388=IYkBAnUCLiaHJ0AACqRVdQI1KCkAOygpACusuGEELIkBAWsBLQBh/QoqJo8oQABhI2EoAG
389=AEoJ6MBaGeA3UCXyOFJwZpAWCJAQlpAWykSmsBawAgcEtpAWewS2kBaigpAGj2nEAAJ5cT
390=QAAx9pxAACfCE0AAJ8ATAkAAMwB3/Qp0tJF9Cm20T2kBb6hOaQFuZBsGAAALAEEAPgCycA
391=EBAgBBALF3AWgBsXcDaQETeANzo0EAFaRrAgQAQQAWrGhrARIAHGAPaAEncxRBABGgGnQC
392=J0QUAUEAFwAjKDcCBQBBABigcmkBDiRAJGkBD7i2aAEncRRBKEYUQQAn5hJBACe6EkEAJQ
393=AyBAYAQQALAD8koztBADWJngJ3AjsAR3wYaAGxSwFoAbBLiAGwS4kBQbBLYQQ9tERrAUUA
394=0v0KQ5CYjAW9mQNhBEK8g2kBR6AaaQFIpM5pAUkkGEBrAQwAgmwmaQElfBJzmEEAJigoAC
395=UzIgkAQbBeoAQjhDOoASdiKEEAJwE9QShHFEEAUagtZQgovDZpAVYoKQBSvG11Aim0OWkB
396=LSgpAFcoKQArJjcoQQAjJt8nQQBTJHQweQYksFZpASz2nEEAJ5YTQQAnlRNBKGkTQShpE0
397=EoaRNBKGsTQQAhqCICCgBBACooKAAjIDd3nEEAWShUAJyAtAIjVCKoASc+E0EAJz8TQQBo
398=KNgAJz8TQQBqKFUAbCgoACcRE0EoExNBAHO4rmUTZqgtaQFwKCkAbagtdQJvvNBpAXUoKQ
399=BnoDB1AnIoKQB0qC10AiLwIiOHPUEANIlZAHUCObRdaQE6iQECaQE4nUQEaAGxowFrARoA
400=VnwYaQEbiAGMBaimgwQeAF/hBB+IAZcCHABg9QIdiAGUAqyfiQFimaADfwpbAMvtBVyIAY
401=kMXYyfjQVeiAGEE7GjB3gGsaMKaQFrJCAgaQEv9ZxBKO0TQSjvE0EAMiQYNW0FM6iFaQEu
402=JKAlaQFx759BAG6gUQQKAEIAPgCuIhA/BQIAQgA/AE4BYHkBAEIAQIkBAnQCJwooQgAnwh
403=NCACVkTwIEAEIADrgyaQEUpGBpARKkYGkBFaRgaQEWJqs8QgAPrBB1Ahcm3CcCQgANAI14
404=fwIFAEIAGHAnIn0mQiiXE0IAQyhUACfBE0KomKwFJ9UmQolAALUCDIyfAQUGAELBRgFoAa
405=BGiAGhRgN0AqBGjAWgnoEEPYElAGEERICelAKsn5kGQqQeYQRIJutPQgA1oDB1AjsoKwA2
406=AH14HHUCNyT8K2kBPCgpAEr6oEIAJRBKAQkAQgAlEEpoASdxFEIocRRCJqQ2YAQlpDZoAS
407=cZFEIoGxRCACwkQC9gBCcnPEIAUbDPdQJXKCkAHuOeQgAhKCkAHaQ/bQUgKCkATSblKEIo
408=GxRCAE4m3ydCAE8oKQBQKCkAKbzxcQktKCsAIgCMYCV1AlIoKQAroPZ0AicdO0IonRRCKJ
409=0UQigeO0IAJaAweF4loDBpAR+kSmgBJyEVQrgZfaRCKCEVQpyAnY5CkH/IASM4JK0FYigw
410=ASUoIXwKJ206QijfJ0IAb6AwYQRm66ZCAGP/pEIAcP+kQgBzKCkAcv+kQgB0KCkAZf2kQt
411=38A34KTACU4WgBoZ4BaQEzrPdpAWqgEmkBa4kBAmkBbCSEPGkBbYgBkwloAI10G3UCaYgB
412=jAW0nJwKtJyMBQRaAOYAAAAIbAWgnowFoZ4FdQJYJEwgaAEnaRNCKGsTQgAuJKQgYQQxJg
413=MnQgBk8JgCQgBxAIloQ2EEZ6hDBAoAQwA+AK1vmAIAQ92ZAWgBvZkDaQEUvCsCBABDABag
414=XGkBEiTASmkBECQYKmkBESTcPWkBDybXJkMAEyT4RnUCFbxXaQEOrBBoASc9E0MoPRNDKD
415=0TQyg+E0MAJT9gBgBDJlgyaAElWDJoASeVE0MolRNDJOA5aZtDKJo6QwAn3SdDKO8TQwAM
416=I6k7AnAJvUEBaAElSCRpAT2NJgBoAQREAAUBAAAEaQFFiQEIawFCABloLWkBQ7C5aQE7pM
417=5pATykNGkBNe+fQwA3KCkAOiTMZ2AEBDQAzQIAAAxoASdpE0MoahNDACdpE0MoaRNDKGkT
418=QyYTSgkAQ6w5It8nQwBUsAF1Ah60ZWkBISgpACkoKQAtKCkAHaxobQUgKCkAIigpACsoKQ
419=BWoEZtBS77oEMAHLCFdQJToPZpAVWoQ2kBH6jdaQEqKCkAUvGYQyjlEkMo5RJDKOUSQyjl
420=EkOsDXGNQyYYQHhemHy0AiIIa4GTQySkN7UCYvONQwBfoCV5BmO8IGkBZigpAGWkHnUCZy
421=gpAGHnjEMAC4VKAGEETYWMBGkBGiZEYQFDAE4AI5wpdgJyACOQTmkBc4kBAmoBcACMomkB
422=cYgBlQJ0iAGdCnWIAZQCrZQBbAWtlANpAW6YlY0Fb4gBjAWkl4wFpJeEE6SXlAKkl4UIWY
423=2UBXAJuZUJaQFblQINaQFYJm86QwBdJCBXdQJXpIFpAV6kgWgBJ0E6QyjrOUMAMSYnJkMA
424=YOeXQwBk55dDADOQYQEGCgBExJcFAwIARAA/AFUkJyZEAA9oriKROUQoM05EABIoVQAQJN
425=ghAgQARAATKCkAFKjodAInYxJEABW0cAIFAEQAFiTINWkBF6wFaAEn+SVEKLkSRCi5EkQo
426=uxJEADevEAYARCjmEkQAJ+YSRAAlQEVgBCWAWGgBJwEnRCjFOkQoPRNEKBETRCgSE0QAJf
427=RsZQhHpGNpAQyBUQNoAaFRBWoBQAAiAUcCaQFBrGBoAbWcAWgBtJyMBbWcCXUCQrB3aQE8
428=55dEAEkmJiZEAKWXDWEENZ02E2gBJZNlCQBEJkw2aQEitCNoASeVE0QolRNEKD0TRCg9E0
429=QkGCB9mUQmVDdkCCPIYrQCI5RAqQEtqHphBCWoemkBJrh0aQFU+5VEAFImUyZEAB6w2mEE
430=HahZaQEfvLoOCQBEAFMAhQIAAAAJAEQALgARAAA5DwAgDYgCAAAACQBEABwAjgIAAABqAQ
431=kAgAACCgBEAAqFAQBpARsoKQAxKCkATygpAFAoKQBRKCkAVygpAFsoKwBfAC1wAX8KYQAu
432=6AEECwBCAAAAAXcCGgBT6wFOAFTjBGgAcukBaYkBAm8FZgB09QJniAGVAnKIAZEJc4kBA2
433=8FZAB17QVliAGNBXCIAY0FcYgBjQV0iAGXAm4AdvkRb4gBgwRiAHjxCWOIAZQCA2wAeQAA
434=AJ0KbYkBBWMPWADm9QJZiQEGdQJaiQEKaAEDagBOAQAAiS1riAGHCF0AGngyYwReAB7rAV
435=UAIesBXAAj6wFWACbrAS8AdOsBMAB36wFgAInoAQEyAM0CyS0ziAEFBwoARQA+AK54HAQC
436=AEUAEAAXbAUCBABFABOgD2sBEQAg9QISKCkAD6wQYwQUAIbjBA4AjOsBFQAsYCUEBQBFAB
437=cAMOsBFgCDYAR3Ag0AjekBGHgDBAAABgBFABkoKQA4KCkAOSgoAHlFAK0FRShVAEgoKQBJ
438=KCkASigpAEwoKQBNKCkARrRdYQ9HKCsANgALaAR3AjwAPXQjawEMAEPqAT8AaVwBdQJAiQ
439=EDaQE9hCmUGARDAAUBAAACdQJEiQEGawFLACVkHmsBNwCA6QFBKCkANJkyDmEENYkBFGkB
440=HXARe3RFAB4oKQAfKCkAICgpACEoKQAiKCkAIygpACQoKQAnKCkAKCgpACkoKQAqKCkAKy
441=gpACygOwIJAEUAJah6aQEmqHppAS64PWsBLQCFeBxoASexEUWgLXteRQBSvApgUXB/kWFF
442=sH+hBFYogQBPoA9vBVEAL3wCaQE7hTQAaQELhDSKARoAnJF0Aq2JAWsBOgBZ+wYbAGPpAW
443=iYioEEaYkBA20FZoCIlQJniAGVAl2cg4kMXogBAgIKAEUApIyMBaSMjQVglIaNBWGIAY8F
444=XwB34A+siZgGrYkEcwlbAIzhBFyIAZsGVwDR9AK4iogMuIqceKyJkAmsiYMEbABPp4xFAG
445=2IAZEJcIgBhRNxiAGVAnKIAZUCc4gBlwJuAFXnCG8AVusBVQAfYDt9FVq0WmgBJwgSAkUA
446=MAB14wQxAIHpAVC8QWwFtJGIDLSRAwgKAEYAD3AcBAAABABGABO0cGsBEAAZZAhpARGwo2
447=sBEgAc9AInChJGACcLEkYAFbhTAwUARgAXAIDYaQEWpKJoAScKEkYAJwkSRigKEkYAJ90R
448=RpjUn45GAEawFAEGAEYAJ7IRRgAnhhFGACeGEUYAJ1sRRgBIoF94BieEEQJGADwAPnDEdw
449=IMAEDoAb1XAXcCPwBcfA1rAT4AYesBPQBi6AGxjQNgBLGNB2kBS6S4aQFKqMdpAUWwNWkB
450=N7zFaQFBvMVrAUAAfHAqawE4AH/oAaGTD3QCoZMVaAEnNhJGACc2EkYAJzYSRgAnNhJGAC
451=c2EkYAJzYSRgAnNxJGACV4GXecRgAmKCgAJ44SRgAnjhJGACdiEkYAJ2MSRgAdrBsCCQBG
452=ACkoKgAsACW9I0YovSNGoENljEawlagBjESpAVWsEGxSJwsSRgBS65BGAFTrkEYAO4k4AG
453=0FC4g4iQEbuJh2AjoAmAlpAU4oKACtiQF0Aq2JA2gBtIaUArSGlAK0hpQCtYYCbAW1hgVo
454=AbSGgAS0hpgGtIaVAliAiJQCsIKUArCClAKwgpQCsIKUArCClwJuAFC7f0YAb4gBjRBk/4
455=NGAGkoKQBm64VGAGooKwBlAFflCGgoKwBnAFj1AmsoKQBavFdtG1kkrCFrAS8AeWxSaQEu
456=pFVpAVP7ikYAT7g9dQJRJIAhaAGwjYAasY0JdAIl9yoLAEco3xFHABGkPwIEAEcAE7g9aQ
457=EUvERrARIAHWwQaQEQuKBoASfcEQJHABUAfmAEAgUARwAWrJ9pARekE2gBJ90RRyjdEUco
458=3xFHABqvEAYARygJEkcoCxJHAEcogAAnCRJHKAkSRyizEUcAS6CpcQk9hVUFaAGxjQNrAU
459=MA+ngJaQFEiAGUAgNNAJcBAACJAUW8r2EESrAfaQFGJOwpawE3AHJkHmkBQCgpADj6ikcA
460=J4QRAkcAPwB77QU2oCV5Bj4oKACxjRB0ArGNFmgBJ1kRRyhZEUcoWRFHKFkRRyhZEUcoWR
461=FHKFoRRwAnWxFHACusPAIJAEcALKw8aQEpuMxrAR0AG3wVawEeACLpASisUncCKgAk9QIf
462=qCJ0Aie9I0cosxFHADtgLWaMRwAnWxFHAC+kNAIKAEcAT7QFaQFV54xHAFKkE3cCVAAzbA
463=hpAVGwQ2gBtcgDagE6AJxaaAGpkAFrAVsAc/kGXIkBAncCYgCF9QJjiAGXAmQAiPUCZYgB
464=nQpqiQEAeQZriAGXAmAAie0FYYgBlQJoiAGNBWmIAZUCWSM4I5UCWogBlQ1XI4EsBH0KWI
465=kBCGgBqJCMBbyOlBi8jpEJX/ONRwBmKCkAbCgpAHAoKQBe65BHAF3/jkcAbSgrAGcAWauQ
466=RwBOmV4GbxAuAHpgO2kBMLhTaQExuOJrAVAAi+AEpIyUGKWMCmAEJU8rCwBIKIcRSAAQZC
467=YikyNIABO4PQIEAEgAFCSIImkBEqyfaQERvExoASeGEUgAJ3E1SChyNUgAJ3I1SAAnhRFI
468=KFkRSChbEUgANq8QBgBIsEgiRTVIKIURSCiRI0goshFIACefNUgAGLBWZQg+KCkAPCRIJH
469=QCoVEBaAGkjIgBpYwEdQJMiC2UArCNlQJKqG9hBEW4q2kBSSYPI0gAS7BsdAInDyNIAD8m
470=OyNIAEAk7ClhBDi8xWkBQSgpADUmyzVIAD0oKAC9jhFsBSc5I0goOSNIKN0RSCjdEUgo3R
471=FIKN0RSCjdEUgo3RFIKN0RSCg6I0gAJ8s1SAArvEECCQBIAB64f2kBLKhDaQEcuH9oAaVV
472=B2kBT4UpCmkBKqwmaQEduOJoASPoRX2OSCScNqgBIxA1qAEjhD6oAZiHqAEnjxJIAFGkEw
473=IKAEgAUrgRaQEb841IADuJAQR0ArGNAWgBsY0DawFeAIJwTmkBX4kBAmgBqJCMBaiQjwVm
474=AIbtBWeIAY0FbIkBAHkGbYgBlQJuiAGVAm+IAZUCcIgBlAK8mYgMvJmQFLyZlAK8mZQCvJ
475=mUAryZlAK8mZQCvJmUAryZlAK8mYgXvZkFcBS9mQlpAV0mZyNIADGkVXUCMiR4IGkBVSQw
476=TmgBoYgLaAEpABEjREwCAAALAEkoLRFJKC0RSSjjIkkAEnAnZ4xJABMkKCwBBABJACeXNE
477=kADrQNdQIWJDgtAgUASQAXKCgAJ+80SQAZuD1jBBgAimCeaAEniiJJACehRkkk9CtviUkA
478=Qa8QBgBJKFoRSQAnzUZJKC8RSQBKsPBtBUu4XmsBMwBEJD40SQC9TAF0Ar1MBWgBuYoCaA
479=G4ipQCuIqVAkkmtyJJAEagqW0FR+OISQA9JrciSQA194ZJADcm4yJJAD/3hkkAOSTAKWcI
480=NgB9fCBpAT4oKQA0sMR1AjwoKgA6ACUaNUkAtJwBBQcASdjMAQgIAEkoWRFJKFkRSShZEU
481=koWRFJKFkRSShZEUkoWRFJKFkRSShZEUm4OiJzNUkALLx4AgkASQAvoDtoAaGIC2kBH6Al
482=aQEgoCVrASsAJ2QeaQEttN5pAS4oKQAepEp0AictEUmIgiNTR0kAWL9BCgBJJOg6Z4xJAF
483=Gox3UCUqQTaQFVtJRpATKRQABpARyZCQRpAR0m+EYCSQBZAG5kC3UCWokBAmgBsY0BaAGx
484=jQNoAbiKlAK4ipQCuIqUAriKlAK4ipQCuIqUAqyJiAytiQV8CqyJlAKsiZQCrImUAqyJlA
485=KsiZQCrImVAlYj6COUAqGIBn8KXABUJF8iSQBdiAGBBFsmZyNJADEmiyJJAGOk2XkGU7gy
486=aQFU6QFKKNUQSijVEEoo1RBKKNcQSgAUrDECBABKABW0RGkBGCgrABYAMnQudQITpM5qAR
487=cAI7RZawEZAIdgRgEFAEoAJRthBgBKsNd/g0oANHwHqQE1KCgAJ18iSgA8KFQAIohEI/NF
488=SgA/KFQAJzMiSgAauEhpDEwkrCxpAUu8DWgBuUgBaAG5SAVrAUAA0HgJaQFBiQECawFDAN
489=31AkSIAZcCQgAdbDFhBEUoKwBGACb1AkeJAQNhBEmoImkBOeeMSgA6KCsANwB2dCNjBD0A
490=eOkBOO+JSgA7pMNhBEokfF1pAU2wegIHAEoATqsBCABKKIkiSigtEUooLRFKKC0RSigtEU
491=ooLRFKKC0RSigtEUooLRFKKJhFxLVviUoAKbi2AgkASgAvoEZoASUIM2kBH7C5aQEqKCkA
492=MLhIdQJRKCkAHrA1dQIt65BKAC7qkEoAJbQtYAQn2VhKI8xohYxKJLxFeYpKJJBFqAEn3x
493=FKAGV4OrUCbCgpAG0oKACEiaEEYKwbAgoASgBmKCkAYrQYdQJrKCkAHSQcW3cCMQBdeAlo
494=AaGTAWgBoZMDawFeAH/hBF+IAYAEuH+ABLl/B2wFuH+ABLh/ggRbACUbVkoAY7hIbQVkoE
495=ZpAWEkkGVpAWcoKQBoKCkAaigpAGkkjygKAEsoURBLKFEQSyhTEEsAE2AXIlUhSyZoVQIE
496=AEsAFqy1aQEUsMRpARcoKQAYvFd1Ahm0RAIFAEsAG6Q/aQEarJRpARyqDAYAyHd9g0soqh
497=BLACepEEsoCzNLADco2AAnMSJLJrA9cAkn1xBLADKJiAJ0Arl/AWgBuX8DaAG4f5QCuH+U
498=Arh/lAK4f4gBuH+IAbl/BGUISIWBB2kBSYkBCmsBSgCFqYVLKNshSwA5qDhhBDom2iFLAC
499=f/IEsAPib8IAJLAEsAHGQIAgcASwBMiQECaQFNvAppAU6rAQgASyglEEsoJRBLKCUQSygl
500=EEsoJRBLKCUQSyglEEu8X21+S6A4qAEjEHepASC8rwIJAEsAKLQFaQEvKCkAKbSydQIwKC
501=sATwDbZDd1AlCJAQJpAVG0GGgBJ9shSwAqJGxxdQIfJq0hSyZEbHxXJ0oPSwAnSw9LAGWs
502=EGEEa6RVaQFk83dLAGigUXUCYbDaaQFqKCkAZiSAK3YCYgAjRGBpATGZSABoAbl/AWkBWa
503=gPaQFaiQECawFdAIB4HGkBXogBlQJfiQEEdwJWAMfhBFeIAYMEUwAbeD1hBFSIAZUCVYgB
504=mQZSvNBhBFwmTyBLAFsmqDEABUsAWAAlAgAAAAoASwBjAIUCAAAACgBLEQAAcw8AIA0AYA
505=CGAgAAAAoASwBnAIkCygFpAIAAAgsATAARhAEDAAQATAASKCkAEygpABQoKwAXACxwAW8F
506=GAAw6wEVACN8CncCFgAm6wEZAH5oAQQFAEwAGgB/6wEbAIjpARx8BwQAAAYATAA0KCkANS
507=gpADwoKQA/KCkAQigpAEYoKQBHKCsAOwALcAF+CjkAbQgCagEzAG0IBWsBQwBd4wRFAGPr
508=AUQAuOsBQADM6QFBiAGECARIACYBAAAIZQhJiQELaAEESgCFAQAAAWsBPQB2bBtrAT4Aee
509=sBOgB66wFLABxsBQIHAEwATIkBA2kBTaQIaQFOqAECCABMACNkEAQAAAkATAAkKCkAJigp
510=ACcoKACQMq0FLbAfeQYusDVrASgALXQFawEiAC/pASsoKQAvtDljBCkAMeMEHwAz6QEqKC
511=gABE8A2wAAAAFtBVCJAQNpAVGoF2sBJQAlZB5rASAAhekBISgpAB50Cm9STABrKCkAbCgr
512=AGUAKXABBAoATABhACvpATCgGncCagAu9QIxtBh3AmkAMvUCOIU/AHUCMoU/A2sBHQBQ4A
513=QENgBXAAAAAncCNwBh9wJZAG1sG3UCWogBmwZdAID1Al6IAZUCX4kBBW8FVgDH4QRXiAGD
514=BFMAG3g9YQRUiAGVAlWIAZsGUgAd4AQBXABWAYxzAkwAWwBX6wFYAB14J2cIZwCA6wFgAI
515=bpAWgoKwBiAIf3AmYAjOsBZACN6AGEXQYAAAsATQBDALFwHwECAE0AuV4BaAEn+g9NACf6
516=D00AJ/sPTQAVoDACBABNABegRmkBFqA7aQEYoAQCBQBNABm4MmsBGgB4bBBoASf6D00AJ/
517=kPTSj7D00APWQxc4JNAD4oKQBHvAoCBgBNAEqgD2kBTKRVaQFLpD9pATqFPwVqATMAcYUC
518=aAGlPwFpAUbvfk0AQp0gAHcCRQC8fA1oAbh/jAW5fwN0AgM/APMAAACdCjuom3UCPKibaw
519=FIAIN4HGkBSSgpAE2oWQIHAE0ATqc0CABNKHcPTQAo53ZNACa4HAIJAE0AJ7gnaQEupB5p
520=ASv0cAJNAE8A+nwVdQJQiQEDawElAB5sEGkBJLSyaQEsuBFpAS0oKQBRrEd1Aim0smsBIg
521=CO5QggYAx7dE0AISgpACooKQA4KCkAXygpAGooKAAndw9NADe4HAIKAE0AVCgoACejD00A
522=L7AfYQRSKCkAVSgpAGCwmGEEYigpAGgoKQAx84JNAGEoKQBkKCkAaSgpAFO8K3EJVigqAD
523=AAiBp0AqnHA2kBMplIAGkBHoGIBGkBNYGIAWgBrImNBR+wS3UCWKwxawFXACFwKmkBZ7jB
524=awFjAIv0AifEDgJNAF0AqPUCXogBlw1bAKr1AlyIAZcCWQCr9QJaiAEBBAoATtRaAgECAE
525=4AtFqLAUMATniKdQJEiQECaAEnoQ9OKKMPTgAVvEECBABOABa0OQIFAE4AG6gtaQEdqG9p
526=ARqgGmsBFwCCeBFpARiwS2sBHACK9QIZoJN0AifLH04AO6sMBgBOKPsPTgBMoGd1AkegD2
527=kBSaAPawE6AEFwmGgBoX0DaAGlNAVrAUYAVGQLaQFB6/5OAD6deAF0Aql6BmkBQJUCC2kB
528=PLiVaQFIJMQkaQFLoKlpAUp0CgMAAAcATgAndQ9OKHcPTgAm53ZOACkoKQAi83dOACcoKA
529=C8eAIBCQBOAL14BGkBI6yqaQEkKCkAJSgpACgoKAAnHg9OACfFDk4oxg5OACfFDk6wJ2l6
530=TqRdqQFkoBptR2goKAAljCh0AidLD04AK/N3TgAuKCkALPt0TgA2KCkAVCgpAC+oOHEJUi
531=gpAGUoKQAw73NOAFMoKQBWKCkALft0TgA3KCkAZygpAFWoGmsMZgA5fBhpATmVRABoAb14
532=AWsBXwBP4QQ1tER3Ah8AVfUCWKBGdwJXAB98V2sBYQB96QFiKCkAYLjBYwRjAIHgBLx4lA
533=29eAVgBLx4lAK8eJQCvHiUArx4BQUKAE8AQgCtYFwBAgBPALF3AWgBsXcAaQFF/XhPKPMO
534=TwAVqG8CBABPABagMAEFAE8AJbwuaQEdrFJpARmgUWsBGwCEaBdpARwoKQAXvEx1AhooKA
535=AlAycGAE+8B2H2TygZH08oHw9PAEBoKqEESCgoACd3D08ASbBAcQlLuD1oAbV7A2oBMgAi
536=oS8CaQFYKCgAqTgBdAKgfYkBQY0mAHQCoH2YBqF9B3cCPAB3eBxrATsAfOkBRyR0JXUCSr
537=SyaAGoOIQIqTgGdAKoOJQCqDiUAqg4lAKoOJQCJ30QTyh/EE8AUaceCQBP2fgCaAG5fwVr
538=AVIAlWy1aQFTiQEEaAEnEx5PACikKXREI6QsfXhPuDqpAVYogAAndw9PAGUoVAAnog9PAC
539=ejD08ALLCufQo2KCkALSYPLk8AKqRKYAQlfDFpAVSgGmkBZigpAFW0OXUCZygoACXUMXUC
540=L/N3TwA4KCkAN6xKYASxdwFpATGFPwBpAVcoKgAlAJCxdQImiQECawEjAEtgHWkBJIgBlQ
541=JhiAGFCGKIAZUCIOeBTwAnKCkAYIkBBGUIY4gBmwYfAFH8CrSGhRMi6YVQxHYCAwIAUAC5
542=dAFoAbh0lwJDAFVgO3QCJ5sOUAAWJGAoAgUAUAAXYAx3ZVAAGCgoACNYM7QCI0Q2qAEnCR
543=1QKL0NUCi/DVAASSgEASV8JgIGAFAAS7i2aQEeI60sAmkBOiOQI4gBqS0BdAKoLYoBIgCY
544=d3QCtC6UArUuA3QCtC6UArQulAK0LpQCtC6UArQulAK0LogBtS4FcAm0LpQCtC6LAUYAU2
545=gaYASgfZQCoH2cCqF9CGEEWCQUOmsBOwB0o31QAEcmjz5QADwmjz5QAEgmFy9QAErngVAA
546=TKCpZAikgYgMpYEHdAKkgZQCpIGUAqSBlAKkgZQCJycQUABRpPICCABQAE60ZWsBTwCHaE
547=NpAVCJAQFoAaSBiAGkgQMFCQBQAGZ0IGN9UABnKCgAJ0sPUAAu8ndQACcfD1AAKrQNAgoA
548=UAAsKCkAK+9zUAAtKCkAOCgqADcAnE95Bh2BRgBpATmARokBVZhpiQFWiQECYwRlAE5sE2
549=kBIY1oBGkBKCgpAGQoKQAZIzAtmwY1AFt03m0FMChmDRsAhFh1AhyJAQFpARom5z5QACkm
550=4y1QAFSJpglhBC8kwCkECgBRAEIAqX8KAgBRzXMAaAGtcwJoASdvDlEAJSSgJAIFAFEAI7
551=AfaQEWJFQsaQEksMRoASfFDlEm+CUCBgBRACJoH3p0UQAloEZ0AiI1SgC0AifBSlGEJtQC
552=IyBCoQRiKAQBJeQ+ZQgm83dRAB+NMQV0ArF3A2gBrTEBaAGsMZQCrDGUAqwxmAasMYgBrD
553=GIAbBsjAUkOUQAcAkkOUQCawFdAHtsE2kBXogBlwJfAI71AmCIAZUCQZQuhwg9ANHgBKV2
554=BGQIpXYJaQFbIzgjjQVciAGECLleBmAEoTsKawFYAByrelEAVySgO3UCSON9UQBK//xRAD
555=smQC8CUQBJAHv5BkDhfVEooQ9R7HMCBwBRAE2oZGgBzHNoAcxzaAGtcwJpAU4koDBpARpw
556=HG9zUQAbKCgAJbRDYVEdKFQAI2hLrQUsoDthBDgoKQAt++1RADa4EWEEL+9zUQA3KCkALi
557=b+K1EAvboDbAW5dAFpAWaBcgRpAWeJAQBpASnz2lEAGJRwjAWgcoUINIBylAKsc5cCMgBe
558=fBhlCDOIAYEEMeByAVEAMACEWGEEKu9zUgBDnEECBQIAUgCpbwNpAUT54lImsFMCBQBSAC
559=L3cFIAKCgpACDjclIAJigpACWstXkGIe9zUgAnKCkAI6SBYAQnxw5SAB9sGH5tUgAieFiV
560=cFIoQQ5SgCLUAidtDlKkG7gGJ24OUgAloCUBBgBSACWgJWkBTLw2aQFNtBhpAVGoF2kBOo
561=kPAmsBHgBEbJRoAbE1BWgBpTQBaQFGjDGMBaxzlAKtcwNgBKxzlAKsc5QCrHOUAqxzlAKk
562=oogBrHOBBD6YdJQCoHKUAqBylAK4XogBrXMHYA8lqFJrAVUAIrNsUgBU7HMCUgBWACT3Ak
563=kAcusBSAB16QE76/NSAEAoKAAnHw9SAEcmvi5SACfbTVIAQe/3UgBOoGcEBwBSAE8A+2g7
564=aQFQiQECaQEZbAJ+bVIAJ5kOUiiZDlImU1IKAFIkyCusBSV8XXUCL6gMaQE2KCgAJ2daUg
565=Az53ZSADcoKQAyJnsrUgA1KCgAJ9MrUgA5kUAAfQodkECJASojuEmJARgk6CNhBDEkDE9p
566=ATQkTDZpAS2kYGkBLq9dCgBTJhtABQBTKGUNU+jSdQIiuFNpASOsiWgBJzsNUwAo995TAC
567=a8CmEEICSYUGkBH7MqBgBTJNAhfmJTACc6DVMAJwU4UyQIKaAEI4guqAEjUCeoASPERqgB
568=Iyw+qAEn6Q1TKOkNU7CKoAQn6Q1TKOsNUwAepDRlE0ysMWkBUqAwaQFNJMg0aQFRJNQxaQ
569=E7kRcFaAGtMQFoAawxiQFFlHCIAaFyA2EEQ5mgAGkBRIgBgQRCpBZ3AlkAb2glaQFaiAGA
570=BCREYZkGXyNFYQJhBGCJAQRrAT0A9vkGPogBlwJcAE8iuChhBF2IAZkGW6CpdwJWABmma1
571=MAJSRSdQJX73NTAEnx5VMoshxTACf3S1MAQf/mUwBHKCgAI1AnIvVLU9BsAgEHAFMAsWwD
572=aAEnkQ1TKJENUyiQDSXkVWVrUySYRqgBJ99IUwAtrFJ9Vy6sUmkBMigoACdzKlMAMaCpYQ
573=Q34uBTAK2qA3UCLOvdUwArmWkEdAK5aQFpARwmlylTADDvaFMAMyRMNmEENSToT2gBJcs1
574=CwBUKGUNVCaxJwV4nWo1AABoASXYbmgBJQgoaQElrBtpASCgGmkBJigpACqwxHUCH6wbaQ
575=EpKCkAKLAUdAIn5VRUiFaB1VQovQ1UJKA8aWRUKOkNVCSUS7QCIhBs2AYnkQ1UqFagBCd+
576=G1QAJ5ENVChlDVQmNF8BBgBUAMg7aQFRtBhpAU2oF2gBeKPWDR0AJfRWAlQAOgBFtN4ivF
577=B5SwFsBbE1BWsBWABxeCppAVmJAQJpAVqJAQRoAaxomAataAN0AqxohAisaIAErGiUAqxo
578=lAKsaJkGWyQobmQIJdwnaAEl3CdpAVYkVG5pAUrl2VQoOw1UAEH711QAPCR0XG0FRygqAE
579=QAJRsqVABCJBxRYQRDKCkAS/PaVABFJEhRYAQnQzpUAE4kZCN0Aie8DQACVAAaAAAAAAAA
580=CgBUABsAAAAAAAARAAC3DgAgAwoAVAAyAIAAaQE4hQEAawEvACxwAWsBMwAt6QE2KCsANQ
581=Au9QI3KCsAMAAw9wIcAEHrATkARegBBC0ATgAAAAR/Ci4AY/QCAzQAiwIAAIMPMQCMqwFV
582=ACB4AwQAAAUAVQAhKCkAIigpACMoKQAkKCkAJSgpACYoKQAnKCsAKQArcAF9CiqgGmsBKw
583=Ax9wIoAIZsEHcCHwCO6QEeeAMCAAAGAFWsI6kBPChVAD8oKQBAKCgAlCCtBUIoVQBDKCgA
584=jCOhBEYoVQBHKCkAYCgpAGEoKQBiKCgAnCilCEygGnEUTbgyaQFTKCsAUgAyYAd1Ah2FNA
585=NoAaU0AWgBpTQFaAEDWABxAAAAlQJZiAGNBVqIAYMEXgB+8QlfiQECeAYDPQD2AAAAiQE+
586=iQEGdQJPiAGZJ1CJAQR0AgJbAFABAKkXXIgBmwZdAFj3AlYAF2AwbwVVACLrAVQAI+sBVw
587=Ak6wFJAHLpAUooKwBLAHf3AkQAeOsBSAB86wE6AH7rAU4AgOsBOwCB6QFRvEFtEBp8HWdV
588=VQAbKCkAMygpADQoKwAyAAtwAQIKAFUAMaAwaQEwoDBoAalkAWsBNwBK7QU4iQECdwI2AE
589=33Ai4AUusBNQBd6QEvpxMKAFYoigxWACeKDFYAJ4oMVgAnigxWACeKDFYAJ4oMVgAniwxW
590=ACqoXAIFAFYAKKRKaQEptBhrASAAL2wQaQErrH5qAR8AhCFoASe1DFaoCW08VqgJqQE5fA
591=epATooKQA7KCgAJ2YNVgAnZg1WACdlDVaUV45HVgAnZg1WACdlDVa0jqgMJ2YNVgAnZQ1W
592=tCuhBFMo4QFUKCkAVSgpAF8oKAAnQg5WACdCDlYAJ0MOVgBRoB0CBgBWAFKsJmkBHZ0YAm
593=kBNbQQaAGlPwFoAaU/A2gBpD+XAlgAbmgPdQJZiAGECKhvgAS8bZgGvW0HbAW8bYAEvW0F
594=dAK8bZQCvG2bBloAV79tVgBdKCsAVgAZpGACVgBXABzoASdkDQJWAEkAdfUCSygrAEgAdv
595=UCTvxtAlYARAB69QJM5WtWKA0NVrSvZ2tWAC+4J3VaMLgnaQEcmScAawEzAExoImkBNIkB
596=AmgBqWQBaQEy6WRXKF0MVyhdDFcoXQxXKF0MVyhdDFcoXQxXKF8MVwAoeA5r0lcAKSgoAC
597=cXGVcALLwYBAUAVwArAIlkHmkBIPfIVwAfuwYGAFewHHZPVwAnBgxXACcGDFcAJwUMVyit
598=C1corwtXAEsoMAGAIrAJJyoLVwAn/wpXAF4orAAnKgtXACcpC1coKwtXADekl3EUUbh3aQ
599=FSrH5rAUkAPaTDAVcAHgB1cwV3AjIASHAMaAGlNAFoAaU0A2gBqFmUAqhZlAKlVQJgBKVV
600=BmsBPQD68Qk+iAGPBVoAUadVVwBbiAGbBlwAUvUCXYgBlAIn/QpXKPwKAlcAVAAleDJrDD
601=kAYekBPygpAE7/xVcASv9XVwBN/8VXADX/xVcAQP/FVwA29FoCVwA4AIL9ChxsGHdaVwBI
602=jCYCAAoAVwClgQNpAS+wOGkBMIkBAmkBMaiTawEuAFFsCGsBQwBW6QFEiAGOBUUAnDlhBE
603=aJAQFpAUe/OQoAWCgFDFgoBQxYKAUMWCgFDFgoBQxYKAUMWCgFDFgoBQxYKAcMWAAqfBJ9
604=YlgkbCWpASyoXAIFAFgALf5iWAAnMQxYKDMMWAA2pAgCBgBYADcoKAAnBQxYKNoLWAAngQ
605=tYuHx5XlgogQtYlCCFw1gogAsCWABJAD4kXyJYAB6ZCQJ0DaEwAWgBoTADaAGgMJQCoDCL
606=AVgAbGwTYQRZiAGECLxXmAa9VwdgBLxXmAa9VwR0ArxXlAK8V5gGvFeUAie/I1gAVP2vWC
607=j8CgJYAFUAILBLAlgAPwBZ6wE6AFzrATgAX+sBOwBg6QEy41xYADUoKQBNJpskWABA+7ZY
608=AEooKwBOAHnnCEsAe+kBTCgpADPwYQJYAEEAf+EENPJhWAAn8yRYAFIkbC9/IDkAn+wFyP
609=NlVUiFNABpAR2ENIgBuV4BdQJEtA1pAUW0DWkBR7dwCgBZKFULWShVC1koVQtZKFULWShV
610=C1koVQtZKFULWShVC1koVQtZvKFjXFkALeNcWQAisKMCBQBZAC7vXVkAICZAJAJZACEAhW
611=QeYQQfcEhxVlkk6CSoASPoJKgBJzEMWSgyDFkAJXs2BgBZrCOsBSI8NY9dWQBcKFwBI4Qo
612=oAQn4RdZKF8MWQBT6bxZKLUiWSi3IlkASo0xBXQNtWUDaAGlYAFoAaRglAKtXQJ0AqxdmQ
613=ZPmbYAdQJQiAGPBVoAVa+1WQBbJpsvWQBVJpovWQAnBAwCWQBUABtsJmQIJwQiAlkAOQBV
614=9QI/KCsANQBY9QIy/GICWQA0AF31AkDwYQJZADwAYvUCTORgAlkASwB09QJN78BZAEHvwF
615=kAL7xMeREx67xZADrrWVkAOygoACdVC1ndjgN5U0PzuVkARCb7O1kAR6APYQRFtA1pAUiv
616=aAoAWihVC1ooVQtaKFULWihVC1ooVQtaKFULWihVC1ooVQtaKFULWihVC1qsWmBcAloALg
617=CIaCICBQBaACImDSNaKNkWWiaPPgYAWvjMaAEjEEB1T1oo/gpaACOEM7QCJ4stWgBb8VZa
618=KP0KWihdF1ooXxdaAFHzVloAUqQWdQ1TqG9rAUkARKq8WgCpLQF3AlgAcHAMaQFZiQECaQ
619=FaiQEEaAGkVYwFpFWUAgM9AAUBAACJAT6JAQhtBVX0sgJaAFYAGnQjdwJXAB7oASdPCloA
620=O+9SWgBAKCkAM++1WgAx7rVaACfbFloANuZVWgAngRZaKHsKWgBMJrctWgBB77VaAC+sR3
621=kRQrCjaQE881ZaAE6kSnUCMudVWgA0KCkANSgoACeBFloogwtaAEidKwBvUkQAUHAqaQFF
622=rBBpAUe8xWsBRgB9ayIKAFso/QpbKP0KWyj9Clso/QpbKP0KWyj9Clso/QpbKP0KWyj9Cl
623=u0QXNWWwAtsAECBQBbAC6grGgBJ/0KWyjRClso0QpbpAV5U1u8t6gBJzEiWyj9FVsjzDGR
624=rlsjPEvIASOgJrgGI6AmqQFXeCSpAVooKAAn2QtbKNkLWyjbC1sAQ+9dWwBU41xbAFOjyg
625=YAW80xAWgBrDGIAaxdiAGtXQNgBKFcAmgBoVwFaAGgXIgBoVwJdwJVAB98NmkBMvmrWyjQ
626=FQJbADoAVuMEPwBX6wE2AFrpATsoKQBB6llbACcdRlsopwpbAE3zVlsAPCaLOFsAQigpAE
627=omryFbAEkmDy5bAFIk4ENxFDPxVlsoKgtbACcrC1sAQCiBAEawkG1SR4kBAmkBRYhZAQQK
628=AFwo9QlcKPUJXCj1CVwo9QlcKPUJXKBOd09cACawNQIFAFwAIrA1aQEj9/9cACQoKQAlKC
629=kALeWtXChNClwk8DttR1woeQpcKK0sXCh5FVwoeQpchPeOUlwAInA2yAEneQpcKF04XCMc
630=McAEJ6cKXABY51VcAFkoKAAn/QpcKNkWXCj/ClwARPNWXABTqCUCBgBcAFKoymkBVKgaaA
631=GtMQFoAa0xA2gBrTEFawFPAMxoD2kBUIkBAmkBPIixiAG9VwZ1AkDmVVwAJyAgAlwAOQBb
632=r1JcAELxrlwo0xVcAEP6U1wAJ/JQXAAni0NcAEsmeyBcAE3xrlwo/gpcACcqLFwAJ0pRXA
633=AnS1FcADvpsVwo/hVcACf+FVwAJ/0KXCj/ClwAQfFWXShNCl0oTQpdKE0KXaAtdU9dKE0K
634=XShOCl0AJ3MJXQAm+fhdJjM4BgBd4LRoASWYUGgBJZhQaAEnRR9dKHEUXSj1CV0o9gldAC
635=dlT10oXkNdACVAJHAJI1BTdVpdJDgkqAEnrUJdKE4KXQAnTQpdKE0KXShOCl0AJ00KXShP
636=Cl0AU6gldA0npSBdKCIVXQCxSwFgBLFLA2gBA04A6gAAAIgBvEyIAb1MB2EEM++fXQA1KC
637=kAQCgpADLnol0APibsKQJdAD8AXqNRXQA2Ju8pXQBEKCkASP1MXSghCl0oIQpdKCMKXQA7
638=66ZdAC+47WUTTCgpAC4klDR1AkcoKQBFJiEgXSidCV0qnQlCKMkJQ+kBXij1CV6oKgIAAA
639=UAXij1CV4o9QleKPcJXgAsvE9tBS2sl2gBJ/UJXijJCV4mTyAGAF4mTCBoASOeYgAAaAEn
640=azReADVogrQCJ5U0XighCl4oIQpeKCEKXigZFF4oBVleJDAjsAkneQpeJGhWtAInVU1eiM
641=SdpF4o0QpeKCEVXijRCl4o0QpeKNEKXijRCl4o0QpeKHIUXgAncBQCXgAuANBgHXEfL4kB
642=AmkBTZlTAWgBpVUEaQFPlQIHawE8APz5Bj2IAY8FMAAmJMs1XgAxiQEDbQVB51VeAEMmcy
643=peADTrpl4APigpAEgkhDJ4BifTV14ASuWiXihzH14AO+NRXgBF+fheKEcUXgBTJGBUcAkn
644=yQlfKJ0JXyidCV8onQlfKJ0JXyifCV8AUbyRAgUAXwBQJGRlaQEs9elfKMETXyidCV8onQ
645=lfKGESXyjnB18ASXwocUBfI5wghz9fAE8oVAAjOGagBCc+Sl8AJ2EzXyhpCF8oaQhfKGkI
646=XyhpCF8oaQhfxD8CAQYAXwClPwNrATUA22gPaQE2iQECawE8AN31Aj2IAZQCtESIAbVEBW
647=wFA0wA8wAAAIsBNwAbv0FfADiIAY0FOYkBBG8FOgAc4QQ7iAGDBDQAHfQCpEqQFKRKmQYy
648=kUsHZQgziQEKaQE+iQEAaQE/iAGBGkPrpl8AQuNRXwBE/6RfAEXr818ASOOeXwBL50pfAE
649=Drm18ALeubXwBBJo8zYABQJKwhAgUAYAAs65BgAE73RGAAJiZ/JmAAJyYnJmAAKCgpACko
650=KQAqKCkAKygrAFEAh3y6aQxPJAx7aAEn3RxguA51RGC8VKgBJ7ERYCjJCWAkgG+gBCdFCW
651=AoRQlgKEUJYChFCWAoRQlgKEQJAmAAQwDFq0NgAESIAQACAgYAYAAuAMwAAAAABgBgAC8A
652=zAARAAA9DQodAAEAAAIGAGAANQDbAAAAAQYAYAA2iQEDawE8AN31Aj2IAZcCSwDz9QJMiQ
653=EGbQVNiQELaAEBNwAbAdEJOIgBmQY5iQEFYwQ6ABzhBDuIAYMENAAd9QJCiQEAbAUEMgAm
654=AQAACGkBM4gBiQw+iAGdFT+JAQRhBECJAQdpAUGJAQpoAQNFAFsCAACTCUgAdOsBLQB66w
655=FJAHvrAUoAgagBAWEATwCAAAQFAGEAUAAsbAFrAVEAMOsBTgCObAV1AiZsAmkMYbgDqQEx
656=KFUANCgpADgoKQA+KCkAPygpAEooKQBNKCkAUigpAFMoKQBUKCkAVSgpAFYoKQBXKCsAQw
657=DFvzZhAESIAQUDBgBhAC0AxmgEawEuAMzhBC+IAYAEuT0CYAS5PQdrATUA/PkGNokBAXQC
658=A0UAFQEAAJkGRokBBnUCK408AGkBLIgBkAmsPJgGAScAHwGHNGEAKIgBgQQpiQEEeQYqiA
659=GQCa08CHQCrTwLawE6AFxsMWkBPCgrADIAXfUCOSgrADsAXvcCMwBg6wE3AGHrAT0AYusB
660=SAB16wFJAHfrAUcAfqsBYgBP6EMCYgBOAC5oIgIFAGIAULhAawFNADL0AoRHakNiACdqCG
661=IAJ2sIYgA7ZAWhBD0oKAAnlghiACeWCGIAJ5cIYgBRKKwAJ5YIYgAnlghiACeWCGIAJ5YI
662=YgAnlQhi0EADAQYAYgAunUEDaAGkP4gBpT8IdwI1AASzNWIANokBBHUCRJg9hAiwQJQCsU
663=AHYQRHgQQKaQFIiQENaAGoQ5gGqEOUDbxBlAK8QZQCvUEFeAa8QZ8KMgBV7TE3KCsAMwBY
664=9QI6KCkAPOeBYgA490RiAEEoKQBCKCkAQONGYgBD90RiAEn0hgJiAC8AgOsMOQCfqwFjAE
665=7/QWMAT/BAAmMATQCNYAQCBQBjACjzNWMAKSgpACooKQArKCgAlI5/QWMALShUAJRMtAIn
666=RQljKO8IYwA8KKwAJxoJYwAnGQljKBsJYwBFKK0AUCgoACdGCWMAJ0UJYyhFCWMoRQljKE
667=cJYwBKjEcGAAYAYwBJANgAjstjALlIBHQCuUgJaAG5SAFoAblIBWgBoUYIaAGhRgtoAaFG
668=DmkBQOw8AmMANwBXcCp0AiePB2MAMf82YwBE/zZjADTremMAL+s4YwAyKN0GMygpADgoKA
669=ApYQdBKFUAQigpAEPrAWQATvg9AmQATQAzbykFAGQojgdkACeOB2QAJ40HZLhFdTlkKI0H
670=ZKSJtQIvaAmoASe5B2Qo1xBkADUogAAnuQdkKLkHZCiPB2QARiitAEcoKQBMKCgA1N4BBg
671=BkACc9CGQohRFkKD0IZCg9CGQoPQhk0UABZQhLnUEDaQFInEGUAqhDlAKlPwZhBDeNiQpp
672=ATjvPGQAMe48ZAAnSw9kAETremQAO+d2ZAA/5z9kADz5PWQojgdkACc3B2QAOijdBkAoKA
673=AnjgdkACeOB2QAJ40HZSgJB2UoCQdlKL4NZQAnAQZlKAEGZSjWBWUAJ6oFZQAncx9lAE7h
674=MGUm2yEGAGUoAQZlKAEGZSgBBmUoAwZlADCJDwF4BrEqB2gBsSoLaAEnUwVlAD/8KwJlAD
675=kAVq9oZQA6KCkAQCgpADLjMGUAO/cuZQA09y5lADXzbGUARfcuZQBKJkglAmUARwB86wxI
676=AH3pAUkoKQAx46llAEsm+iVlACdCDmUAJ1kGZShZBmUqWQZE6zhlAC+cIAQACgBlACwAIv
677=EjAmsBLQBeZCxpAS6IAQMBCgBmADlsAmdrZgA6KCgAJwkHZigLB2YAQCiAACcPDWYASChV
678=AEkoKQBLKCgAJ7kHZii5B2YouQdmKLkHZii5B2YouQdmKLsHZgAwgBIFAgYAZgA2ANVwDG
679=kBN4gBlQIz4ztmAEEoKQA76zhmADXpOGYoDA0CZgA/AFm7MmYAOOfkZgA84DsCZgAxAHbh
680=BEf3p2YASigrADIAf+EERfc5ZgA0+TJmKN0GZijdBmbgnmwx0NppAS+ZHABpASuIOJA1tD
681=kBAwoAZyipG2ewPWk4ZyiFBmcovg1nACeVE2cosgZnACexBmcoHiVnACfdBmcomQ5nKN0G
682=ZyjdBmco3QZnKN0GZyjfBmcAMZQYAwUGAGcAOSO1LQBpATqJAQJoAak4AWgBqTgDaQE4nK
683=SABCc3B2cAQuNyZwBB9TlnKDcHZwA/4ztnADz0OQJnAEQAWrgyAmcAPgBf6wFFAHjpATLp
684=OGcosQZnKIUGZ/TTdC4lBCJoASeyBmcA1NN0ArhTAwMKAGgANnBTeTJoKIUGaIAiI5svaA
685=BBKIEAQigoACdlDWgo3QZoKN0GaCjdBmgo3QZoKN0GaCjdBmgo3QZoKN0GaCjdBmgo3wZo
686=ADGAEgECBgBo0TUBaAGxNQNrATsA0iQ7I2gAN4Q0gASwNYAEJ00VaChaBmgAJ8MpaABD52
687=toADLvMWgAQPBsAmgARQB5uzJoAEQmfTFoKBkUaCiFBmgo4QxoJqQgdC4nLwZoADCAGgEA
688=CgBpJPgxbzFpADfqLWkAJxU6aSj5GmkosQZpvAe4BieHBmkAQygFAUQoKAAnESlpKOkNaS
689=gJB2koCQdpKC0GaSgvBmkATZQQAQIGAGnNMQNpATqVLgFoAaAwlAInXQxpKKsFaQBA52Bp
690=AD4mICACaQA2AIKzKmkAOSgoACdjEmkAP+2UaSglBWkoVwtpAEyEE4QpsSoBcypJAFh4H2
691=kBSoDKgQRLiAECAQoAagAngTdqKAEGaijFGWq0Cn0raijVBWoo1gVqACfVBWoo1gVqACfV
692=BWooWSdqKNUFaijVBWoo1wVqAE6cDQMFBgBqADCBBwJpATojlT8AaQE7iAGVAjPnjGoAPi
693=gpAEDviWoANvf/agA36/5qADjhv2oopwpqADX9K2ooqQVq8HdgJdCuaAHQ5WgBvUEDaQEv
694=nRUAawFJAFt3cAoAaySsLXknayipBWsoqQVrJAQuoAQnPTRrKJEYayipBWsoqQVrKKoFaw
695=C0IwIBBgBrALUjA2kBOSOdSwVpATT3I2sANvcjawA/431rADjremsANyYXJGsAPSgpAD4m
696=vSNrKKEEayh1BGvom2QeJ3cEawBNqKl1AkQkGD9pAUWJAQJpAUiBJQFoAa0mA2sBRgBfs1
697=ZrAEeIAQEBCgBsKPkEbCj5BGwo+QRsKKkxbCjlHWykEH0rbCg5OWwofQVsKH0FbCh9BWwo
698=fwVsADiEKQIBBgBsALEqBmkBOpUCC2kBNecpbAA3JvNFbAA98ypsADbnKWwAPOmmbPhebB
699=vc/GgBJbxEaAEnyQls/MV0AqQpiSJGJPQqdQJFqAxpAUckkyMKAG0ooQRtKKEEbSihBG0o
700=TTZtgG+V3m0ooQ9tKPkEbSj5BG0o+QRtKPkEbSj5BG3MJgECBgBtzSYHaQE2Jn0mbSijBG
701=0AOusibQA7qBdsBSdJBG0onQltKJwJAm0AQwBatURtIvwgvG0CbQBGAHJgqXEfRygpAEUk
702=PFV1AkirDAoAbihJBG4oSQRuKEkEbih5IG4o4S1uKKEEbiihBG4ooQRuKKEEbtwgAQMGAG
703=7dIAhpATsmZyNuADcmZSNuJtAgZBMnEQhufMW5HG7FHgFhBEGFuABpAUKIAZUCReUebige
704=BG4AJx8EbgBIrFJ4Bs/3CgBvKPEDbyjxA28o8QNvKMUDbyjEAwJvADcA0WcTBgBv2RwEaA
705=GpZAlpATvzYW8AOrhTdAIlSCVgD9DEaAElhDJoASfnB28APomFAHUCP4kBAmsBQABcYA9o
706=ASe7B28ARbBLdQJH+xxvAEKgD3UCQ7OYCgBwKJkDcCiZA3AomQNwKJkDcNgcAwEGAHAAOI
707=UeA2kBOibDVXAAO7QNdQI56Vlw6GR0DSUwImgBJ8UDcLbFAAB1Akd4GagBJx0EcNEfAWEE
708=QqQpaQFGoEZpAUHvG3AAP7PaCgBxKEEDcSgZH3Eo/QpxKHEUcSjFA3EoxAMCcQA3AP9gEg
709=IGAHEAOIkBAmgBJdAraAwnvwJxAD4kSEV1AkH3T3EAQigpAD/rb3EAQPuVcQBDKCkARCgp
710=AEXlNHIo6QJyKOkCcijpAnIo6QJyKOkCcsgXAQEGAHLJFwNoASXfJwoAciYEImgBqRcBaQ
711=FA/RVyKOsCcgBDKFUAQbg9bQU//0xyAESnPwoAcyidKnMo6QJzKOkCc/CCbAUnBgxzACc9
712=CHMoPAgCcwA7AFlgMG0FPu9dcwA8jeEAdQI9iQEBaQFC/ytzAEC4inUCQ+UTdCg5AnQoOQ
713=J0+ycKAHQoZQJ09N50AidnAnQAO+88dABA9w10AEIoiQFB6zh0AD2kYGUIPuWtdSjhAXUo
714=4QF1/zYKAHXox2gBJ7UMdcEPAXQCJ4cGdQA+7xB1AEHvEHUAP+0QdiiJAXYoiQF249UKAH
715=YotwF2ADskcEp1Aj/7PXYAPu88dgBA6Qx3KF0BdyhdAXfjvwoAdyjND3cotwF3AD/ldngo
716=2QB4KNkAeCgBBngoBQF54AQOCgB5AD8AAAAAAAAKAAAAAAARAAA=

[Lighting]
Red=1.160000
Blue=0.780000
Green=1.060000
Level=0.028000
Ground=0.000000
IonRed=0.695000
Ambient=0.000000
IonBlue=0.775000
IonGreen=0.445000
IonLevel=0.028000
IonGround=0.000000
IonAmbient=0.650000

[Map]
Size=0,0,60,62
Theater=TEMPERATE
LocalSize=2,4,56,50

[Neutral]
IQ=0
Edge=North
Side=Civilian
Color=NeonGreen
Allies=Neutral
Credits=0
ActsLike=0
NodeCount=0
TechLevel=1
PercentBuilt=0
PlayerControl=no

[Nod]
IQ=3
000=NAAPWR,15,59
001=PROC,21,54
002=GASILO,22,58
003=GASILO,19,58
004=NAHAND,30,67
005=NAAPWR,13,60
006=NAWEAP,29,59
007=NAAPWR,13,63
008=NALASR,37,60
009=NAAPWR,16,62
010=NALASR,25,63
011=NAAPWR,15,65
012=NALASR,37,66
013=NARADR,32,55
014=REDLAMP,19,63
015=REDLAMP,32,62
Edge=West
Side=Nod
Color=DarkRed
Allies=Nod,Special
Credits=60
ActsLike=1
NodeCount=16
TechLevel=5
PercentBuilt=100
PlayerControl=no

[OverlayDataPack]
1=BQAAIP4AIACAGQAAIP5FGgCBAf7/AQCBBP7/AQCCBgb/uQFEGoAoAQAg/kQAAIcGBwAGAA
2=AD/vkBABIAhAcGAAT+BwAAhAMEBAFQDP7mAQCGCAoIAAcIYfQCC4EE/+oBSgCHBAcICgsK
3=CgICggABVAEgAv7nAQCFBwgHCAgCAIMIBgb+BQAAhQEDAwQG/gMAAzAO/+MBYQQSBIUACA
4=gACP4JAAACAYQGBAMD/+cBXAYH+IEGBf+BCBAJQgAaEoED/+YBVwKBAx38ggcKBgYUCf4G
5=AAAWA4IEAwQE/+QBWwyCAwAF7gYCyloIhwQHBwYGAwN0E//eAWUKAfHLWgiBAQQQggMGKB
6=z/5AFgDgnrzF8QgQMGEIMDBAH/5gFbCiHmy0kUgQH+AwAEhAAEAQH+6gEAzF0OBf6BBv/u
7=AUoA/+4BVwL+EgAA/+sBXxb/ygFdGIDuAAAg/jUAAIIHB/4iAACBAv4DAAr+BQAAgwoKCP
8=7MAQCKBAYABggIBgAAA/72AQD+BAAHgQAD04IEBP70AQCCAwcFzYIHB/4DAAgAB//ZAToE
9=F7w3v/4EAAqCDgz+CwAA/gQABoIACAQBggcG/9oBOwbMIQaBDcwjBIMIBggEB//NAWQA/h
10=0AAIEFyxYKgwQABwH9hgcHBgADAf/zAT8KHAT+AwAHDAcMBf/2AT8MgQAB/RQK//kBPQ6B
11=AQAC2hUC/98BVxD/UgAEFP/OAYgS/+ABVhD+3gEAhAYIAALJJAj/8AEkGBnc/+YBPgz+Ag
12=IAgJUAACD+FAAAgQRABP46AACBBf69AQCFAwgAAgn6SwD/vgFWAP9CAEYC/wACVgKBAf//
13=AVcE/s4BAP/tASQIggIM/hAAAIIGDfbZC4IKCv4FAAD+AwAKgQj/qgFrAP4HAAoxuP4DAA
14=qBC8kYAv4LDAD/zgFWBu0RGoEDAAIQBv/wAUQagQPBFwACA4EGwmgMgQb7GAD+ggEAgBQB
15=ACD+MgAAgwcABgACiQAICggGBAQABP7uAQCHAQMGBggGCP4DAAeGCAsLCgAAAgn+8AEAhg
16=cACAAICBQAAgf/7wFAAP4DAACCBgAD/AIEAgKDAAoI/vEBAIEDB/SDBwcABgMQAgP/ggQD
17=//IBPwYB9hYHgQciEP71AQCEAQAEBv/tAT8AgQ3QIwr/6wFCCIcSMCQODg0NzSkM/ugBAI
18=UIMjExMAAEgSX+9gEAhA0MCzH+AwAAhDAwMib/7QE5EGP+gzArMv4DAACBMQQCgRgSAP/w
19=AUIIgwQLMDQAgRs784EH//EBPwKBCygBgRxCDy/6/+8BRgiEAwsyHEwBwDEG//MBQQqGBj
20=ErMDE1wT8KgQf/ywE9BoB8AAAg/isAAIQKMTId/gMAAIYGCAgKCAb+9AEAgwkyGv4EAACF
21=BwgABwT+9AEAgwgxJf4FAACBB//1ATcAFgKHMjYAAAMGAP/4ATUEggAFGACBAP/2ATYA/g
22=gAAIQEBwgH/v0BAIQHAAYG/voBAIIDBgv8ggQD//sBOAj+zQ8AgAUAACD+ACAAgAUAACD+
23=ACAAgAUAACD+ACAAgAUAACD+ACAAgAUAACD+ACAAgAUAACD+ACAAgAUAACD+ACAAgAUAAC
24=D+ACAAgAUAACD+ACAAgAUAACD+ACAAgAUAACD+ACAAgAUAACD+ACAAgAUAACD+ACAAgAUA
25=ACD+ACAAgAUAACD+ACAAgAUAACD+ACAAgAUAACD+ACAAgAUAACD+ACAAgAUAACD+ACAAgA
26=UAACD+ACAAgAUAACD+ACAAgAUAACD+ACAAgAUAACD+ACAAgAUAACD+ACAAgAUAACD+ACAA
27=gA==

[OverlayPack]
1=CwAAIP5EHv+Brv67Af+ANgAAIP5BAv+BsyAD/voD/4Gt/vgP/4Gv/vsD/4Gx/g4A/4Fm/v
2=8B///tAUUagbDQMxyBZv+5AUQcgNMAACD+NAD/gaz+DwD/hGZm/2YABv75Af8SADIEQA+D
3=ZmZ//+0BSgAh/gAEUA+B//4DAH//7AFcAv4FAGYB90ICA/4gEf7RAf+BrdkuBlHyBf2Bfw
4=AD/80BVwKBq9oqAhXyyEgCRAH/6AFXAhIBzEUEAf8SBP/mAV0KLfzJVgYF/hQBKAX+xwH/
5=ga7bJg7JSAZCBAgAGAj/6AFbDDgHyDsSEgH/6gFdEM9HABIBEgL/6AFgEM1HFCH8/+0BVg
6=LNSBL/1gFXBt0qFv77Af//7AFfFv7JAf+ArwAAIP41AP+CZmb+IgD//gQAAlAJ/swB/wH8
7=/gQAZgAJ/vYB/yH9MAP/9gE+AjIDIAf+2AH//gcAGmAKziYEMgP/5wE6BMojCEIDIgX+6A
8=H/yyQKNAAmCv/nATsIzCQKWAH/6QE5BM4kDiQB/+oBOALVJBDYPwD+DAD/gkFJ/9EBZRDe
9=OQD+DgD/gUj/8AFmEv4PAP+BPv//AWYU/7IBdAjKIwr/8QEkGP/zASEa/vgB/4CKAAAg/h
10=QA/4EaQAT+OgD/gQL+vQH/ghoaEAPLCgD/7AEoANEEAP4GAP+Bqf//AS8C/hQA/4Gs//8B
11=QwT+4gH/4iQIgar/yAFdCM4kCs8RDOYuAoICAlAI/6oBVgb+CAAayw8O/iEC/4Gr/vEJ/4
12=Fm//0BRBiBZiAI//EBOxqCZmYR9BADIfswBv67Af+AqQAAIP4yAP+BZiACgf/+BgBmEAr+
13=7AH//g4AZhIN/vEB/yQAEANCA//yAUMCJfhCB//xAUEEQfx2Av/0AT8EVgX/9QE/CFYG/+
14=0BPgKBftIhBP/qAT8M/gYAfs4mCv/uAUAOzSwQ/+wBPhD+AwCyQgGBf//0ATUSg36ypyIA
15=AgGBf//xATIUyyUUAgL/9gEzFFf//gMAf//1ATQSY///8wE0GFICEfv/zAE0GoBZAAAg/i
16=sA//4EAH7+AwD//gMAf4OTk3/+9AH/MgCG/3+T/5OT//sBOAD/9wE1AlIBg39////4ATUE
17=gf8oABIC/vsB//4EAH/+/QH///4BMggj/v/9ATUM/s0P/4AFAAAg/gAg/4AFAAAg/gAg/4
18=AFAAAg/gAg/4AFAAAg/gAg/4AFAAAg/gAg/4AFAAAg/gAg/4AFAAAg/gAg/4AFAAAg/gAg
19=/4AFAAAg/gAg/4AFAAAg/gAg/4AFAAAg/gAg/4AFAAAg/gAg/4AFAAAg/gAg/4AFAAAg/g
20=Ag/4AFAAAg/gAg/4AFAAAg/gAg/4AFAAAg/gAg/4AFAAAg/gAg/4AFAAAg/gAg/4AFAAAg
21=/gAg/4AFAAAg/gAg/4AFAAAg/gAg/4AFAAAg/gAg/4AFAAAg/gAg/4AFAAAg/gAg/4A=

[Scion]
IQ=0
Edge=North
Side=Scion
Color=DarkBlue
Allies=Scion
Credits=0
ActsLike=3
NodeCount=0
TechLevel=1
PercentBuilt=0
PlayerControl=no

[ScriptTypes]
0=0A5978E0
1=0A5972A0
2=071FEDF0
3=06FE2DF0
4=09A3FB70
5=09A3F0B0

[Special]
IQ=0
Edge=East
Side=Mutant
Color=Grey
Allies=Special,GDI,Nod
Credits=0
ActsLike=0
NodeCount=0
TechLevel=1
PercentBuilt=0
PlayerControl=no

[SpecialFlags]
Inert=no
FogOfWar=no
IonStorms=no
MCVDeploy=no
Meteorites=no
Visceroids=no
FixedAlliance=no
TiberiumGrows=yes
InitialVeteran=no
HarvesterImmune=no
TiberiumSpreads=yes
TiberiumExplosive=yes
DestroyableBridges=yes

[Structures]
0=GDI,GALITE,256,84,59,0,0C399570,1,0,1,0,0,None,None,None,0,0
1=GDI,GALITE,256,95,71,0,0C399570,1,0,1,0,0,None,None,None,0,0
2=GDI,GACTWR,256,86,63,192,0C399570,1,0,1,1,0,GAVULC,None,None,0,0
3=Special,INLIMELMP,256,56,82,0,None,1,0,1,0,0,None,None,None,0,0
4=Special,TIB1SPWN,256,60,83,0,None,1,0,1,0,0,None,None,None,0,0
5=Special,TIB1SPWN,256,53,82,0,None,1,0,1,0,0,None,None,None,0,0
6=Special,TIB1SPWN,256,54,52,0,None,1,0,1,0,0,None,None,None,0,0
7=Special,INLIMELMP,256,53,51,0,None,1,0,1,0,0,None,None,None,0,0
8=Special,INLIMELMP,256,71,36,0,None,1,0,1,0,0,None,None,None,0,0
9=Special,INEMELMP,256,87,37,0,None,1,0,1,0,0,None,None,None,0,0
10=Special,TIB1SPWN,256,88,38,0,None,1,0,1,0,0,None,None,None,0,0
11=Special,TIB1SPWN,256,71,37,0,None,1,0,1,0,0,None,None,None,0,0
12=Special,CACRSH04,256,70,52,0,0C399200,1,0,1,0,0,None,None,None,0,0
13=Special,CACRSH04,256,69,51,0,0C399200,1,0,1,0,0,None,None,None,0,0
14=Special,NEGLAMP,256,70,53,0,None,1,0,1,0,0,None,None,None,0,0
15=Special,NEGLAMP,256,69,19,0,None,1,0,1,0,0,None,None,None,0,0
16=Special,NEGLAMP,256,54,30,0,None,1,0,1,0,0,None,None,None,0,0
17=Special,NEGLAMP,256,37,37,0,None,1,0,1,0,0,None,None,None,0,0
18=Special,NEGLAMP,256,89,71,0,None,1,0,1,0,0,None,None,None,0,0
19=Special,NEGLAMP,256,113,68,0,None,1,0,1,0,0,None,None,None,0,0
20=Special,AWIND2,256,55,29,0,None,1,0,1,0,0,None,None,None,0,0
21=Nod,NAHAND,256,30,67,0,None,1,0,1,0,0,None,None,None,0,0
22=Special,INORNGLAMP,256,42,91,0,None,1,0,1,0,0,None,None,None,0,0
23=Special,NEGLAMP,256,20,75,0,None,1,0,1,0,0,None,None,None,0,0
24=Special,INBLULMP,256,84,91,0,None,1,0,1,0,0,None,None,None,0,0
25=Special,INBLULMP,256,71,94,0,None,1,0,1,0,0,None,None,None,0,0
26=Special,INBLULMP,256,69,108,0,None,1,0,1,0,0,None,None,None,0,0
27=Special,INBLULMP,256,79,67,0,None,1,0,1,0,0,None,None,None,0,0
28=Special,INBLULMP,256,66,63,0,None,1,0,1,0,0,None,None,None,0,0
29=Special,NEGLAMP,256,56,66,0,None,1,0,1,0,0,None,None,None,0,0
30=Nod,AMMOCRAT,256,20,70,0,None,1,0,1,0,0,None,None,None,0,0
31=Nod,AMMOCRAT,256,21,70,0,None,1,0,1,0,0,None,None,None,0,0
32=GDI,GALITE,256,93,46,0,0C399570,1,0,1,0,0,None,None,None,0,0
33=GDI,GACNST,256,98,58,0,0C399570,0,0,1,0,0,None,None,None,0,0
34=Special,TIB2SPWN,256,52,97,0,None,1,0,1,0,0,None,None,None,0,0
35=Special,AWIND2,256,45,96,0,None,1,0,1,0,0,None,None,None,0,0
36=Special,CACRSH04,256,54,92,0,01000003,0,0,1,0,0,None,None,None,0,0
37=Special,CACRSH04,256,49,95,0,01000003,0,0,1,0,0,None,None,None,0,0
38=Special,CACRSH04,256,49,101,0,01000003,0,0,1,0,0,None,None,None,0,0
1018976=Nod,GACNST,256,21,62,0,None,1,0,1,0,0,None,None,None,0,0
1018983=Nod,NAGATE_A,256,28,52,0,None,1,0,1,0,0,None,None,None,0,0
1018984=Nod,NAGATE_B,256,36,62,0,None,1,0,1,0,0,None,None,None,0,0
1018985=Nod,NAGATE_A,256,26,71,0,None,1,0,1,0,0,None,None,None,0,0
1018986=GDI,GAGATE_A,256,94,48,0,0C399570,1,0,1,0,0,None,None,None,0,0
1018987=GDI,GACTWR,256,93,48,0,0C399570,1,0,1,1,0,GAVULC,None,None,0,0
1018991=GDI,GACTWR,256,97,48,0,0C399570,1,0,1,0,0,None,None,None,0,0
1018997=GDI,GAPOWR,256,102,51,0,0C399570,1,0,1,0,0,None,None,None,0,0
1019000=GDI,GAPOWR,256,105,52,0,0C399570,1,0,1,0,0,None,None,None,0,0
1019003=GDI,GACTWR,256,100,70,0,0C399570,1,0,1,0,0,None,None,None,0,0
1019005=GDI,GACTWR,256,96,70,128,0C399570,1,0,1,1,0,GAVULC,None,None,0,0
1019009=GDI,GAGATE_A,256,97,70,0,0C399570,1,0,1,0,0,None,None,None,0,0
1019010=GDI,GACTWR,256,86,59,0,0C399570,1,0,1,0,0,None,None,None,0,0
1019012=GDI,GAGATE_B,256,86,60,0,0C399570,1,0,1,0,0,None,None,None,0,0
1019021=Nod,GATICK,256,28,65,0,None,1,0,1,0,0,None,None,None,0,0
1019024=Nod,NAAPWR,256,15,59,0,None,1,0,1,0,0,None,None,None,0,0
1019027=Nod,PROC,256,21,54,0,None,1,0,1,0,0,None,None,None,0,0
1019032=Nod,GASILO,256,22,58,0,None,1,0,1,0,0,None,None,None,0,0
1019035=Nod,GASILO,256,19,58,0,None,1,0,1,0,0,None,None,None,0,0
1019043=Nod,NAAPWR,256,13,60,0,None,1,0,1,0,0,None,None,None,0,0
1019046=Nod,NAWEAP,256,29,59,0,None,1,0,1,0,0,None,None,None,0,0
1019047=Nod,NAAPWR,256,13,63,0,None,1,0,1,0,0,None,None,None,0,0
1019050=Nod,NALASR,256,37,60,64,06EA32E0,1,0,1,0,0,None,None,None,0,0
1019051=Nod,NAAPWR,256,16,62,0,None,1,0,1,0,0,None,None,None,0,0
1019054=Nod,NALASR,256,25,63,64,None,1,0,1,0,0,None,None,None,0,0
1019055=Nod,NAAPWR,256,15,65,0,None,1,0,1,0,0,None,None,None,0,0
1019058=Nod,NALASR,256,37,66,64,06EA32E0,1,0,1,0,0,None,None,None,0,0
1019059=Nod,NARADR,256,32,55,0,None,1,0,1,0,0,None,None,None,0,0
1019062=Nod,GATICK,256,25,57,0,None,1,0,1,0,0,None,None,None,0,0
1019063=Nod,REDLAMP,256,19,63,0,None,0,0,1,0,0,None,None,None,0,0
1019064=Nod,REDLAMP,256,32,62,0,None,0,0,1,0,0,None,None,None,0,0

[Tags]
01000001=0,Fade in 1,01000000
01000003=0,Blue Tib text 1,01000002
01000005=0,refinery obj 1,01000004
01000007=2,Spotlight detect 1,01000006
01000009=2,Spotlight alert 1,01000008
01000011=0,Sun sets 1,01000010
01000013=0,Sun rises 1,01000012
01000015=0,Music 1,01000014
03C848F0=0,Rev A 1,03C8A540
06EA32E0=0,Rev G,06EA38F0
06EA4370=0,rev nod base 1,06EA4470
06EA48E0=0,Rev P,06EA4A50
06EA4BC0=0,Rev O,06EA4D30
06EA5CE0=0,Rev on 1,06EA3700
06F15190=2,refinery reminder 1,06F15710
06F16DA0=2,objective text 1,06F150E0
06F2E780=0,T 00:30,06F2EA40
06F2EAF0=0,GDI rnf 1 1,06F2EF30
06F952A0=0,Building radar,06F95830
06F956B0=0,vulcan text 1,06F968A0
06F96D10=0,silo text 1,06F96ED0
06F96F80=0,Low power text 1,06F95170
06FE3C70=0,T 01:10,06FE3E10
06FE3EC0=0,T 01:00,06FE2580
06FE49B0=0,Nod production on,06FE50C0
06FF14C0=0,GDI text 1,06FF1930
072CD240=0,Barracks text 1,072CD720
072CEDC0=0,Bip 00:30,072CD120
09A02C00=0,Building war,099C4250
09A08A70=0,explain build 1,09A08B10
09A0DD10=0,all GDI gone 1,09A0DE80
09A3D280=0,Win,09A3D6F0
09A63890=0,Built refinery 1,09A63A80
09A63B30=0,refinery text 1,09A62080
09A69E60=0,Place power,09A682F0
09A81F80=0,Vein text,09A80790
0C14CE30=0,Ref + 8:00 1,0C14CD80
0C399200=0,cliff text 1,0C399400
0C399570=0,repair text 1,0C3999E0
0C399F10=0,tib text 1,0C3986A0
0C6F2730=2,Rnf 4 4-12+ref,0C6F2B50
0C6F2C00=2,Rnf 3 8+ref,0C6F10F0

[TaskForces]
0=0A596E70
1=0A5974D0
2=071FC490
3=071FEBE0
4=071FEA30
5=071FE880
6=0C6F0E70
7=0C6F1AD0
8=06FE06A0
9=071FE6D0
10=09A3D060
11=09A3F2E0

[TeamTypes]
0=0A596F40
1=0A5975A0
2=071FC560
3=071FECB0
4=071FEB00
5=071FE950
6=0C6F0F40
7=0C6F19F0
8=06FE05C0

[Terrain]
14060=TREE01
15060=TREE04
22054=TREE05
27045=TREE07
28046=TREE08
28048=TREE06
33077=TREE17
37071=TIBTRE01
38088=TIBTRE02
45058=TREE22
45072=TREE18
46065=TREE02
46066=TREE07
46070=TREE17
47061=TREE16
47063=TREE10
47064=TREE01
47065=TREE03
47068=TREE21
47089=TREE02
47099=TREE03
48064=TREE08
48066=TREE05
48068=TREE15
49046=TREE25
49070=TREE20
49073=TREE19
49102=TREE04
50064=TREE09
50066=TREE19
50067=TREE18
50072=TREE02
51065=TREE06
51074=TREE11
52054=TIBTRE03
52064=TREE13
52073=TREE06
53066=TREE12
53073=TREE04
53087=TREE01
55066=TREE20
55068=TREE03
55069=TREE01
56041=TREE25
56071=TREE14
56074=TREE09
58076=TREE10
58085=TREE08
59056=TREE24
59074=TREE05
59079=TREE03
59080=TREE05
59082=TREE01
60043=TREE23
60044=TREE16
60063=TREE23
60067=TREE06
61073=TREE02
61075=TREE04
62053=TREE20
62054=TREE12
62059=TREE16
62071=TREE07
63056=TREE15
63063=TREE19
63112=TREE01
63117=TREE08
63118=TREE09
64053=TREE14
64061=TREE13
64070=TREE02
64114=TREE06
64117=TREE02
65082=TREE02
65111=TREE02
65112=TREE03
66114=TREE05
67113=TREE07
68088=TREE01
69050=TREE15
69108=TREE05
69109=TREE06
70051=TREE19
70055=TREE18
70064=TREE17
70089=TREE05
70108=TREE10
70111=TREE04
71053=TREE11
71088=TREE03
71090=TREE04
72018=TREE02
72019=TREE01
72020=TREE10
72024=TREE09
72053=TREE12
72055=TREE14
72065=TREE06
72093=TREE05
73020=TREE11
73109=TREE01
74021=TREE03
74024=TREE12
74026=TREE06
74050=TREE22
74051=TREE21
74067=TREE13
74084=TREE05
74085=TREE04
74092=TREE09
74093=TREE10
74101=TREE03
75024=TREE07
75025=TREE04
75061=TREE20
75093=TREE07
76025=TREE05
76089=TREE06
77022=TREE13
77023=TREE05
77024=TREE08
79042=TREE24
80041=TREE12
81041=TREE19
82039=TREE14
82044=TREE25
82053=TIBTRE03
83041=TREE15
83042=TREE21
83060=TIBTRE01
84037=TREE13
84045=TREE23
89065=TREE25
97053=BIGBLUE4
97078=TREE08
99074=TREE15
99076=TREE12
99077=TREE10
101058=TREE23
101065=TREE24
101074=TREE13
101079=TREE11
103060=TREE22
103076=TREE05
103077=TREE14
105075=TREE09
109055=TREE16
109058=TREE19
109059=TREE21
110056=TREE18
113064=TREE20
115063=TREE17

[Triggers]
01000000=GDI,<none>,Fade in,0,1,1,1,0
01000002=GDI,<none>,Blue Tib text,0,1,1,1,0
01000004=GDI,<none>,refinery obj,0,1,1,1,0
01000006=GDI,<none>,Spotlight detect,0,1,1,1,0
01000008=GDI,<none>,Spotlight alert,0,1,1,1,0
01000010=GDI,<none>,Sun sets,0,1,1,1,0
01000012=GDI,<none>,Sun rises,0,1,1,1,0
01000014=GDI,<none>,Music,0,1,1,1,0
03C8A540=GDI,<none>,Rev A,0,1,1,1,0
06EA3700=GDI,<none>,Rev on,0,1,1,1,0
06EA38F0=GDI,<none>,Rev G,0,1,1,1,0
06EA4470=GDI,<none>,rev nod base,0,1,1,1,0
06EA4A50=GDI,<none>,Rev P,0,1,1,1,0
06EA4D30=GDI,<none>,Rev O,0,1,1,1,0
06F150E0=GDI,<none>,objective text,0,1,1,1,0
06F15710=GDI,<none>,refinery reminder,1,1,1,1,0
06F2EA40=GDI,<none>,GDI rnf 2,0,1,1,1,0
06F2EF30=GDI,<none>,GDI rnf 1,0,1,1,1,0
06F95170=GDI,<none>,Low power text,0,1,1,1,0
06F95830=GDI,<none>,Building radar,0,1,1,1,0
06F968A0=GDI,<none>,vulcan text,0,1,1,1,0
06F96ED0=GDI,<none>,silo text,0,1,1,1,0
06FE2580=Nod,<none>,bike 1 go,0,1,1,1,0
06FE3E10=Nod,<none>,Nod bike 2 go,0,1,1,1,0
06FE50C0=Nod,<none>,Ref + 5:00,0,1,1,1,0
06FF1930=GDI,<none>,GDI text,0,1,1,1,0
072CD120=GDI,<none>,ready text,0,1,1,1,0
072CD720=GDI,<none>,Barracks text,0,1,1,1,0
099C4250=GDI,<none>,Building war factory,0,1,1,1,0
09A08B10=GDI,<none>,explain build,0,1,1,1,0
09A0DE80=GDI,<none>,all GDI gone,0,1,1,1,0
09A3D6F0=GDI,<none>,Nod gone,0,1,1,1,0
09A62080=GDI,<none>,refinery text,0,1,1,1,0
09A63A80=GDI,<none>,Built refinery,0,1,1,1,0
09A682F0=GDI,<none>,place power plant,0,1,1,1,0
09A80790=GDI,<none>,Vein text,0,1,1,1,0
0C14B670=Nod,<none>,entered,0,1,1,1,0
0C14CD80=Nod,0C14B670,Ref + 8:00,0,1,1,1,0
0C3986A0=GDI,<none>,tib text,0,1,1,1,0
0C399400=GDI,<none>,cliff text,0,1,1,1,0
0C3999E0=GDI,<none>,repair text,0,1,1,1,0
0C6F10F0=GDI,<none>,GDI rnf 3,0,1,1,1,0
0C6F2B50=GDI,<none>,GDI rnf 4,0,1,1,1,0

[Units]
0=Nod,HARV,256,24,55,64,Harvest,None,0,-1,0,-1,1,1
1=Nod,TTNK,256,34,60,0,Area Guard,None,0,-1,0,-1,1,1
2=Nod,BGGY,256,40,66,64,Area Guard,None,0,-1,0,-1,1,1
3=Nod,BGGY,256,28,49,0,Area Guard,None,0,-1,0,-1,1,1
4=Nod,BIKE,256,33,62,96,Area Guard,None,0,-1,0,-1,1,1
5=Nod,BIKE,256,32,74,96,Area Guard,None,0,-1,0,-1,1,1
6=Nod,BGGY,256,40,61,64,Area Guard,None,0,-1,0,-1,1,1
7=Nod,SUBTANK,256,32,58,224,Area Guard,None,0,-1,0,-1,1,1
8=Nod,TRUCKB,256,60,110,32,Sleep,None,0,-1,0,-1,0,0

[VariableNames]
0=harv on map,0
1=bip,0
2=ref built,0
3=rev nod base,0
4=alarm on,0

[Waypoints]
0=60090
1=68074
2=23075
3=95051
4=55103
5=79092
6=64041
7=61104
8=53111
9=67097
10=51095
11=56095
12=61095
13=91042
14=75031
15=49031
16=68033
17=59033
18=58024
19=67024
20=64018
21=39089
22=54071
23=62083
24=64027
25=97053
26=66091
98=56097
99=57098

[Digest]
1=9kVf/rq+d6zfNbaRywHdJoYqAx0=
