; Map created with FinalSun Mission Editor
; www.wagnerma.de (german+english homepage of author), finalsun.wagnerma.de (finalsun homepage, german+english), www.theonliner.de (german homepage of FRG)
; note that all comments were truncated

[CACRSH04]
Immune=yes
InvisibleInGame=yes

[GACNST]
Unsellable=yes

[INBLULMP]
LightRedTint=0.01
LightBlueTint=0.7
LightGreenTint=0.01
LightIntensity=0.01
LightVisibility=3000

[LIMPET]
TechLevel=-1

[REDLAMP]
Cost=100
Owner=Nod
Power=-2
Powered=yes
TechLevel=5
LightRedTint=0.4
LightBlueTint=0.01
LightGreenTint=0.01
LightIntensity=0.2
LightVisibility=3000

[TIB1SPWN]
LightRedTint=0
LightBlueTint=0
LightGreenTint=0
LightIntensity=0
LightVisibility=0


[Preview]

[PreviewPack]

[06FE05C0]
Max=0
Full=no
Name=Nod bike attk
Group=-1
House=Nod
Script=06FE2DF0
Whiner=no
Droppod=no
Suicide=yes
Loadable=no
Prebuild=no
Priority=7
Waypoint=Y
Annoyance=no
IonImmune=no
Recruiter=no
Reinforce=no
TaskForce=06FE06A0
TechLevel=0
Aggressive=no
Autocreate=no
GuardSlower=no
OnTransOnly=no
AvoidThreats=no
LooseRecruit=no
VeteranLevel=1
IsBaseDefense=no
OnlyTargetHouseEnemy=no
TransportsReturnOnUnload=no
AreTeamMembersRecruitable=no

[06FE06A0]
0=1,BIKE
Name=1 bike
Group=-1

[06FE2DF0]
0=3,23
1=11,10
Name=-> X, AG

[071FC490]
0=2,E1
Name=2 lt inf
Group=-1

[071FC560]
Max=3
Full=no
Name=Nod AI pool 1
Group=-1
House=Nod
Script=071FEDF0
Whiner=no
Droppod=no
Suicide=no
Loadable=no
Prebuild=no
Priority=6
Annoyance=no
IonImmune=no
Recruiter=no
Reinforce=no
TaskForce=071FC490
TechLevel=0
Aggressive=no
Autocreate=no
GuardSlower=no
OnTransOnly=no
AvoidThreats=no
LooseRecruit=no
VeteranLevel=1
IsBaseDefense=yes
OnlyTargetHouseEnemy=no
TransportsReturnOnUnload=no
AreTeamMembersRecruitable=yes

[071FE6D0]
0=2,SUBTANK
Name=2 devil
Group=-1

[071FE880]
0=2,E3
1=1,TTNK
Name=2 rock, 1 tick
Group=-1

[071FE950]
Max=1
Full=no
Name=Nod AI pool 4
Group=-1
House=Nod
Script=071FEDF0
Whiner=no
Droppod=no
Suicide=no
Loadable=no
Prebuild=no
Priority=6
Annoyance=no
IonImmune=no
Recruiter=no
Reinforce=no
TaskForce=071FE880
TechLevel=0
Aggressive=no
Autocreate=no
GuardSlower=no
OnTransOnly=no
AvoidThreats=no
LooseRecruit=no
VeteranLevel=1
IsBaseDefense=yes
OnlyTargetHouseEnemy=no
TransportsReturnOnUnload=no
AreTeamMembersRecruitable=yes

[071FEA30]
0=1,CYBORG
1=1,E3
Name=1 cy, 1 rock
Group=-1

[071FEB00]
Max=2
Full=no
Name=Nod AI pool 3
Group=-1
House=Nod
Script=071FEDF0
Whiner=no
Droppod=no
Suicide=no
Loadable=no
Prebuild=no
Priority=6
Annoyance=no
IonImmune=no
Recruiter=no
Reinforce=no
TaskForce=071FEA30
TechLevel=0
Aggressive=no
Autocreate=no
GuardSlower=no
OnTransOnly=no
AvoidThreats=no
LooseRecruit=no
VeteranLevel=1
IsBaseDefense=yes
OnlyTargetHouseEnemy=no
TransportsReturnOnUnload=no
AreTeamMembersRecruitable=yes

[071FEBE0]
0=2,BGGY
Name=2 buggies
Group=-1

[071FECB0]
Max=2
Full=no
Name=Nod AI pool 2
Group=-1
House=Nod
Script=071FEDF0
Whiner=no
Droppod=no
Suicide=no
Loadable=no
Prebuild=no
Priority=6
Annoyance=no
IonImmune=no
Recruiter=no
Reinforce=no
TaskForce=071FEBE0
TechLevel=0
Aggressive=no
Autocreate=no
GuardSlower=no
OnTransOnly=no
AvoidThreats=no
LooseRecruit=no
VeteranLevel=1
IsBaseDefense=yes
OnlyTargetHouseEnemy=no
TransportsReturnOnUnload=no
AreTeamMembersRecruitable=yes

[071FEDF0]
0=11,10
Name=AI -> AG

[09A3D060]
0=1,DSHP
1=1,HARV
Name=1 harv, 1 carry
Group=-1

[09A3F0B0]
0=11,10
Name=do...AG

[09A3F2E0]
0=1,HARV
Name=1 harv
Group=-1

[09A3FB70]
0=3,0
1=8,1
2=39,0
3=3,8
Name=-> A, unload, I

[0A596E70]
0=1,ORCATRAN
1=5,E1
Name=1 tran, 5 lt
Group=-1

[0A596F40]
Max=0
Full=no
Name=GDI rnf 1
Group=-1
House=GDI
Script=0A5978E0
Whiner=no
Droppod=no
Suicide=no
Loadable=no
Prebuild=no
Priority=7
Waypoint=I
Annoyance=no
IonImmune=no
Recruiter=no
Reinforce=no
TaskForce=0A596E70
TechLevel=0
Aggressive=no
Autocreate=no
GuardSlower=no
OnTransOnly=no
AvoidThreats=no
LooseRecruit=no
VeteranLevel=1
IsBaseDefense=no
OnlyTargetHouseEnemy=no
TransportsReturnOnUnload=no
AreTeamMembersRecruitable=no

[0A5972A0]
0=3,12
1=8,1
2=3,8
Name=-> M, unload, I

[0A5974D0]
0=1,ORCATRAN
1=5,E2
Name=1 tran, 5 disc
Group=-1

[0A5975A0]
Max=0
Full=no
Name=GDI rnf 2
Group=-1
House=GDI
Script=0A5972A0
Whiner=no
Droppod=no
Suicide=no
Loadable=no
Prebuild=no
Priority=7
Waypoint=I
Annoyance=no
IonImmune=no
Recruiter=no
Reinforce=no
TaskForce=0A5974D0
TechLevel=0
Aggressive=no
Autocreate=no
GuardSlower=no
OnTransOnly=no
AvoidThreats=no
LooseRecruit=no
VeteranLevel=1
IsBaseDefense=no
OnlyTargetHouseEnemy=no
TransportsReturnOnUnload=no
AreTeamMembersRecruitable=no

[0A5978E0]
0=3,11
1=8,1
2=3,8
Name=-> L, unload, I

[0C6F0E70]
0=1,DSHP
1=3,MMCH
Name=1 drop, 3 titan
Group=-1

[0C6F0F40]
Max=0
Full=no
Name=GDI rnf 3
Group=-1
House=GDI
Script=0A5978E0
Whiner=no
Droppod=no
Suicide=no
Loadable=no
Prebuild=no
Priority=7
Waypoint=I
Annoyance=no
IonImmune=no
Recruiter=no
Reinforce=no
TaskForce=0C6F0E70
TechLevel=0
Aggressive=no
Autocreate=no
GuardSlower=no
OnTransOnly=no
AvoidThreats=no
LooseRecruit=no
VeteranLevel=1
IsBaseDefense=no
OnlyTargetHouseEnemy=no
TransportsReturnOnUnload=no
AreTeamMembersRecruitable=no

[0C6F19F0]
Max=0
Full=no
Name=GDI rnf 4
Group=-1
House=GDI
Script=0A5972A0
Whiner=no
Droppod=no
Suicide=no
Loadable=no
Prebuild=no
Priority=7
Waypoint=I
Annoyance=no
IonImmune=no
Recruiter=no
Reinforce=no
TaskForce=0C6F1AD0
TechLevel=0
Aggressive=no
Autocreate=no
GuardSlower=no
OnTransOnly=no
AvoidThreats=no
LooseRecruit=no
VeteranLevel=1
IsBaseDefense=no
OnlyTargetHouseEnemy=no
TransportsReturnOnUnload=no
AreTeamMembersRecruitable=no

[0C6F1AD0]
0=1,DSHP
1=3,HVR
Name=1 drop, 3 mlrs
Group=-1

[AITriggerTypes]
0C4A01A0=Pool 4,071FE950,Nod,3,-1,<none>,0000000000000000000000000000000000000000000000000000000000000000,20.000000,20.000000,40.000000,0,0,0,0,<none>,1,1,1
0C4A02B0=Pool 3,071FEB00,Nod,4,-1,<none>,0000000000000000000000000000000000000000000000000000000000000000,50.000000,20.000000,50.000000,0,0,0,0,<none>,1,1,1
0C4A03C0=Pool 2,071FECB0,Nod,2,-1,<none>,0000000000000000000000000000000000000000000000000000000000000000,30.000000,20.000000,50.000000,0,0,0,0,<none>,1,1,1
0C4A04D0=Pool 1,071FC560,Nod,1,-1,<none>,0000000000000000000000000000000000000000000000000000000000000000,50.000000,30.000000,50.000000,0,0,0,0,<none>,1,1,1

[AITriggerTypesEnable]
0C4A01A0=yes
0C4A02B0=yes
0C4A03C0=yes
0C4A04D0=yes
06FA4BE0-G=yes
080D4120-G=yes
080D4320-G=yes
080D5620-G=yes
080D5720-G=yes
080D5920-G=yes
080D5C20-G=yes
080D6120-G=yes
080D6220-G=yes
080D6920-G=yes
080D6D20-G=yes
080D7820-G=yes
080D7D20-G=yes
080DA220-G=yes
080DA320-G=yes
080DA820-G=yes
080DA920-G=yes
080DBB20-G=yes
080DBC20-G=yes
080E8920-G=yes
080E8C20-G=yes
080E8D20-G=yes
080E8E20-G=yes
0859C1E0-G=yes
0859C2E0-G=yes
0859DE20-G=yes
085A31B0-G=yes
085A3580-G=yes
085A3680-G=yes
085A3D20-G=yes
085A4D20-G=yes
091002C0-G=yes
09101470-G=yes
09101920-G=yes
09101A20-G=yes
09101D20-G=yes
09798200-G=yes
09A92A20-G=yes
09EF4530-G=yes
0AA34260-G=yes
0AA34360-G=yes
0AA34BA0-G=yes
0AA34CA0-G=yes
0AA35070-G=yes
0AA35980-G=yes

[Actions]
01000000=3,71,0,1017370378,0,0,0,0,A,72,0,990057071,0,0,0,0,A,73,0,55,0,0,0,0,A
01000002=2,11,0,529,0,0,0,0,A,17,0,25,0,0,0,0,A
01000004=3,11,0,441,0,0,0,0,A,21,0,77,0,0,0,0,A,53,2,06F15710,0,0,0,0,A
01000006=2,52,0,3,0,0,0,0,A,56,0,4,0,0,0,0,A
01000008=2,99,0,161,0,0,0,0,AA,57,0,4,0,0,0,0,A
01000010=3,71,0,1010413412,0,0,0,0,A,72,0,1053609165,0,0,0,0,A,73,0,40,0,0,0,0,A
01000012=3,71,0,1010413412,0,0,0,0,A,72,0,1053609165,0,0,0,0,A,73,0,68,0,0,0,0,A
01000014=1,20,0,1,0,0,0,0,A
03C8A540=5,17,0,0,0,0,0,0,A,17,0,4,0,0,0,0,E,17,0,7,0,0,0,0,H,17,0,9,0,0,0,0,J,17,0,10,0,0,0,0,K
06EA3700=1,56,0,3,0,0,0,0,A
06EA38F0=1,17,0,6,0,0,0,0,G
06EA4470=5,17,0,16,0,0,0,0,Q,17,0,17,0,0,0,0,R,17,0,18,0,0,0,0,S,17,0,19,0,0,0,0,T,17,0,20,0,0,0,0,U
06EA4A50=1,17,0,15,0,0,0,0,P
06EA4D30=1,17,0,14,0,0,0,0,O
06F150E0=2,11,0,444,0,0,0,0,A,21,0,120,0,0,0,0,A
06F15710=2,11,0,441,0,0,0,0,A,21,0,77,0,0,0,0,A
06F2EA40=1,7,1,0A5975A0,0,0,0,0,A
06F2EF30=1,7,1,0A596F40,0,0,0,0,A
06F95170=2,11,0,443,0,0,0,0,A,21,0,74,0,0,0,0,A
06F95830=1,11,0,439,0,0,0,0,A
06F968A0=1,11,0,446,0,0,0,0,A
06F96ED0=1,11,0,445,0,0,0,0,A
06FE2580=1,80,1,06FE05C0,0,0,0,0,Y
06FE3E10=1,80,1,06FE05C0,0,0,0,0,Y
06FE50C0=1,3,0,1,0,0,0,0,A
06FF1930=1,11,0,433,0,0,0,0,A
072CD120=1,11,0,440,0,0,0,0,A
072CD720=2,11,0,435,0,0,0,0,A,56,0,1,0,0,0,0,A
099C4250=1,11,0,438,0,0,0,0,A
09A08B10=1,11,0,434,0,0,0,0,A
09A0DE80=1,2,0,0,0,0,0,0,A
09A3D6F0=1,1,0,0,0,0,0,0,A
09A62080=2,11,0,437,0,0,0,0,A,56,0,1,0,0,0,0,A
09A63A80=3,11,0,442,0,0,0,0,A,56,0,2,0,0,0,0,A,21,0,118,0,0,0,0,A
09A682F0=1,11,0,436,0,0,0,0,A
09A80790=2,11,0,448,0,0,0,0,A,17,0,13,0,0,0,0,N
0C14B670=3,74,0,1,0,0,0,0,A,3,0,1,0,0,0,0,A,56,0,3,0,0,0,0,A
0C14CD80=1,74,0,1,0,0,0,0,A
0C3986A0=2,17,0,21,0,0,0,0,V,11,0,449,0,0,0,0,A
0C399400=2,17,0,22,0,0,0,0,W,11,0,450,0,0,0,0,A
0C3999E0=1,11,0,451,0,0,0,0,A
0C6F10F0=1,7,1,0C6F0F40,0,0,0,0,A
0C6F2B50=1,7,1,0C6F19F0,0,0,0,0,A

[Basic]
Win=<none>
Lose=<none>
Name=Tutorial 2: Clean Sweep
Brief=<none>
Intro=<none>
Theme=No theme
Action=<none>
Player=GDI
Percent=0
GameMode=Custom Map
HomeCell=98
InitTime=10000
Official=yes
EndOfGame=yes
FillSilos=no
FreeRadar=no
MaxPlayer=8
MinPlayer=2
PostScore=<none>
SkipScore=no
SpeechSide=GDI
TrainCrate=no
TruckCrate=yes
AltHomeCell=98
OneTimeOnly=yes
CarryOverCap=0
NewINIFormat=4
NextScenario=Maps\Missions\gdi1a.map
PreMapSelect=<none>
TimerInherit=no
RequiredAddOn=0
SkipMapSelect=yes
CarryOverMoney=0.000000
AltNextScenario=Maps\Missions\gdi1a.map
MultiplayerOnly=0
IceGrowthEnabled=yes
StartingDropships=0
VeinGrowthEnabled=yes
TiberiumGrowthEnabled=yes
IgnoreGlobalAITriggers=no
TiberiumDeathToVisceroid=no

[Briefing]
1=Nod forces are faster than we thought. The staging base you destroyed was
2=a secondary base they were bringing on-line. We've located their main
3=base, and need it removed in order to secure the area.@@GDI has already
4=established a foothold in the area, but needs an experienced commander to
5=take charge and finish the Nod base off. That's where you come
6=in.@@Locate the Nod base and use whatever means necessary to destroy it.

[CellTags]
46089=0C399F10
46090=0C399F10
46091=0C399F10
46092=0C399F10
46093=0C399F10
46094=0C399F10
46095=0C399F10
46096=0C399F10
46097=0C399F10
46098=0C399F10
46099=0C399F10
47089=0C399F10
47090=0C399F10
47091=0C399F10
47092=0C399F10
47093=0C399F10
47094=0C399F10
47095=0C399F10
47096=0C399F10
47097=0C399F10
47098=0C399F10
47099=0C399F10
47100=0C399F10
53020=0C14CE30
53021=0C14CE30
53022=0C14CE30
53023=0C14CE30
53024=0C14CE30
53025=0C14CE30
53026=0C14CE30
53027=0C14CE30
53028=0C14CE30
53029=0C14CE30
53030=0C14CE30
53031=0C14CE30
53032=0C14CE30
53033=0C14CE30
53034=0C14CE30
54034=0C14CE30
54035=0C14CE30
54044=06EA5CE0
55035=0C14CE30
55045=06EA5CE0
55046=06EA5CE0
56035=0C14CE30
56045=06EA5CE0
56046=06EA5CE0
57035=0C14CE30
57045=06EA5CE0
57046=06EA5CE0
58035=0C14CE30
58046=06EA5CE0
59035=0C14CE30
60035=0C14CE30
61035=0C14CE30
62035=0C14CE30
63035=0C14CE30
64035=0C14CE30
65035=0C14CE30
66035=0C14CE30
67035=0C14CE30
68035=0C14CE30
69016=0C14CE30
69017=0C14CE30
69018=0C14CE30
69019=0C14CE30
69034=0C14CE30
69035=0C14CE30
70019=0C14CE30
70020=0C14CE30
70021=0C14CE30
70022=0C14CE30
70023=0C14CE30
70024=0C14CE30
70025=0C14CE30
70026=0C14CE30
70027=0C14CE30
70028=0C14CE30
70029=0C14CE30
70030=0C14CE30
70031=0C14CE30
70032=0C14CE30
70033=0C14CE30
70034=0C14CE30
76045=06EA5CE0
78040=06EA5CE0
78041=06EA5CE0
78042=06EA5CE0
78043=06EA5CE0
79040=06EA5CE0
79041=06EA5CE0
79042=06EA5CE0
80040=06EA5CE0
80041=06EA5CE0
81038=06EA5CE0
81039=06EA5CE0
81040=06EA5CE0
82038=06EA5CE0
82039=06EA5CE0
85035=09A81F80
86034=09A81F80
86035=09A81F80
87034=09A81F80
87035=09A81F80
87036=09A81F80
90049=09A81F80
90050=09A81F80
91049=09A81F80
91050=09A81F80
92049=09A81F80
92050=09A81F80
93047=09A81F80
93048=09A81F80
93049=09A81F80
93050=09A81F80
94047=09A81F80
94048=09A81F80
94049=09A81F80
94050=09A81F80
95047=09A81F80
95048=09A81F80
96047=09A81F80
96048=09A81F80
97047=09A81F80
97048=09A81F80
98047=09A81F80
98048=09A81F80
99047=09A81F80
99048=09A81F80
100047=09A81F80
100048=09A81F80
101047=09A81F80
101048=09A81F80
102047=09A81F80
102048=09A81F80
103047=09A81F80
103048=09A81F80
104047=09A81F80
104048=09A81F80

[DummyForg]
IQ=0
Edge=North
Side=Forgotten
Color=Green
Allies=DummyForg
Credits=0
ActsLike=0
NodeCount=0
TechLevel=1
PercentBuilt=0
PlayerControl=no

[DummyGDI]
IQ=0
Edge=North
Side=GDI
Color=Gold
Allies=DummyGDI
Credits=0
ActsLike=0
NodeCount=0
TechLevel=1
PercentBuilt=0
PlayerControl=no

[DummyNod]
IQ=0
Edge=North
Side=Nod
Color=DarkRed
Allies=DummyNod
Credits=0
ActsLike=1
NodeCount=0
TechLevel=1
PercentBuilt=0
PlayerControl=no

[DummyScion]
IQ=0
Edge=North
Side=Scion
Color=DarkBlue
Allies=DummyScion
Credits=0
ActsLike=3
NodeCount=0
TechLevel=1
PercentBuilt=0
PlayerControl=no

[Events]
01000000=1,47,0,0
01000002=1,4,0,0
01000004=2,13,0,45,37,0,2
01000006=1,35,0,0
01000008=2,36,0,4,13,0,4
01000010=1,47,0,300
01000012=2,45,0,40,13,0,180
01000014=1,47,0,0
03C8A540=1,47,0,0
06EA3700=1,1,0,0
06EA38F0=1,4,0,0
06EA4470=1,36,0,3
06EA4A50=1,4,0,0
06EA4D30=1,4,0,0
06F150E0=1,13,0,180
06F15710=2,13,0,180,37,0,2
06F2EA40=1,47,0,30
06F2EF30=1,47,0,20
06F95170=1,30,0,0
06F95830=1,32,0,15
06F968A0=1,32,0,46
06F96ED0=1,32,0,9
06FE2580=1,47,0,60
06FE3E10=1,47,0,70
06FE50C0=2,36,0,2,13,0,300
06FF1930=1,47,0,2
072CD120=2,36,0,1,13,0,30
072CD720=1,32,0,5
099C4250=1,32,0,10
09A08B10=1,47,0,12
09A0DE80=1,11,0,0
09A3D6F0=1,10,0,1
09A62080=1,32,0,8
09A63A80=1,19,0,8
09A682F0=1,19,0,1
09A80790=1,1,0,0
0C14B670=1,1,0,0
0C14CD80=2,36,0,2,13,0,480
0C3986A0=1,1,0,0
0C399400=1,4,0,0
0C3999E0=1,38,0,0
0C6F10F0=2,13,0,480,36,0,2
0C6F2B50=2,51,0,480,36,0,2

[Forgotten]
IQ=0
Edge=North
Side=Forgotten
Color=Green
Allies=Forgotten
Credits=0
ActsLike=0
NodeCount=0
TechLevel=1
PercentBuilt=0
PlayerControl=no

[GDI]
IQ=0
Edge=East
Side=GDI
Color=Gold
Allies=GDI,Neutral
Credits=100
ActsLike=0
NodeCount=0
TechLevel=4
PercentBuilt=100
PlayerControl=yes

[Houses]
0=GDI
1=Nod
2=Forgotten
3=Scion
4=Neutral
5=Special
6=DummyGDI
7=DummyNod
8=DummyForg
9=DummyScion

[Infantry]
0=Nod,E1NOD,256,33,67,1,Area Guard,0,None,0,-1,0,1,1
1=Nod,E1NOD,256,33,69,3,Area Guard,0,None,0,-1,0,1,1
2=Nod,E1NOD,256,31,65,1,Area Guard,0,None,0,-1,0,1,1
3=Nod,E3,256,31,69,2,Area Guard,0,None,0,-1,0,1,1
4=Nod,E1NOD,256,39,64,3,Area Guard,0,None,0,-1,0,1,1
5=Nod,E1NOD,256,41,64,2,Area Guard,0,06EA32E0,0,-1,0,1,1
6=Nod,E1NOD,256,41,63,2,Area Guard,0,None,0,-1,0,1,1
7=Nod,E1NOD,256,41,65,2,Area Guard,0,None,0,-1,0,1,1
8=Nod,E1NOD,256,30,48,2,Sticky,0,06EA48E0,0,-1,0,1,1
9=Nod,E1NOD,256,32,49,3,Area Guard,0,None,0,-1,0,1,1
10=Nod,E1NOD,256,31,74,1,Area Guard,0,None,0,-1,0,1,1
11=Nod,E1NOD,256,30,75,3,Sticky,0,06EA4BC0,0,-1,0,1,1
12=Nod,E1NOD,256,61,110,1,Area Guard,0,None,0,-1,0,0,0
13=Nod,E1NOD,256,61,111,0,Area Guard,64,None,0,-1,0,0,0

[IsoMapPack5]
1=Cg8AIAE8AAEAgAACCgA7AAKEAQEACgA8KCkAPSgrADoAA+EEOygpADwoKQA9KCkAPigrAD
2=kABPkGOigpADsoKQA8KCkAPSgpAD4oKQA/KCsAOAAF8Qk5KCkAOigpADsoKQA8KCkAPSgp
3=AD4oKQA/KCkAQCgrADcABukMOCgpADkoKQA6KCkAOygpADwoKQA9KCkAPigpAD8oKQBAKC
4=kAQSgrADYAB+EPNygpADgoKQA5KCkAOigpADsoKQA8KCkAPSgpAD4oKQA/KCkAQCgpAEEo
5=KQBCKCsANQAI+RE2KCkANygpADgoKQA5KCkAOigpADsoKQA8KCkAPSgpAD4oKQA/KCkAQC
6=gpAEEoKQBCKCkAQygrADQACfEUNSgpADYoKQA3KCkAOCgpADkoKQA6KCkAOygpADwoKQA9
7=KCkAPigpAD8oKQBAKCkAQSgpAEIoKQBDKCkARCgpADNAbY8XCgA0KCkANSgpADYoKQA3KC
8=kAOCgpADkoKQA6KCkAOygpADwoKQA9KCkAPigpAD8oKQBASQFdfxEKAEFJAT+pAUJIAWQB
9=WQBDTADJAURKAf//UwEKAEUoKwAyAAtIAksACgAzKCkANCgpADUoKQA2KCkANygpADgoKQ
10=A5KCkAOigpADsoKQA8KCkAPSgpAD4oKQA/SQFEVBFBFEDKAQEGThsLAGwbAQIGAEJUAmgB
11=AQMKAENJAUKtBUTJAQFtGwtEA1sCCgBGVQJARAFTCTEADGEBAEkBMigpADMoKQA0KCkANS
12=gpADYoKQA3KCkAOCgpADkoKQA6KCkAOygpADxIAcU0PUkBQXcQCgA+yAFdFT9IAWQeTRtA
13=SAF8A1WLQUkBgmi7ZR4Mkh8FBl0aDEAgAwAAAgYAREAEch8DBlU5DEYDAABBJUZUAmQeQQ
14=RHyAFDBDAADZgKUR8xKCkAMigpADMoKQA0KCkANSgpADYoKQA3KCkAOCgpADkoKQA6KCkA
15=O0kBRmgPddMNXDGRFD1UAnwgURQ+yAFRFD9JATJvBQUAQEkBjnEfBUY/DQDJAUJVAo21Ak
16=MoKQBEKCkARSgpAEYoKQBHKCkASCgrAC8ADmwNfUEwKCkAMSgpADIoKQAzKCkANCgpADUo
17=KQA2KCkANygpADgoKQA5KCkAOkgB3UE7SAF0I10gPEkBfG8bBgA9SQF0qQE+SQF6qQE/SQ
18=GLaAF2Iw4AjAV3Iw4AdrUCQkAEmScET0EOAIx1AgRURCcpAEVABNUCRigpAEcoKQBIKCkA
19=SUgBlC4CBAAuAA/hJS8oKQAwKCkAMSgpADIoKQAzKCkANCgpADUoKQA2KCkANygpADgoKQ
20=A5KCkAOkkBTHQQIr4jDwBoAU1dPFUCe3gcbyYPAHmpAT5UAp0gBVFmD1gXXAZvJg8Af2AE
21=bCbNBQVKaQ8AkCpvJg8AI2AEbCbFHgREaydVAEZcCpenBABHKCkASCgpAEkoKQBKKCsALQ
22=AQQBBJAApIEScpAC8oVQAwKCkAMSgpADIoKQAzKCkANCgpADUoKQA2KCkANygpADgoKQA5
23=KCkAOkgBeScCZSkQhClJbzxVAn1wH2YpEADZJz5VAi5FFwBkKdUCBE1zEKFyBExzJykAQu
24=wFZykQACBwCWcpEAAdqQFFQQQXqQFGSQEZqQFHSQEfqQFISAHdK0koKQBKKCkASygrACwA
25=EXwScXctKCkALigpAC8oKQAwKCkAMSgpADIoKQAzKCkANCgpADUoKQA2KCkANygpADgoKQ
26=A5KCkAOkkBS2wTfisRAGgBh1URAIF4HH0rEalOBU/AEQB+dAJ8K9QCfCvMG30rEe1SQlwK
27=eQoAfysRACJ4BnwrJ60ARUAE1S5GSQEaoQRHSAHZBkhIAcFcSUgByS1KKCkASygpAEwoKw
28=ArABKACEnHLCgpAC0oKQAuKCkALygpADAoKQAxKCkAMigpADMoKQA0KCkANSgpADYoKQA3
29=KCkAOCgpADkoKQA6SAFoLZVaEpQulVoS6Vk9QATJWT5IAYwxdS4SrDF3LhIAJa0mQUEEHK
30=kBQkgB3VdDSAHRKkRIAYwifYMS7V1GVALZBkdIAdkGSEkBHrEJSUgBJ9YFEgDJAUsoVQBM
31=KCkATSgrACoAE5ANQTArKCkALCgpAC0oKQAuKCkALygpADAoKQAxKCkAMigpADMoKQA0KC
32=kANSgpADYoKQA3KCkAOCgpADlJAUV7FAoAOsgBAQEGADtIAc2JPEgBwTA9SAGXAgQAPkgB
33=2cw/SAGABG4xEwAjTCpkYNEfBEy1JykAQ00FJLEqREgByS1FSAHJLUZIAcUIR0kBLGcTBA
34=BISQEtqQFJSAHZPUpIAcmQS0gB2TJMKCkATSgpAE4oKwApABRoCWmQKigpACsoKQAsKCkA
35=LSgpAC4oKQAvKCkAMCgpADEoKQAyKCkAMygpADQoKQA1KCkANkkBXWMSCgA3SAEidCVBRj
36=jIAQEBCgA5SAFmNAIGRTQU/WI7VAKXLgUAPEgB2TI9SAGUAmc0FAAhqS0/VQIdqQFAKCkA
37=QSgpAEJJARuhBENIAdUuREkBiLUCRUkBhqkBRigpAEdJATBoF2c0FAAxqQFJVALNBUpIAd
38=02S0kBJ6UITEgB0TVNKCkATigpAE8oKwAoABV0CnE1KSgpACooKQArKCkALCgpAC0oKQAu
39=KCkALygpADAoKQAxKCkAMigpADMoKQA0KCkANUgBIsQvRTQ2yAFVZTdIAXw2RTQ4yAFRmD
40=lIAZkyBV42FQCZMgVHaxUAgnwgfTYV8Zg9TAWcHH02FfHEP1QC0WFASAHZMkFIAdEqQkkB
41=JnAJb8sVAIWpAURUAtXTRUgBmwYFAEZIAZsGBQBHSAHBBEhIAcEESUgBwQRKSAHVOUtIAZ
42=cCBABMSAHd0E1IAZsGBABOSAHVRE9IAcU/UCgrACcAFogbTSYoKCkAKSgpACooKQArKCkA
43=LCgpAC0oKQAuKCkALygpADAoKQAxKCkAMigpADMoKQA0SQFdYxIKADVIAXQ5AQIGADZIAS
44=NlLgZWcBYAJekuOFQCyTg5SAHJODpIAZUCBFU5FiZJJTxUAoMEBAA9SAHNlD5IAcmbP0gB
45=fQ4Af6QWAIOxNUFUAsktQkgB2SdDSAHFa0RJAYFvBQUARUgBmAZ3ORYAibUCR1QCwQRISA
46=HBBElJASp7DQUASkgB3RVLSAHRFExIAc1HTUgBzUdOSAF0BgEABQBPSAGPPAUAUEkBh7UN
47=UUgBmD0CBQAmABeIBUE7JygpACgoKQApKCkAKigpACsoKQAsKCkALSgpAC4oKQAvKCkAMC
48=gpADEoKQAyKCkAMygpADRJAU1sE248FwBpAQFuPBcAJa0sN0AEh2sGADhIASMlMQVGrRcA
49=3WI69AJtPBcmgSE8VALdpD1IAWQMVTk+SAGDJQQAP0gByThASAHJOEFIAYAEIt4yFwDFKU
50=NUAskBREgB0SpFSAGYBm08F6yqZnYXAMEESCiBAElIASeNBxe/QQQAS1QCJ6YVFwCBDwRO
51=IBcAnApldhfpkE9MBYQ/bDzXOQYAUVQCjxsGAFIoKwAlABiQAlk9JigpACcoKQAoKCkAKS
52=gpACooKQArKCkALEgB1XAtSAF0p10KLsgBVd4vSQE+fQ0KWBYn4QExVAJwAk0FMigpADNI
53=ASI0PlUCNMgBWT01SQGAcFZmPxgAJZE5N1QCkWEFRT8Y9bI5VQKBbAVttRi0LmY/GADNnz
54=xABCXpLj1IAYwQbbUY/Xg/VAKILSLFOhjtPEFUApQuZD/UGCIsSCcpAERABJAJIixIJ1UA
55=RihVAEcoKQBISAHRVklJAYq9FUpIAcGIS0gB1U9MSAGAD2U/GLFABU61GACABHV7GEArSA
56=9kPyfhAVFZBldQAkEwUkkBU0gBUSpTyAFXAiQAGST/KwoAJUgBfANBBCYoKQAnKCkAKCgp
57=ACkoKQAqKCkAK0gB3TYsygEBBkYuGQB8QVWyLlQCaAEBAwYAL0gBfEFVAjDKAQMKQjUZAC
58=IoTU0QMlQCaAFRFDNIAXwKTQU0SAHZPTVIASPJKgVWvRkAJT1KN1QChKJ9QRkkdyUEADlU
59=Ao8FBAA6SQEzfBx9QRnxbDxUAic9CBm8K31BGbAqZ4EZAISlNEBMBWEIACI1VBmEAUkBQi
60=hVAEMoKQBEKCkARSgpAEYoKQBHKCkASCgpAElIAZBAdb0Z9U9LVAKdVwVN9xnpm01VAi90
61=EH1BGSS4SX5BGQCYHH5BGQByQAIKRIGoAUktUlgGI9cmCgBTKCkAVCgoAAIjABoAYFwKQT
62=AkSAHNBSVIAVACIgEnJigpACcoKQAoKCkAKSgpACpIAd2DK0gB1TksSAGQCXVEGoQBRSku
63=KFUALygpADBIAWJGBQZVRBqURF1BMlQCdERFSjNIAclDNEgB0UA1SQGCvTY2SAGDBAQAN0
64=gBJQVOOEgBjAV2RBoAJUEkOlQCkCp1RBq7igQAPFQCJ5UIGkxYSBZ1RBqoLXVEGiiUCCdB
65=A0FZBlZIBVVaQsgBUSpDSAHBckTIAVUCRUkBUa0FRsgBTWhHSAFwAlUjSCgpAEkoKQBKSA
66=HNiUtIAcHgTEgBJa1NTUkBeL0gTkgBI0AkdUQaJJQpd0QaAGFsDHVEGvGCUkwFxT9TKCkA
67=VCgpAFUoKwAiABt9BwBRFCNJAV9zAQoAJEgBxQglSAFwAl0gJigpACcoKQAoKCkAKSgpAC
68=pJAUp/BgoAK8gBSSIsSAFwAlUNLSgpAC4oKQAvKCkAMCgpADFIAcElMkkBfmkiBlo3GwDd
69=rzRUAtVENUgB1YY2SAHVRDdIAYUIBEfOGwAhZAhuRxsAJWEoOkAEhxMEADtIASXlKDxIAc
70=EEPUgBxQg+SQGDpQg/SAEnhBEnJQVBVAJsR1F3QkgBnAoivGXDBAoARChVAEVJAWNkBCK/
71=ZRsAVKkBR1QCaAFRS0hJAVC1AknIAUUpSkgBcAJFKUtIAd2OTEgBJYkiTSgpAE5IAcmQT0
72=gB3RVQSAHZPVFIAdk9UigpAFMoKQBUKCkAVSgpAFYoKwAhAByUEVkRIigpACNIAWgMVRgk
73=SAHJDCVIAZMFCgAmKCkAJygpACgoKQApKCkAKkkBSlwGUSorygEDBlG+HCS0Q3SRJw0CLk
74=AESAV1Wi8oKAAFMAAcAIACAAARAABHEAAgCAAGADEAHAB4AgAASAECMgAcAHmpATNJAYpr
75=AQUANEkBiWsBBAA1SQEhqQE2SQEdqQE3SQEZqQE4SQEeqQE5SAFUCgIAAAQAOkkBLG8BBA
76=A7SQGGoQQ8KCkAPSgpAD5JATCtBT9JAYRvBQUAQEgBcAJRFEFJAWBvAQoAQkgBZAEBAAoA
77=Q0kBMm8BCQBESQGOewYJAEUoKQBGKCkARygpAEhJATO5BklJAVBIAQEECgBKyAEBBQYAS0
78=gBUAJ1I0woKQBNKCkATkgBwSVPSAHdFVBJAV9cBgEBCgBRSgH//08BCgBSKCkAU0kBXVAC
79=SRdUSQFBqQFVyAFZBlZJAT+1AldIAccIIAAdbAJ5ESEoKQAiKCkAI0kBPGsECgAkSAHZBi
80=UoKQAmKCkAJygpACgoKQApKCkAKkkBTbEJK8gBAQEGACxIAYstBQAtSAGLLQUALkgBhykF
81=AC9IAcEEMEgBwQQxSQGNezIFADIoKQAzSQEuaAx+TB0AJ58JHQAmbwUEADZABHwDWUg3SQ
82=EitQI4SAHFSjlIAcVKOkgBzUc7SAGDBAUAPEkBh3sGBQA9KCkAPigpAD9IAZgGfEwnfQVB
83=VAJ8TE0xQkgBgRoJXUwdSB1AEn9MHQAjfAp8TNsGCQBGTQUltQJHSQEbqQFISQGFqQFJSQ
84=FjQAhFP0pJAVKpAUvIAVUNTEgBYFFBBE3IAVUuTkkBMW8FBQBPSAHdFVBIAdk9UUgB2T1S
85=SQFEbwUKAFPIAUUIVEgBfEwBAgYAVcgBAQMGAFZIAXxMVQJXyAEBAwoAWEkBQqcIHwAeYA
86=FpTiBIAYsMBgAhSAGbAgYAIigpACNIAXgRUQkkyAFRCSVIAWAPQRomyAFZHCdIAWAPVQIo
87=SAGfCgoAKUgByRcqyAFJFytIAdUNLEkBi2UpBVdPHgALeAJ3Tx4Ag7UCL0AEm0gFADBJAX
88=61AjFIAYk4BFdPHgCMdwIEADNUAskBNEgBgFF0nMQedk8eAMGeN0EEGrkGOEgBlw0EADlI
89=Ad1MOkgB3Uw7SAHFNDxJAXx5BgZXTx4AeqkBPlQCZBddmT8oKQBAKCkAQUgBYIhVI0JIAY
90=Q/dU8eVB5AB3ZPHgCQYXRP3BV0TycpAEdYBsEESEkBL1QGAQAJAElIAYFyCVWcHkAgWQIJ
91=VJzbBgoATEAETQIAQQ9NSAFgUUWiTsoBBQZUT88FBgBQVQI8UAVZPVHIAVk9UkgBaDhVAl
92=NIAYc0BgBUKCkAVUgBVAZlSlYoKQBXSAF8QUkMWEgBdE9FCFnKAQMGQQEfTDdDBwUAH0QA
93=zYkgKCkAIUgByZAiSAFEBWkMIygpACRIAXwVSQwlSAFsUkkMJsgBSQwnSAFsEFUCKMgBQR
94=opSAHBGipIAd0KKygpACxIASdNCh+eAwAFWYQfSKFUAWWiH1gBiQEwTQWBcUAFRu8fAJgG
95=bFLYBm1SH7mKBETvJ1UANVgGwVE2SQEcZwgEADdIAdntOEkBg7UCOUgB3dA6SAFYDn0gO0
96=kBgGEEBkaiHwDd/D1UAsEEPigpAD8oKQBAKCkAQUgBbFJRd0JIAZgGZO/UGG1SH7i2bFLI
97=F2xSJykAR1gGn7oJAEhIAYQIbFLEHmxSzCZuUh8AxVVMTAWDOwkATUgB1adOSQFVaQgKTV
98=IfXOxNAQpMUqoBAQZFAh9KHQAAWT1STAVYA30gUygpAFRIAZGCBUSi1Q0FRqIfAJcNBQBX
99=QATZBlgoKQBZKCkAWigrAB0AIPlTHkgBjIlkVdUCBE0CIL0KBFWnIOlDIlwCyVkjKCkAJE
100=gBkx8FACVIAdkRJkgB2REnKCkAKEgBcFZZHClIAd1tKkgBzRsrSAHJDCxIAcUTLUgBgQQE
101=SVMg5aIvVAKVDQRUpyfpAjFUApgGZVUg5aIzVALFojRIAYQTdacgoJN2pyAAkKNmVSAA1f
102=Q4TAWQo3anIAAnpQoggAgBAAYAO0AEjAFkVSdVAD0oVQA+KCkAPygpAEBJAVp/BgoAQcgB
103=hFXUGHWnIEgdRARkVdwKZFUnKQBGWAZZAwBdpEcoKQBIKCkASUgB3VdKSAHNBUtIAZUuCV
104=enIACFcGxkVd8KCgBOQASMBWVVIFRVUAFkVagBhFXPBQYAUkwFmzIFAFNIAdFAVEgBgDBk
105=VcwFZFUnGQlXQATNBVgoKQBZSAGXOQUAWkgBWA5lYFsoKQAcSFHVAh1IASUgK0zeqVkEWV
106=shrCZ9VyGwVn1XIeFGIlgGyegjSAGXDQQAJEgBxe8lSAGTzwUAJkgBwVEnKCkAKCgpACko
107=KQAqSAHFHitIAYkiBFRJJ+EBLVQCgAR9VyHppi9UApQNfFcn6QIxVAIjUCZ+VyEA1aczVA
108=LJATRJAR18Nn5XIQDNqjZUAs2qN0gBi1kFADhIAd38OUgBi1kFADpIAcUpOygpADwoKQA9
109=KCkAPkkBWHMFCgA/SAHRmEBIAX1XAn1XIXgDcfBCVAIn9R8hKPQfwAR8VycpAEZMBZ8GCQ
110=BHKCkASCgpAEkoKQBKKCkASygpAExIASf8CtwKfFcnKQBPQASIDH1XIYlZBCKMM6kBBX1X
111=IbDafFfZBgVU/ycpAFXkCHxXJ1UAVyhVAFgoKQBZSQGFeDJ8V88FBgBbVAKPEAYAXCgrAB
112=sAIpACQYgcKCkAHUgBJ1ULIkjuTAR1WiKkKXRa2AZ0WicpACJZBiNjDwQAI0gBjBB3WiIA
113=f3QCdrIiACMsJ3VaIvVlJ0wF0WEoKCkAKUgB3WIqSAHJWStIAd1XLEgB1Q0tSAFIFCLVPC
114=5JASR1DQRabiIA2VMwVQIftQIxSAGMUndaIgCItQIzVALJATRIAdGuNSgpADZIAZBWdbIi
115=/a84VAKTmAYAOSgpADpIAZgRdLLUI3WyIlTkXwIKAD1BBFZEAUWtPkkBXEkBAHRayyIJAE
116=BUAoGTCVWyIuX6QlQCgCV1siKkjHSyyAx0WicpAEZMBXgKlLInVQBIKFUASSgpAEooKQBL
117=KCkATEgBkIJ0sicNAk5UApkyCVtYIgBdbAx3WiIASGgBIvwg1A10WsxHdFrMR3RawAR0si
118=cpAFZcCmEIACL+ICIAI2MzBQBYVALJAVlIAZgRdFrZEQVUWicpAFxABIUTBVQS3woGABpI
119=UZ8KBgAbKCkAHCgpAB1IAYuFBQAeSQEtcAUiBSIjJlk9IFQCcQIAbV0jhAFJASJUAiOgMG
120=1dI0xNQANtXSOzNQQAJUAEiTgERbgjszUEACdUAiVFKihIAc1SKUgBjxsEACpIAcFcK0gB
121=VAp1WixIAdUNLUgB1QIuSAHJWS9IAd1XMEgB3VcxSAHRVjJJAYBvXQUAM0kBdqkBNEgBhw
122=gFADVIAcG0NigpADdIAYQIZLjQH2xdJykAOkAEmBFsXSdVADxUAmBcVbI9SAGDBAoAPigp
123=AD9IASMUL25dIwCYzG5dIwAl7T9CQASYBmxd3ApsXScpAEUogQBGKCkARygpAEgoKQBJKC
124=kASigpAEsoKQBMKCkATSgpAE5IAZCYb10jAEt8EWxdqAEjBSIjs5gFAFJMBYxzbF3YPWxd
125=3BVsXScpAFZMBWwJjF0nVQBYKFUAWSgpAFooKQBbKCkAXEgBhBNsXccIBgBeVAKfCgYAGS
126=EwIckBGkgBAREBAABdFRtIAdUCHCgpAB0oKQAeSAHBvx9IASNEQHW9JCTIQGVgJLE1BFdt
127=JAAceEhnYCQAHakBJFgGJVlTJUgBlDllYCScDkFnJ1QCIzcoBAAoSAGbAgQAKUgBkEBkYC
128=cxAStUAt0KLEkBGqkMLUgB2QYuSAGcIHa9JAAl8SQwVALVWjFJASlxBQVBNSS412dgJACB
129=cAki/UwkJOwpZGDTFAYANlgGdAYBAAYANygpADgoKQA5SAGDkwYAOigpADsoKQA8SQE9aA
130=h3vSQAYqkBPlQCZAGVvSSg62RgxBNlYCQmMThC7AVkYMQTZGAnKQBFKIEARigpAEcoKQBI
131=KCkASSgpAEooKQBLKCkATCgpAE1IAYPrCQBOSAGcK2VgJIRgSXpQVAJxYQN1vSQm4SJSVA
132=KMG2Rg0BRlYCTxuVVABIwmIgwjJ4EAV1QC2QZYKCkAWSgpAFooKQBbKCkAXEgBhBNkYNAJ
133=ZGAnKQBfQASfCgYAGFCxyQEZSAFxYQRmwyUAaQEFZMOoAQEGBgAcQATNBR0oKQAeSAEnXw
134=wlADFkBH1iJSZ5NiFABN2vIigoAECbqE5nwyUAIGhOZsMlAMlZJkwFbAmeYiUAkFZ8Yidd
135=ASlBBIa5BiooKQArSAGA1SJvLyUAIqEELVQCxQguSAGYtn1iJe1dMFQCmcwFRRglJCwyf2
136=IlADlwEH1iJSRDJAUANEwFhAh9YiV4AyIRNDZUAowBfGInVQA4VQJXWgIBCkMJJQBRSAFB
137=XDpUAmkBAWXDJbBAIhYkJQB8YlUCPUEEYa0FPkgBI4cnCQA/SQErdAJ9YiW85nxi1w0JAE
138=JABH0DAHxiJ1UARFQCkB8iFSQltC4iFEUngQBHQATZBkgoKQBJKCkASigpAEsoKQBMSAGA
139=kyIWJCUAI4wzfWIltIZ/YiUASmALZMOoAU0bUVgGlERkw9Q5fGInKQBUQASIOGTD0BR8Ys
140=AlIhQkJ1UAWEwFZAxdxVkoKQBaSAHZaVtIAcEEXEkBhXxBfGLECHxiJykAX0AEjwUGAGAo
141=KwAXACaQAkGeGCgpABkoKQAaSQERVcgJdmUmAGkBCnRlqwELBgAh7GHlCB5NBTFwASIeJS
142=YAJVUhIFQCxR4hSQF8sRQiSAElMSIjSQGLdAJ2ZSYAJRUvJVQC2cwmSAHByidJAYOtBShI
143=AYU/BVTIJ7UBKlQC1Q0rSQGJrQUsSAHRzy1IAcUILkgBxQgvSAGfeAUAMEgBxQgxSQGCZA
144=h1ZSakP3RlJ80ENEAEYB5ZJzUoKQA2KCkAN0gBaGRVpzjJAQN1ZSaMqpRlqAFNRztABIA7
145=dWUm4Wc9VQJfbAwiHiUmAJwrdGXEHnVlJvleQUwFaAVJZEIoKQBDKCkAREgBhIF1ZSbxbE
146=ZUAtkGRygpAEgoKQBJKCkASigpAEsoKQBMKCkATUgBkCp1ZSZUKUQLdWUmlGVdIFBABGFn
147=A3XIJiSAISLNMCZE9UwFdWUm7ZRUTAUjVCx0ZdQudGUnKQBXQARRBgBJZFgoKQBZKCkAWi
148=gpAFsoKQBcSAGcIHVlJiTrLgUAXlQCI+suBQBfKCkAYEgBJX0xYUgBlw0GABYhSC/JARco
149=KQAYKCkAGSgpABooKQAbSQERWWkObmgnAGkBD29oJwAMVAJRQB5ABN0KHygpACBIAYtkBQ
150=AhSAElWT0iSQF5uVMjSQExfAZtaCewuWXOJ6hDIiUmJ/3FJ00Fg3gGZc4nJkk7KVQCj10G
151=ACpJAYpjBAUAK0gB3QosSAGJZARNCiegOyI0SScFAS9ABGgQUWEwSAGYBmXOJ7DlbGjYBm
152=1oJ+U/NEwF2QY1KCkANkkBmqkiN8gBTUc4SAGQFG1oJ4xoVQI6VAIlXSI7SAEjNChtaCco
153=DQ0nRjoAAEHVPkAElA0i3T0nhAFVcEBUApwrZM7UAmTOJygAAkMAJwAAEQAAvRAAIAYAAA
154=AACQBEACdcAEgAAQkARQAnKQBGKCkARygpAEgoKQBJKCkASigpAEsoKQBMKCkATUkBL0QM
155=AQAJAE5JATOpAU9JAU9rAQoAUMgBAQEGAFFIAXACAQAGAFJKAYsCUwEFAFNIAUABAgAABQ
156=BUKCkAVSgpAFYoKQBXKCkAWCgpAFkoKQBaKCkAWygpAFwoKQBdKCkAXigpAF8oKQBgSQGF
157=pRNhSgEfAU8TBgBiyAFXGBUAKEgCSwAGABYoKQAXKCkAGCgpABkoKQAaKCkAGygpABxJAQ
158=xIDAECBgAdyAEBAwYAHkkB2EQMVQ0fSAFFAQBNJiBJATFvAQUAIUkBiLEUIkkBLbUCI0kB
159=fLUCJEkBdqkBJUgBiy0EACZJASZ1AgRbGSgAg6kBKFQCizgFAClJAY53AgUAKkkBOb0KK0
160=gByQwsSQF+oQQtSQEsoQQuSQEwqQEvSAFkAV0VMCgpADFIAY8FBgAySQEpZwQGADNJAYZz
161=CQYANEgBiwwGADVJAZpIIgEEBgA2yAEBBQYAN8gBAQYJADjIAQEHCQA5SQFOcwkKADrIAU
162=0mO0kBf70KPEgBnyAGAD1JAT2tBT5JAWKpAT9IAWQBAQAKAEBIAZ8rCQBBSAGbEQkAQkgB
163=gwQJAEMoKQBEKCkARSgpAEYoKQBHSQEjbxAJAEhIAcUISSgpAEooKQBLSAGXIwkATEgBwQ
164=9NSQELfAZnaygAhbEJT1QCcAJdFVBIAXJsBApGaygAaQEFZmsoAJQYZmsoANVEVEwFiy0F
165=AFUoKQBWSAGXDQUAV0gBnwoFAFgoKQBZSgH//18CBQBaSAFAAXl0W0gB1QJcKCkAXSgpAF
166=5IAc0FXygpAGBJAYV3GAUAYUkBH0w8WV5iyAEBAwYAY0gBmwYGABRIUckBFSgpABZJATJ7
167=AgUAF0gBxVUYSAGfjgUAGUgBfANVTxooKQAbKCkAHCgpAB1IAXBsTRAeyAFNEB9IAcUIIC
168=gpACEoKQAiSAGbaQUAI0kBe6EaJEkBeakBJUgBgDB9bSmgMH5tKQCJZARSHCkA2XQpTQV6
169=uQYqSQGDqQErSQGJqQEsSQGBqQEtSAHZJy5IAdEULygpADBIAYFGBkFAKbR7fW0pTG5UBX
170=9tKQArRAFVIzRNBS6pATVIAX1tCH5tKQBqAQkHXG2qAQoIXG2pAQt/bSkAgngRfW0pRr4A
171=AFVPO0QIdHABBQYAPEgBnBV9bSlMbgMAAAEGAD5VAjx3DQoAP0gBZAFdV0AoKQBBSAGMJn
172=xtzCZ+bSkAm1MJAERABJgGZNmYh33bRlUCJXsRCQBHSQEaqQFISAHNBUkoKQBKSAHRbEtI
173=AYwxfW0pUCVXBQkATVUCiKUITkgBwQRPSAFZAwBdFVBJAWNsAX1tKUxuTQEKRNmoAVkcU0
174=AETAJttVRIAcVVVUgBly4FAFZIAZQufG3UGH5tKQDZaVlABMkBWkgBkwkFAFsoKQBcKCkA
175=XSgpAF4oKQBfKCkAYEkBhWAafm0pAHxtTapiVAJpAQV8bc8QBgBkVAKXDQYAE0m/SkwBQR
176=oUSAFEAWEaFSgpABZIAcVgF0gBgwQFABhIAdXIGUgBzXMaSAHNcxtIAY8FBgAcKCkAHUkB
177=JkSBTVIeyAFBDx9IAc0FICgpACFIAdEqIkgBxSkjSQF9uRwkSAGPPAUAJUgBjUcFV94qAI
178=ChBCdVAnipAShIAcV2KUgB2QYqSAGFPwVFZSqrQwUALFQCiUMFXVEqv3gFAC5UAtEULygp
179=ADAoKQAxSAGIenRwZAtUBXVwKkAKiQE0QASIMHTe3Ap0cGzvQAR0cMgBdnAqAJ0rCVXeKk
180=znQQQJVd4qWKZLAQoAO1EJUUQBRVU8yAFFKT1IAYD2dXAqXHMDAAACBgA/VAJhcgN23ioA
181=zeFBVAJgCEUIQigpAENIAZg9dXAqnQMAdHAnKQBGQASYAndwKgAkfCt33ioAH6kBSSiBAE
182=pIAdUYS0kBjKEETEgBlER0cN0KClSLJykAT0AEhDQiPSkqUDBcDXRwJ/EDUkEEUFACSRdT
183=yAFRH1RIAZiKdN7YBnRwwDB0cCdVAFhMBWAIAQAFAFkoKQBaSAHBcltIAcEEXEgB1QJdKC
184=kAXkgBwQRfKCkAYEkBhXgcdHBIIk1dBiI8KakBB3Rw2Bx0cCcpAGVYBpMJBgASSFFicgIK
185=TnMrAGkBA2XkK7+6BQAVQQSNqQwWSAHdYhdIAYQIb3MrAHyhBBlUAiNDJAUAGkgBjzEFAB
186=tIAYEwBUxzkpUAACJGKisAbHNVDR5ABGgBQYgfSAGfCgYAICgpACFIAZdEBQAiSQGAtQ0j
187=SQF1qQEkSAHVDSVJAS5oCG1zK7NhBQAnVALRbChJAS2gBGXWhKUIKlQCcgIABkABJ5ECLF
188=AB1QItKCkALigpAC8oKQAwSAEnhRwruGltcytMeUwIbHMirCuJATRNBTJEAVUNNUkBM6kB
189=NkkBKGgBbHPECG1zK6FyCExz1QIJTHPVAglNcysjfCZZUzxFCE9ECFlTPUkBgWwbbXMrrM
190=BvcysAPEAEAQUGAEBBBF5IAVkGQUgBmBFm5CsAmKtk5MgXbHPIImxzJykARlgGYAhFdkdJ
191=ASxsAW1zK69oCQBJVQInbRAJQEsn2QBLKFUATEgBnDZscydBA05UAoUpClwaxB5sc9gRbH
192=PQCWTkJykAU1kGUEwQAQQKAFTIAVkcVUkBMVQCSW9WSAHdr1dIASUVJFhIAXwDQQRZSAHJ
193=b1pIAdUCWygpAFxIAcEEXUgBwQReKCkAXygpAGBJAYVwH29zKwAcTHNZPWJUAmkBAWxzyB
194=dscycpAGVABJ8KBgBmSQFXTAEBAQoAEUBZgQ8KRXYsWCJYAmR2qAFRCRRABNkcFUgBwVwW
195=SQGArRAXSQF0qQEYSQFyqQEZSAHB1RpIAZQuZXYsJEgwZHaYOqR2JykAHkwFZHZFjB/JAQ
196=hkdieBACFUAtkRIkgB2REjSQF/oQ8kSAElcSolSAGAB2V2LOHgJ1QCUBxhDyhIAdEJKUgB
197=yDjcrGAE2HxpASxABNkGLSgpAC4oKQAvKCkAMCgpADFJAZdENEUpMsgBRdkzSAGUDSINOS
198=yg9nTp0BR26SwAgIhmdiwAmCdldiwkgCxkdsASZHbZBglEdpwdIt0nPEkMT0AWUVY9yQEF
199=ZXYsKMQOJykAQEAEZHZdQUFIAYSiZHbAD2R23ApkdicpAEVMBZMBCQBGSQGIYDB06Sc5Ak
200=hUApwrZXYs8XdKVAJAEyIpLEsoKQBMKCkATUkBg7EJTkgBiAxkdiJYMUAHZHbQCWR20BRk
201=doQFcR9TWAYibC9JkFTIAUEwVUgBXAd1OVYoKQBXSAGQFCJMK9wKdOnQCSIMOScpAFtMBY
202=cIBQBcKCkAXSgpAF5IAZcFBQBfSAGLIgUAYEgBmD1ldiyEdlFAYlQCZXYDZHaQBmUTZFQC
203=iwwGAGVIAXh0SehmyAEBAwoAZ0gBxXYQqCplHhFIAdUCEigpABNIAdFAFMgBUUAVSAHFHh
204=ZIAc1oF0gBJV04GEgBweAZSAGYEWTvwF99eC35aRzgBGTviAl1GB5UAnx4AQoGAB/JAQt8
205=eCeBACFUAp0KBkfvLQCLeD0ibDrDBAUAJEAEkCIiVCwntQEmVAKZHAZF7y3pWShUAtAJJe
206=w1bBAlkCRoAcDHaAHEPGkBLSjZAC4oKQAvKCkAMEgBcHdFNDHJAQRm7y0AdgIFB1jnInw7
207=Sw8HADRBBClEAQEABwA1KCkANkgBhD98eNgnfHjAGn14LaB9fHjRHwpceCcpADxECCX9Nj
208=1IASWtLD7IAVVaP0gBySJASQFhbxAKAEFIAYw8fXgtJDw/fHjMHn14LbiKZe8ttLJ8eCfh
209=AUdECGwJTWhIKCkASUgBkDVn7y0AI382CQBLVAKMBSJsOiddAU1VAoOhBE5IAZzxfHglxC
210=N9eC0kDCN8eNQjf3gtAIZ7BgoAU1gGgBJm7y0AaHpdmVVUAmgBSVlWSAGDDwYAVygpAFhI
211=AZAffHjEHnx4iAkkLEjUDXx41yMFAF1YBsV2XkgBnDZ+eC0Aid0GXngtAI/LBgBhQQTGZA
212=8iViwtAGgBTTFjVAJxAgBk79QNfngtAHirRSlmQASQNXx431cKAGgoVQAPoCJpehAoKQAR
213=KCkAEkgBxQgTSQFMew0KABTIAU0QFUgBcAJNEBZIAZA1IuZJLgDF5BhVAnd8KyLlSS6gGn
214=V7LiRoKXV7LkRbTAh09CPJKwBRCR1YBkwCaQEeSQEdUNpVAh/IAUEPIEgBhxMGACEoKQAi
215=SAHNMSNIAd0rJEgB3SslSAHZBiYoKQAnSQEKew0GAChIAWQBVQ0pKCkAKigoACX4JmUTLC
216=hUAMhLdQIuKFUAL0kBWXUJCkGYLp54BgpA8KgBAQcJADJABHZ7CAhMICXJSghUe8WECFR7
217=0/4IADZNBYdnKQgAN0gBgBp0e8wmIsw70Cp0e9EqCVR7wwQKADxYBnQRSUM9SQFjbwEKAD
218=5JAVOpAT/IAUnzQEkBXLUCQUkBfGMPCgBCSAEjazQKAENIAYgtdXsu7X5FVAKEE3Z7LgDZ
219=BkdUAotZCgBISAF4Ck0QSUgBgEZ3ey4AJmgMdHvcFXR70B8iXS0uSChAByKlVy6siXR7wA
220=R0e9gnd3suADhIBUkMUkgMIwA9dHvAM3Z7LgDRH1VBBFKtBVbIAVEfV0gBzZ9YyAFJTllI
221=AYQedHvEHiLkScQTdHvJFwZWey4AJU1BXlkG0GkMBlb0LgBoAVEJYFUCzLUCYcgBVQJiSA
222=F1ewN09CcxAWRUAmgFTVJlSAF0e1EUZkgBiFl1ey6003R7JykAaSiBAA60bWF9DygpABAo
223=KQARKCkAEkgB3QoTSAFtfgJufi8AaAFFExVUAtkRFkgBySIXSAHdbRgoKQAZSAGIk2x+jL
224=JlohtVAoV4PWx+1AJk+icpAB5ABHwgRR4fyAFVIyBIAYQTbX4vpB5k+icpACNABMUTJCgp
225=ACUoKQAmSAHBfScoKQAoSAHZBikoKQAqKCgAJfQ2dXssKFUALSgoAGFvWmkICk4CLwBoAU
226=U0MFABnBVtfi+ZfwpsfqgBAQsJADNABJcjCQA0SAGEKW1+L6xdbH7JIglMfiXNLwlTWy8A
227=hngnbH4lBCFtfi/x+ztQCXQRRWA8SQGAbwUKAD1JAXipAT5IASMbNQoAPygpAEAoKQBBSA
228=EjcDVufi8AyQFDVALZBkQoKQBFKCkARkgBIyM2CgBHSAEjJDFsftcYCgBJVAKYHGx+J+kC
229=S1QCI/glbH7QH2x+xB4inEvMBW1+L1QFVBtvfi8AjKEaUUwCnGVl+i/9g1NUAkQFeV5USA
230=GLDAoAVUgBmycKAFZIAYEwCkf6LwBLcwUKAFhUAmgBSU5ZSAGZJwZSOi8AmycGAFtUAskB
231=XCgpAF1IAZEfBkHwL4F9Amx+qAFBZ2BBBMxIDFUCYcgBVQJiSAHJDGNIAZykZPrMJmX6L0
232=w3XwYKAGZBBD5EAUE7Z0gB0UtoKCkAaSgpAGpJAUWtBQ28SX0gDigpAA8oKQAQKCkAESgp
233=ABJIAckME0gBIhQkQQ8UyAFVIxVIAWUMACKcd5i+aWQXVQJ+ezIGABhIAcEEGUgBhD9lgT
234=C8xXX/MFwCSARkgScFAR1NAstQAl0KHsgBVQ0fSQHGVAJNJiBIAUQBdQ0hSAHJeiJIAYtO
235=BgAjSAHBBCRIAcAECiUAMAAKAAAAAAYAJgARAAAhEAAgATAACgBAAAEGACcAJykAKEgBTA
236=ICAAAGACkoKQAqKCkAK0kBWGcECgAsSQFTqQEtyAEBAQoALkkBWlQCAQIKAC9JATJKAQAJ
237=QAEBMACOAk8BCQAxUQGMqQEyKCkAM0kBLlwDTQU0SAFkAUkBNSgpADYoKQA3SQEvZwQJAD
238=hIAdEJOUgBxQg6SAHBBDtIAcEPPEkBM7kGPUgBZAFFID5JAX97EQoAP0kBcqkBQCgpAEEo
239=KQBCKCkAQygpAERJAXe5BkVJAXWpAUZIAckMR0kBfrUCSEgB1QJJKCkASkkBMXsCCQBLSQ
240=EwqQFMSQEsawEKAE1JATipAU5IAZscCgBPSAFwAlUYUEkBXW8BCgBRSQFiqQFSSAHFCFNJ
241=AYatEFRIAYsMCgBVSQEyrQVWSAHdCldJAUtUAkk4WMgBAQMGAFlIAVACaUNaKCkAWygpAF
242=woKQBdKCkAXkoBJgFDBwYAX8gBAQEGAGBIAUwCcQlhSgH//1MBBgBiSAFAAXUCYygpAGQo
243=KQBlSQE9RARFCGZJAT5IAQECBgBnyAEBAwoAaEkBQVQCSSJpyAFNUmpJAUVUAk0Fa0gBRA
244=FpDAxIUYsBCgANKCkADigpAA8oKQAQKCkAESgpABJIAYsXCgATKCkAFEkBTkALAQQKABXI
245=AQEFBgAWSQF8YzAGABdIAZdEBgAYSAFIBXkRGSgpABooKQAbKCkAHCgpAB1JActcBkEaHs
246=gBRTQfSAFQAnEJICgpACEoKQAiSAHNfiMoKQAkKCkAJUgBxQgmKCkAJygpACgoKQApKCkA
247=KkkBmkw8WTIryAFNRyxIAZMJCgAtKCkALigpAC9JAYtoIn+DMQAjqQExVAKbBgkAMigpAD
248=MoKQA0KCkANSgpADYoKQA3KCkAOEkBIb0KOUkBH6kBOkgByQw7SQELbwEJADxJAYWhBD1I
249=AXACWUg+KCkAP0kBe2MECgBASQFyqQFBKCkAQkgBxYFDSQF5oQRESAHRCUVJAYG1AkZIAd
250=UCR0gByZBISQF0oQRJSQF6qQFKSAHVe0tJAT9/BgoATEgBlJx9gzFAr1sCCgBOVAJBAQBJ
251=F09JAUZvAQoAUMoBAQZfgzEAYbUCUlUCg6kMU0kBMrUCVEgBjKp8gyddAVZUAnwDXQpXSQ
252=FNbwEKAFjIAV0KWUkBgnMJBgBaSQFfqQFbSAGLZAYAXEgB1QJdSAHVAl5IAX2DA36DMQBp
253=AQR+gzEAwQRhQATJAWIoKQBjSQFdqQxkSQFXqQFlSQGAqQFmSQF2qQFnSAFqhQUGXoMxAH
254=yDAQIGAGlUAmgBQQ9qSAF8GQEABgBrKCkAbCgpAAtIUYMECgAMKCkADSgpAA4oKQAPSAGf
255=FQoAEEgB2QYRSAHVAhIoKQATKCkAFEgBcK5dKxXIAVEqFkgBiE52hjIAJ9YQMgCTVgYAGU
256=AEiwwGABooKQAbKCkAHCgpAB1JARtYdFkcHsgBSQwfSAHFCCAoKQAhKCkAIigpACNIAcGI
257=JCgpACUoKQAmSAHRCScoKQAoKCkAKUgBaIVNPCrIAVkyK8gBAQYJACzKAQcJVYYyUAFZCQ
258=lRWzIm/SAvTAKA1XeGMgAmbDwiVCGWVwAAdIYnKQAzTAVcB3UCNCgpADUoKQA2KCkANygp
259=ADhIAd0KOUgBxQg6KCkAOygpADxIAZdwCQA9SAElgSE+SQGAZBMiVyEyAHKqAUAAJykAQU
260=gBlzkKAEJIAYsMCgBDKCkAREkBzVgGWddFyAFNqkbIAUndR8gBWcxISQGBTAVNR0lJAUR3
261=CQoASsgBAQEGAEtIAXSGWV5MyAFFCE1JAUKtBU7IAVUNT0gBdIZNBVBIAZBWd4YyAF6tBV
262=JUAoceCgBTSAGPMQoAVEgBfANNEFVIAZtTCgBWSAHFl1dJAUhlBAZXhjIAYXwVIlchMgBZ
263=qQFaQQSfqQFbSQFVqQFcSAHVAl1IAcF9XkgBxRNfSAF1hgd0hlxBQlwIBkacMgDdg2JABN
264=EJY0gB0QlkKCkAZUgB3QpmSQF/oQ9nSAGcr3aGMgDFl2lUAnAYAQAGAGooKQBrKCkAbCgp
265=AG0oKgAKAIBDdbILKCkADCgpAA0oKQAOSAGPGwoADygpABAoKQARKCkAEigpABMoKQAUSA
266=FsiUFGFcgBVZwWSAHNGxdIAYDVIgciMwB4pR4ZVALFHhpIAdkcGygpABwoKQAdSAFsiVVE
267=HsgBSQwfSAHZBiAoKQAhKCkAIigpACMoKQAkKCkAJUgBxYwmKCkAJygpAChIAZQjIoYyMw
268=BsiVk9KlQCaAEBCQcAK8oBCghMiaEEC2+JMwCJeBxtiTMmrSEvTAWcFWyJxDRsiScpADIo
269=gQAzKCkANCgpADUoKQA2KCkANygpADgoKQA5KCkAOigpADsoKQA8KCkAPUkBhb0VPkgBkB
270=RviTMAe3QCIgYiMwCJOApC2jMAJa0hQkwF3W1DSAFgiAEGCgBEyAEBBwoARcgBAQgKAEbI
271=AQEJCgBHyAEBCgoASMgBAQsKAElIAWyJTTxKSAGMEG2JM+nzTFUCP1gCAQUGAE1IAWyJTQ
272=VOyAFdQU9IAdE1UCgpAFFIAWyJUY1SSAEnhzIzAIetG1RVAi1cCoyJzDFviTMATLUCV0AE
273=aAFJm1hJAX54BmyJzAUiByIzAFy1AltABM1+XCgpAF1JAVahBF5IAdEUX0gBbYkKbokzAG
274=kBC2+JMwBgrQViQQRYqQFjSAHdCmRIAdUCZUgB1QJmSAHdjmcoKQBoSAHBBGlIAcEEakgB
275=yZBrSAF0HAEABgBsKCkAbSgpAG4oKwAJADSIBUElCigpAAsoKQAMKCkADUgBmxwKAA4oKQ
276=APKCkAECgpABEoKQASKCkAE0gBfEFVDRTIAUEwFUgBkBAijDPYESK0IicpABgogQAZKCkA
277=GigpABsoKQAcKCkAHUkBG1C5AQQGAB7IAV1MH0gB1Q0gKCkAISgpACIoKQAjKCkAJCgpAC
278=VIASeEESeRAicoVQAoSAGAJWeMNACDuT0qVQIoZA9mjDQAiAFkjMgBZYw0KIURNCZdIi9Y
279=BnUGAGSM1A1kjCcpADIogQAzKCkANCgpADUoKQA2KCkANygpADgoKQA5KCkAOigpADsoKQ
280=A8KCkAPUkBhW8bCQA+SQGAaAFljDTtiUBUAogXZYw0RIdQASK0IqgBRT9DQARmjAwGRow0
281=AGoBDQZcBKoBDgZEjKoBDwZEjKoBEAZEjKoBEQZGjDQA0XdKUAlADCLxOksoKQBMKCkATU
282=gB2TJOKCkATygpAFAoKQBRSQFbVAmGjDQAmBwitCLXLgsAVEEEi6UeVUgBSAVp81ZIAXiK
283=XeZXyQEDIrciNACBbAVljDQmVSFaQATdeFsoKQBcKCkAXSgpAF5JAVulCF9JAR1VWgBmjD
284=QAaQEBZYw07apiQATZHGNJAWK5BmRIAdUCZUgByZtmSAHNEGcoKQBoKCkAaSgpAGooKQBr
285=SAHRjWxIAZMfBgBtKCkAbigpAG8oKwAIADWIBVl/CSgpAAooKQALKCkADEgBnBUibUU1rB
286=t8jicpAA8ogQAQKCkAEUgB2dcSSQFDfA0ibUU1QkwAAE3LFFQCcAJZJxVIASVRJhZIAdUC
287=F0gBJd0nGEgB2RwZSAHBBBooKQAbKCkAHCgpAB1JAcZwBX6ONQBoAUU0H1QCcAJBDyBIAY
288=/WBgAhSAGD1QYAIkgBwQQjKCkAJCgpACUoKQAmSAHJkCcoKQAoSAGMJn+ONQCbVERNnypU
289=AmgBAQUGACtJAZxUAk2JLMkBAX+ONQAqZA8iZiM1AIcTCQAvQQSIbEd+jjUAkBR8jsg4Ip
290=Q0JykAM0wFYAhdCjQoKQA1KCkANigpADcoKQA4KCkAOSgpADooKQA7KCkAPCgpAD1IASP4
291=MH2ONSZVNz9UApf3CQBASAHRQEFIASXhTkJIASX9TENIASWdKkRIAX6OEwZdjjWJkBR8jq
292=kBFXyOqQEWf441AIBoIn+ONQB1qwFKADWNHwAiZCMnKQBMKFUATUkBV0gETYlOSQFUSAFF
293=YE/IAVUCUEgBcI1VhlHIAQEDCgBSSAGYHH+ONQCNdA0iljQ1ACXBNFVABNkcVkkBR38KBg
294=BXSAHFolhIASeWNDUAJYEhWlQCzX5bKCkAXEgBwQRdSAEnZCPcbSJvRTUA26kMYEAEaAFV
295=WmFJAfy1AmJJAQRzSwYAY8gBQQRkSAHNUmVIASUVJGZIAdUNZygpAGgoKQBpKCkAakgB3R
296=VrKCkAbEgBxaJtSAFoEEEwbigpAG8oKQBwKCsABwA2iAVBMAgoKQAJKCkACigpAAtIAYgX
297=Is1GNumQDShVAA4oKQAPKCkAEEgB2TIRSAElxToSSAF0kUkiE0gBxTQUSAGfEQYAFUgB1b
298=IWSAElWScXSAHBJRgoKQAZSAHBkxpIAcUIGygpABxJAepYAlUNHcgBTZ8eSAF0kUnSH0gB
299=g30GACBIASM0X3SRJRBUdZE2r34GACNABE0JAF0rJCgpACUoKQAmSAEnNRI2SCtXBQYAKC
300=hVAClIAYUpBkGNNoGTCXaRNgB0kVleLOAEIqRXzBB0kSXMZnSRJ90GMEwFhO91kTYkGEt0
301=kcMECQAzQAREECTMRidVADUoVQA2KCkANygpADgoKQA5KCkAOigpADsoKQA8KCkAPSgpAD
302=4oKQA/SQGFZHZ2kTYAJbFTQVQCaAFZMkJJAX1jBAYAQ0gBnBUiFCTcFXSRzxsGAEZABCM4
303=RHWRNia9I0hUAtkGSUgB0QlKSAHVAksoKQBMSAFokEktTcgBRYxOSAGQQCInaDYAKXwGIq
304=RXJykAUUAEgL90kdgRdZE2sMR0kdREIqRXJ5kDVlgG2RxXSQGBuRxYSAHRQFkoKQBaSAHR
305=gltJAVqtBVxIAc0FXUgBJQ0jXkgB1QJfSAFokFVaYMgBVVphSAF1kQEiJmg2AHSRQeBjVA
306=JoAQEFBgBkyAEBBgYAZcgBAQcGAGZJAdVwHyImaDYAaAFFCGhUAtUNaUkBgqUTakgB2XRr
307=SAHdFWxIAc3LbUkBdq0FbkgBeApBZ28oKQBwKCkAcSgrAAYAN4gFVWcHKCkACCgpAAkoKQ
308=AKSAGFEwpVXzfhkwwoVQANKCkADigpAA8oKQAQSQFKfw0KABHIAUUeEkgB1RgTSAEjR0AG
309=ABRIASVBJBVIAcmxFkgB0cQXSAFsCVkcGCgpABlJAV69IBpIAcEEG0gBYJNRNRzIAUU0Hc
310=gBRTQeSAHNBR9JAYWlCCBIAZcCBwAhKCkAIkgBhIFslNsnBgAkVAKPBQYAJSgpACYoKQAn
311=SAHZlShIAc0FKSgpACooKQArSQE9ZAQitno3ACVZdC1UAnACUTUuKCkAL0kBMngCIsckNw
312=A5qQExVAIlHSUySAGYaW2UN6xoIgE+N6StIkws1Bhg0icpADdYBm0JACK0eidVADkoVQA6
313=KCkAOygpADwoKQA9KCkAPkgBj34JAD9IAYC/bpQ3ACLEcUEaQVQCaAFdQUJJAX+hMENIAS
314=fEJAU3AAAAAAAABhEAAEkQACAKAEUANwCAAgAAAAYARksBdAIAaQFHSQFyqQFISAHVAklJ
315=AXe1AkpJAXapAUtIAVAGeQZMSQFhbwEKAE1JAQupAU5JAS+pAU9JATOpAVBJATKpAVFJAS
316=6pAVJJASypAVNJATipAVRIAcEEVUkBSrUCVsgBAQEGAFdIAZcNBgBYSgH//0cEBgBZKCkA
317=WigpAFtIAVgDfRVcSAHNBV0oKQBeKCkAX0oBGwFXBQYAYMgBVQ1hSQFhsR9iSQFVqQFjSQ
318=FXqQFkSQEEWAYBCgYAZcgBAQsGAGZJAdVMCQECBgBnyAEBAwYAaEkB2FQCXQppSAHZEWpJ
319=AWKxCWtJAXypAWxIAcEwbSgpAG5JAXqhBG9JAdFQCVU5cMgBXQpxSAFkIlUCcsgBVgIFAJ
320=crAAAKXAInKQAHKFUACCgpAAlIAYUTClYFOADJAQsoVQAMKCkADSgpAA4oKQAPKCkAEEgB
321=aDgBAgoAEcgBXSASSQF9tRgTSAFwGF0SFEkBXLUCFUkBn6kBFkkBWKkBF0gBwTAYKCkAGU
322=kBWqEEGkkBy3cJBgAbyAFRHxxJAepUAgEHBgAdSAFEAX1BHkgBl08GAB9JATB7AgYAIEgB
323=ZAEBAAcAISgpACJJAYupDCNIAYMEBgAkKCkAJSgpACYoKQAnKCkAKCgpACkoKQAqKCkAK0
324=kBPUALXRUsSQFfSAFZLy1IAWQBSQEuKCkAL0kBinsRCQAwSQGEqQExSAHNBTJIAcEEM0kB
325=KHsCCQA0SQGJrQU1SAFwAgEACQA2KCkAN0kBI6EEOEgBwQQ5SAHVAjpIAY8mCQA7SQEtZw
326=QJADxIAWQBUQk9SAHNBT5IAYeBCQA/SAGHgQkAQEgBjwUKAEFJAU5MAQEECgBCyAEBBQYA
327=Q0gBUAJlNEQoKQBFKCkARkkBf3MUBgBHSAHJZEhJAXm1AklIAcUISkkBfbUCS0gB1QJMSQ
328=E8bAFklycxDE5UAnACSS1PSAGLFwoAUEgB1ZFRSAGfjgoAUkgBwQRTSAHBBFRIAcUIVUgB
329=2V5WyAFZXldJAYK5EVhJAV+pAVlIAZsGBgBaSAHVAltIAYtvBgBcKCkAXSgpAF4oKQBfSA
330=FllwJmlzgAaAFVDWFUAsUIYkgBxWtjSAHFa2RIAdlpZSgpAGZJAVulE2dIAXiVXQpoyAFd
331=CmlIAd0KakkBgK0Fa0gBwTBsSQHzRBpJWW3IAUUIbsgBRQhvyAEBBAYAcEgBcJhVAnFIAW
332=SXTQVyyAFVAnNIAUwJf0EEADmEAUU0BSgpAAYoKQAHKCkACEgBkRQKVVI58ZgKKFUACygp
333=AAwoKQANKCkADigpAA9JAUVrDwoAEMgBTRsRSQF8sR8SSAHBURNIAcG0FEgB1S4VSAHNlB
334=ZIAWwJAQAGABdIAcEEGEkBVrEJGUgBwQQaSQHLTAFJIhvIAUkiHEgBUAJpIh0oKQAeSAGM
335=Un+ZOQCMsQkgVQKOqQEhKCkAIkgBjykGACNIAZx4fJmMAn0KJVQCyQwmSQEKbwEGACdIAY
336=dgBgAoSAFwAlUYKSgpACooKQArKCkALEgBfJkBAQoALUgBmwYKAC4oKQAvSQExeAJ9mTlM
337=mk8BCQAxVAJAAW3WMkgBwQQzSAGMtX6ZOQAnPhM5AIQTfJnVGAlb3zkAJnAfaNonVQA5RA
338=jVAjpIAYwmfZk5SBJcDXyZJ60APUEEJKUIPkkBH6kBP0kBhakBQEgBUAZxFEFJAUtsAX6Z
339=OQBoAVVEQ1QCcAJBJUQoKQBFKCkARigpAEcoKQBIKCkASUgB3UxKSQFyYQ8GWgs5ACVRJk
340=xVAjxMDFVETcgBAQMKAE5JAUFUAlVlT8gBQTBQSQFCtQJRyAFVAlJJAT+1AlNIAWQBWQZU
341=SAHZXlXIAUEaVkgBgAQiJiY5ACVtJFhUAtmKWUgB2YpaSAHVAltIAdUCXEgBxYxdSAGbdA
342=YAXigpAF9IAXCYXYNgyAEBBQYAYUkBXbEfYkgB3QpjKCkAZCgpAGVIAdlpZkgByQxnSQHF
343=bBciJiY5AGgBQRppVQKCvQpqSAF8A1E1a0gBcJgBBQYAbMgBAQYGAG3IAQEHBgBuyAEBCA
344=YAb8kBCX+ZOQB+sQlxVALRCXIoKQBzKCkAdCgrAAMAOogFVS4EKCkABSgpAAYoKQAHSAGD
345=GgoACCgpAAkoKQAKKCkACygpAAxJAV1zDAoADUgB0UAOyAFRQA9IAXo9AgZXnDoAgLUYEV
346=UCeakBEkgBYAgBAAYAE0gBzTEUSAHJLRVIAcEEFkgBwQQXSAHRNRhIAdmgGUgBzQUaSgEX
347=AVMBBgAbyAFZMhxIAc3hHUgBWQMAQQ8eKCkAHygpACBIAc0FIUgBzQUiSAGUe3WcOrR7dJ
348=zLLQYAJUAEhykGACZIASeUEyeBAChUAtEJKSgpACpIAc08K0gBwQQsSQE9bAF3nDoAPqkB
349=LlQCiwwKAC9IAXACTTwwKCkAMSgpADIoKQAzKCkANEgBzZ81SAGMtXacOgAlJSY3VQKIZD
350=R2nDoAyQE5VALNBTpJASehBDtIAdkGPEgBzQU9SAHNBT5IAcEEP0gBxa1ASAHJF0FIAWmb
351=AnWcOlqQAABJ0kNVAn5rDAYAREgBhx4GAEVJAVl/BgoARkkBVakBR0kBUKkBSMgBWT1JSQ
352=F/pQhKSAEnlxM6AHe1AkxVAnqpAU1IAWCeTXNOSAF0nFFWT8gBWRFQSAFgXFUCUcgBVQJS
353=SQE/QA9VAlPIAV2kVEgB2V5VSAHVGFZIAdUYVygpAFhIAcH2WUgB1VpaKCkAW0gB0WFcSA
354=HRCV1IAVwOfVdeSAHVAl9JARy5XmDIAV0gYUgByQxiSAEl5TNjKCkAZEgBwQ9lSAHVDWZI
355=Ad0VZ0kBxVgNWRxoyAFRH2lJAdJUAkkMakkBzEgBWWlryAFVAmxIAWGeC3acOgDRFG5UAm
356=gFTQVvSQF8oTBwSQF1qQFxSAHBBHIoKQBzKCkAdCgpAHUoKwACADuUBlFhAygpAAQoKQAF
357=KCkABkgBjxsKAAcoKQAIKCgAdPfBBAooVQALSQFGcwwKAAzIAVkcDUgByUMOyAFVIw9IAW
358=gFWRwQSAHNiRFIAdUCEkgB3ZkTSAHZMhQoKQAVSQFZqSIWSAHFNBdIAcGeGEgB0QkZKCkA
359=GkkBF1BAUTUbyAFZERxJAWCxCR1IAd0KHigpAB9IAdXpIEgB2REhSAElVUIiSAHVDSMoKQ
360=AkKCkAJSgpACYoKQAnKCkAKEgBxaIpSAHRCSpJAX+lEytIASUFIixIAWyfXSstSQE+UAVB
361=Gi7IAVFsL0kBQFQCWT0wyAFFzjFIAXB3VQIyyAFVAjNJAT+tBTRIAWQBQQQ1SAHZoDZIAc
362=GTN0gBwQQ4KCkAOUgBzQU6SAHVnDtIAdkGPEgB2QY9SAHNBT5IAcEEP0gBwQRASQFdbAEi
363=xzo7AEdrAQYAQlQC0WFDSAHRYURIAXwDWUhFSAFoIkkXRkgBaCJJAUdIAYMECgBISQFQTA
364=EBBAoAScgBAQUGAEpJAYG9K0tIAVwDdYZMSAEjeysGAE1JAX6hBE5IAcEET0gB2RFQSAEl
365=DU9RSQF4rQVSSAHRNVNIAXwrVQ1USAHFCFVIAcEPVkgBmGkihSc7JOw0Iq5NOwDNUllABM
366=FcWkgB1U9bSAHNXVxJAX+hD11IAc0QXkgBJSkhX0kBHLleYMgBWV5hSQFeuQZiSAHNEGMo
367=KQBkSAHRo2VIAcEPZkgB2V5nSAHBGmhIAWCeQVFpyAFJDGpIAWyfVQJryAFVAmxIAdkGbU
368=gByRduSAHJF29JAXelE3BIAdUYcUgB2QZyKCkAc0kBWXsCCgB0SQFUqQF1yAFBXHZJAVO3
369=AgEAPGABIvkwAigpAAMoKQAEKCkABUgBiCIiDU88uDJkoicpAAgogAAiEDPNBQpUAt1XC0
370=gBZKJRHwxIAYcPBgANSAHJmw5IAdmKDygpABBIAdk9EUgB1ZESSAHRzxNIAdEJFCgpABUo
371=KQAWSAHBOxdIAc0FGCgpABkoKQAaSQEXSUMEIjYoPABoAUVVHFQC2QYdKCkAHigpAB9IAc
372=kMIEgBzQUhSAHVAiJIAdUCIygpACQoKQAlKCkAJigpACdIAdmgKCgpAClIAdEJKigpACtI
373=Ac1HLEgBzUctSAHJby5JAT5cBkEaL0gBZKJNMTDIAUFRMUgBZKJVAjLIAVUCM0kBP1gGVQ
374=I0yAFNqjVIAWTZWYo2yAFRSzdIAWgMVQI4SAFUBnFLOUgB0UA6SAFgD0EEO8gBWQY8SAFo
375=DFUCPUgB2QY+KCkAPygpAEBJAU1kBGWiPEeSAAABZ6I8AH+pZENBBHepAURIASXVJkVIAW
376=SiTQVGSAFwFEEaR8gBQRpISQFJfQoGRaI8JgUiSlQCcAJNqktJAX69CkxIAdUCTUgBwQ9O
377=SAHVLk9IAc0QUEgBxXZRSAHZBlJIAdkGU0gB2QZUSAHdFVVIAY9oBgBWSAHZBldIAdUCWC
378=gpAFlIASUJX1pJAYCxFFtIAdEJXEkBBVRaRR5dyAFBO15JAfxjCwYAX0kB3akBYMgBQSVh
379=SAHBnmJIASXVPGNIAc0QZEgBwQ9lSAHVAmZIAc21Z0gBxXZoSAHFCGlIAc0FaigpAGsoKQ
380=BsSAHJLW1IAWETACLMO9iVIsw7JykAcCiBAHEoKQByKCkAc0kBX2gIZKInuRJ1VAKPEAoA
381=digpAHcoKgACAHhFXwYKAAMoKQAESAHZBgUoKQAGKCkABygpAAgoKQAJKCkACkkBT1gKTV
382=0LyAFJLQxIASUxQw1IAcGeDigpAA9IAcXOEEgBzZ8RSAFsCVUjEkgB0Y0TSAHVAhQoKQAV
383=KCkAFkgBzQUXSAHNBRgoKQAZKCkAGkkBF01HBmWiPYSiAQcGABxUAtkGHSgpAB5IAdG5H0
384=gB1RggSAHRQCFIAdX0IkgBxQgjKCkAJCgpACUoKQAmKCkAJygpAChIAdGjKSgpACpIAd0K
385=KygpACwoKQAtSQF7qWQuSAHRoy9IAdkGMCgpADFIAdXpMkgBIsQkXTYzyAFdNjRJAT9cBk
386=2qNUgBZKJRbDbIAVFsN0kBPkAEVQI4yAFRjTlIASUtJzpIAWSiQQQ7yAFZBjxIAXwKVQI9
387=yAFZBj5IAWgMTRA/yAFVp0BJAUhIDFFAQUgBhK1noj0ArrUCQ1UCrakBRMgBSRdFSAHBBE
388=ZJAWKhBEdIAXwVQRpISQGAoSVJSAElUTxKSAHZlUtIAdUCTEgBxSlNSAFsCQEABgBOKCkA
389=TygpAFAoKQBRSAEiAF5NBVLIAUUTU0kB9msIBgBUyAFVAlXIAUkiVsgBQSVXSQH6rQVYyA
390=FNBVnIAU0FWkgBbJ9F+lvIAU0bXMgBVVpdyAFVWl5IAWSiRQhfSAFkokUIYMgBVQ1hSAHB
391=nmJIAXwOSRdjSAGTggYAZCgpAGUoKQBmKCkAZygpAGgoKQBpSAHRCWpIAdEJa0kBfKEwbE
392=gB1chtSAHNBW4oKQBvKCkAcCgpAHEoKQByKCkAc0gBZKJNR3RJAX5rDAoAdUgBgA9loj0m
393=hSd3KFUAeEgBgA9loj7iBAQAJykABSgpAAYoKAAEBwA+AP//ABEAACMQACAIAAAKAAgAPg
394=D//wBoAQEJAD4AyQEKKCkAC0kBT1wDAQQKAAzIAQEFBgANSgFgAlsCBgAOSQFWqQEPSAFM
395=AgIAAAYAEEgBwQQRSQFVoQQSSQGfqQETSQFbqQEUSAHZBhVJAV21AhZIAc0FF0kBV7UCGE
396=gBzQUZSQFftQIaSgEdAV8CBgAbyAEBAQYAHEkBYaEEHUkBWakBHkkBWKkBH0kBWqkBIEgB
397=XAdpFyEoKQAiKCkAIygpACRIAYMlBgAlSAHZBiYoKQAnKCkAKCgpAClJAQpzBQYAKigpAC
398=tIAXACTSYsKCkALUkBf6UTLkkBeakBL0gBzQUwKCkAMUkBYXsCCgAySAGHEwoAM0kBUFQC
399=XTY0yAFdNjVJAXyxCTZJAXipATdJAXapAThJAT5YBk0FOUgBzQU6SQF0oQQ7SAHZBjxIAd
400=kGPUkBP7kGPkkBQkgBAQIGAD/IAQEDBgBASQFdVAJZHEFJAbJrAQIAQkkBrkgBAQECAENJ
401=Aa1IAQECAgBEyAEBAwIARUgBwQRGSAGbHAYAR0kBfrkRSEkBC1gGXQpJSQF9tQJKSAFwAl
402=UCS0kBf7UCTEgBxSlNSAHBBE5JAfNMAUFGT8gBSRdQyAFJF1HIAQEEBgBSSQHRTAVVAlNJ
403=AfZIAVUCVMgBTSZVyAEBBgYAVsgBAQcGAFdJAfpMBVkGWMgBWQZZyAFZBlpJAQVcVwEIBg
404=BbyAEBCQYAXEgBlzkGAF1IAd1iXkgBwWdfSQEmWAZZHGDIAVUYYUgBUA1pWWJIAcUIYygp
405=AGRIAcEEZUgBwQRmSAHVAmdIAcVraEgBwQRpSAHNEGpIAcFya0kBgb0rbEgBxQhtKCkAbi
406=gpAG9JAVZnBAoAcMgBAQEKAHFJAVS1AnLIAVUCc0kBXLUCdEgBizgKAHVIAYNRCgB2SAGX
407=TwoAd0gBaAVdmXgoKQB5KCkABEhRlxgKAAUoKABgVNUCByhVAAgoKQAJKCkACigpAAtJAU
408=x4DWaiPwBpAQFloj9sAnUuDkEEXKkiD0gBwSUQSAGHBAYAEUgBwQQSSAHVpxNIAcEEFEgB
409=xZcVSAHZoBYoKQAXKCkAGEgByZsZSAHRCRpJAdt0CWaiPwBoAVEUHFUC/LUCHUgBfFdNRx
410=7IAUEEH8gBRWAgyAFRViFJAfu5BiLIAU0FI0gBdFpFCCTIAVUCJcgBRQgmSQEEuVMnyAFB
411=BChIAWwJWQYpKCkAKigpACsoKQAsKCkALSgpAC4oKQAvSQGCqS0wSAHdCjFJAT1sAWWiP0
412=iLTAFnoj8ASEQBQQ80QATJmzVJAXWlCDZIAXwDQQQ3SQF/tQI4SAGLTgYAOUkBd7UCOkgB
413=2QY7SAHJkDxJAXuhBD1IAdkGPigpAD9IAZBWZ6I/ALd7DQYAQVQCaAFZoEJJAU5sJmaiPw
414=BoAVUCRFUCVbUCRUkBV1gGRSlGSAGIZGaiPwDBD0hUAsEPSUgBwZ5KSAFUBnlTSygpAEwo
415=KQBNSAF4oFWRTsgBUZhPyAFRmFDIAU2UUcgBTZRSSAHdClMoKQBUKCkAVSgpAFYoKQBXSA
416=HBXFhIAd1XWUgBJaUgWigpAFtIAc1oXEgBhHZnoj8AXqktXihVAF9IAWSiUVZgyAFFrWFI
417=AdkGYigpAGNIAckXZEgByZtlSAHNEGZIAcUTZ0gBJdEgaEgBwQRpSAHNc2ooKQBrSAHBtG
418=xIAckMbSgpAG4oKQBvSAFlogJnoj8AgGAaZqI/AIs4CgByQASDRgoAc0gBlxgKAHQoKQB1
419=SAGEP2eiPwBypQh3VQJ6qQF4SAGPEAoAeSgpAAVE8tAJaFHJAQcoVQAIKCkACSgpAAooKQ
420=ALSAFsn0kXDMgBVS4NSAHFKQ5IAdUjD0gB2ScQSAHRKhFIAdUCEkgBzQUTSAHZJxRIAYsX
421=BgAVSAElPSkWSAHNBRdIASUBJxhIAc0FGUkBYnMfBgAaSAFtnwJ5oECYoFEUHFQCeKBNaB
422=1IAXigVUQeyAFFYB/IAUVgIMgBRWAhSAF4oFEJIsgBUQkjSAF4oEkBJMgBUQklyAFRCSZI
423=AXigVQInyAFVAijIAUkMKcgBSQwqSAF4EQEABgAryAFRFCzIAUEPLcgBVQ0uSQHVax4GAC
424=/IAU0FMEgBcAJFCDFIAXigVQIySQFDWAJJATNJAYC1IzRIAd2ZNUgBj0cGADZIAYtOBgA3
425=SAFUBgIAAAYAOEkBgbkGOUgB1QI6SAHVAjtIAdUCPEgB1ac9SAHJDD5IAckMP0gB1adASA
426=Fsn00bQckBAyJhKECNnwJ4oKgBVQJEQARsn00FRcgBXSBGSAHRuUdIAckMSEgByQxJSAHF
427=E0pJAdBvAQYAS8oBAQZL+EAAzLUCTVQCaAFVAk5IAWSiAQsGAE9IAXwDXSBQKCkAUUkBgK
428=kiUkgBzSZTSAHNBVQoKQBVKCkAVigpAFdIAcUIWEgBxQhZSAHNXVpIAclkW0gB2V5cSAHJ
429=kF1IAcn+XkgBn3gGAF9IASWBLGBIAWSiUUthyAFFuGJIAdl0Y0gB0QlkSAHJDGVIAd0KZk
430=gB3QpnKCkAaEgB0RRpSAHRFGpIAcFya0gB3SBsKCkAbSgpAG5JAVhnBAoAb0gBhNl5oEAm
431=FTpxVALJm3JIAYA7eqBAACMAMnmgQP2kdSiBAHZIAZTeImEoQGAMInU7eFQCjgEKAGDugx
432=oKAAdM78kBCCgpAAkoKQAKSAEj3zIKAAtIASX9IAxIAdnXDUgB0R8OSAHNJg9IAZcNBgAQ
433=KCkAESgpABJIAdnXE0gBzQUUKCkAFSgpABZIAd2ZF0gBzQUYKCkAGSgpABpJARsipCBink
434=EAaAFJWRxUAtkGHSgpAB4oKQAfKCkAICgpACEoKQAiKCkAIygpACQoKQAlKCkAJigpACco
435=KQAoSAF4oAEKBgApyAFFaypIAWCeUaMryAFRoyzIAVGjLcgBXVcuSAFgnll/L8gBWX8wSQ
436=HSUBtZHDFIAXy6RTwySAF0DUkBM8gBQQQ0SAFIBX2ZNUgBzZQ2SQF5vXg3SAHBBDgoKQA5
437=SAEi2DdRCTrIAVEJO0gBeBFVAjzIAVUCPUgBxQg+SAHJDD9IAckMQEkBY2QEe1BBAFKpAU
438=JUAmgBRQhDSQFVtQJESAGfYgYARUkBgLEURkgBzapHKCkASEgByQxJSAFgCAEABgBKSAFg
439=nk0mS8gBTSZMSAF0nFUCTcgBVQJOSAGMXWKeQQAiND5FCFBUAmgBRRNRSQGpYAsiJjxBAM
440=0bU1QCg3IGAFRIAdGYVUgBaAVFCFYoKQBXKCkAWEgBxQhZSAHFCFpIAcUIW0gBxYxcSAHB
441=k10oKQBeSAElYShfSQGBtSNgSAFgnl1MYcgBXUxiSAElyTVjSAHRCWQoKQBlKCkAZkgBxa
442=JnSAHJDGhIAYuFBgBpSAHNG2ooKQBrKCkAbCgpAG0oKQBuSQFefAZhnkH1nHBUApjXIt0n
443=QSYBJ3JUApjXYJ4nrQB0VQJ7eBwiJjxBAJg9It0nQXQKdZx3QASMAWmbQuoMCAAnKQAJKC
444=kACkgBIgEnAGmbQlDgAwAAAQYADFQChAgiSTtChAFJOA5UAs0xD0gBySIQSAGEBCJIOyet
445=ABJUAtmVE0gBwQQUKCkAFSgpABYoKQAXKCkAGCgpABkoKQAaSQEbSJtRVhvIAVFWHEgByQ
446=wdKCkAHigpAB8oKQAgSAElXUMhSAHZBiIoKQAjKCkAJCgpACUoKQAmKCkAJygpACgoKQAp
447=KCkAKigpACsoKQAsKCkALSgpAC4oKQAvSAF8mVkcMMgBWRwxSAFom0U0MkgBaJtJpjPIAU
448=mmNMgBSaY1yAFJpjZIASLIKkk4N8gBRQg4SAF4f1UCOcgBVQI6SAF0nFUNO0gBaJtNEDzI
449=AVUCPUgBZBNNBT5IAXgRRQg/SAFsBUkBQEgB0SpBSQElZVUGQwFCAB2pAUNRARmpAURJAR
450=+pAUVIAdkGRigpAEcoKQBIKCkASSgpAEpJAR1cQUEPS8gBRRNMSAHRCU1JAbFvAQYATsgB
451=AQECAE9IAXyZAQICAFDIAQEDAgBRSAFom1UCUsgBRR5TSQFipQhUSQF9vRVVSAFwAkEPVi
452=gpAFcoKQBYKCkAWSgpAFpIAcGeW0gBI3g2IpJPQgDBk11UAsGTXigpAF9IAd1tYEkBHaUe
453=YcgBRR5iSAHFCGNIAcUIZCgpAGUoKQBmKCkAZ0gBJbUiaEgBwRppKCkAaigpAGsoKQBsKC
454=kAbSgpAG5IAWmbAWqbQgDdmXBUAoDVaZtCKGgTJykAc0AEJaE7dEgB3Zl1SAGYEWmbQoQB
455=T5QIAEP9mQkoKQAKSAFxmAJxmEOQmF02DFQCnAZxmEOEAVE1DlUCgqk4D0gB3ZkQSAEnQj
456=pDACXpORJUAp8GBgATKCkAFCgpABUoKQAWKCkAFygpABgoKQAZKCkAGkgBcJhRdxvIAVF3
457=HEgBJTkuHUgB0c8eKCkAHygpACBIAc08IUgByUMiSAHdFSMoKQAkKCkAJSgpACYoKQAnSA
458=ElTWIoSAHFCCkoKQAqKCkAK0gBzQUsKCkALUgB2QYuKCkALygpADAoKQAxKCkAMkgBJYUy
459=M0gBxQg0SAFom033NcgBTfc2SAFxmAIiQjpDAGgBTTw4VAJwmFUCOcgBVQI6SAHRCTsoKQ
460=A8SAFkl00FPcgBTQU+SAFwmExoIpBQcJhBBEBUAmgBQQRBSQEMXG1BBEJIAd0KQ0kBJrlI
461=REgB1QJFSAEiCF9FCEbIAUUIR0gBInBAVU9IyAFRCUnIAU0FSkkB3WgIIkI6QwBoAUEETF
462=UCXbUCTUgBcpgCAlGYQyNRPABwmKgBXZlQQAQlbVBRKCkAUkgBfJkBBQIAU0gBbHNNEFRJ
463=AX2pF1VIASU5I1ZIAXANQQRXSAEiPEpdbVjIAUl6WUkBUWcECgBayAFRFFtIASXdU1xIAd
464=lpXUgB2VNeSAElaTRfSAHRjWBJAcVzCQYAYcgBUQliSAHFCGNIAcUIZCgpAGUoKQBmKCkA
465=ZygpAGhIAdF3aUgBZAxBGmooKQBrKCkAbCgpAG1JAVpzBQoAbsgBRR5vSQGBYCUiQDon3R
466=FxVQJ7tQJySAEnQTpDJiUmdFQCbAlZJ3UoKwAJAETllwpIASPwL3mVRFTOVAUiGGGpAQF5
467=lURIAkgAImB1JykAD1kGgGMPBgAQSAElgSwRSAFEBSI1MxIoKQATKCkAFCgpABUoKQAWKC
468=kAFygpABgoKQAZKCkAGkgBIjEtACI6OUQAaAFRFBxUAtE1HUgBzTweSAHdNh8oKQAgKCkA
469=IUgBzQUiSAHRNSNIAdUYJCgpACUoKQAmKCkAJ0gByZAoKCkAKUgBxQgqKCkAKygpACwoKQ
470=AtKCkALkgB0QkvSAHFCDAoKQAxSQGAtS4ySAGbPQYAM0gBj9YGADRIASXdMjVIAcX6NkgB
471=0Qk3SAHVnDhIAdUCOSgpADooKQA7KCkAPCgpAD0oKQA+KCkAPygpAEBIAWyUTYlByAFdjk
472=JIAWCeUTVDSAFgk0XORMgBBAUGAEUARAARAAA6EAAgCAUBAAAGBgBGAEQAaAEBBwYAR0gB
473=BfoAAAADBgBIyAEBBAYAScgBAQUGAEpJAd1ABAECBgBLyAFNBUxJAbhUAgEABgBNyAEBAQ
474=IATkkBTkgMAQICAE/IAQEAAgBQyAFBBFHIAVUCUkkBVUwFSQFTSQFeUAkBAQYAVEoBewJP
475=AQYAVUkBeKkBVkkBeqkBV0kBVlwDAQIKAFhJAX53AgoAWUkBY1QCAQAKAFpJAVCpAVvIAV
476=0KXEkBC3cCBgBdSQFiewYGAF5IAXACVRhfSQFetQJgSQHFWAJFHmHIAUUeYkkBFVwVUQlj
477=SQFgrQVkSQFYqQFlSQGfqQFmSAHVAmdJAVq1AmhIAZ8VBgBpSAFEDFIxAGooKQBrSAFsG1
478=UYbMgBAQEKAG1JAVpQBUUebkgBhwgKAG9KAf//WwIKAHAoKQBxSAGbJwoAckkBeWMPCgBz
479=SAFFBQBdCnQoKAABCgBFAMUIC0gB2ScMSQFUcwUKAA3IAU0QDkgB0SoPyAFdIBBJAX9rDA
480=YAEUgB0TUSKCkAE0kBdqEEFEgBeApJLRUoKQAWKCkAFygpABgoKQAZKCkAGkkBJkAwTTEb
481=yAFFVRxIAd0KHSgpAB5JAVyhDx9IAc0xIEgBzTEhSAHZBiIoKQAjKCkAJCgpACUoKQAmSQ
482=EKfwYGACcoKQAoSAFwAk0bKSgpACpIAc0FKygpACxIAc0FLUgBwQQuKCkAL0gBwQQwKCkA
483=MSgpADJIAY88BgAzSQF1uRw0SAHZBjUoKQA2SQGAoQQ3SAHNBThIAc0FOSgpADooKQA7SQ
484=FXRARFPzxJAVFIAU1HPcgBRT8+SQElvQo/SQEbqQFASAFoBQEABgBBSQHSTAFNaELIAV02
485=Q0gBfo4IBllQRYqQCQZNAkVEBUsABgBGUAHdCkdJARm9CkhJAR+pAUlIAUQFYWdKSQEdXE
486=FVDUvIAUUTTEgBiFljk0UAvHEFBkCTqAFJkE9ABM2UUMgBAQMCAFHIAUWXUsgBVQJTSQFb
487=RAhdClRJAYGtEFVIAVACbRBWSAGPaAYAV0kBX3gCYpNFAJxiYpNFAJxiYpNFAJNhCgBbTA
488=V4aQEECgBcyQEFY5NFAICpDF5UAsGeX0gB0Y1gSQFboQRhSQEVUB9RKmLIAVFhY0gBaBAB
489=AAYAZCgpAGVIAcGeZkkBgKUIZ0gBhxMGAGhIAYiFYJMnLQZqVALRCWtIAWCTSZBsSQF8ZA
490=hjk0UAdKkBblUCcqkBb0gB2RxwSAGHCAoAcUgBmCdgk8gMYJMnKQALTD+HKQoADCgpAA0o
491=KQAOKCkAD0gB2ScQyAFZJxFIAZcNBgASKCkAE0gBgw8GABRIAcEEFSgpABYoKQAXKCkAGC
492=gpABkoKQAaKCkAG0gBdJFJ6BzIAVVaHUgByQweSAHVLh9IAdUCICgpACEoKQAiKCkAIygp
493=ACQoKQAlKCkAJkgB1YYnSAHdCihIAd3bKUgBwQQqKCkAK0gBzQUsKCkALSgpAC4oKQAvKC
494=kAMCgpADEoKQAySAGAXGuQRgB1Zz8GADRUAskMNSgpADZIAcUTN0kBfa0FOEgBzQU5KCkA
495=OkgBfI5dTDvIAQEDCgA8SQFNcwUKAD3IAQEBBgA+SAFwAgEABgA/SQEivQpASAHVAkEoKQ
496=BCKCkAQygpAEQoKQBFSAHNJkZIAcUIR0kBJr0KSEgBmFMibyRGACO1AkpUAnBATRBLyAFF
497=E0xIAcUITUkBY2wBapBGAIPrBgBPVAJoAU0FUEkBU6EEUcgBVQJSSAF8jlWnU8gBQX1USA
498=FoBVUNVSgpAFZIAcUTV0gBaJBZtlhIAZQCaZBG/fxaVAKAMGuQRgBKdAlokKgBQQ9dQARw
499=AkkMXigpAF8oKQBgKCkAYUkBFUiQAQYGAGLIAVFhY8gBUWFkSAGPEAYAZUgB3QpmKCkAZy
500=gpAGgoKQBpKCkAaigpAGtIAWwbXdBsSAGA4GqQRgDdjm5UAskBbygpAHBIAYCpaZBGiBBF
501=CHJUAowBcY1H9iMNACcpAA4oKQAPSQFOcwUKABDIAUElEUkBgrFAEkgBfANNJhMoKQAUKC
502=kAFSgpABYoKQAXKCkAGCgpABkoKQAaKCkAG0gBfEwBCgYAHMgBAQsGAB1IAcEPHigpAB8o
503=KQAgKCkAISgpACIoKQAjKCkAJCgpACUoKQAmSAHdYicoKQAoSAHBDykoKQAqSAHNBSsoKQ
504=AsSAHNBS0oKQAuKCkALygpADAoKQAxKCkAMigpADNIAd2ONEgB2dc1SAGf0AYANigpADdJ
505=AXWlNDhIAc0QOSgpADpJAT17AgoAO0kBQ6kBPEkBSWkBBlGNR2EBAEE7PlQCJV0iP0kBGr
506=0KQEkBgKkBQUgBl94GAEJIAZ8GBgBDKCkAREgB1SNFKCkARigpAEdIAdVlSCgpAElIAcmQ
507=SmgBXG1FgUvIAUn+TEgB1Q1NSQEsbAFzjUcALakBT1QC0RRQSAHRFFFIAXwDAQAGAFJIAY
508=f6BgBTSAHRKlRIAYNnBgBVSAHNBVYoKQBXSQFheAIivyNHAIB8IHKNRwCMMSK+I0cAI1Qh
509=cY1HkI1dulxYBnyOVRhdSAEjNDMiIDYnqQVfVAJ4CgEABgBgKCkAYUgBzQViSQEVXCBRYW
510=PIAVFhZEgB2QZlSAHBGmZIAdUYZ0gBwQRoKCkAaSgpAGooKQBrSAFwjUGpbEgBiE5xjUco
511=sBEnKQBvQATZHHBIAYgMcI3AGiIZNUjmjA4AJykADygpABBIAWSMAQQKABHJAQUiDCPPBQ
512=YAE1QCnAoiDSNIqy0GABVUAtU5FkgBwQQXSQGAbzEGABhIAY8xBgAZSAHdIBpIAc0FG0kB
513=xWwBeopIAGgBSZsdVAJwAgEABgAeKCkAHygpACAoKQAhKCkAIigpACMoKQAkSAHVWiVIAc
514=VgJkgByQwnKCkAKCgpACkoKQAqKCkAKygpACwoKQAtKCkALigpAC8oKQAwKCkAMSgpADIo
515=KQAzKCkANCgpADVIAYQ/e4pIAHexKjdUAps9BgA4SAHVGDkoKQA6SAF4ikUpO0gBeIpJAT
516=xIAc0FPSgpAD4oKQA/SQEkqQxASQEfqQFBSAGI3XqKSADJOENUAtEJREgB3StFKCkARkgB
517=yS1HKCkASEgB2QZJKCkASigpAEtIAXjMWfhMyAFZ+E1JAYO5EU5JAYmpAU9IAdEJUEgBwS
518=VRSAHJTlJJAXWtBVNIAc0FVCgpAFVIAdl0VkgByVlXSAF4J1X0WEkBPnwGe4pIAIFwCXiK
519=IpxKWAJ4iqgBAQEGAFxMBdEJXUgBIyAgeYpIt5EGAF9UAsmbYEgB0RRhSAHRFGJJARVYig
520=ENBgBjyQEOIhs1SADYUA1JDGVVAn1vEAYAZkgB1S5nSAFdAwBVZWgoKQBpKCkAaigpAGtI
521=ASJYJ5iK1Ht6ikgAmycKAG5ABJBLIn1HSJgKXSBwVAKPAQoADiFkToMPCgAPKCkAEEkBS2
522=QEYohJAGgBXRUSVQKAvRUTSAHdKxRIAWkFAGKISQDBGhZUAsnHF0gByccYSAHBBBlIAdkG
523=GkkBfr0KG0gBdYYCYYhJgYgDIl4iSQBkKU0QHkAE2QYfKCkAICgpACFIAcVVIigpACMoKQ
524=AkSAGHHgYAJUgB0QkmSAHZBicoKQAoSAHBBCkoKQAqKCkAKygpACwoKQAtKCkALigpAC9I
525=ASLMO0EwMMgBXTYxSAEi6C5VAjLIAVUCM0kBVWcPCgA0SQFQqQE1yAFdIDZIAXACVS43KC
526=kAOCgpADkoKQA6SAHBDzvIAUkMPEkBUmgIIhE0SVL2AABVAj5UAiV1Rj/IAVUNQEgBaAVV
527=DUFJAYGxNUJIAdUCQ0gB0SpESQGCoQRFSAHVAkZIAc0FR0gB1QJISQEhrQVJSQEdqQFKSA
528=HZlUtIAWCISfNMyAFJ801JAYOtBU5JATFgCyIRNEkmiSJQVAJwAl0VUUgBwZ5SSAHdeFNI
529=AcV2VCgpAFVIAcEEVkkBdakMV0kBPVQJAQEGAFhJAT5IAQECBgBZyQEDYIgidlsAAFUCW1
530=QC1YZcSAHRCV0oKQBeSAHdCl9IAUwJYX1gSAHRFGFIAcXDYkgBwbRjSAF0hkkMZMkBAyIQ
531=NCe9DWZUAtEJZygpAGgoKQBpSQFYZwQKAGpIAXSGAQIKAGvIAVUYbEgBfANBUW0oKQBuKC
532=kAbygrAA8ASiYFIhBIAXyDUQkRyAFFExJIAZAJIq0hSrSRIq4hSgDJphVABN0gFkkBL3MF
533=BgAXSQEuqQEYSAHJIhlIAdE1GkgB0SobSAHJkBxJARVErUEPHckBBCKsISJYKFcJBgAfVA
534=JAAWktIEgBwX0hKCkAIigpACNIASV5QSRIAcVVJUgBxQgmKCkAJygpACgoKQApKCkAKigp
535=ACsoKQAsKCkALSgpAC4oKQAvSAFkdlEqMEgBgw8KADEoKQAyKCkAMygpADQoKQA1SAF0hg
536=EECgA2yAEBBQYAN0gBkAkirCEndQQ5KFUAOkgBwQ87SAGMBSK8RMwFaIUnKQA+QQRPZwQK
537=AD/IAUlkQEgBcAJJb0EoKQBCSQGCuWlDSAHRKkQoKQBFSAHYBiLsQNCCIpAv0YJIQAQllT
538=RJSAHNy0pJAYa9CktJAYVQQEEPTMgBWRFNSQEwYAsiCDPLFwcAT1UCi7kGUEkBgKkBUUgB
539=yW9SKCkAUygpAFRIAdVPVSgpAFYoKQBXSAHBXFhIAdlTWUgBdIZBMFpIAXQRAQAGAFtIAc
540=FcXEgB3QpdKCkAXkkBdaUTX0gB2QZgSQGBtQJhSAHVAmIoKQBjSQHGeAIiriFKAGkBAWqF
541=SgDVDWZABNmKZ0gBaAVZEWgoKQBpSAEi9GxFgWpIAZA1aIXbJwoAbFQCmAYirCEnVQBuKF
542=YAEAB0MUgEIvwgqAFNEBJUApAJcYJLoIhwgicpABVABCPjIgYAFkgBzX4XKCkAGEgBwSUZ
543=KCkAGigpABtIASO8IyL9IEsj0SAGIvwgqQEHcIKpAQhwgifhASBYBsUTISgpACJIAcmFIy
544=gpACRIAc0FJUgBUBx5iiYoKQAnKCkAKCgpACkoKQAqKCkAKygpACxIASKoUlHwLUgByfMu
545=yAFVAi9JAVx7DQoAMEgBZAFFNDEoKQAyKCkAMygpADQoKQA1SAEj8FBxgkuI/kUIN1QCdA
546=1JDDhIASPzUAoAOcgBVQI6SAHBDztIAcEPPCgpAD0oKQA+KCkAP0gBfINJkEDIAUVgQUgB
547=hAgiADJgx1ABIlxDJykARCiBAEVIASWRREZJAR65XkdIAcG0SEgBJTBDIpQq1chKVQIzWQ
548=oAIoN5SwAcc4IHAExUAmgBAQEHAE1JATKhBE5JAY29Ck9IAdHPUEgByQxRSAFoBVEJUigp
549=AFMoKQBUSAHRVlVIAcGIVkgB0XdXSAHFCFhIAdVwWUgBwVxaKCkAW0gBxQhcSQFypRNdKC
550=kAXkgBwQRfSAHdeGBJAfNMDFFsYckBAiISVUsAdAJZ4mPUAlniZEkBxkwFVQJlSQGBqQxm
551=SAFQAmlZZygpAGgoKQBpSQFeRARcQQlqAEsAAAAAAAAKAGsRAAAyEAAgAQBLAABjAAoAbC
552=gpAG0oKAACEQBMAEpABAEDBgASSAFEAQIAAAYAEygpABQoKQAVKCkAFkoBewJXBQYAF0kB
553=cqkBGCgpABkoKQAaSQF1oQQbSAFQBmkMHCgpAB1IAQUVAQAACgYAHsgBAQsGAB9IAc0FIC
554=gpACEoKQAiKCkAI0kBCnMFBgAkSgH//08BBgAlSAFAAXUNJigpACcoKQAoKCkAKSgpACoo
555=KQArSQFXSAgBAgoALMgBAQMKAC1IAVACQhYALkkBMm8BCQAvSQGOexwJADBJATO1AjFIAc
556=EEMkgBwQQzSAHBBDRIAWgFAQAKADUoKQA2KCkANygpADhIAdEJOUgB0Qk6KCkAOygpADxI
557=AckMPUgByQw+KCkAP0kBY3sCCgBASQFSqQFByAEBAQoAQkkBULUCQ8gBAQEGAERIAXACVU
558=RFKCkARigpAEcoKQBISQGXQDtZBknKAQIGWU1MRCRNCAZbUEwAHEIEAgdYA6gBAQMHAE1R
559=ATFcA0kMTkkBKakBTygpAFBJAYZrLQYAUSgpAFJJAS2tBVNJASypAVRIAc0FVUgBwQRWSQ
560=GBpQhXSAFoBVUNWEgB1VpZSQFyoQRaSQF1qQFbSAHNBVxIAc0FXUkBeaEEXkgBwQRfSQHz
561=TAEBBQYAYMgBAQYGAGHIAQEHBgBiyAEBCAYAY8gBAQkGAGRIAVQGcVZlKCkAZigpAGcoKQ
562=BoKCkAaUkBPH8GCgBqSAFkAUVKaygpAGwoKQASRCyABGF9TYQBUR8UKFUAFSgpABZJAX+t
563=GxdJAXepARhIAdUjGUgB1QIaSAHVAhtJAXStBRxJAXqpAR1JARVZPQ1ifU0AaQEOY31NAN
564=lUEAEBBgAgQAREAXEfIUgByXoiSAHVAiMoKQAkKCkAJSgpACYoKQAnSQFWfwYKACjIAVVa
565=KUkBU7UCKsgBVQIrSQFctQIsSQEyaQEJQ31NAI5pFwlBfU1MAFgCY31NACO1AjBNBYOpAT
566=FJAYmpATJIAcEEM0kBL1QGAQAJADRIAcFyNUgByQw2SAHJDDdIAcEEOEgB0Qk5SQElvQo6
567=SQEbqQE7SAF4Cl0KPEkBhbUCPUgBlwIKAD5IAckMP0gByQxAKCkAQSgpAEJIAcEPQ0gBbH
568=4BBAoARMgBAQUGAEVIAZ8KBgBGKCkAR0gBdHsBAwYASMgBAQQGAEnKAQUHQn1NAJF3B0N9
569=TQCFRT8AYH2qAQEHRAUngQBOUAHNBU8oKQBQKCkAUUgBk3cHAFJIAd2DU0kBMGsTBgBUSA
570=GHHgYAVUkBLrUCVkgBZAFBXFdJAXxjJQYAWEkBcqkBWUgB3VdaSAHVAltJAXihBFxJAXWp
571=AV1IAdEJXkkB6kwBUVZfyAFJm2BIAWx+WddhSAFcA2lZYkkBMm8BBQBjSQGNcQkFQn1NAJ
572=cuBQBlVAJ8A1EUZigpAGcoKQBoSAHR2mlJATxQBVUNasgBSdJrSQE+VAJPfhMATmABYQ8U
573=KCkAFSgpABYoKQAXKCkAGEkBfWcTBgAZSAGLCAYAGkgB1ZwbSAHVnBxIAcEEHUkBgrkGHk
574=gBfXgCaXpOiHpJQyBUAs0FIUgBJ0gPJ5ECI1QCwQQkKCkAJSgpACYoKQAnSAFoel3xKEkB
575=fGEPCk5MTgCTjQoAKlQCnzYKACtIAZyOb/dOAItsBWt6TgAhqQEuQQQdqQEvSQEeqQEwSA
576=HFdjFIAZtICQAySQEmoQQzSAGcFWt6TgCDtQI1VALFdjZJASe1AjdIAcEEOEgBwQQ5SAHF
577=CDpIAd0KO0gB1QI8SQGFpQg9SAGUAmh6JxUDP/UCCUz3xykJAEEoVQBCSAHFCENJAWNoCG
578=l6TlhkTQEKSHqoAU2fRkEEVVACTUdHSAFqegYKSnpOAGoBBwlIeqoBCAhJek5YLVEFCEl6
579=Tql6CETLqgEBCFtQTgCHaRcISAknKQBPUAHVAlBIAZ14CE73TgCIImt6TgALWApdg1NABG
580=QBSQFUSAGcNmt6TgCAfwoGAFZUAo88BgBXSAHRd1hIAdlTWUgBhwgGAFpJAYG5BltIAdUC
581=XEgB1QJdSAF8eAEDBgBeyAFRmF/JAQVt905UP0MHBQBhVAKBqQVN9064wWp6TgAjrCFpek
582=4kZCNoetsyBgBmWAZcBwIAAAYAZ0gB3XhoKCkAaSgpAGpJATxQBUMPFABPQAFLAAYAFSgp
583=ABYoKQAXKCkAGEgB1fQZSAHVIxpIAckiG0gBYJMBAQYAHMgBWXQdyAFRHx7IAVEfH0gBfH
584=hNECBIAUQQaRchKCkAIigpACMoKQAkKCkAJSgpACYoKQAnSQFbVAlJTihIAZiKcndPAJir
585=cHfEHnF3T7UuCU0rT6gtc3dPACJ0OX3xT0QDVAl98U9E9YkBMFwKQQEAWeIxKCkAMigpAD
586=MoKQA0SAHBfTVIAcF9NkgBxQg3SAHBBDhIAcEEOUgBwQQ6KCkAOygpADxIAdkGPUgBgUYJ
587=XPEnFQM/VALFCEAoKQBBKCkAQkkBhbkcQ0gBjAVwdyd1BEVUAotOCgBGSQGIbwUKAEdIAY
588=RrcXdPkXcKcHeqAQsJUHcnoQRLTQXbYQsJUndPAGoBAQlTd08A+rUCTkAEaAFVAk/IAQEC
589=CQBQSQGHePhyd08AiAFzd08A+3sGBwBTQARoAVH7VEgBgARzd08A9mAEcHeoAUFRV0AEdA
590=JBUVjIAUFRWUgBYA9VZVrIAU0FW8gBTQVcSQHMsQldyAFBBF5IAXx4AQcGAF9IAXwDRQhg
591=SAGAiHB32Cdwd8xHcXdP5XZkTAXZBmUoKQBmSAHFdmcoKQBoKCkAaSgpABVcI8UIFigpAB
592=coKQAYKCkAGSgpABpIAWxzAQUGABvJAQZ6dFAAdAJBGh3VAggi2Cy1Agls7CKgJlwNItgs
593=JykAIUwFi0MGACJIAZ9BBgAjSAFEBX14JCgpACVJAVh7AgoAJkgBbHNB6yfJAQMi2ixQAC
594=ebDlAAcr1MKkEEdqkBK0gBnCt6dFAAJZ0qLVQC1ekuSAHRYS9IAc1oMEgBfA6YdMgXbOwn
595=KQAzKIEANCgpADUoKQA2KCkAN0gBwQ84SQEfZxMJADlIAckMOigpADsoKQA8KCkAPSgpAD
596=4oKQA/KCkAQCgpAEEoKQBCSQGFtQ1DSAGUDXh01Bhu7FAAgAR4dNUCC1l0UCQwInp0UACR
597=SwpM7CcpAEpQCdEqS0gBbHNJb0zJAQN5dFCYdEkBTlQCdmUECVhQtQIFeXRQjHNd8VFABH
598=RwQXJSSAFtcwJ5dFCEdgEDBwBUVAKABHl0UJh0TcBWVAJtcwVs7LQCTVJY1AJNUllIAWAP
599=RXZayAFZBlvIAVkGXEgBeHRFdl3IAU0FXkgBgCV7dFAAMm8BBQBgVAKIQ3l0ULy6eXRQ7X
600=NjQARoBUl6ZCgpAGVIAZgnbOzYJ2zsJykAaCiDABYAUYAIRQgXSQECc5gGABjIAUGIGUgB
601=fBVBBBrIAVUCG0gBdXALYHInBQEdVAKUCWFyUbwVYXJRvNBhclEkOyMGACFNBYN0RGFyUS
602=S8I2ByJzEBJEAE0QklSQFfbAFjclEAfHsGCgAnVAIleSsoSQFytQIpKCkAKkgByegrSAEj
603=aDRjclEAiGwFfObEE37mUQAlcSovTAVwDVVwMCgpADEoKQAyKCkAMygpADQoKQA1KCkANi
604=gpADcoKQA4KCkAOSgpADooKQA7KCkAPCgpAD1IAcl6PkkBH7UYP0gB3RVAKCkAQUgBg54J
605=AEJIASMzOAkAQ0gBjAVgcsgtYnJRAJSRYnJRACMgNn3mUViFVAVgcsAlYHLJOApe5lEA0S
606=pLXAojHDt+5lEAaAFF5E1VAoaxFE4oKQBPSAGcr2NyUQAqRQwAfObIAX3mUaVgBl3mUSQw
607=OCIcO9QNYnJRAJwKfObEE2ByJ8kJWEgMwQRZSAGUDSLQK8sXBgBbVAJ8DlVaXCgpAF0oKQ
608=BeKCkAX0gBmBxhclEkFy8FAGFUApAqYHLEKSLASicpAGRABNVwZSgpAGYoKQBnKCgAARcA
609=UgBob1GCGMkBAyK+OVIAaG9VAhpUAmgBVQIbSAHJFxwoKQAdSAEjoDBpb1Ik9DVpb1KkNG
610=lvUvVwIU0FKGgIaW9SKOgNI6hTrOEnKQAlTQVfTQUBaW9S9d4nVALdbSgoKQApKCkAKkgB
611=J+gN0AkivDknKQAtQASQKmlvUuFyL1QCnDYirFjdFQlEGNgGbOEnKQAzTAVAEyJNKzQoKQ
612=A1KCkANigpADcoKQA4KCkAOSgpADooKQA7KCkAPCgpAD0oKQA+KCkAPygpAEBJASOtXUFI
613=AZhpa29SAIy1AkNUAiXRK0RIASOLQwkARUgBlBhpb1KopmlvUqi8aG/IOGhvyCJob98gCg
614=BLRQgde7YKAEzIAVE1TUgBm38KAE5IAYVgCk/hUgCVbAVob6gBjOGoAUHgUkwFYARdTFNI
615=AZQYaW9S9XBVVQIyYBZpb1IkADJpb1KgiCIIScceBgBZTAWY12hvzBtpb1Lxd1xABIcTBg
616=BdSAGcFSK8OdgcbOHZHAZM4ScpAGFMBWgQUXdiKCkAY0gB3W1kKCkAZSgpAGYoKQAYQIvF
617=CBkoKQAaKCkAGygpABwoKQAdKCkAHkgB1SMfSAGMPHFsU6imfdtTqDhxbFMokA0jjFWxbF
618=NEJFcQCgAlRAgllVUmSAElaSknSAEjED8iwilTAMkBKShVACooKQArSAHN4SwoKQAtSAEj
619=zTsKQjVTACXVRy9UAog4cWxTRANMEHBsxBNwbCcpADNMBVgDsGwnVQA1KFUANigpADcoKQ
620=A4KCkAOSgpADooKQA7KCkAPCgpAD0oKQA+KCkAP0gBJWlKQEkBF7lpQUgBJZVKQigpAENJ
621=AR+hBERJAYWpAUVIAZQYcmxTAJQCcGzDGgsASOMECwBJSQGLeAZwbMAEc2xTABtgZ3BsqA
622=GRbFO4XnBsxClxbFORbARwbKoBBQlMvaoBBgZYUKkBB3zbyAxwbNAJfNvQCXBsJ4EAV0QT
623=lBhwbCdVAFlUAsG/WkgBzVJbSAGHjAYAXEgBjOxybFMAwb9eVQKJeBxwbCcxAWBUAskMYS
624=gpAGJIAcVrYygpAGQoKQBlKCsAGQBUgAhNcxooKQAbKCkAHCgpAB0oKQAeKCkAHygpACBI
625=AcEaIUgBwRoiSAHJFyNIAcUTJEkBYWgPeWlUJo0oJlQCI6hHIrkoVFSMRAR7aVQAQUUBAC
626=KYRagBVTkqTAUlrVgrSAEj3Ehu1lQAxQgtVAJ0BlkGLigpAC9IAYBGeGnQH3hpJykAMkAE
627=mQYJUqhUANHENChVADUoKQA2SAHBBDdIAdkGOCgpADkoKQA6KCkAOygpADwoKQA9KCkAPi
628=gpAD9JASRkPyKOVFQAJUE6QVQC1Q1CKCkAQ0gBl7IJAERIASO8I2zWzBt5aVTlYEdABIQ0
629=bNbABHlpVCZVN0pABIgMeWlUmWkCeGmoAQEDCgBNQASIWXlpVO3hT1QCk8QKAFBIAXbTCQ
630=pZaVSRbAp4adAqeGnAD3lpVCapMVVYBpAqCAYAVgBUAAAAAAAAEQAAphAAIAABBgBXAFQA
631=JQIAAAAGAFgAVAAZAokBWUkBG6kBWkgBTAJhBFtJAS9vAQYAXEkBLqkBXUgB1QJeSAHVAl
632=9IAXwDXQpgKCkAYUoB//9fAgYAYigpAGMoKQBkKCsAGgBVQAVLAAYAGygpABxJAVdQAgEB
633=CgAdSQFTSAEBAAoAHsgBVQIfSQFQtQIgyAEBAQYAIUgB0RQiSAHRFCNIAdkRJEkBPLkGJU
634=kBgXMfCgAmSQFGtQInyAEBAQYAKEkBQVQCAQIGACnIAQEDBgAqSQE+tQIryAEBAwoALEkB
635=QFQCURQtyAFRFC5IAWwFVQIvSQExYwQJADBJAYhjDwkAMUkBLbUCMkkBJbUCM0kBHqkBNE
636=gBfAMBAAkANUgBwQQ2SAHBBDdIAcEEOEkBI7kGOUgB1QI6SQEntQI7SAHVAjwoKQA9SQEs
637=ewIJAD5IAdkRP0gBcAJBD0AoKQBBKCkAQigpAENJAYWpDERJASFrAQoARUkBH6kBRkgBkw
638=kKAEdIAYc0CgBISQGOoQRJSAGTNQoASkgBzQVLSAEFGwEAAAQKAEzIAQEFCgBNSAGfFQoA
639=TkkBOHMFCgBPSAHFCFBJAUu1AlHIAVU5UkkBIncNBgBTSAF8A1FWVCgpAFVIAcEEVkgBwQ
640=RXKCkAWEkBIKUIWUkBF6kBWkgB2WlbSAGEHmBnJ1ULXVQC0QleKCkAXygpAGBIAdlTYSgp
641=AGIoKQBjKCsAGwBWTHkDAAACCgAcyAFVTx1IAYgMaWRWhAFJTh8oVQAgSAF0ZUUpIcgBAQ
642=UGACJJAQt3BQYAI0gBzRAkSAFoZFleJcgBSQwmSQFGTAVVAidIAc0FKEgBxQgpSAGYMmpk
643=VgCbSAYAK1QCZGBVDSxIAWhkRQgtyAFZaS5IAWAEVQIvyAFVDTBJAWJUDVUYMUgBwWcySA
644=HBZzMoKQA0SQGGbDFqZFYAyQE2VAKPEAkAN0gBbAlJWThJASKtBTlIAdUCOigpADtIAdVl
645=PEgBwQQ9SAGQVmpkVgCfTAkAP1QChx4JAEBIAcUTQUgBwQ9CSAHBBENJATB3CQkAREkBJm
646=wQaGQnsQZGVAJ8A0UeRygpAEgoKQBJSQEFUGFFP0rIAUElS0kBx3wGamRWAGgBXY5NVAKc
647=FWhk3BVqZFYAnzYKAFBABGhkUQlRyAFNMVJJASRkE2lkVvHEVFUCHbUCVUgB2V5WSAHZXl
648=coKQBYSAHBBFkoKQBaSQEapQhbSAF4FUlvXCgpAF0oKQBeKCkAX0gBnxUGAGAoKQBhKCkA
649=YigpAByUYkQLfcVXXABIAHBhJykAHyiBACBJAU5cA0ktIcgBXYMiSAHVDSMoKQAkKCkAJU
650=gBfGJJWSZIAc0FJygpACgoKQApSAGAMHFhV6BGcWFXoTAGXMUnKQAtTAXNaC5IAd0KL0gB
651=fGJVDTBIAWAPXRUxSAFkF0kBMigpADMoKQA0SQGTVUQBcmFXAGgBAQIJADZUAtFWN0kBJW
652=8xCQA4SAHVyDlIAZ8KCQA6KCkAOygpADwoKQA9SQEhpQg+SAGAnnNhVwCFtQJAVAKTCQoA
653=QUgB0XdCSAHFYENJASNtBQpQYSeFBkVVAtF/BgoARsgBSVlHSAF4XkWXSMgBTcBJyQEGfs
654=VXAGAEAQcKAEtUAmRgVVpMyAFJZE1IAZwVcmFXAJwVcWFXWAxYDXBhqAFRQFFMBYcTBgBS
655=SAFYAyJBJFNJASJ/FQYAVEgB1QJVSAHUZW2yHKEEV1QCyQFYKCkAWSgpAFpIAZcuBgBbSA
656=HRCVwoKQBdKCkAXkgB3UFfKCkAYCgpAGEoKwAdAFiMCUlDHigpAB8oKQAgKCkAIUgBZGBR
657=KiLJAQVuwFgAwVEkVALBDyUoKQAmKCkAJ0kBCnwNIpgkwA8imCQnKQAqQAR8A0F9KygpAC
658=xIAdkGLUgBwQQuSAHVDS8oKQAwSAF4XkXDMcgBVTkySQFDfwYKADNIAWBcVQI0yQEEel5Y
659=AHYCBQhZXlhA0FEFCE/AWACNZTQIWF4nKQA5WAbVAjpJATNIBQEACAA7SAFkAV3FPCgpAD
660=1IAZi2bMDYHHpeWACAfW3AWEgSQQcJWF7DBAoAQlgGn20KAENIAYQ/e15YAOZIBUVVRVQC
661=aAFVGEZIAWRgSQFHSAF1WggimSRYgFwBCQoASVQCgCV5XlisiXpeWADJDExABIy1IpokWA
662=DVDU5VAl1UDUlDT0gB2fhQSAGbBgYAUUgB0VZSSQEdYCVswMQIe15YAHFnCAYAVUAEaAFV
663=ZVZJAW61AlfIAVUCWEkBbLUCWcgBVQJaSQFwtQJbyAFVAlxIAXACVURdSAGPGwYAXigpAF
664=8oKQBgKCsAHgBZlAZBGh8oKQAgSQFFfwIKACHIAUkMIkgB3QojKCkAJCgpACUoKQAmSAHZ
665=UycoKQAoKCkAKSgpACooKQArKCkALCgpAC1IAXQRTRsuSAHdCi9IAdkRMCgpADFIAWxdVX
666=AySAFgXEkXM0gBaFkBBgYANMgBAQcGADXKAQgHQVxZoVwHQFwnKQA4QQQrZw8HADlIAZVa
667=B1+6WQCEYDtiXFkAh6IJADxABCMHOAkAPUgBdAZZXj5IAYhDYlxZAMEEQFUChWQIYFwnAQ
668=ZCVAKYBmFcWZRaQbREVAJ0WkG0RcgBQbRGSAGYqyIfMFkAjHwGYFyoAVW9SUAEhEpiXFkA
669=aAFVAktVAm2tBUzIAVUCTUkBq3gRfrpZAGgBVQJP1AJVhlDJAQNiXFkAhAh8uqgBXStTQQ
670=RvfAphXFmAXFkGVVQCYFxZBlZIAWwQVQJXyAFVAlhJAWxYBlUCWcgBVQJaSAFgXFUCW8gB
671=VQJcSAHZPV0oKQBeKCkAXygoAAIfAFoAXVwKVVogSAFoWVEJIUgBxQgiKCkAIygpACRIAd
672=FLJSgpACYoKQAnKCkAKCgpAClJATJ3DQUAKkgBgUYFVUlas5gFACxUAt0KLSgpAC5IAXQG
673=VVovSAHBBDBIAdEUMUgBI9MrBgAySAEjKSwGTQpalAZZBjRUAnVaCmlZWo61CwZLWVoAjH
674=U5BkhZJykAOEwFnVcGS1laAChsCGlZWigqC1oAkPBrWVoAGmQIaVlaWBdQBW21WiQsMmpZ
675=WgCY+G21Wia3IkEAWkAFSABttVqcV1GuQ1QCfFdRrkTJAQoivS5a5a1GVALZq0dIAWhZUb
676=lIyAFFuElIAYxHaVlaiFlVAktUAmBRTQVMyAFVAk1IAXxXXfFOyAFNaE/IAVl/UMgBWX9R
677=SAGECGlZWpRaXUxTVAJoWVVaVEgBfVcEbbValFoBBQYAVlYCVwFYHCIvSFoAUakBWFQCaA
678=FZBllJAVW1AlpIAWhZRQhbSAHBO1woKQBdKCkAXigrACAAWyEKJgAAUQkhSAHZBiJIAVgO
679=Ih0lIygpACQoKQAlSAHZSCYoKQAnKCkAKCgpAClJASp0CXFWW2IBAABxVluoQ3FWW1hnQQ
680=MGVD4nKQAuWAbJDC8oKQAwSAFEBWUTMUkBg2xHc1ZbAImpATNUAsEENEgBwRo1KCkANkgB
681=JcUkNygpADhIAdEJOUgBJ9EKWyjQCsgXclZbACVVIT1MBSUpIT5IASW9Lj9IAcEEQEkBhW
682=QTf69bAMtoE3BWqAFNn0NABHFWDSKBIVsmeSBFVAJ4U10iRsgBTQVHSQFzpQhIyAFVAklI
683=AZBAc1ZbAFZ8QSKAIUj2qQFMQASYSCKDIVsAqngRfK+oAUUIT0AEdAJFl1DJAQN/r1sATm
684=QIcFaoAVVEU0AElA18r9QNc1ZbAFCtBVZABGgBTQVXSAFkVV0KWMgBXQpZSQFYrQVaSAHF
685=NFsoKQBcKCkAXSgrACEAXLQjIg1EXHQgcUAjVAKPAQYAJCgpACUoKQAmKCkAJ0gBxUooKC
686=kAKUgBI7gze1NcACl0CXpTXAAj5DN5U1xYMFgCeFMn4QEuWAbRCS9IAVgDeREwKCkAMUkB
687=g2gtelNcAIgMbapcUFxUBSJ4ICdBAzVMBd0gNigpADdIAcVVOEgB0Qk5SAEneQpcrGgieS
688=Bc9ac8QASEuG6qXACM922qXCSgMGyq1BhtqlwoTRVcmFNVnEJECGRVVZxDSAFVFQBFIERI
689=AZAJbapcIyAgTQVGVAJkVU0FR0gBeFNVAkjIAVUCSUkBVHg9elNcAGgBSU5LVAKYSCINRF
690=zxVk1UAmBRjapchFWMqqgBjKqoAY2qXJhTUUtSWAZlVQMi/ytcAE90DXhTqAFBUVVABGxS
691=TQVWyAFNBVdJAVKtBVjIAU0FWUgBzTFaKCkAWygpAFwoKQAirP9lPyMoKQAkKCkAJSgpAC
692=YoKQAnSAHNRyhIAZwrIiA2IyAhcQkqKFUAKygpACxIAdkGLUgB2QYuKCkAL0gB2fgwSQGG
693=tU8xSAGIWWBRyQwHU/tdAIuhBDRABNEJNSgpADZIAd0gNygpADhJAYO5BjlIASchCl0oIA
694=rIAX2kXbSyYVFd6aY+WAaQFGJRXQAlBU5AVAKQFH+kXQAlWDJVREJUAmgBRUpDSAEj/Ct/
695=pF0AGmwQY1FdAHVsFyL8QagBWQZHTAXBnkhIAZCNIiE2XZRPUQlKVAJgUVlTS0kBgKUITM
696=gBRQhNSQGoqQxOyAFVAk/IAVlIUMkBA3+kXQB7ZAh8pKgBWUhTQARgUU0FVMgBTQVVSAGY
697=EXL7XQCQFHL7XQBgUU0FWEAE1S5ZKCgAIowp1QJbKFcAIwBeeA5hRiQoKQAlKCkAJigpAC
698=coKQAoKCkAKSgpACpIAdFLKygpACwoKQAtKCkALkgBhw8GAC9JAYNhJQZapV4AI3EqBlGd
699=XiZhKDJABCPAYG2fXiZVTTRUAsUINSgpADYoKQA3KCkAOEkBm11BBCI+KV4AaAEBBQYAOl
700=UCnFQCAQAJADvJAQFpTl4oyAnUI22fXvWcP0wFgw8KAEAoKQBBSAF8TF2OQsgBXY5DSAEj
701=nCprTl4AHngcaU5eiE5aSEYAqAFZSEdIAcXvSEkBgmwMak5eAGgBTUdKVQJ/tQJLSAFoTk
702=UITMgBRQhNSAFoTk0QTsgBTRBPyAEBBgYAUMgBjZ9eiE5BRlJUAnVPA26fXgB9CgBsn6gB
703=QVFVQQR+YA9qTl4AaAFVAldUAsVKWCgpAFkoKQBaKCsAJABffAd9TCUoKQAmKCkAJygpAC
704=hIAZR7fZlf6d0qVAKICCI9VV9MyVABIjxVJykALUAE1U8uKCkAL0kBg3QucUtfoDtwSyc5
705=AjJABEgJZRMzKCkANCgpADUoKQA2KCkANygpADgoKQA5SAFxSwlyS18AcEtFNDtUApRacU
706=tfvFd9mV8oYR1fKHAJxBNxS1+RmAYiPFWpAQci3CcngQBDXAqAJXBLwCVzS18Ad2QafJmo
707=AU1HR00FVWxdIt09X4RKRRNJVAJwS01HSkgBcEtNBUtIAXBAWUhMyAFZSE1IAZg9It8nXw
708=BPqQxPVAJoAV1BUEgBcAJNR1FJAY5sAX6ZXwBoAUEEU1QCfApJTlTJAQMi3SdfhEpVAlZU
709=AogMfZlfJqkmWChVAFkoKwAlAGBgDH02JigpACcoKQAoSQGDpT8pSQGJqQEqSAElQSQrSA
710=GICHlIYOVKLShVAC4oKQAvSAHRCTBIASUlJjFIASOYJHjiJzkCM1QC3Qo0KCkANSgpADYo
711=KQA3KCkAOCgpADlIAd0gOkkBXnUJCk2UYLjteUhgJEA6e0hgAB5sG22UYCgYCQFgAAAAEQ
712=AA/w4GHQABAAAACgBAAGAAJQEAAAkKAEEAYIgBAQoKAEJIAVgDYQRDSgGDAlMBCgBESQGJ
713=qQFFSQF2UAJFCEbIAQEBCgBHSQGJtQJIyAFVAknIAQECCgBKSQEsoQRLSQGGsQlMKCkATU
714=kBLaEETkkBfqEET0kBT1QCAQQKAFDIAQEFBgBRSQGOVAIBAgYAUsgBAQMGAFNJAYBUAgEE
715=BgBUyAFNBVVKAf//WwIGAFYoKQBXKCkAWCgrACYAYUAFSwAGACcoKQAoSQGDexEGAClJAT
716=FcAwEABgAqSAGXGAYAK0gBixcGACxJAQqhBC0oKQAuSAFwAlkGL0kBL28BBgAwSQErqQEx
717=SQE5qQEySAHRCTNIAXACWQY0KCkANSgpADYoKQA3KCkAOCgpADlIAdEfOkkBXlQJWTI7SA
718=GXGAkAPEkBiG8bCQA9KCkAPkkBMEwFAQAJAD9IAWQBWT1ASQHGbAFiRmEAaAFRCUJUAnAC
719=QQRDSAGMG2NGYQAuewIKAEVUAmBGUUBGyQEDYkZhAGBGSQFIVAJoAU08SckBBWJGYQCXLg
720=oAS1UCMrEJTEgBjyYKAE1IAckMTkkBfXcYCgBPSQFLrQVQyQEBYEYnYQdSVAJ8A1EqUygp
721=AFRIAcElVSgpAFYoKQBXKCsAJwBigAhFCChIAYQea0NiAIxsEGhDJykAK0AEkBRqQ2IAyQ
722=wtVALVRC5IAZcJBgAvSAGIZGtDYgCHsQkxVQI4ZwQGADJIAdEJM0gBcAJNEDQoKQA1KCkA
723=NigpADcoKQA4KCkAOUgB2RE6SAGfIwoAO0kBfGEPCktDYgB2qQE9VQLQew0KAD7IAUU/P0
724=kBzLUCQMgBVQJBSAFoQ0E7QkgBfAOLQ2IAC2wBa0NiAHipAUVABGgBWQZGyAFVREdJAYWh
725=BEjIAUEESUgBnBVpQ2JQJUQEakNiAINnCgBMQASMJmpDYgCPaAoATlQCJ2kIYkpJAABJDF
726=BUAnVEA2hDJzUHUlQCVQoAUSpTSAGUDWyJJ90GVShVAFYoKwAoAGOUBlkGKSgpACooKQAr
727=SAHRCSxIAZ0gBkEUY0AjRQcGRGUnBQEvQQSFdC5wQNcCBwAxVQKLtQIySAFQBnEUMygpAD
728=QoKQA1KCkANigpADdIAc0QOCgpADkoKQA6SQFbQAtJLTtJAX90DXNAYwB5qQE9VAJwQFkn
729=PsgBTTw/SAFwQFUCQMgBVQJBSAGUDWHKY1SiQwsKAENUAtkyREgBZD9NBUXIAVl/RsgBWX
730=9HSAFwQF0KSMgBTQVJSQGAuRFKSAHZU0tIAYwmcEDNJgteg2MAjCZzQGMAgbkGT0wFYMpJ
731=L1DJAQFwQNgGYcpj+XRTQASUGHBAJ1UAVShXACkAZEAbSABsficpACsoVQAsSAHFCC0oKQ
732=AuSAFQBmk4L0gBwYgwSQGNcRQGWT1kTEJIBGx+J10BM0AETAJ5BjQoKQA1KCkANigpADdI
733=AcEPOEkBWH8GCgA5SAFsPFEqOsgBUSo7SAGcjnk9ZFxSUQUKW8FkABwheCBBJT5ABGgBSU
734=M/SQEjcxQKAEBIAUQFIqUgQSgpAEJJAYOhBENIASXRIERJAXVwBXrBZABoAVEJRlUCVakM
735=R0kBiKEESMgBQQRJyAFdFUpJAYG9CktIAYwmej1kAIwmbH7MJnk9ZKg4eMEnKQBQWAZkP1
736=1MUckBBXg9wAQi/CAnKQBUQATbJyoAZXwSdS4rKCkALCgpAC0oKQAuSAGEKXG5ZeW4MFQC
737=mF5gOycxATJUAoMLBgAzKCkANEgBwQ81SAHBBDYoKQA3SAHBBDhJATxkBGA73woKADpVAo
738=KhJTtIAc0xPEgBzTE9SQEcVC5RKj7IAVFAP0kBIrkGQEgBeApFP0EoKQBCSAHVLkNIAZzQ
739=cblllDlRCUVVAnVcBlEJRkkBV0gMRQhHSAFgO1UCSMgBQTBJyAFBfUpIAYAacbll6YVMVQ
740=IpUAlFCE0oKQBOSAGEKWE7Ze08UFUCTq0FUckBAWA7wARgOycrACsAZmQFdTksKCkALUgB
741=3TYuSAEj6CNoOM8FBwAwVAKMiWg41AJscycpADNABIMLBgA0KCkANSgpADYoKQA3SAGHHg
742=YAOEkBPF4GAgZOc2YAaAFBJTpVAmJUAlEfO0gB1S48SAHVLj1JASa9Kz7IAVVlP2gB6DjE
743=EyKpJmbxKkJABNEqQ0gBxSlESQF0tQ1FyAFRCUZJAVapDEdJAVWpAUhJAYatBUnIAU0FSk
744=gBmCdpOGZQGkQEbXNmJEAkbHMnKQBOTQU5XANNG09IAc0QUEgBiyIKAFFIAXQ5VURSyAFb
745=dCwAZ3AGfTYtSAGIIn3mZ1BnQANyNWcAI4wofeZn9acxTAVYA3kGMigpADMoKQA0KCkANS
746=gpADYoKQA3SAGEE3E1Z6hOcTVnkDVFEzpBBGBsDCLyJGcAJd0yPFQCcAJZHD1IAXA1QTs+
747=yAFNGz9IAcEEQEgBzapBSAGMG33mZ/knQ1QCxT9ESAFwNZ5tZwBoAV0KRlUCWKU0R0kBWa
748=kBSEgBcDVNBUnIAU0FSkgB0YJLSAHRgkxIAcHrTUkBerlITkgB2RFPSAHNEFBIAYgicjVn
749=AHA1WxwtAGidGQB5MmgkfCZ5MmjtMTAogQAxKCkAMigpADMoKQA0KCkANSgpADYoKQA3KC
750=kAOEgBmBF5MmjlNDpUAngyWVM7SQGBoRo8SAHFVT1IAdVPPkgBZDQBBwoAP8kBCH/baAAm
751=uQZBVAKQG3syaACNbAEiOCOoAUkMREEEcrUCRcgBVQJGSAEnGRRoI7gzQSVIVQKJTAVBBE
752=nIAUU0SkgBJ1oGaAAjeDZvaGgAhq0QTUAE3RVOSAFACGXvT0gBkB8ifDzRHwpFLmmcA04x
753=LwAnKQAwKCkAMSgpADIoKQAzKCkANCgpADUoKQA2KCkANygpADgoKQA5SAGZEQZf0GkAX3
754=QQfWJp6ZA8QASYqyKCIWkA1U8+VAJhMApiMGkAaQELYDDIF3CYJykAQkwFYDBNJkPIAVVa
755=REgBYDBVAkXIAVUCRkgBxZdHSAF0LlUCSMgBVXBJyAGf0GkAhaktS1QCZBcBAAsATEgBmI
756=pxmGlAK1wCIoAhJzkCT0AEhR4KSV5qVANIAGiQJysAMQBq7VIyKCkAMygpADQoKQA1KCkA
757=NigpADcoKQA4KCkAOSgpADpIAWgtRUo7SAHZSDxIAckXPUgB0Xc+SAEi1EdNBT/IAU0mQE
758=gBJwgSyBdvXWoAdlwZUVZDQARoAVkGREkBTqWMRcgBVQJGSQFWtQJHSAFo/lkGSMgBQQRJ
759=yAFVDUpIAdEUS0gB0RRMSAHRFE1IAXwORQhOKCsAMABrkQIAcfBrKFMFawBWfwIKADNABG
760=gBVQ00SQFTtQI1yAFVAjZJAVG1AjfJAQF8uicxATlVAlqhBDrIAVkGO0gB3RU8SAHRVj1I
761=AWgFURQ+SAFwKkVKP8gBRUpASQEgpUpBSQEfqQFCSQF2XAZdIEPIAU1SREgBcCpVAkXIAV
762=UCRkgBJ14XawBwKlUCSFQCaAFVDUnIAVUNSkgBzbVLSAHFKUxIAVANaYVNKCsAMQBsKPkE
763=bJgnQQ8zVALNBTQoKQA1KCkANkkBY2cECgA3SQFUqQE4yAFBJTlIAXgnUQk6SAHN4TtIAc
764=UTPEgBxRM9SAFtJgYiTUFsI/hRnK9IAaElQEEEHqkBQUgBcA1JLUJJAXlsAX6vbABoAUEP
765=RNQCQQ9FSQFPoVFGyAFBBEdIAcWBSEgBeOJRCUnIAUEESkgBeApVAksoKQBMKCgAAjIAbQ
766=BcZAR9TG1gAXEqNFQCjwEKADUoKQA2KCkAN0kBfLUYOEkBeKkBOSgpADpJAXW1AjtIAdEJ
767=PCgpAD1IAWElCWElbYAlnaRt7apAQAQjDE99pG0m/TZCVAJ0I0FGQ8gBQUZEyAFBRkVIAW
768=AlTSZGyAFNBUdIAc3WSEgBYCVBBEnIAUEESkgB0RRLKCsAMwBukAJZJzQoKQA1KCkANigp
769=ADdJAYGlHjhIAZwGIggzJwUBOlQCwQQ7SAHBBDwoKQA9SQHGeAJqIm4AaAFJOD9UAsW4QE
770=gBfANFuEFIASPoLn2ZbrhebUdu6ZtEQARgckUIRUgB1URGSQFQuUhHyAFBBEhIAWgiWRxJ
771=yAFVAkpIAZQNAgoANABvhAFBBDVJAQGlCDbIAU0FN8gBUSo4SQH2dAVyH28AaAFBBDrUAk
772=EEO8gBVS48SAEimEVdCj3IAU0FPkgBcB9BBD9IAdFsQEkBjr0rQUgB3W1CSAEj5ElxH2+Q
773=H0kMRFQCcB9FCEVJAVa9FUZIAXAfQQRHyAFBBEhIAXAfVQJJyAFUAgE1AHAAeBxJATbIAV
774=1MN8gBXUw4SAFsG1UCOcgBVQI6yAFZfzvIAVl/PEgBeBxJDD3IAV0KPkgBfCRRHz8oKQBA
775=KCkAQUgBJVknQkgBJZkkQ0kBdXwGIpk6cCOYOk0mRVUCT/occABoAVUCR1UCVbUCSEgBeB
776=xXDTYAcXwHYX03KCkAOCgpADkoKQA6KCkAOygpADxJASOtMT1IAZQJcVZxRFNQASK8IyeJ
777=AUAogQBBSAHFzkJIAcXOQ0kBdVQGVSNEyAFVI0VIAXQYVQJGyAFVAkfIAVYYNwAiZCRfBg
778=oAOCgpADkoKQA6KCkAOygpADxIAdnXPUkBG7UYPkgBSAlpIj8oKQBAKCkAQUgBwVFCSAHV
779=T0NIASKwMlkRRMgBVS5FSAFoF1UCRsgBVwI4AHOEDFUCOSgpADooKQA7KCkAPEkBJKUTPU
780=kBHKkBPkgB3RU/SAGUCSI9KXPppkFUAiUlPEJIASfBCHMjRDVFKURUAnwVRSlFSAFwFFUC
781=OZgDWAkimEV4A4kBOyhVADwoKQA9KCkAPkkBIqUTP0gBUAZ5J0BIAc08QUgBJRUkQkgBJ8
782=0EdJBWXSBEVAJkP1UjOqwCZQg7KCkAPCgpAD0oKQA+SAElCTM/SAEn4gF1AMU0QVQC1Q1C
783=SAHBBENIAXQNRR47gIVcAiJtUHZcAEgAIuguJykAPiiBAD8oKQBAKCkAQSgpAEIoKwA8AH
784=dECUgAcAknKQA+KFUAPygpAEAoKQBBKCkAPSQQYX0gPigpAD8oKQBAKCkAPiOcIJQNCD8A
785=eQAAAAAAAAoAEQAA

[Lighting]
Red=1.160000
Blue=0.780000
Green=1.060000
Level=0.028000
Ground=0.000000
IonRed=0.695000
Ambient=0.000000
IonBlue=0.775000
IonGreen=0.445000
IonLevel=0.028000
IonGround=0.000000
IonAmbient=0.650000

[Map]
Size=0,0,60,62
Theater=TEMPERATE
LocalSize=2,4,56,50

[Neutral]
IQ=0
Edge=North
Side=Civilian
Color=Grey
Allies=GDI,Nod,Neutral
Credits=0
ActsLike=0
NodeCount=0
TechLevel=1
PercentBuilt=0
PlayerControl=no

[Nod]
IQ=3
000=NAAPWR,15,59
001=PROC,21,54
002=GASILO,22,58
003=GASILO,19,58
004=NAHAND,30,67
005=NAAPWR,13,60
006=NAWEAP,29,59
007=NAAPWR,13,63
008=NALASR,37,60
009=NAAPWR,16,62
010=NALASR,25,63
011=NAAPWR,15,65
012=NALASR,37,66
013=NARADR,32,55
014=REDLAMP,19,63
015=REDLAMP,32,62
Edge=West
Side=Nod
Color=DarkRed
Allies=Nod,Neutral
Credits=60
ActsLike=1
NodeCount=16
TechLevel=5
PercentBuilt=100
PlayerControl=no

[OverlayDataPack]
1=BQAAIP4AIACAGQAAIP5FGgCBAf7/AQCBBP7/AQCCBgb/uQFEGoAoAQAg/kQAAIcGBwAGAA
2=AD/vkBABIAhAcGAAT+BwAAhAMEBAFQDP7mAQCGCAoIAAcIYfQCC4EE/+oBSgCHBAcICgsK
3=CgICggABVAEgAv7nAQCFBwgHCAgCAIMIBgb+BQAAhQEDAwQG/gMAAzAO/+MBYQQSBIUACA
4=gACP4JAAACAYQGBAMD/+cBXAYH+IEGBf+BCBAJQgAaEoED/+YBVwKBAx38ggcKBgYUCf4G
5=AAAWA4IEAwQE/+QBWwyCAwAF7gYCyloIhwQHBwYGAwN0E//eAWUKAfHLWgiBAQQQggMGKB
6=z/5AFgDgnrzF8QgQMGEIMDBAH/5gFbCiHmy0kUgQH+AwAEhAAEAQH+6gEAzF0OBf6BBv/u
7=AUoA/+4BVwL+EgAA/+sBXxb/ygFdGIDuAAAg/jUAAIIHB/4iAACBAv4DAAr+BQAAgwoKCP
8=7MAQCKBAYABggIBgAAA/72AQD+BAAHgQAD04IEBP70AQCCAwcFzYIHB/4DAAgAB//ZAToE
9=F7w3v/4EAAqCDgz+CwAA/gQABoIACAQBggcG/9oBOwbMIQaBDcwjBIMIBggEB//NAWQA/h
10=0AAIEFyxYKgwQABwH9hgcHBgADAf/zAT8KHAT+AwAHDAcMBf/2AT8MgQAB/RQK//kBPQ6B
11=AQAC2hUC/98BVxD/UgAEFP/OAYgS/+ABVhD+3gEAhAYIAALJJAj/8AEkGBnc/+YBPgz+Ag
12=IAgJUAACD+FAAAgQRABP46AACBBf69AQCFAwgAAgn6SwD/vgFWAP9CAEYC/wACVgKBAf//
13=AVcE/s4BAP/tASQIggIM/hAAAIIGDfbZC4IKCv4FAAD+AwAKgQj/qgFrAP4HAAoxuP4DAA
14=qBC8kYAv4LDAD/zgFWBu0RGoEDAAIQBv/wAUQagQPBFwACA4EGwmgMgQb7GAD+ggEAgBQB
15=ACD+MgAAgwcABgACiQAICggGBAQABP7uAQCHAQMGBggGCP4DAAeGCAsLCgAAAgn+8AEAhg
16=cACAAICBQAAgf/7wFAAP4DAACCBgAD/AIEAgKDAAoI/vEBAIEDB/SDBwcABgMQAgP/ggQD
17=//IBPwYB9hYHgQciEP71AQCEAQAEBv/tAT8AgQ3QIwr/6wFCCIcSMCQODg0NzSkM/ugBAI
18=UIMjExMAAEgSX+9gEAhA0MCzH+AwAAhDAwMib/7QE5EGP+gzArMv4DAACBMQQCgRgSAP/w
19=AUIIgwQLMDQAgRs784EH//EBPwKBCygBgRxCDy/6/+8BRgiEAwsyHEwBwDEG//MBQQqGBj
20=ErMDE1wT8KgQf/ywE9BoB8AAAg/isAAIQKMTId/gMAAIYGCAgKCAb+9AEAgwkyGv4EAACF
21=BwgABwT+9AEAgwgxJf4FAACBB//1ATcAFgKHMjYAAAMGAP/4ATUEggAFGACBAP/2ATYA/g
22=gAAIQEBwgH/v0BAIQHAAYG/voBAIIDBgv8ggQD//sBOAj+zQ8AgAUAACD+ACAAgAUAACD+
23=ACAAgAUAACD+ACAAgAUAACD+ACAAgAUAACD+ACAAgAUAACD+ACAAgAUAACD+ACAAgAUAAC
24=D+ACAAgAUAACD+ACAAgAUAACD+ACAAgAUAACD+ACAAgAUAACD+ACAAgAUAACD+ACAAgAUA
25=ACD+ACAAgAUAACD+ACAAgAUAACD+ACAAgAUAACD+ACAAgAUAACD+ACAAgAUAACD+ACAAgA
26=UAACD+ACAAgAUAACD+ACAAgAUAACD+ACAAgAUAACD+ACAAgAUAACD+ACAAgAUAACD+ACAA
27=gA==

[OverlayPack]
1=CwAAIP5EHv+Brv67Af+ANgAAIP5BAv+BsyAD/voD/4Gt/vgP/4Gv/vsD/4Gx/g4A/4Fm/v
2=8B///tAUUagbDQMxyBZv+5AUQcgNMAACD+NAD/gaz+DwD/hGZm/2YABv75Af8SADIEQA+D
3=ZmZ//+0BSgAh/gAEUA+B//4DAH//7AFcAv4FAGYB90ICA/4gEf7RAf+BrdkuBlHyBf2Bfw
4=AD/80BVwKBq9oqAhXyyEgCRAH/6AFXAhIBzEUEAf8SBP/mAV0KLfzJVgYF/hQBKAX+xwH/
5=ga7bJg7JSAZCBAgAGAj/6AFbDDgHyDsSEgH/6gFdEM9HABIBEgL/6AFgEM1HFCH8/+0BVg
6=LNSBL/1gFXBt0qFv77Af//7AFfFv7JAf+ArwAAIP41AP+CZmb+IgD//gQAAlAJ/swB/wH8
7=/gQAZgAJ/vYB/yH9MAP/9gE+AjIDIAf+2AH//gcAGmAKziYEMgP/5wE6BMojCEIDIgX+6A
8=H/yyQKNAAmCv/nATsIzCQKWAH/6QE5BM4kDiQB/+oBOALVJBDYPwD+DAD/gkFJ/9EBZRDe
9=OQD+DgD/gUj/8AFmEv4PAP+BPv//AWYU/7IBdAjKIwr/8QEkGP/zASEa/vgB/4CKAAAg/h
10=QA/4EaQAT+OgD/gQL+vQH/ghoaEAPLCgD/7AEoANEEAP4GAP+Bqf//AS8C/hQA/4Gs//8B
11=QwT+4gH/4iQIgar/yAFdCM4kCs8RDOYuAoICAlAI/6oBVgb+CAAayw8O/iEC/4Gr/vEJ/4
12=Fm//0BRBiBZiAI//EBOxqCZmYR9BADIfswBv67Af+AqQAAIP4yAP+BZiACgf/+BgBmEAr+
13=7AH//g4AZhIN/vEB/yQAEANCA//yAUMCJfhCB//xAUEEQfx2Av/0AT8EVgX/9QE/CFYG/+
14=0BPgKBftIhBP/qAT8M/gYAfs4mCv/uAUAOzSwQ/+wBPhD+AwCyQgGBf//0ATUSg36ypyIA
15=AgGBf//xATIUyyUUAgL/9gEzFFf//gMAf//1ATQSY///8wE0GFICEfv/zAE0GoBZAAAg/i
16=sA//4EAH7+AwD//gMAf4OTk3/+9AH/MgCG/3+T/5OT//sBOAD/9wE1AlIBg39////4ATUE
17=gf8oABIC/vsB//4EAH/+/QH///4BMggj/v/9ATUM/s0P/4AFAAAg/gAg/4AFAAAg/gAg/4
18=AFAAAg/gAg/4AFAAAg/gAg/4AFAAAg/gAg/4AFAAAg/gAg/4AFAAAg/gAg/4AFAAAg/gAg
19=/4AFAAAg/gAg/4AFAAAg/gAg/4AFAAAg/gAg/4AFAAAg/gAg/4AFAAAg/gAg/4AFAAAg/g
20=Ag/4AFAAAg/gAg/4AFAAAg/gAg/4AFAAAg/gAg/4AFAAAg/gAg/4AFAAAg/gAg/4AFAAAg
21=/gAg/4AFAAAg/gAg/4AFAAAg/gAg/4AFAAAg/gAg/4AFAAAg/gAg/4AFAAAg/gAg/4A=

[Scion]
IQ=0
Edge=North
Side=Scion
Color=DarkBlue
Allies=Scion
Credits=0
ActsLike=3
NodeCount=0
TechLevel=1
PercentBuilt=0
PlayerControl=no

[ScriptTypes]
0=0A5978E0
1=0A5972A0
2=071FEDF0
3=06FE2DF0
4=09A3FB70
5=09A3F0B0

[Special]
IQ=0
Edge=East
Side=Mutant
Color=Grey
Allies=Special
Credits=0
ActsLike=0
NodeCount=0
TechLevel=1
PercentBuilt=0
PlayerControl=no

[SpecialFlags]
Inert=no
FogOfWar=no
IonStorms=no
MCVDeploy=no
Meteorites=no
Visceroids=no
FixedAlliance=no
TiberiumGrows=yes
InitialVeteran=no
HarvesterImmune=no
TiberiumSpreads=yes
TiberiumExplosive=yes
DestroyableBridges=yes

[Structures]
0=GDI,GALITE,256,84,59,0,0C399570,1,0,1,0,0,None,None,None,0,0
1=GDI,GALITE,256,95,71,0,0C399570,1,0,1,0,0,None,None,None,0,0
2=GDI,GACTWR,256,86,63,192,0C399570,1,0,1,1,0,GAVULC,None,None,0,0
3=Neutral,INLIMELMP,256,56,82,0,None,1,0,1,0,0,None,None,None,0,0
4=Neutral,TIB1SPWN,256,60,83,0,None,1,0,1,0,0,None,None,None,0,0
5=Neutral,TIB1SPWN,256,53,82,0,None,1,0,1,0,0,None,None,None,0,0
6=Neutral,TIB1SPWN,256,54,52,0,None,1,0,1,0,0,None,None,None,0,0
7=Neutral,INLIMELMP,256,53,51,0,None,1,0,1,0,0,None,None,None,0,0
8=Neutral,INLIMELMP,256,71,36,0,None,1,0,1,0,0,None,None,None,0,0
9=Neutral,INEMELMP,256,87,37,0,None,1,0,1,0,0,None,None,None,0,0
10=Neutral,TIB1SPWN,256,88,38,0,None,1,0,1,0,0,None,None,None,0,0
11=Neutral,TIB1SPWN,256,71,37,0,None,1,0,1,0,0,None,None,None,0,0
12=Neutral,CACRSH04,256,70,52,0,0C399200,1,0,1,0,0,None,None,None,0,0
13=Neutral,CACRSH04,256,69,51,0,0C399200,1,0,1,0,0,None,None,None,0,0
14=Neutral,NEGLAMP,256,70,53,0,None,1,0,1,0,0,None,None,None,0,0
15=Neutral,NEGLAMP,256,69,19,0,None,1,0,1,0,0,None,None,None,0,0
16=Neutral,NEGLAMP,256,54,30,0,None,1,0,1,0,0,None,None,None,0,0
17=Neutral,NEGLAMP,256,37,37,0,None,1,0,1,0,0,None,None,None,0,0
18=Neutral,NEGLAMP,256,89,71,0,None,1,0,1,0,0,None,None,None,0,0
19=Neutral,NEGLAMP,256,113,68,0,None,1,0,1,0,0,None,None,None,0,0
20=Neutral,AWIND2,256,55,29,0,None,1,0,1,0,0,None,None,None,0,0
21=Nod,NAHAND,256,30,67,0,None,1,0,1,0,0,None,None,None,0,0
22=Neutral,INORNGLAMP,256,42,91,0,None,1,0,1,0,0,None,None,None,0,0
23=Neutral,NEGLAMP,256,20,75,0,None,1,0,1,0,0,None,None,None,0,0
24=Neutral,INBLULMP,256,84,91,0,None,1,0,1,0,0,None,None,None,0,0
25=Neutral,INBLULMP,256,71,94,0,None,1,0,1,0,0,None,None,None,0,0
26=Neutral,INBLULMP,256,69,108,0,None,1,0,1,0,0,None,None,None,0,0
27=Neutral,INBLULMP,256,79,67,0,None,1,0,1,0,0,None,None,None,0,0
28=Neutral,INBLULMP,256,66,63,0,None,1,0,1,0,0,None,None,None,0,0
29=Neutral,NEGLAMP,256,56,66,0,None,1,0,1,0,0,None,None,None,0,0
30=Nod,AMMOCRAT,256,20,70,0,None,1,0,1,0,0,None,None,None,0,0
31=Nod,AMMOCRAT,256,21,70,0,None,1,0,1,0,0,None,None,None,0,0
32=GDI,GALITE,256,93,46,0,0C399570,1,0,1,0,0,None,None,None,0,0
33=GDI,GACNST,256,98,58,0,0C399570,0,0,1,0,0,None,None,None,0,0
34=Neutral,TIB2SPWN,256,52,97,0,None,1,0,1,0,0,None,None,None,0,0
35=Neutral,AWIND2,256,45,96,0,None,1,0,1,0,0,None,None,None,0,0
36=Neutral,CACRSH04,256,54,92,0,01000003,0,0,1,0,0,None,None,None,0,0
37=Neutral,CACRSH04,256,49,95,0,01000003,0,0,1,0,0,None,None,None,0,0
38=Neutral,CACRSH04,256,49,101,0,01000003,0,0,1,0,0,None,None,None,0,0
1018976=Nod,GACNST,256,21,62,0,None,1,0,1,0,0,None,None,None,0,0
1018983=Nod,NAGATE_A,256,28,52,0,None,1,0,1,0,0,None,None,None,0,0
1018984=Nod,NAGATE_B,256,36,62,0,None,1,0,1,0,0,None,None,None,0,0
1018985=Nod,NAGATE_A,256,26,71,0,None,1,0,1,0,0,None,None,None,0,0
1018986=GDI,GAGATE_A,256,94,48,0,0C399570,1,0,1,0,0,None,None,None,0,0
1018987=GDI,GACTWR,256,93,48,0,0C399570,1,0,1,1,0,GAVULC,None,None,0,0
1018991=GDI,GACTWR,256,97,48,0,0C399570,1,0,1,0,0,None,None,None,0,0
1018997=GDI,GAPOWR,256,102,51,0,0C399570,1,0,1,0,0,None,None,None,0,0
1019000=GDI,GAPOWR,256,105,52,0,0C399570,1,0,1,0,0,None,None,None,0,0
1019003=GDI,GACTWR,256,100,70,0,0C399570,1,0,1,0,0,None,None,None,0,0
1019005=GDI,GACTWR,256,96,70,128,0C399570,1,0,1,1,0,GAVULC,None,None,0,0
1019009=GDI,GAGATE_A,256,97,70,0,0C399570,1,0,1,0,0,None,None,None,0,0
1019010=GDI,GACTWR,256,86,59,0,0C399570,1,0,1,0,0,None,None,None,0,0
1019012=GDI,GAGATE_B,256,86,60,0,0C399570,1,0,1,0,0,None,None,None,0,0
1019021=Nod,GATICK,256,28,65,0,None,1,0,1,0,0,None,None,None,0,0
1019024=Nod,NAAPWR,256,15,59,0,None,1,0,1,0,0,None,None,None,0,0
1019027=Nod,PROC,256,21,54,0,None,1,0,1,0,0,None,None,None,0,0
1019032=Nod,GASILO,256,22,58,0,None,1,0,1,0,0,None,None,None,0,0
1019035=Nod,GASILO,256,19,58,0,None,1,0,1,0,0,None,None,None,0,0
1019043=Nod,NAAPWR,256,13,60,0,None,1,0,1,0,0,None,None,None,0,0
1019046=Nod,NAWEAP,256,29,59,0,None,1,0,1,0,0,None,None,None,0,0
1019047=Nod,NAAPWR,256,13,63,0,None,1,0,1,0,0,None,None,None,0,0
1019050=Nod,NALASR,256,37,60,64,06EA32E0,1,0,1,0,0,None,None,None,0,0
1019051=Nod,NAAPWR,256,16,62,0,None,1,0,1,0,0,None,None,None,0,0
1019054=Nod,NALASR,256,25,63,64,None,1,0,1,0,0,None,None,None,0,0
1019055=Nod,NAAPWR,256,15,65,0,None,1,0,1,0,0,None,None,None,0,0
1019058=Nod,NALASR,256,37,66,64,06EA32E0,1,0,1,0,0,None,None,None,0,0
1019059=Nod,NARADR,256,32,55,0,None,1,0,1,0,0,None,None,None,0,0
1019062=Nod,GATICK,256,25,57,0,None,1,0,1,0,0,None,None,None,0,0
1019063=Nod,REDLAMP,256,19,63,0,None,0,0,1,0,0,None,None,None,0,0
1019064=Nod,REDLAMP,256,32,62,0,None,0,0,1,0,0,None,None,None,0,0

[Tags]
01000001=0,Fade in 1,01000000
01000003=0,Blue Tib text 1,01000002
01000005=0,refinery obj 1,01000004
01000007=2,Spotlight detect 1,01000006
01000009=2,Spotlight alert 1,01000008
01000011=0,Sun sets 1,01000010
01000013=0,Sun rises 1,01000012
01000015=0,Music 1,01000014
03C848F0=0,Rev A 1,03C8A540
06EA32E0=0,Rev G,06EA38F0
06EA4370=0,rev nod base 1,06EA4470
06EA48E0=0,Rev P,06EA4A50
06EA4BC0=0,Rev O,06EA4D30
06EA5CE0=0,Rev on 1,06EA3700
06F15190=2,refinery reminder 1,06F15710
06F16DA0=2,objective text 1,06F150E0
06F2E780=0,T 00:30,06F2EA40
06F2EAF0=0,GDI rnf 1 1,06F2EF30
06F952A0=0,Building radar,06F95830
06F956B0=0,vulcan text 1,06F968A0
06F96D10=0,silo text 1,06F96ED0
06F96F80=0,Low power text 1,06F95170
06FE3C70=0,T 01:10,06FE3E10
06FE3EC0=0,T 01:00,06FE2580
06FE49B0=0,Nod production on,06FE50C0
06FF14C0=0,GDI text 1,06FF1930
072CD240=0,Barracks text 1,072CD720
072CEDC0=0,Bip 00:30,072CD120
09A02C00=0,Building war,099C4250
09A08A70=0,explain build 1,09A08B10
09A0DD10=0,all GDI gone 1,09A0DE80
09A3D280=0,Win,09A3D6F0
09A63890=0,Built refinery 1,09A63A80
09A63B30=0,refinery text 1,09A62080
09A69E60=0,Place power,09A682F0
09A81F80=0,Vein text,09A80790
0C14CE30=0,Ref + 8:00 1,0C14CD80
0C399200=0,cliff text 1,0C399400
0C399570=0,repair text 1,0C3999E0
0C399F10=0,tib text 1,0C3986A0
0C6F2730=2,Rnf 4 4-12+ref,0C6F2B50
0C6F2C00=2,Rnf 3 8+ref,0C6F10F0

[TaskForces]
0=0A596E70
1=0A5974D0
2=071FC490
3=071FEBE0
4=071FEA30
5=071FE880
6=0C6F0E70
7=0C6F1AD0
8=06FE06A0
9=071FE6D0
10=09A3D060
11=09A3F2E0

[TeamTypes]
0=0A596F40
1=0A5975A0
2=071FC560
3=071FECB0
4=071FEB00
5=071FE950
6=0C6F0F40
7=0C6F19F0
8=06FE05C0

[Terrain]
14060=TREE01
15060=TREE04
22054=TREE05
27045=TREE07
28046=TREE08
28048=TREE06
33077=TREE17
37071=TIBTRE01
38088=TIBTRE02
45058=TREE22
45072=TREE18
46065=TREE02
46066=TREE07
46070=TREE17
47061=TREE16
47063=TREE10
47064=TREE01
47065=TREE03
47068=TREE21
47089=TREE02
47099=TREE03
48064=TREE08
48066=TREE05
48068=TREE15
49046=TREE25
49070=TREE20
49073=TREE19
49102=TREE04
50064=TREE09
50066=TREE19
50067=TREE18
50072=TREE02
51065=TREE06
51074=TREE11
52054=TIBTRE03
52064=TREE13
52073=TREE06
53066=TREE12
53073=TREE04
53087=TREE01
55066=TREE20
55068=TREE03
55069=TREE01
56041=TREE25
56071=TREE14
56074=TREE09
58076=TREE10
58085=TREE08
59056=TREE24
59074=TREE05
59079=TREE03
59080=TREE05
59082=TREE01
60043=TREE23
60044=TREE16
60063=TREE23
60067=TREE06
61073=TREE02
61075=TREE04
62053=TREE20
62054=TREE12
62059=TREE16
62071=TREE07
63056=TREE15
63063=TREE19
63112=TREE01
63117=TREE08
63118=TREE09
64053=TREE14
64061=TREE13
64070=TREE02
64114=TREE06
64117=TREE02
65082=TREE02
65111=TREE02
65112=TREE03
66114=TREE05
67113=TREE07
68088=TREE01
69050=TREE15
69108=TREE05
69109=TREE06
70051=TREE19
70055=TREE18
70064=TREE17
70089=TREE05
70108=TREE10
70111=TREE04
71053=TREE11
71088=TREE03
71090=TREE04
72018=TREE02
72019=TREE01
72020=TREE10
72024=TREE09
72053=TREE12
72055=TREE14
72065=TREE06
72093=TREE05
73020=TREE11
73109=TREE01
74021=TREE03
74024=TREE12
74026=TREE06
74050=TREE22
74051=TREE21
74067=TREE13
74084=TREE05
74085=TREE04
74092=TREE09
74093=TREE10
74101=TREE03
75024=TREE07
75025=TREE04
75061=TREE20
75093=TREE07
76025=TREE05
76089=TREE06
77022=TREE13
77023=TREE05
77024=TREE08
79042=TREE24
80041=TREE12
81041=TREE19
82039=TREE14
82044=TREE25
82053=TIBTRE03
83041=TREE15
83042=TREE21
83060=TIBTRE01
84037=TREE13
84045=TREE23
89065=TREE25
97053=BIGBLUE4
97078=TREE08
99074=TREE15
99076=TREE12
99077=TREE10
101058=TREE23
101065=TREE24
101074=TREE13
101079=TREE11
103060=TREE22
103076=TREE05
103077=TREE14
105075=TREE09
109055=TREE16
109058=TREE19
109059=TREE21
110056=TREE18
113064=TREE20
115063=TREE17

[Triggers]
01000000=GDI,<none>,Fade in,0,1,1,1,0
01000002=GDI,<none>,Blue Tib text,0,1,1,1,0
01000004=GDI,<none>,refinery obj,0,1,1,1,0
01000006=GDI,<none>,Spotlight detect,0,1,1,1,0
01000008=GDI,<none>,Spotlight alert,0,1,1,1,0
01000010=GDI,<none>,Sun sets,0,1,1,1,0
01000012=GDI,<none>,Sun rises,0,1,1,1,0
01000014=GDI,<none>,Music,0,1,1,1,0
03C8A540=GDI,<none>,Rev A,0,1,1,1,0
06EA3700=GDI,<none>,Rev on,0,1,1,1,0
06EA38F0=GDI,<none>,Rev G,0,1,1,1,0
06EA4470=GDI,<none>,rev nod base,0,1,1,1,0
06EA4A50=GDI,<none>,Rev P,0,1,1,1,0
06EA4D30=GDI,<none>,Rev O,0,1,1,1,0
06F150E0=GDI,<none>,objective text,0,1,1,1,0
06F15710=GDI,<none>,refinery reminder,1,1,1,1,0
06F2EA40=GDI,<none>,GDI rnf 2,0,1,1,1,0
06F2EF30=GDI,<none>,GDI rnf 1,0,1,1,1,0
06F95170=GDI,<none>,Low power text,0,1,1,1,0
06F95830=GDI,<none>,Building radar,0,1,1,1,0
06F968A0=GDI,<none>,vulcan text,0,1,1,1,0
06F96ED0=GDI,<none>,silo text,0,1,1,1,0
06FE2580=Nod,<none>,bike 1 go,0,1,1,1,0
06FE3E10=Nod,<none>,Nod bike 2 go,0,1,1,1,0
06FE50C0=Nod,<none>,Ref + 5:00,0,1,1,1,0
06FF1930=GDI,<none>,GDI text,0,1,1,1,0
072CD120=GDI,<none>,ready text,0,1,1,1,0
072CD720=GDI,<none>,Barracks text,0,1,1,1,0
099C4250=GDI,<none>,Building war factory,0,1,1,1,0
09A08B10=GDI,<none>,explain build,0,1,1,1,0
09A0DE80=GDI,<none>,all GDI gone,0,1,1,1,0
09A3D6F0=GDI,<none>,Nod gone,0,1,1,1,0
09A62080=GDI,<none>,refinery text,0,1,1,1,0
09A63A80=GDI,<none>,Built refinery,0,1,1,1,0
09A682F0=GDI,<none>,place power plant,0,1,1,1,0
09A80790=GDI,<none>,Vein text,0,1,1,1,0
0C14B670=Nod,<none>,entered,0,1,1,1,0
0C14CD80=Nod,0C14B670,Ref + 8:00,0,1,1,1,0
0C3986A0=GDI,<none>,tib text,0,1,1,1,0
0C399400=GDI,<none>,cliff text,0,1,1,1,0
0C3999E0=GDI,<none>,repair text,0,1,1,1,0
0C6F10F0=GDI,<none>,GDI rnf 3,0,1,1,1,0
0C6F2B50=GDI,<none>,GDI rnf 4,0,1,1,1,0

[Units]
0=Nod,HARV,256,24,55,64,Harvest,None,0,-1,0,-1,1,1
1=Nod,TTNK,256,34,60,0,Area Guard,None,0,-1,0,-1,1,1
2=Nod,BGGY,256,40,66,64,Area Guard,None,0,-1,0,-1,1,1
3=Nod,BGGY,256,28,49,0,Area Guard,None,0,-1,0,-1,1,1
4=Nod,BIKE,256,33,62,96,Area Guard,None,0,-1,0,-1,1,1
5=Nod,BIKE,256,32,74,96,Area Guard,None,0,-1,0,-1,1,1
6=Nod,BGGY,256,40,61,64,Area Guard,None,0,-1,0,-1,1,1
7=Nod,SUBTANK,256,32,58,224,Area Guard,None,0,-1,0,-1,1,1
8=Nod,TRUCKB,256,60,110,32,Sleep,None,0,-1,0,-1,0,0

[VariableNames]
0=harv on map,0
1=bip,0
2=ref built,0
3=rev nod base,0
4=alarm on,0

[Waypoints]
0=60090
1=68074
2=23075
3=95051
4=55103
5=79092
6=64041
7=61104
8=53111
9=67097
10=51095
11=56095
12=61095
13=91042
14=75031
15=49031
16=68033
17=59033
18=58024
19=67024
20=64018
21=39089
22=54071
23=62083
24=64027
25=97053
26=66091
98=56097
99=57098



[Digest]
1=9kVf/rq+d6zfNbaRywHdJoYqAx0=

